rep1 train: four_features, eight_features; output=/home/minhn2/uiuc-kidney-failure/generated_data/rep1
RUN four_features/cox
Train data path /home/minhn2/uiuc-kidney-failure/generated_data/rep1/four_features_train_data.csv
Test data path /home/minhn2/uiuc-kidney-failure/generated_data/rep1/four_features_test_data.csv
Number of patients: test 562 and train 2247
Number of records: test 5511 and train 21318
Fitting model on 4 covariates: ['age', 'gender', 'egfr', 'uacr']

Evaluate on test data
Concordance Index Test: 0.699
Warning: Could not compute Brier Score: time must be smaller than largest observed time point: 4216.413194444444
Risk scores test: (5511,)
Mean time-dependent AUC: 0.7026
RUN eight_features/cox
Train data path /home/minhn2/uiuc-kidney-failure/generated_data/rep1/eight_features_train_data.csv
Test data path /home/minhn2/uiuc-kidney-failure/generated_data/rep1/eight_features_test_data.csv
Number of patients: test 243 and train 970
Number of records: test 1100 and train 4307
Fitting model on 8 covariates: ['age', 'gender', 'egfr', 'uacr', 'calcium', 'phosphate', 'bicarbonate', 'serum_albumin']

Evaluate on test data
Concordance Index Test: 0.609
Integrated Brier Score Test: 0.499
Risk scores test: (1100,)
Mean time-dependent AUC: 0.6248
COMPLETE
