rep3 analyze: four_features, eight_features, twenty_features_heterogeneous; output=/home/minhn2/uiuc-kidney-failure/generated_data/rep3
================================================================================
FEATURE IMPORTANCE ANALYSIS - FOUR_FEATURES SCENARIO
================================================================================

Training samples: 21318
Test samples: 5511
Features: ['Unnamed: 0', 'subject_id', 'duration_in_days', 'start', 'stop', 'age', 'gender', 'egfr', 'uacr', 'has_esrd']

FEATURE OVERVIEW:
----------------------------------------
  age: mean=62.424, std=15.019
  gender: mean=0.572, std=0.495
  egfr: mean=63.770, std=34.371
  uacr: mean=548.507, std=1410.205

ANALYZING ALL MODELS FOR FOUR_FEATURES
------------------------------------------------------------

Analyzing COX model...
Loading model from /home/minhn2/uiuc-kidney-failure/generated_data/rep3/four_features_cox_model.dill
  COX Feature Importance:
    age: 0.0012 (coeff=-0.0012, HR=0.999)
    gender: 0.0020 (coeff=0.0020, HR=1.002)
    egfr: 0.0018 (coeff=-0.0018, HR=0.998)
    uacr: 0.0000 (coeff=0.0000, HR=1.000)

Analyzing DDH model...
  DDH Feature Importance:
    age: 0.2191
    gender: 0.2339
    egfr: 0.3356
    uacr: 0.2115

Analyzing HAZARD_TRANSFORMER model...
  HAZARD_TRANSFORMER Feature Importance:
    age: 0.1479
    gender: 0.2856
    egfr: 0.3334
    uacr: 0.2332

Analyzing LOGISTIC_HAZARD model...
  LOGISTIC_HAZARD Feature Importance:
    age: 0.1896
    gender: 0.3819
    egfr: 0.2236
    uacr: 0.2048

Analyzing RNN_SURV model...
  RNN_SURV Feature Importance:
    age: 0.1482
    gender: 0.5863
    egfr: 0.1483
    uacr: 0.1172

Analyzing DEEPSURV model...
Train data path /home/minhn2/uiuc-kidney-failure/generated_data/rep3/four_features_train_data.csv
Test data path /home/minhn2/uiuc-kidney-failure/generated_data/rep3/four_features_test_data.csv
Number of patients: test 562 and train 2247
Number of records: test 5511 and train 21318
get_last_observation_data(ExperimentScenario.FOUR_FEATURES): train 21318 rows/2247 subjects -> 2247 rows; test 5511 rows/562 subjects -> 562 rows
  DEEPSURV Feature Importance:
    age: 0.2543
    gender: 0.2243
    egfr: 0.2289
    uacr: 0.2926

Analyzing GBSA model...
Train data path /home/minhn2/uiuc-kidney-failure/generated_data/rep3/four_features_train_data.csv
Test data path /home/minhn2/uiuc-kidney-failure/generated_data/rep3/four_features_test_data.csv
Number of patients: test 562 and train 2247
Number of records: test 5511 and train 21318
get_last_observation_data(ExperimentScenario.FOUR_FEATURES): train 21318 rows/2247 subjects -> 2247 rows; test 5511 rows/562 subjects -> 562 rows
Loading model from /home/minhn2/uiuc-kidney-failure/generated_data/rep3/four_features_gbsa_model.dill
  GBSA Feature Importance:
    age: 0.2149
    gender: 0.0341
    egfr: 0.3428
    uacr: 0.4083

Analyzing SRF model...
Train data path /home/minhn2/uiuc-kidney-failure/generated_data/rep3/four_features_train_data.csv
Test data path /home/minhn2/uiuc-kidney-failure/generated_data/rep3/four_features_test_data.csv
Number of patients: test 562 and train 2247
Number of records: test 5511 and train 21318
get_last_observation_data(ExperimentScenario.FOUR_FEATURES): train 21318 rows/2247 subjects -> 2247 rows; test 5511 rows/562 subjects -> 562 rows
Loading model from /home/minhn2/uiuc-kidney-failure/generated_data/rep3/four_features_srf_model.dill
[Parallel(n_jobs=2)]: Using backend ThreadingBackend with 2 concurrent workers.
[Parallel(n_jobs=2)]: Done  37 tasks      | elapsed:    0.1s
[Parallel(n_jobs=2)]: Done 100 out of 100 | elapsed:    0.1s finished
[Parallel(n_jobs=2)]: Using backend ThreadingBackend with 2 concurrent workers.
[Parallel(n_jobs=2)]: Done  37 tasks      | elapsed:    0.0s
[Parallel(n_jobs=2)]: Done 100 out of 100 | elapsed:    0.1s finished
[Parallel(n_jobs=2)]: Using backend ThreadingBackend with 2 concurrent workers.
[Parallel(n_jobs=2)]: Done  37 tasks      | elapsed:    0.0s
[Parallel(n_jobs=2)]: Done 100 out of 100 | elapsed:    0.1s finished
[Parallel(n_jobs=2)]: Using backend ThreadingBackend with 2 concurrent workers.
[Parallel(n_jobs=2)]: Done  37 tasks      | elapsed:    0.1s
[Parallel(n_jobs=2)]: Done 100 out of 100 | elapsed:    0.1s finished
[Parallel(n_jobs=2)]: Using backend ThreadingBackend with 2 concurrent workers.
[Parallel(n_jobs=2)]: Done  37 tasks      | elapsed:    0.0s
[Parallel(n_jobs=2)]: Done 100 out of 100 | elapsed:    0.1s finished
  SRF Feature Importance:
    age: 0.0408
    gender: 0.0000
    egfr: 0.0128
    uacr: 0.0000

Analyzing SURVIVAL_SVM model...
Train data path /home/minhn2/uiuc-kidney-failure/generated_data/rep3/four_features_train_data.csv
Test data path /home/minhn2/uiuc-kidney-failure/generated_data/rep3/four_features_test_data.csv
Number of patients: test 562 and train 2247
Number of records: test 5511 and train 21318
get_last_observation_data(ExperimentScenario.FOUR_FEATURES): train 21318 rows/2247 subjects -> 2247 rows; test 5511 rows/562 subjects -> 562 rows
Loading model from /home/minhn2/uiuc-kidney-failure/generated_data/rep3/four_features_survival_svm_model.dill
  SURVIVAL_SVM Feature Importance:
    age: 0.0048
    gender: 0.0109
    egfr: 0.0020
    uacr: 0.0000

Analyzing WEIBUL model...
Train data path /home/minhn2/uiuc-kidney-failure/generated_data/rep3/four_features_train_data.csv
Test data path /home/minhn2/uiuc-kidney-failure/generated_data/rep3/four_features_test_data.csv
Number of patients: test 562 and train 2247
Number of records: test 5511 and train 21318
get_last_observation_data(ExperimentScenario.FOUR_FEATURES): train 21318 rows/2247 subjects -> 2247 rows; test 5511 rows/562 subjects -> 562 rows
Loading model from /home/minhn2/uiuc-kidney-failure/generated_data/rep3/four_features_weibul_model.dill
  WEIBUL Feature Importance:
    age: 0.0085
    gender: 0.0080
    egfr: 0.0032
    uacr: 0.0000
Consolidated feature importance plot saved to: /home/minhn2/uiuc-kidney-failure/generated_data/rep3/four_features_all_models_feature_importance.png
Scenario report saved to: /home/minhn2/uiuc-kidney-failure/generated_data/rep3/four_features_shap_analysis_report.txt
================================================================================
FEATURE IMPORTANCE ANALYSIS - EIGHT_FEATURES SCENARIO
================================================================================

Training samples: 4307
Test samples: 1100
Features: ['Unnamed: 0', 'subject_id', 'duration_in_days', 'start', 'stop', 'age', 'gender', 'egfr', 'uacr', 'calcium', 'phosphate', 'bicarbonate', 'serum_albumin', 'has_esrd']

FEATURE OVERVIEW:
----------------------------------------
  age: mean=59.772, std=14.625
  gender: mean=0.550, std=0.498
  egfr: mean=65.007, std=37.263
  uacr: mean=764.883, std=1963.517
  calcium: mean=8.479, std=0.933
  phosphate: mean=3.660, std=1.341
  bicarbonate: mean=23.889, std=4.857
  serum_albumin: mean=3.268, std=0.677

ANALYZING ALL MODELS FOR EIGHT_FEATURES
------------------------------------------------------------

Analyzing COX model...
Loading model from /home/minhn2/uiuc-kidney-failure/generated_data/rep3/eight_features_cox_model.dill
  COX Feature Importance:
    age: 0.0012 (coeff=-0.0012, HR=0.999)
    gender: 0.0024 (coeff=0.0024, HR=1.002)
    egfr: 0.0021 (coeff=-0.0021, HR=0.998)
    uacr: 0.0000 (coeff=-0.0000, HR=1.000)
    calcium: 0.0370 (coeff=-0.0370, HR=0.964)
    phosphate: 0.0245 (coeff=0.0245, HR=1.025)
    bicarbonate: 0.0195 (coeff=-0.0195, HR=0.981)
    serum_albumin: 0.0497 (coeff=-0.0497, HR=0.951)

Analyzing DDH model...
  DDH Feature Importance:
    age: 0.0585
    gender: 0.1764
    egfr: 0.0935
    uacr: 0.0997
    calcium: 0.1144
    phosphate: 0.2006
    bicarbonate: 0.1248
    serum_albumin: 0.1320

Analyzing HAZARD_TRANSFORMER model...
  HAZARD_TRANSFORMER Feature Importance:
    age: 0.0888
    gender: 0.0783
    egfr: 0.0544
    uacr: 0.0764
    calcium: 0.1196
    phosphate: 0.0491
    bicarbonate: 0.4035
    serum_albumin: 0.1299

Analyzing LOGISTIC_HAZARD model...
  LOGISTIC_HAZARD Feature Importance:
    age: 0.1250
    gender: 0.0931
    egfr: 0.0577
    uacr: 0.0962
    calcium: 0.1681
    phosphate: 0.1904
    bicarbonate: 0.0601
    serum_albumin: 0.2094

Analyzing RNN_SURV model...
  RNN_SURV Feature Importance:
    age: 0.1049
    gender: 0.0981
    egfr: 0.1166
    uacr: 0.1414
    calcium: 0.1661
    phosphate: 0.1025
    bicarbonate: 0.1455
    serum_albumin: 0.1249

Analyzing DEEPSURV model...
Train data path /home/minhn2/uiuc-kidney-failure/generated_data/rep3/eight_features_train_data.csv
Test data path /home/minhn2/uiuc-kidney-failure/generated_data/rep3/eight_features_test_data.csv
Number of patients: test 243 and train 970
Number of records: test 1100 and train 4307
get_last_observation_data(ExperimentScenario.EIGHT_FEATURES): train 4307 rows/970 subjects -> 970 rows; test 1100 rows/243 subjects -> 243 rows
  DEEPSURV Feature Importance:
    age: 0.1284
    gender: 0.0928
    egfr: 0.1192
    uacr: 0.1559
    calcium: 0.1360
    phosphate: 0.1608
    bicarbonate: 0.1023
    serum_albumin: 0.1046

Analyzing GBSA model...
Train data path /home/minhn2/uiuc-kidney-failure/generated_data/rep3/eight_features_train_data.csv
Test data path /home/minhn2/uiuc-kidney-failure/generated_data/rep3/eight_features_test_data.csv
Number of patients: test 243 and train 970
Number of records: test 1100 and train 4307
get_last_observation_data(ExperimentScenario.EIGHT_FEATURES): train 4307 rows/970 subjects -> 970 rows; test 1100 rows/243 subjects -> 243 rows
Loading model from /home/minhn2/uiuc-kidney-failure/generated_data/rep3/eight_features_gbsa_model.dill
  GBSA Feature Importance:
    age: 0.1352
    gender: 0.0161
    egfr: 0.2018
    uacr: 0.1761
    calcium: 0.1178
    phosphate: 0.1229
    bicarbonate: 0.1227
    serum_albumin: 0.1075

Analyzing SRF model...
Train data path /home/minhn2/uiuc-kidney-failure/generated_data/rep3/eight_features_train_data.csv
Test data path /home/minhn2/uiuc-kidney-failure/generated_data/rep3/eight_features_test_data.csv
Number of patients: test 243 and train 970
Number of records: test 1100 and train 4307
get_last_observation_data(ExperimentScenario.EIGHT_FEATURES): train 4307 rows/970 subjects -> 970 rows; test 1100 rows/243 subjects -> 243 rows
Loading model from /home/minhn2/uiuc-kidney-failure/generated_data/rep3/eight_features_srf_model.dill
[Parallel(n_jobs=2)]: Using backend ThreadingBackend with 2 concurrent workers.
[Parallel(n_jobs=2)]: Done  37 tasks      | elapsed:    0.0s
[Parallel(n_jobs=2)]: Done 100 out of 100 | elapsed:    0.0s finished
[Parallel(n_jobs=2)]: Using backend ThreadingBackend with 2 concurrent workers.
[Parallel(n_jobs=2)]: Done  37 tasks      | elapsed:    0.0s
[Parallel(n_jobs=2)]: Done 100 out of 100 | elapsed:    0.0s finished
[Parallel(n_jobs=2)]: Using backend ThreadingBackend with 2 concurrent workers.
[Parallel(n_jobs=2)]: Done  37 tasks      | elapsed:    0.0s
[Parallel(n_jobs=2)]: Done 100 out of 100 | elapsed:    0.0s finished
[Parallel(n_jobs=2)]: Using backend ThreadingBackend with 2 concurrent workers.
[Parallel(n_jobs=2)]: Done  37 tasks      | elapsed:    0.0s
[Parallel(n_jobs=2)]: Done 100 out of 100 | elapsed:    0.0s finished
[Parallel(n_jobs=2)]: Using backend ThreadingBackend with 2 concurrent workers.
[Parallel(n_jobs=2)]: Done  37 tasks      | elapsed:    0.0s
[Parallel(n_jobs=2)]: Done 100 out of 100 | elapsed:    0.0s finished
[Parallel(n_jobs=2)]: Using backend ThreadingBackend with 2 concurrent workers.
[Parallel(n_jobs=2)]: Done  37 tasks      | elapsed:    0.0s
[Parallel(n_jobs=2)]: Done 100 out of 100 | elapsed:    0.0s finished
[Parallel(n_jobs=2)]: Using backend ThreadingBackend with 2 concurrent workers.
[Parallel(n_jobs=2)]: Done  37 tasks      | elapsed:    0.0s
[Parallel(n_jobs=2)]: Done 100 out of 100 | elapsed:    0.0s finished
[Parallel(n_jobs=2)]: Using backend ThreadingBackend with 2 concurrent workers.
[Parallel(n_jobs=2)]: Done  37 tasks      | elapsed:    0.0s
[Parallel(n_jobs=2)]: Done 100 out of 100 | elapsed:    0.0s finished
[Parallel(n_jobs=2)]: Using backend ThreadingBackend with 2 concurrent workers.
[Parallel(n_jobs=2)]: Done  37 tasks      | elapsed:    0.0s
[Parallel(n_jobs=2)]: Done 100 out of 100 | elapsed:    0.0s finished
  SRF Feature Importance:
    age: 0.0000
    gender: 0.0005
    egfr: 0.0309
    uacr: 0.0000
    calcium: 0.0020
    phosphate: 0.0000
    bicarbonate: 0.0392
    serum_albumin: 0.0000

Analyzing SURVIVAL_SVM model...
Train data path /home/minhn2/uiuc-kidney-failure/generated_data/rep3/eight_features_train_data.csv
Test data path /home/minhn2/uiuc-kidney-failure/generated_data/rep3/eight_features_test_data.csv
Number of patients: test 243 and train 970
Number of records: test 1100 and train 4307
get_last_observation_data(ExperimentScenario.EIGHT_FEATURES): train 4307 rows/970 subjects -> 970 rows; test 1100 rows/243 subjects -> 243 rows
Loading model from /home/minhn2/uiuc-kidney-failure/generated_data/rep3/eight_features_survival_svm_model.dill
  SURVIVAL_SVM Feature Importance:
    age: 0.0033
    gender: 0.0251
    egfr: 0.0037
    uacr: 0.0000
    calcium: 0.0363
    phosphate: 0.0228
    bicarbonate: 0.0176
    serum_albumin: 0.0927

Analyzing WEIBUL model...
Train data path /home/minhn2/uiuc-kidney-failure/generated_data/rep3/eight_features_train_data.csv
Test data path /home/minhn2/uiuc-kidney-failure/generated_data/rep3/eight_features_test_data.csv
Number of patients: test 243 and train 970
Number of records: test 1100 and train 4307
get_last_observation_data(ExperimentScenario.EIGHT_FEATURES): train 4307 rows/970 subjects -> 970 rows; test 1100 rows/243 subjects -> 243 rows
Loading model from /home/minhn2/uiuc-kidney-failure/generated_data/rep3/eight_features_weibul_model.dill
  WEIBUL Feature Importance:
    age: 0.0022
    gender: 0.0536
    egfr: 0.0056
    uacr: 0.0000
    calcium: 0.0713
    phosphate: 0.0218
    bicarbonate: 0.0300
    serum_albumin: 0.0345
Consolidated feature importance plot saved to: /home/minhn2/uiuc-kidney-failure/generated_data/rep3/eight_features_all_models_feature_importance.png
Scenario report saved to: /home/minhn2/uiuc-kidney-failure/generated_data/rep3/eight_features_shap_analysis_report.txt
================================================================================
FEATURE IMPORTANCE ANALYSIS - TWENTY_FEATURES_HETEROGENEOUS SCENARIO
================================================================================

Training samples: 6512638
Test samples: 1613452
Features: ['Unnamed: 0', 'subject_id', 'duration_in_days', 'start', 'stop', 'egfr', 'egfr_missing', 'potassium', 'potassium_missing', 'urea_nitrogen', 'urea_nitrogen_missing', 'sodium', 'sodium_missing', 'chloride', 'chloride_missing', 'bicarbonate', 'bicarbonate_missing', 'anion_gap', 'anion_gap_missing', 'hematocrit', 'hematocrit_missing', 'platelet_count', 'platelet_count_missing', 'hemoglobin', 'hemoglobin_missing', 'wbc', 'wbc_missing', 'mchc', 'mchc_missing', 'mch', 'mch_missing', 'rbc', 'rbc_missing', 'mcv', 'mcv_missing', 'rdw', 'rdw_missing', 'glucose', 'glucose_missing', 'calcium', 'calcium_missing', 'magnesium', 'magnesium_missing', 'phosphate', 'phosphate_missing', 'has_esrd']

FEATURE OVERVIEW:
----------------------------------------
  egfr: mean=3.854, std=17.379
  egfr_missing: mean=0.944, std=0.230 (missing_flag rate=94.4%)
  potassium: mean=0.228, std=0.967
  potassium_missing: mean=0.946, std=0.226 (missing_flag rate=94.6%)
  urea_nitrogen: mean=1.355, std=6.968
  urea_nitrogen_missing: mean=0.945, std=0.227 (missing_flag rate=94.5%)
  sodium: mean=7.337, std=31.023
  sodium_missing: mean=0.947, std=0.224 (missing_flag rate=94.7%)
  chloride: mean=5.364, std=22.806
  chloride_missing: mean=0.947, std=0.223 (missing_flag rate=94.7%)
  bicarbonate: mean=1.292, std=5.689
  bicarbonate_missing: mean=0.950, std=0.219 (missing_flag rate=95.0%)
  anion_gap: mean=0.717, std=3.217
  anion_gap_missing: mean=0.950, std=0.218 (missing_flag rate=95.0%)
  hematocrit: mean=1.857, std=7.796
  hematocrit_missing: mean=0.944, std=0.229 (missing_flag rate=94.4%)
  platelet_count: mean=12.149, std=58.906
  platelet_count_missing: mean=0.946, std=0.226 (missing_flag rate=94.6%)
  hemoglobin: mean=0.590, std=2.535
  hemoglobin_missing: mean=0.947, std=0.225 (missing_flag rate=94.7%)
  wbc: mean=0.460, std=2.960
  wbc_missing: mean=0.946, std=0.225 (missing_flag rate=94.6%)
  mchc: mean=1.747, std=7.398
  mchc_missing: mean=0.947, std=0.224 (missing_flag rate=94.7%)
  mch: mean=1.593, std=6.768
  mch_missing: mean=0.947, std=0.224 (missing_flag rate=94.7%)
  rbc: mean=0.196, std=0.847
  rbc_missing: mean=0.947, std=0.224 (missing_flag rate=94.7%)
  mcv: mean=4.830, std=20.502
  mcv_missing: mean=0.947, std=0.224 (missing_flag rate=94.7%)
  rdw: mean=0.811, std=3.469
  rdw_missing: mean=0.947, std=0.224 (missing_flag rate=94.7%)
  glucose: mean=5.938, std=31.467
  glucose_missing: mean=0.956, std=0.206 (missing_flag rate=95.6%)
  calcium: mean=0.318, std=1.653
  calcium_missing: mean=0.964, std=0.186 (missing_flag rate=96.4%)
  magnesium: mean=0.069, std=0.371
  magnesium_missing: mean=0.966, std=0.182 (missing_flag rate=96.6%)
  phosphate: mean=0.118, std=0.662
  phosphate_missing: mean=0.966, std=0.180 (missing_flag rate=96.6%)

ANALYZING ALL MODELS FOR TWENTY_FEATURES_HETEROGENEOUS
------------------------------------------------------------

Analyzing COX model...
Loading model from /home/minhn2/uiuc-kidney-failure/generated_data/rep3/twenty_features_heterogeneous_cox_model.dill
  COX Feature Importance:
    egfr: 0.0000 (coeff=0.0000, HR=1.000)
    egfr_missing: 0.0249 (coeff=-0.0249, HR=0.975)
    potassium: 0.0172 (coeff=0.0172, HR=1.017)
    potassium_missing: 0.0702 (coeff=-0.0702, HR=0.932)
    urea_nitrogen: 0.0022 (coeff=0.0022, HR=1.002)
    urea_nitrogen_missing: 0.0369 (coeff=-0.0369, HR=0.964)
    sodium: 0.0005 (coeff=0.0005, HR=1.001)
    sodium_missing: 0.0745 (coeff=-0.0745, HR=0.928)
    chloride: 0.0004 (coeff=0.0004, HR=1.000)
    chloride_missing: 0.0436 (coeff=-0.0436, HR=0.957)
    bicarbonate: 0.0026 (coeff=0.0026, HR=1.003)
    bicarbonate_missing: 0.0815 (coeff=-0.0815, HR=0.922)
    anion_gap: 0.0007 (coeff=0.0007, HR=1.001)
    anion_gap_missing: 0.0004 (coeff=-0.0004, HR=1.000)
    hematocrit: 0.0011 (coeff=0.0011, HR=1.001)
    hematocrit_missing: 0.0403 (coeff=-0.0403, HR=0.961)
    platelet_count: 0.0001 (coeff=0.0001, HR=1.000)
    platelet_count_missing: 0.0430 (coeff=-0.0430, HR=0.958)
    hemoglobin: 0.0053 (coeff=0.0053, HR=1.005)
    hemoglobin_missing: 0.0626 (coeff=-0.0626, HR=0.939)
    wbc: 0.0048 (coeff=0.0048, HR=1.005)
    wbc_missing: 0.0654 (coeff=-0.0654, HR=0.937)
    mchc: 0.0021 (coeff=0.0021, HR=1.002)
    mchc_missing: 0.0688 (coeff=-0.0688, HR=0.934)
    mch: 0.0023 (coeff=0.0023, HR=1.002)
    mch_missing: 0.0689 (coeff=-0.0689, HR=0.933)
    rbc: 0.0175 (coeff=0.0175, HR=1.018)
    rbc_missing: 0.0688 (coeff=-0.0688, HR=0.934)
    mcv: 0.0007 (coeff=0.0007, HR=1.001)
    mcv_missing: 0.0687 (coeff=-0.0687, HR=0.934)
    rdw: 0.0117 (coeff=-0.0117, HR=0.988)
    rdw_missing: 0.1986 (coeff=0.1986, HR=1.220)
    glucose: 0.0015 (coeff=-0.0015, HR=0.998)
    glucose_missing: 0.3260 (coeff=0.3260, HR=1.385)
    calcium: 0.0128 (coeff=-0.0128, HR=0.987)
    calcium_missing: 0.0982 (coeff=0.0982, HR=1.103)
    magnesium: 0.0113 (coeff=-0.0113, HR=0.989)
    magnesium_missing: 0.0227 (coeff=0.0227, HR=1.023)
    phosphate: 0.0997 (coeff=-0.0997, HR=0.905)
    phosphate_missing: 0.4103 (coeff=0.4103, HR=1.507)

Analyzing DDH model...
Error with mask: [enforce fail at alloc_cpu.cpp:117] err == 0. DefaultCPUAllocator: can't allocate memory: you tried to allocate 10412909425216 bytes. Error code 12 (Cannot allocate memory)
  DDH Feature Importance:
    egfr: 0.0250
    egfr_missing: 0.0250
    potassium: 0.0250
    potassium_missing: 0.0250
    urea_nitrogen: 0.0250
    urea_nitrogen_missing: 0.0250
    sodium: 0.0250
    sodium_missing: 0.0250
    chloride: 0.0250
    chloride_missing: 0.0250
    bicarbonate: 0.0250
    bicarbonate_missing: 0.0250
    anion_gap: 0.0250
    anion_gap_missing: 0.0250
    hematocrit: 0.0250
    hematocrit_missing: 0.0250
    platelet_count: 0.0250
    platelet_count_missing: 0.0250
    hemoglobin: 0.0250
    hemoglobin_missing: 0.0250
    wbc: 0.0250
    wbc_missing: 0.0250
    mchc: 0.0250
    mchc_missing: 0.0250
    mch: 0.0250
    mch_missing: 0.0250
    rbc: 0.0250
    rbc_missing: 0.0250
    mcv: 0.0250
    mcv_missing: 0.0250
    rdw: 0.0250
    rdw_missing: 0.0250
    glucose: 0.0250
    glucose_missing: 0.0250
    calcium: 0.0250
    calcium_missing: 0.0250
    magnesium: 0.0250
    magnesium_missing: 0.0250
    phosphate: 0.0250
    phosphate_missing: 0.0250

Analyzing HAZARD_TRANSFORMER model...
Error in gradient calculation: [enforce fail at alloc_cpu.cpp:117] err == 0. DefaultCPUAllocator: can't allocate memory: you tried to allocate 387228480000 bytes. Error code 12 (Cannot allocate memory)
  HAZARD_TRANSFORMER Feature Importance:
    egfr: 0.0275
    egfr_missing: 0.0259
    potassium: 0.0279
    potassium_missing: 0.0285
    urea_nitrogen: 0.0244
    urea_nitrogen_missing: 0.0233
    sodium: 0.0290
    sodium_missing: 0.0267
    chloride: 0.0230
    chloride_missing: 0.0220
    bicarbonate: 0.0257
    bicarbonate_missing: 0.0268
    anion_gap: 0.0243
    anion_gap_missing: 0.0236
    hematocrit: 0.0246
    hematocrit_missing: 0.0273
    platelet_count: 0.0220
    platelet_count_missing: 0.0250
    hemoglobin: 0.0261
    hemoglobin_missing: 0.0203
    wbc: 0.0284
    wbc_missing: 0.0260
    mchc: 0.0220
    mchc_missing: 0.0274
    mch: 0.0221
    mch_missing: 0.0254
    rbc: 0.0267
    rbc_missing: 0.0240
    mcv: 0.0226
    mcv_missing: 0.0239
    rdw: 0.0251
    rdw_missing: 0.0256
    glucose: 0.0252
    glucose_missing: 0.0235
    calcium: 0.0250
    calcium_missing: 0.0256
    magnesium: 0.0264
    magnesium_missing: 0.0271
    phosphate: 0.0232
    phosphate_missing: 0.0208

Analyzing LOGISTIC_HAZARD model...
  LOGISTIC_HAZARD Feature Importance:
    egfr: 0.0294
    egfr_missing: 0.0360
    potassium: 0.0375
    potassium_missing: 0.0462
    urea_nitrogen: 0.0239
    urea_nitrogen_missing: 0.0276
    sodium: 0.0249
    sodium_missing: 0.0245
    chloride: 0.0345
    chloride_missing: 0.0330
    bicarbonate: 0.0164
    bicarbonate_missing: 0.0059
    anion_gap: 0.0216
    anion_gap_missing: 0.0222
    hematocrit: 0.0605
    hematocrit_missing: 0.0597
    platelet_count: 0.0375
    platelet_count_missing: 0.0307
    hemoglobin: 0.0328
    hemoglobin_missing: 0.0304
    wbc: 0.0193
    wbc_missing: 0.0131
    mchc: 0.0381
    mchc_missing: 0.0337
    mch: 0.0180
    mch_missing: 0.0175
    rbc: 0.0177
    rbc_missing: 0.0174
    mcv: 0.0393
    mcv_missing: 0.0305
    rdw: 0.0164
    rdw_missing: 0.0135
    glucose: 0.0034
    glucose_missing: 0.0348
    calcium: 0.0104
    calcium_missing: 0.0103
    magnesium: 0.0114
    magnesium_missing: 0.0081
    phosphate: 0.0032
    phosphate_missing: 0.0084

Analyzing RNN_SURV model...
  RNN_SURV Feature Importance:
    egfr: 0.0113
    egfr_missing: 0.0304
    potassium: 0.0510
    potassium_missing: 0.0272
    urea_nitrogen: 0.0150
    urea_nitrogen_missing: 0.0285
    sodium: 0.0043
    sodium_missing: 0.0133
    chloride: 0.0057
    chloride_missing: 0.0152
    bicarbonate: 0.0245
    bicarbonate_missing: 0.0276
    anion_gap: 0.0285
    anion_gap_missing: 0.0284
    hematocrit: 0.0139
    hematocrit_missing: 0.0243
    platelet_count: 0.0033
    platelet_count_missing: 0.0292
    hemoglobin: 0.0225
    hemoglobin_missing: 0.0232
    wbc: 0.0239
    wbc_missing: 0.0269
    mchc: 0.0139
    mchc_missing: 0.0286
    mch: 0.0103
    mch_missing: 0.0262
    rbc: 0.0485
    rbc_missing: 0.0327
    mcv: 0.0085
    mcv_missing: 0.0228
    rdw: 0.0175
    rdw_missing: 0.0231
    glucose: 0.0040
    glucose_missing: 0.0214
    calcium: 0.0367
    calcium_missing: 0.0247
    magnesium: 0.0855
    magnesium_missing: 0.0314
    phosphate: 0.0500
    phosphate_missing: 0.0360

Analyzing DEEPSURV model...
Train data path /home/minhn2/uiuc-kidney-failure/generated_data/rep3/twenty_features_heterogeneous_train_data.csv
Test data path /home/minhn2/uiuc-kidney-failure/generated_data/rep3/twenty_features_heterogeneous_test_data.csv
Number of patients: test 6521 and train 26080
Number of records: test 1613452 and train 6512638
get_last_observation_data(ExperimentScenario.TWENTY_FEATURES_HETEROGENEOUS): train 6512638 rows/26080 subjects -> 26080 rows; test 1613452 rows/6521 subjects -> 6521 rows
  DEEPSURV Feature Importance:
    egfr: 0.0287
    egfr_missing: 0.0237
    potassium: 0.0507
    potassium_missing: 0.0331
    urea_nitrogen: 0.0148
    urea_nitrogen_missing: 0.0255
    sodium: 0.0110
    sodium_missing: 0.0243
    chloride: 0.0160
    chloride_missing: 0.0203
    bicarbonate: 0.0231
    bicarbonate_missing: 0.0223
    anion_gap: 0.0182
    anion_gap_missing: 0.0309
    hematocrit: 0.0180
    hematocrit_missing: 0.0219
    platelet_count: 0.0179
    platelet_count_missing: 0.0207
    hemoglobin: 0.0220
    hemoglobin_missing: 0.0211
    wbc: 0.0324
    wbc_missing: 0.0113
    mchc: 0.0231
    mchc_missing: 0.0387
    mch: 0.0139
    mch_missing: 0.0239
    rbc: 0.0148
    rbc_missing: 0.0203
    mcv: 0.0160
    mcv_missing: 0.0155
    rdw: 0.0122
    rdw_missing: 0.0239
    glucose: 0.0291
    glucose_missing: 0.0249
    calcium: 0.0203
    calcium_missing: 0.0323
    magnesium: 0.0161
    magnesium_missing: 0.0265
    phosphate: 0.1086
    phosphate_missing: 0.0319

Analyzing GBSA model...
Train data path /home/minhn2/uiuc-kidney-failure/generated_data/rep3/twenty_features_heterogeneous_train_data.csv
Test data path /home/minhn2/uiuc-kidney-failure/generated_data/rep3/twenty_features_heterogeneous_test_data.csv
Number of patients: test 6521 and train 26080
Number of records: test 1613452 and train 6512638
get_last_observation_data(ExperimentScenario.TWENTY_FEATURES_HETEROGENEOUS): train 6512638 rows/26080 subjects -> 26080 rows; test 1613452 rows/6521 subjects -> 6521 rows
Loading model from /home/minhn2/uiuc-kidney-failure/generated_data/rep3/twenty_features_heterogeneous_gbsa_model.dill
  GBSA Feature Importance:
    egfr: 0.1544
    egfr_missing: 0.0008
    potassium: 0.0190
    potassium_missing: 0.0000
    urea_nitrogen: 0.0266
    urea_nitrogen_missing: 0.0007
    sodium: 0.0112
    sodium_missing: 0.0001
    chloride: 0.0131
    chloride_missing: 0.0001
    bicarbonate: 0.0002
    bicarbonate_missing: 0.0000
    anion_gap: 0.0565
    anion_gap_missing: 0.0001
    hematocrit: 0.0741
    hematocrit_missing: 0.0000
    platelet_count: 0.0503
    platelet_count_missing: 0.0003
    hemoglobin: 0.0392
    hemoglobin_missing: 0.0000
    wbc: 0.0045
    wbc_missing: 0.0003
    mchc: 0.0006
    mchc_missing: 0.0000
    mch: 0.0000
    mch_missing: 0.0000
    rbc: 0.0000
    rbc_missing: 0.0000
    mcv: 0.0006
    mcv_missing: 0.0005
    rdw: 0.0971
    rdw_missing: 0.0002
    glucose: 0.2084
    glucose_missing: 0.0000
    calcium: 0.0559
    calcium_missing: 0.0003
    magnesium: 0.0268
    magnesium_missing: 0.0001
    phosphate: 0.1576
    phosphate_missing: 0.0004

Analyzing SRF model...
Train data path /home/minhn2/uiuc-kidney-failure/generated_data/rep3/twenty_features_heterogeneous_train_data.csv
Test data path /home/minhn2/uiuc-kidney-failure/generated_data/rep3/twenty_features_heterogeneous_test_data.csv
Number of patients: test 6521 and train 26080
Number of records: test 1613452 and train 6512638
get_last_observation_data(ExperimentScenario.TWENTY_FEATURES_HETEROGENEOUS): train 6512638 rows/26080 subjects -> 26080 rows; test 1613452 rows/6521 subjects -> 6521 rows
Loading model from /home/minhn2/uiuc-kidney-failure/generated_data/rep3/twenty_features_heterogeneous_srf_model.dill
[Parallel(n_jobs=2)]: Using backend ThreadingBackend with 2 concurrent workers.
[Parallel(n_jobs=2)]: Done  37 tasks      | elapsed:   10.0s
[Parallel(n_jobs=2)]: Done 100 out of 100 | elapsed:   26.5s finished
[Parallel(n_jobs=2)]: Using backend ThreadingBackend with 2 concurrent workers.
[Parallel(n_jobs=2)]: Done  37 tasks      | elapsed:   10.1s
[Parallel(n_jobs=2)]: Done 100 out of 100 | elapsed:   26.7s finished
[Parallel(n_jobs=2)]: Using backend ThreadingBackend with 2 concurrent workers.
[Parallel(n_jobs=2)]: Done  37 tasks      | elapsed:   10.1s
[Parallel(n_jobs=2)]: Done 100 out of 100 | elapsed:   26.5s finished
[Parallel(n_jobs=2)]: Using backend ThreadingBackend with 2 concurrent workers.
[Parallel(n_jobs=2)]: Done  37 tasks      | elapsed:   10.0s
[Parallel(n_jobs=2)]: Done 100 out of 100 | elapsed:   27.0s finished
[Parallel(n_jobs=2)]: Using backend ThreadingBackend with 2 concurrent workers.
[Parallel(n_jobs=2)]: Done  37 tasks      | elapsed:   10.0s
[Parallel(n_jobs=2)]: Done 100 out of 100 | elapsed:   26.9s finished
[Parallel(n_jobs=2)]: Using backend ThreadingBackend with 2 concurrent workers.
[Parallel(n_jobs=2)]: Done  37 tasks      | elapsed:   10.1s
[Parallel(n_jobs=2)]: Done 100 out of 100 | elapsed:   27.2s finished
[Parallel(n_jobs=2)]: Using backend ThreadingBackend with 2 concurrent workers.
[Parallel(n_jobs=2)]: Done  37 tasks      | elapsed:   10.0s
[Parallel(n_jobs=2)]: Done 100 out of 100 | elapsed:   26.7s finished
[Parallel(n_jobs=2)]: Using backend ThreadingBackend with 2 concurrent workers.
[Parallel(n_jobs=2)]: Done  37 tasks      | elapsed:   10.0s
[Parallel(n_jobs=2)]: Done 100 out of 100 | elapsed:   26.9s finished
[Parallel(n_jobs=2)]: Using backend ThreadingBackend with 2 concurrent workers.
[Parallel(n_jobs=2)]: Done  37 tasks      | elapsed:   10.1s
[Parallel(n_jobs=2)]: Done 100 out of 100 | elapsed:   27.1s finished
[Parallel(n_jobs=2)]: Using backend ThreadingBackend with 2 concurrent workers.
[Parallel(n_jobs=2)]: Done  37 tasks      | elapsed:   10.0s
[Parallel(n_jobs=2)]: Done 100 out of 100 | elapsed:   26.9s finished
[Parallel(n_jobs=2)]: Using backend ThreadingBackend with 2 concurrent workers.
[Parallel(n_jobs=2)]: Done  37 tasks      | elapsed:   10.1s
[Parallel(n_jobs=2)]: Done 100 out of 100 | elapsed:   27.1s finished
[Parallel(n_jobs=2)]: Using backend ThreadingBackend with 2 concurrent workers.
[Parallel(n_jobs=2)]: Done  37 tasks      | elapsed:   10.1s
[Parallel(n_jobs=2)]: Done 100 out of 100 | elapsed:   27.1s finished
[Parallel(n_jobs=2)]: Using backend ThreadingBackend with 2 concurrent workers.
[Parallel(n_jobs=2)]: Done  37 tasks      | elapsed:   10.1s
[Parallel(n_jobs=2)]: Done 100 out of 100 | elapsed:   27.1s finished
[Parallel(n_jobs=2)]: Using backend ThreadingBackend with 2 concurrent workers.
[Parallel(n_jobs=2)]: Done  37 tasks      | elapsed:   10.0s
[Parallel(n_jobs=2)]: Done 100 out of 100 | elapsed:   26.6s finished
[Parallel(n_jobs=2)]: Using backend ThreadingBackend with 2 concurrent workers.
[Parallel(n_jobs=2)]: Done  37 tasks      | elapsed:    9.8s
[Parallel(n_jobs=2)]: Done 100 out of 100 | elapsed:   26.6s finished
[Parallel(n_jobs=2)]: Using backend ThreadingBackend with 2 concurrent workers.
[Parallel(n_jobs=2)]: Done  37 tasks      | elapsed:   10.0s
[Parallel(n_jobs=2)]: Done 100 out of 100 | elapsed:   27.0s finished
[Parallel(n_jobs=2)]: Using backend ThreadingBackend with 2 concurrent workers.
[Parallel(n_jobs=2)]: Done  37 tasks      | elapsed:   10.0s
[Parallel(n_jobs=2)]: Done 100 out of 100 | elapsed:   26.8s finished
[Parallel(n_jobs=2)]: Using backend ThreadingBackend with 2 concurrent workers.
[Parallel(n_jobs=2)]: Done  37 tasks      | elapsed:   10.1s
[Parallel(n_jobs=2)]: Done 100 out of 100 | elapsed:   26.8s finished
[Parallel(n_jobs=2)]: Using backend ThreadingBackend with 2 concurrent workers.
[Parallel(n_jobs=2)]: Done  37 tasks      | elapsed:   10.2s
[Parallel(n_jobs=2)]: Done 100 out of 100 | elapsed:   27.0s finished
[Parallel(n_jobs=2)]: Using backend ThreadingBackend with 2 concurrent workers.
[Parallel(n_jobs=2)]: Done  37 tasks      | elapsed:   10.1s
[Parallel(n_jobs=2)]: Done 100 out of 100 | elapsed:   27.0s finished
[Parallel(n_jobs=2)]: Using backend ThreadingBackend with 2 concurrent workers.
[Parallel(n_jobs=2)]: Done  37 tasks      | elapsed:   10.1s
[Parallel(n_jobs=2)]: Done 100 out of 100 | elapsed:   27.2s finished
[Parallel(n_jobs=2)]: Using backend ThreadingBackend with 2 concurrent workers.
[Parallel(n_jobs=2)]: Done  37 tasks      | elapsed:   10.1s
[Parallel(n_jobs=2)]: Done 100 out of 100 | elapsed:   27.0s finished
[Parallel(n_jobs=2)]: Using backend ThreadingBackend with 2 concurrent workers.
[Parallel(n_jobs=2)]: Done  37 tasks      | elapsed:   10.1s
[Parallel(n_jobs=2)]: Done 100 out of 100 | elapsed:   26.7s finished
[Parallel(n_jobs=2)]: Using backend ThreadingBackend with 2 concurrent workers.
[Parallel(n_jobs=2)]: Done  37 tasks      | elapsed:   10.3s
[Parallel(n_jobs=2)]: Done 100 out of 100 | elapsed:   27.2s finished
[Parallel(n_jobs=2)]: Using backend ThreadingBackend with 2 concurrent workers.
[Parallel(n_jobs=2)]: Done  37 tasks      | elapsed:   10.0s
[Parallel(n_jobs=2)]: Done 100 out of 100 | elapsed:   27.1s finished
[Parallel(n_jobs=2)]: Using backend ThreadingBackend with 2 concurrent workers.
[Parallel(n_jobs=2)]: Done  37 tasks      | elapsed:   10.1s
[Parallel(n_jobs=2)]: Done 100 out of 100 | elapsed:   26.8s finished
[Parallel(n_jobs=2)]: Using backend ThreadingBackend with 2 concurrent workers.
[Parallel(n_jobs=2)]: Done  37 tasks      | elapsed:   10.3s
[Parallel(n_jobs=2)]: Done 100 out of 100 | elapsed:   26.9s finished
[Parallel(n_jobs=2)]: Using backend ThreadingBackend with 2 concurrent workers.
[Parallel(n_jobs=2)]: Done  37 tasks      | elapsed:   10.1s
[Parallel(n_jobs=2)]: Done 100 out of 100 | elapsed:   26.9s finished
[Parallel(n_jobs=2)]: Using backend ThreadingBackend with 2 concurrent workers.
[Parallel(n_jobs=2)]: Done  37 tasks      | elapsed:   10.1s
[Parallel(n_jobs=2)]: Done 100 out of 100 | elapsed:   26.9s finished
[Parallel(n_jobs=2)]: Using backend ThreadingBackend with 2 concurrent workers.
[Parallel(n_jobs=2)]: Done  37 tasks      | elapsed:   10.0s
[Parallel(n_jobs=2)]: Done 100 out of 100 | elapsed:   27.0s finished
[Parallel(n_jobs=2)]: Using backend ThreadingBackend with 2 concurrent workers.
[Parallel(n_jobs=2)]: Done  37 tasks      | elapsed:    9.9s
[Parallel(n_jobs=2)]: Done 100 out of 100 | elapsed:   27.0s finished
[Parallel(n_jobs=2)]: Using backend ThreadingBackend with 2 concurrent workers.
[Parallel(n_jobs=2)]: Done  37 tasks      | elapsed:   10.2s
[Parallel(n_jobs=2)]: Done 100 out of 100 | elapsed:   26.8s finished
[Parallel(n_jobs=2)]: Using backend ThreadingBackend with 2 concurrent workers.
[Parallel(n_jobs=2)]: Done  37 tasks      | elapsed:   10.1s
[Parallel(n_jobs=2)]: Done 100 out of 100 | elapsed:   26.8s finished
[Parallel(n_jobs=2)]: Using backend ThreadingBackend with 2 concurrent workers.
[Parallel(n_jobs=2)]: Done  37 tasks      | elapsed:   10.2s
[Parallel(n_jobs=2)]: Done 100 out of 100 | elapsed:   27.0s finished
[Parallel(n_jobs=2)]: Using backend ThreadingBackend with 2 concurrent workers.
[Parallel(n_jobs=2)]: Done  37 tasks      | elapsed:   10.0s
[Parallel(n_jobs=2)]: Done 100 out of 100 | elapsed:   26.9s finished
[Parallel(n_jobs=2)]: Using backend ThreadingBackend with 2 concurrent workers.
[Parallel(n_jobs=2)]: Done  37 tasks      | elapsed:   10.0s
[Parallel(n_jobs=2)]: Done 100 out of 100 | elapsed:   26.5s finished
[Parallel(n_jobs=2)]: Using backend ThreadingBackend with 2 concurrent workers.
[Parallel(n_jobs=2)]: Done  37 tasks      | elapsed:   10.1s
[Parallel(n_jobs=2)]: Done 100 out of 100 | elapsed:   26.5s finished
[Parallel(n_jobs=2)]: Using backend ThreadingBackend with 2 concurrent workers.
[Parallel(n_jobs=2)]: Done  37 tasks      | elapsed:   10.1s
[Parallel(n_jobs=2)]: Done 100 out of 100 | elapsed:   26.6s finished
[Parallel(n_jobs=2)]: Using backend ThreadingBackend with 2 concurrent workers.
[Parallel(n_jobs=2)]: Done  37 tasks      | elapsed:   10.1s
[Parallel(n_jobs=2)]: Done 100 out of 100 | elapsed:   26.5s finished
[Parallel(n_jobs=2)]: Using backend ThreadingBackend with 2 concurrent workers.
[Parallel(n_jobs=2)]: Done  37 tasks      | elapsed:   10.1s
[Parallel(n_jobs=2)]: Done 100 out of 100 | elapsed:   26.8s finished
[Parallel(n_jobs=2)]: Using backend ThreadingBackend with 2 concurrent workers.
[Parallel(n_jobs=2)]: Done  37 tasks      | elapsed:   10.2s
[Parallel(n_jobs=2)]: Done 100 out of 100 | elapsed:   26.7s finished
  SRF Feature Importance:
    egfr: 0.0000
    egfr_missing: 0.0000
    potassium: 0.0000
    potassium_missing: 0.0000
    urea_nitrogen: 0.0002
    urea_nitrogen_missing: 0.0000
    sodium: 0.0000
    sodium_missing: 0.0000
    chloride: 0.0000
    chloride_missing: 0.0001
    bicarbonate: 0.0000
    bicarbonate_missing: 0.0000
    anion_gap: 0.0001
    anion_gap_missing: 0.0005
    hematocrit: 0.0000
    hematocrit_missing: 0.0000
    platelet_count: 0.0000
    platelet_count_missing: 0.0000
    hemoglobin: 0.0000
    hemoglobin_missing: 0.0001
    wbc: 0.0000
    wbc_missing: 0.0000
    mchc: 0.0000
    mchc_missing: 0.0000
    mch: 0.0000
    mch_missing: 0.0000
    rbc: 0.0000
    rbc_missing: 0.0000
    mcv: 0.0000
    mcv_missing: 0.0000
    rdw: 0.0010
    rdw_missing: 0.0023
    glucose: 0.0047
    glucose_missing: 0.0000
    calcium: 0.0018
    calcium_missing: 0.0007
    magnesium: 0.0011
    magnesium_missing: 0.0005
    phosphate: 0.0070
    phosphate_missing: 0.0027

Analyzing SURVIVAL_SVM model...
Train data path /home/minhn2/uiuc-kidney-failure/generated_data/rep3/twenty_features_heterogeneous_train_data.csv
Test data path /home/minhn2/uiuc-kidney-failure/generated_data/rep3/twenty_features_heterogeneous_test_data.csv
Number of patients: test 6521 and train 26080
Number of records: test 1613452 and train 6512638
get_last_observation_data(ExperimentScenario.TWENTY_FEATURES_HETEROGENEOUS): train 6512638 rows/26080 subjects -> 26080 rows; test 1613452 rows/6521 subjects -> 6521 rows
Loading model from /home/minhn2/uiuc-kidney-failure/generated_data/rep3/twenty_features_heterogeneous_survival_svm_model.dill
  SURVIVAL_SVM Feature Importance:
    egfr: 0.0012
    egfr_missing: 0.2158
    potassium: 0.0343
    potassium_missing: 0.6579
    urea_nitrogen: 0.0063
    urea_nitrogen_missing: 0.0304
    sodium: 0.0078
    sodium_missing: 0.7075
    chloride: 0.0019
    chloride_missing: 0.1882
    bicarbonate: 0.1626
    bicarbonate_missing: 2.9844
    anion_gap: 0.0214
    anion_gap_missing: 0.4397
    hematocrit: 0.0042
    hematocrit_missing: 0.3561
    platelet_count: 0.0006
    platelet_count_missing: 0.2749
    hemoglobin: 0.0725
    hemoglobin_missing: 0.9186
    wbc: 0.0091
    wbc_missing: 0.5674
    mchc: 0.0252
    mchc_missing: 0.2253
    mch: 0.0000
    mch_missing: 0.0000
    rbc: 0.0000
    rbc_missing: 0.0000
    mcv: 0.0030
    mcv_missing: 1.0384
    rdw: 0.0213
    rdw_missing: 0.0594
    glucose: 0.0000
    glucose_missing: 0.1141
    calcium: 0.0068
    calcium_missing: 0.0305
    magnesium: 0.1372
    magnesium_missing: 0.0505
    phosphate: 0.0336
    phosphate_missing: 0.1355

Analyzing WEIBUL model...
Train data path /home/minhn2/uiuc-kidney-failure/generated_data/rep3/twenty_features_heterogeneous_train_data.csv
Test data path /home/minhn2/uiuc-kidney-failure/generated_data/rep3/twenty_features_heterogeneous_test_data.csv
Number of patients: test 6521 and train 26080
Number of records: test 1613452 and train 6512638
get_last_observation_data(ExperimentScenario.TWENTY_FEATURES_HETEROGENEOUS): train 6512638 rows/26080 subjects -> 26080 rows; test 1613452 rows/6521 subjects -> 6521 rows
Loading model from /home/minhn2/uiuc-kidney-failure/generated_data/rep3/twenty_features_heterogeneous_weibul_model.dill
  WEIBUL Feature Importance:
    egfr: 0.0041
    egfr_missing: 0.2932
    potassium: 0.0255
    potassium_missing: 0.1420
    urea_nitrogen: 0.0024
    urea_nitrogen_missing: 0.3238
    sodium: 0.0001
    sodium_missing: 0.0301
    chloride: 0.0002
    chloride_missing: 0.0277
    bicarbonate: 0.0109
    bicarbonate_missing: 0.2379
    anion_gap: 0.0570
    anion_gap_missing: 0.9290
    hematocrit: 0.0053
    hematocrit_missing: 0.1522
    platelet_count: 0.0003
    platelet_count_missing: 0.1062
    hemoglobin: 0.0455
    hemoglobin_missing: 0.3842
    wbc: 0.0069
    wbc_missing: 0.3777
    mchc: 0.0107
    mchc_missing: 0.3566
    mch: 4.8977
    mch_missing: 2.1671
    rbc: 0.0000
    rbc_missing: 2.1671
    mcv: 0.0045
    mcv_missing: 0.4867
    rdw: 0.0068
    rdw_missing: 0.1308
    glucose: 0.0000
    glucose_missing: 0.0147
    calcium: 0.0450
    calcium_missing: 0.4229
    magnesium: 0.0476
    magnesium_missing: 0.1220
    phosphate: 0.0347
    phosphate_missing: 0.0685
Consolidated feature importance plot saved to: /home/minhn2/uiuc-kidney-failure/generated_data/rep3/twenty_features_heterogeneous_all_models_feature_importance.png
Scenario report saved to: /home/minhn2/uiuc-kidney-failure/generated_data/rep3/twenty_features_heterogeneous_shap_analysis_report.txt
COMPLETE
