rep1 analyze: four_features, eight_features, twenty_features_heterogeneous; output=/home/minhn2/uiuc-kidney-failure/generated_data/rep_1
================================================================================
FEATURE IMPORTANCE ANALYSIS - FOUR_FEATURES SCENARIO
================================================================================

Training samples: 9730
Test samples: 2121
Features: ['Unnamed: 0', 'subject_id', 'duration_in_days', 'start', 'stop', 'age', 'gender', 'egfr', 'uacr', 'has_esrd']

FEATURE OVERVIEW:
----------------------------------------
  age: mean=64.101, std=14.622
  gender: mean=0.548, std=0.498
  egfr: mean=59.133, std=34.200
  uacr: mean=559.774, std=1290.980

ANALYZING ALL MODELS FOR FOUR_FEATURES
------------------------------------------------------------

Analyzing COX model...
Loading model from /home/minhn2/uiuc-kidney-failure/generated_data/rep_1/four_features_cox_model.dill
  COX Feature Importance:
    age: 0.0007 (coeff=-0.0007, HR=0.999)
    gender: 0.0057 (coeff=-0.0057, HR=0.994)
    egfr: 0.0016 (coeff=-0.0016, HR=0.998)
    uacr: 0.0000 (coeff=0.0000, HR=1.000)

Analyzing DDH model...
  DDH Feature Importance:
    age: 0.2369
    gender: 0.3007
    egfr: 0.2273
    uacr: 0.2350

Analyzing HAZARD_TRANSFORMER model...
  HAZARD_TRANSFORMER Feature Importance:
    age: 0.3306
    gender: 0.2720
    egfr: 0.2278
    uacr: 0.1697

Analyzing LOGISTIC_HAZARD model...
  LOGISTIC_HAZARD Feature Importance:
    age: 0.3252
    gender: 0.2436
    egfr: 0.2288
    uacr: 0.2024

Analyzing RNN_SURV model...
  RNN_SURV Feature Importance:
    age: 0.2838
    gender: 0.2636
    egfr: 0.2896
    uacr: 0.1630

Analyzing DEEPSURV model...
Train data path /home/minhn2/uiuc-kidney-failure/generated_data/rep_1/four_features_train_data.csv
Test data path /home/minhn2/uiuc-kidney-failure/generated_data/rep_1/four_features_test_data.csv
Number of patients: test 270 and train 1079
Number of records: test 2121 and train 9730
get_last_observation_data(ExperimentScenario.FOUR_FEATURES): train 9730 rows/1079 subjects -> 1079 rows; test 2121 rows/270 subjects -> 270 rows
  DEEPSURV Feature Importance:
    age: 0.2200
    gender: 0.2795
    egfr: 0.2345
    uacr: 0.2660

Analyzing GBSA model...
Train data path /home/minhn2/uiuc-kidney-failure/generated_data/rep_1/four_features_train_data.csv
Test data path /home/minhn2/uiuc-kidney-failure/generated_data/rep_1/four_features_test_data.csv
Number of patients: test 270 and train 1079
Number of records: test 2121 and train 9730
get_last_observation_data(ExperimentScenario.FOUR_FEATURES): train 9730 rows/1079 subjects -> 1079 rows; test 2121 rows/270 subjects -> 270 rows
Loading model from /home/minhn2/uiuc-kidney-failure/generated_data/rep_1/four_features_gbsa_model.dill
  GBSA Feature Importance:
    age: 0.2260
    gender: 0.0033
    egfr: 0.3937
    uacr: 0.3770

Analyzing SRF model...
Train data path /home/minhn2/uiuc-kidney-failure/generated_data/rep_1/four_features_train_data.csv
Test data path /home/minhn2/uiuc-kidney-failure/generated_data/rep_1/four_features_test_data.csv
Number of patients: test 270 and train 1079
Number of records: test 2121 and train 9730
get_last_observation_data(ExperimentScenario.FOUR_FEATURES): train 9730 rows/1079 subjects -> 1079 rows; test 2121 rows/270 subjects -> 270 rows
Loading model from /home/minhn2/uiuc-kidney-failure/generated_data/rep_1/four_features_srf_model.dill
[Parallel(n_jobs=2)]: Using backend ThreadingBackend with 2 concurrent workers.
[Parallel(n_jobs=2)]: Done  37 tasks      | elapsed:    0.0s
[Parallel(n_jobs=2)]: Done 100 out of 100 | elapsed:    0.0s finished
[Parallel(n_jobs=2)]: Using backend ThreadingBackend with 2 concurrent workers.
[Parallel(n_jobs=2)]: Done  37 tasks      | elapsed:    0.0s
[Parallel(n_jobs=2)]: Done 100 out of 100 | elapsed:    0.0s finished
[Parallel(n_jobs=2)]: Using backend ThreadingBackend with 2 concurrent workers.
[Parallel(n_jobs=2)]: Done  37 tasks      | elapsed:    0.0s
[Parallel(n_jobs=2)]: Done 100 out of 100 | elapsed:    0.0s finished
[Parallel(n_jobs=2)]: Using backend ThreadingBackend with 2 concurrent workers.
[Parallel(n_jobs=2)]: Done  37 tasks      | elapsed:    0.0s
[Parallel(n_jobs=2)]: Done 100 out of 100 | elapsed:    0.0s finished
[Parallel(n_jobs=2)]: Using backend ThreadingBackend with 2 concurrent workers.
[Parallel(n_jobs=2)]: Done  37 tasks      | elapsed:    0.0s
[Parallel(n_jobs=2)]: Done 100 out of 100 | elapsed:    0.0s finished
  SRF Feature Importance:
    age: 0.0210
    gender: 0.0019
    egfr: 0.0308
    uacr: 0.0042

Analyzing SURVIVAL_SVM model...
Train data path /home/minhn2/uiuc-kidney-failure/generated_data/rep_1/four_features_train_data.csv
Test data path /home/minhn2/uiuc-kidney-failure/generated_data/rep_1/four_features_test_data.csv
Number of patients: test 270 and train 1079
Number of records: test 2121 and train 9730
get_last_observation_data(ExperimentScenario.FOUR_FEATURES): train 9730 rows/1079 subjects -> 1079 rows; test 2121 rows/270 subjects -> 270 rows
Loading model from /home/minhn2/uiuc-kidney-failure/generated_data/rep_1/four_features_survival_svm_model.dill
  SURVIVAL_SVM Feature Importance:
    age: 0.0036
    gender: 0.0102
    egfr: 0.0014
    uacr: 0.0000

Analyzing WEIBUL model...
Train data path /home/minhn2/uiuc-kidney-failure/generated_data/rep_1/four_features_train_data.csv
Test data path /home/minhn2/uiuc-kidney-failure/generated_data/rep_1/four_features_test_data.csv
Number of patients: test 270 and train 1079
Number of records: test 2121 and train 9730
get_last_observation_data(ExperimentScenario.FOUR_FEATURES): train 9730 rows/1079 subjects -> 1079 rows; test 2121 rows/270 subjects -> 270 rows
Loading model from /home/minhn2/uiuc-kidney-failure/generated_data/rep_1/four_features_weibul_model.dill
  WEIBUL Feature Importance:
    age: 0.0056
    gender: 0.0374
    egfr: 0.0035
    uacr: 0.0000
Consolidated feature importance plot saved to: /home/minhn2/uiuc-kidney-failure/generated_data/rep_1/four_features_all_models_feature_importance.png
Scenario report saved to: /home/minhn2/uiuc-kidney-failure/generated_data/rep_1/four_features_shap_analysis_report.txt
================================================================================
FEATURE IMPORTANCE ANALYSIS - EIGHT_FEATURES SCENARIO
================================================================================

Training samples: 1500
Test samples: 522
Features: ['Unnamed: 0', 'subject_id', 'duration_in_days', 'start', 'stop', 'age', 'gender', 'egfr', 'uacr', 'calcium', 'phosphate', 'bicarbonate', 'serum_albumin', 'has_esrd']

FEATURE OVERVIEW:
----------------------------------------
  age: mean=62.669, std=15.554
  gender: mean=0.537, std=0.499
  egfr: mean=54.290, std=34.323
  uacr: mean=604.766, std=1475.050
  calcium: mean=8.629, std=1.018
  phosphate: mean=3.643, std=1.374
  bicarbonate: mean=23.405, std=4.902
  serum_albumin: mean=3.332, std=0.713

ANALYZING ALL MODELS FOR EIGHT_FEATURES
------------------------------------------------------------

Analyzing COX model...
Loading model from /home/minhn2/uiuc-kidney-failure/generated_data/rep_1/eight_features_cox_model.dill
  COX Feature Importance:
    age: 0.0016 (coeff=-0.0016, HR=0.998)
    gender: 0.0204 (coeff=0.0204, HR=1.021)
    egfr: 0.0020 (coeff=-0.0020, HR=0.998)
    uacr: 0.0000 (coeff=0.0000, HR=1.000)
    calcium: 0.0361 (coeff=-0.0361, HR=0.965)
    phosphate: 0.0087 (coeff=0.0087, HR=1.009)
    bicarbonate: 0.0241 (coeff=-0.0241, HR=0.976)
    serum_albumin: 0.0347 (coeff=-0.0347, HR=0.966)

Analyzing DDH model...
  DDH Feature Importance:
    age: 0.1299
    gender: 0.1423
    egfr: 0.1095
    uacr: 0.1318
    calcium: 0.1432
    phosphate: 0.1282
    bicarbonate: 0.1103
    serum_albumin: 0.1048

Analyzing HAZARD_TRANSFORMER model...
  HAZARD_TRANSFORMER Feature Importance:
    age: 0.0849
    gender: 0.4108
    egfr: 0.0281
    uacr: 0.1789
    calcium: 0.0497
    phosphate: 0.0307
    bicarbonate: 0.0603
    serum_albumin: 0.1566

Analyzing LOGISTIC_HAZARD model...
  LOGISTIC_HAZARD Feature Importance:
    age: 0.1062
    gender: 0.1430
    egfr: 0.1203
    uacr: 0.0925
    calcium: 0.1442
    phosphate: 0.1521
    bicarbonate: 0.1024
    serum_albumin: 0.1394

Analyzing RNN_SURV model...
  RNN_SURV Feature Importance:
    age: 0.0804
    gender: 0.0650
    egfr: 0.0744
    uacr: 0.0948
    calcium: 0.2390
    phosphate: 0.1011
    bicarbonate: 0.1798
    serum_albumin: 0.1654

Analyzing DEEPSURV model...
Train data path /home/minhn2/uiuc-kidney-failure/generated_data/rep_1/eight_features_train_data.csv
Test data path /home/minhn2/uiuc-kidney-failure/generated_data/rep_1/eight_features_test_data.csv
Number of patients: test 107 and train 425
Number of records: test 522 and train 1500
get_last_observation_data(ExperimentScenario.EIGHT_FEATURES): train 1500 rows/425 subjects -> 425 rows; test 522 rows/107 subjects -> 107 rows
  DEEPSURV Feature Importance:
    age: 0.1015
    gender: 0.1163
    egfr: 0.1256
    uacr: 0.1319
    calcium: 0.1304
    phosphate: 0.1473
    bicarbonate: 0.1351
    serum_albumin: 0.1119

Analyzing GBSA model...
Train data path /home/minhn2/uiuc-kidney-failure/generated_data/rep_1/eight_features_train_data.csv
Test data path /home/minhn2/uiuc-kidney-failure/generated_data/rep_1/eight_features_test_data.csv
Number of patients: test 107 and train 425
Number of records: test 522 and train 1500
get_last_observation_data(ExperimentScenario.EIGHT_FEATURES): train 1500 rows/425 subjects -> 425 rows; test 522 rows/107 subjects -> 107 rows
Loading model from /home/minhn2/uiuc-kidney-failure/generated_data/rep_1/eight_features_gbsa_model.dill
  GBSA Feature Importance:
    age: 0.1349
    gender: 0.0158
    egfr: 0.1653
    uacr: 0.2000
    calcium: 0.1394
    phosphate: 0.1341
    bicarbonate: 0.1174
    serum_albumin: 0.0931

Analyzing SRF model...
Train data path /home/minhn2/uiuc-kidney-failure/generated_data/rep_1/eight_features_train_data.csv
Test data path /home/minhn2/uiuc-kidney-failure/generated_data/rep_1/eight_features_test_data.csv
Number of patients: test 107 and train 425
Number of records: test 522 and train 1500
get_last_observation_data(ExperimentScenario.EIGHT_FEATURES): train 1500 rows/425 subjects -> 425 rows; test 522 rows/107 subjects -> 107 rows
Loading model from /home/minhn2/uiuc-kidney-failure/generated_data/rep_1/eight_features_srf_model.dill
[Parallel(n_jobs=2)]: Using backend ThreadingBackend with 2 concurrent workers.
[Parallel(n_jobs=2)]: Done  37 tasks      | elapsed:    0.0s
[Parallel(n_jobs=2)]: Done  50 out of  50 | elapsed:    0.0s finished
[Parallel(n_jobs=2)]: Using backend ThreadingBackend with 2 concurrent workers.
[Parallel(n_jobs=2)]: Done  37 tasks      | elapsed:    0.0s
[Parallel(n_jobs=2)]: Done  50 out of  50 | elapsed:    0.0s finished
[Parallel(n_jobs=2)]: Using backend ThreadingBackend with 2 concurrent workers.
[Parallel(n_jobs=2)]: Done  37 tasks      | elapsed:    0.0s
[Parallel(n_jobs=2)]: Done  50 out of  50 | elapsed:    0.0s finished
[Parallel(n_jobs=2)]: Using backend ThreadingBackend with 2 concurrent workers.
[Parallel(n_jobs=2)]: Done  37 tasks      | elapsed:    0.0s
[Parallel(n_jobs=2)]: Done  50 out of  50 | elapsed:    0.0s finished
[Parallel(n_jobs=2)]: Using backend ThreadingBackend with 2 concurrent workers.
[Parallel(n_jobs=2)]: Done  37 tasks      | elapsed:    0.0s
[Parallel(n_jobs=2)]: Done  50 out of  50 | elapsed:    0.0s finished
[Parallel(n_jobs=2)]: Using backend ThreadingBackend with 2 concurrent workers.
[Parallel(n_jobs=2)]: Done  37 tasks      | elapsed:    0.0s
[Parallel(n_jobs=2)]: Done  50 out of  50 | elapsed:    0.0s finished
[Parallel(n_jobs=2)]: Using backend ThreadingBackend with 2 concurrent workers.
[Parallel(n_jobs=2)]: Done  37 tasks      | elapsed:    0.0s
[Parallel(n_jobs=2)]: Done  50 out of  50 | elapsed:    0.0s finished
[Parallel(n_jobs=2)]: Using backend ThreadingBackend with 2 concurrent workers.
[Parallel(n_jobs=2)]: Done  37 tasks      | elapsed:    0.0s
[Parallel(n_jobs=2)]: Done  50 out of  50 | elapsed:    0.0s finished
[Parallel(n_jobs=2)]: Using backend ThreadingBackend with 2 concurrent workers.
[Parallel(n_jobs=2)]: Done  37 tasks      | elapsed:    0.0s
[Parallel(n_jobs=2)]: Done  50 out of  50 | elapsed:    0.0s finished
  SRF Feature Importance:
    age: 0.0000
    gender: 0.0000
    egfr: 0.0283
    uacr: 0.0068
    calcium: 0.0181
    phosphate: 0.0000
    bicarbonate: 0.0009
    serum_albumin: 0.0213

Analyzing SURVIVAL_SVM model...
Train data path /home/minhn2/uiuc-kidney-failure/generated_data/rep_1/eight_features_train_data.csv
Test data path /home/minhn2/uiuc-kidney-failure/generated_data/rep_1/eight_features_test_data.csv
Number of patients: test 107 and train 425
Number of records: test 522 and train 1500
get_last_observation_data(ExperimentScenario.EIGHT_FEATURES): train 1500 rows/425 subjects -> 425 rows; test 522 rows/107 subjects -> 107 rows
Loading model from /home/minhn2/uiuc-kidney-failure/generated_data/rep_1/eight_features_survival_svm_model.dill
  SURVIVAL_SVM Feature Importance:
    age: 0.0000
    gender: 0.0000
    egfr: 0.0000
    uacr: 0.0000
    calcium: 0.0000
    phosphate: 0.0000
    bicarbonate: 0.0000
    serum_albumin: 0.0000

Analyzing WEIBUL model...
Train data path /home/minhn2/uiuc-kidney-failure/generated_data/rep_1/eight_features_train_data.csv
Test data path /home/minhn2/uiuc-kidney-failure/generated_data/rep_1/eight_features_test_data.csv
Number of patients: test 107 and train 425
Number of records: test 522 and train 1500
get_last_observation_data(ExperimentScenario.EIGHT_FEATURES): train 1500 rows/425 subjects -> 425 rows; test 522 rows/107 subjects -> 107 rows
Loading model from /home/minhn2/uiuc-kidney-failure/generated_data/rep_1/eight_features_weibul_model.dill
  WEIBUL Feature Importance:
    age: 0.0012
    gender: 0.0803
    egfr: 0.0053
    uacr: 0.0000
    calcium: 0.0977
    phosphate: 0.0050
    bicarbonate: 0.0426
    serum_albumin: 0.0277
Consolidated feature importance plot saved to: /home/minhn2/uiuc-kidney-failure/generated_data/rep_1/eight_features_all_models_feature_importance.png
Scenario report saved to: /home/minhn2/uiuc-kidney-failure/generated_data/rep_1/eight_features_shap_analysis_report.txt
================================================================================
FEATURE IMPORTANCE ANALYSIS - TWENTY_FEATURES_HETEROGENEOUS SCENARIO
================================================================================

Training samples: 5208900
Test samples: 1255828
Features: ['Unnamed: 0', 'subject_id', 'duration_in_days', 'start', 'stop', 'egfr', 'egfr_missing', 'potassium', 'potassium_missing', 'urea_nitrogen', 'urea_nitrogen_missing', 'sodium', 'sodium_missing', 'chloride', 'chloride_missing', 'bicarbonate', 'bicarbonate_missing', 'anion_gap', 'anion_gap_missing', 'hematocrit', 'hematocrit_missing', 'platelet_count', 'platelet_count_missing', 'hemoglobin', 'hemoglobin_missing', 'wbc', 'wbc_missing', 'mchc', 'mchc_missing', 'mch', 'mch_missing', 'rbc', 'rbc_missing', 'mcv', 'mcv_missing', 'rdw', 'rdw_missing', 'glucose', 'glucose_missing', 'calcium', 'calcium_missing', 'magnesium', 'magnesium_missing', 'phosphate', 'phosphate_missing', 'has_esrd']

FEATURE OVERVIEW:
----------------------------------------
  egfr: mean=3.846, std=17.366
  egfr_missing: mean=0.944, std=0.230 (missing_flag rate=94.4%)
  potassium: mean=0.228, std=0.967
  potassium_missing: mean=0.946, std=0.226 (missing_flag rate=94.6%)
  urea_nitrogen: mean=1.353, std=6.948
  urea_nitrogen_missing: mean=0.945, std=0.227 (missing_flag rate=94.5%)
  sodium: mean=7.336, std=31.025
  sodium_missing: mean=0.947, std=0.224 (missing_flag rate=94.7%)
  chloride: mean=5.371, std=22.829
  chloride_missing: mean=0.947, std=0.223 (missing_flag rate=94.7%)
  bicarbonate: mean=1.291, std=5.683
  bicarbonate_missing: mean=0.950, std=0.219 (missing_flag rate=95.0%)
  anion_gap: mean=0.719, std=3.221
  anion_gap_missing: mean=0.950, std=0.219 (missing_flag rate=95.0%)
  hematocrit: mean=1.855, std=7.791
  hematocrit_missing: mean=0.944, std=0.229 (missing_flag rate=94.4%)
  platelet_count: mean=12.165, std=58.898
  platelet_count_missing: mean=0.946, std=0.226 (missing_flag rate=94.6%)
  hemoglobin: mean=0.589, std=2.534
  hemoglobin_missing: mean=0.947, std=0.225 (missing_flag rate=94.7%)
  wbc: mean=0.465, std=3.144
  wbc_missing: mean=0.946, std=0.225 (missing_flag rate=94.6%)
  mchc: mean=1.746, std=7.395
  mchc_missing: mean=0.947, std=0.224 (missing_flag rate=94.7%)
  mch: mean=1.589, std=6.753
  mch_missing: mean=0.947, std=0.224 (missing_flag rate=94.7%)
  rbc: mean=0.196, std=0.848
  rbc_missing: mean=0.947, std=0.224 (missing_flag rate=94.7%)
  mcv: mean=4.819, std=20.457
  mcv_missing: mean=0.947, std=0.224 (missing_flag rate=94.7%)
  rdw: mean=0.809, std=3.461
  rdw_missing: mean=0.947, std=0.224 (missing_flag rate=94.7%)
  glucose: mean=5.959, std=31.601
  glucose_missing: mean=0.956, std=0.206 (missing_flag rate=95.6%)
  calcium: mean=0.319, std=1.655
  calcium_missing: mean=0.964, std=0.186 (missing_flag rate=96.4%)
  magnesium: mean=0.068, std=0.371
  magnesium_missing: mean=0.966, std=0.182 (missing_flag rate=96.6%)
  phosphate: mean=0.118, std=0.663
  phosphate_missing: mean=0.966, std=0.180 (missing_flag rate=96.6%)

ANALYZING ALL MODELS FOR TWENTY_FEATURES_HETEROGENEOUS
------------------------------------------------------------

Analyzing COX model...
Loading model from /home/minhn2/uiuc-kidney-failure/generated_data/rep_1/twenty_features_heterogeneous_cox_model.dill
  COX Feature Importance:
    egfr: 0.0000 (coeff=0.0000, HR=1.000)
    egfr_missing: 0.0258 (coeff=-0.0258, HR=0.975)
    potassium: 0.0174 (coeff=0.0174, HR=1.018)
    potassium_missing: 0.0710 (coeff=-0.0710, HR=0.931)
    urea_nitrogen: 0.0023 (coeff=0.0023, HR=1.002)
    urea_nitrogen_missing: 0.0367 (coeff=-0.0367, HR=0.964)
    sodium: 0.0005 (coeff=0.0005, HR=1.001)
    sodium_missing: 0.0752 (coeff=-0.0752, HR=0.928)
    chloride: 0.0004 (coeff=0.0004, HR=1.000)
    chloride_missing: 0.0445 (coeff=-0.0445, HR=0.956)
    bicarbonate: 0.0026 (coeff=0.0026, HR=1.003)
    bicarbonate_missing: 0.0816 (coeff=-0.0816, HR=0.922)
    anion_gap: 0.0006 (coeff=0.0006, HR=1.001)
    anion_gap_missing: 0.0014 (coeff=0.0014, HR=1.001)
    hematocrit: 0.0011 (coeff=0.0011, HR=1.001)
    hematocrit_missing: 0.0390 (coeff=-0.0390, HR=0.962)
    platelet_count: 0.0001 (coeff=0.0001, HR=1.000)
    platelet_count_missing: 0.0460 (coeff=-0.0460, HR=0.955)
    hemoglobin: 0.0053 (coeff=0.0053, HR=1.005)
    hemoglobin_missing: 0.0627 (coeff=-0.0627, HR=0.939)
    wbc: 0.0043 (coeff=0.0043, HR=1.004)
    wbc_missing: 0.0659 (coeff=-0.0659, HR=0.936)
    mchc: 0.0021 (coeff=0.0021, HR=1.002)
    mchc_missing: 0.0688 (coeff=-0.0688, HR=0.933)
    mch: 0.0023 (coeff=0.0023, HR=1.002)
    mch_missing: 0.0689 (coeff=-0.0689, HR=0.933)
    rbc: 0.0175 (coeff=0.0175, HR=1.018)
    rbc_missing: 0.0688 (coeff=-0.0688, HR=0.933)
    mcv: 0.0008 (coeff=0.0008, HR=1.001)
    mcv_missing: 0.0688 (coeff=-0.0688, HR=0.934)
    rdw: 0.0119 (coeff=-0.0119, HR=0.988)
    rdw_missing: 0.2014 (coeff=0.2014, HR=1.223)
    glucose: 0.0016 (coeff=-0.0016, HR=0.998)
    glucose_missing: 0.3282 (coeff=0.3282, HR=1.389)
    calcium: 0.0129 (coeff=-0.0129, HR=0.987)
    calcium_missing: 0.0996 (coeff=0.0996, HR=1.105)
    magnesium: 0.0090 (coeff=-0.0090, HR=0.991)
    magnesium_missing: 0.0186 (coeff=0.0186, HR=1.019)
    phosphate: 0.0993 (coeff=-0.0993, HR=0.905)
    phosphate_missing: 0.4092 (coeff=0.4092, HR=1.506)

Analyzing DDH model...
Error with mask: [enforce fail at alloc_cpu.cpp:117] err == 0. DefaultCPUAllocator: can't allocate memory: you tried to allocate 6308415862336 bytes. Error code 12 (Cannot allocate memory)
  DDH Feature Importance:
    egfr: 0.0250
    egfr_missing: 0.0250
    potassium: 0.0250
    potassium_missing: 0.0250
    urea_nitrogen: 0.0250
    urea_nitrogen_missing: 0.0250
    sodium: 0.0250
    sodium_missing: 0.0250
    chloride: 0.0250
    chloride_missing: 0.0250
    bicarbonate: 0.0250
    bicarbonate_missing: 0.0250
    anion_gap: 0.0250
    anion_gap_missing: 0.0250
    hematocrit: 0.0250
    hematocrit_missing: 0.0250
    platelet_count: 0.0250
    platelet_count_missing: 0.0250
    hemoglobin: 0.0250
    hemoglobin_missing: 0.0250
    wbc: 0.0250
    wbc_missing: 0.0250
    mchc: 0.0250
    mchc_missing: 0.0250
    mch: 0.0250
    mch_missing: 0.0250
    rbc: 0.0250
    rbc_missing: 0.0250
    mcv: 0.0250
    mcv_missing: 0.0250
    rdw: 0.0250
    rdw_missing: 0.0250
    glucose: 0.0250
    glucose_missing: 0.0250
    calcium: 0.0250
    calcium_missing: 0.0250
    magnesium: 0.0250
    magnesium_missing: 0.0250
    phosphate: 0.0250
    phosphate_missing: 0.0250

Analyzing HAZARD_TRANSFORMER model...
Error in gradient calculation: [enforce fail at alloc_cpu.cpp:117] err == 0. DefaultCPUAllocator: can't allocate memory: you tried to allocate 100466240000 bytes. Error code 12 (Cannot allocate memory)
  HAZARD_TRANSFORMER Feature Importance:
    egfr: 0.0493
    egfr_missing: 0.0086
    potassium: 0.0350
    potassium_missing: 0.0064
    urea_nitrogen: 0.0208
    urea_nitrogen_missing: 0.0070
    sodium: 0.0648
    sodium_missing: 0.0072
    chloride: 0.0545
    chloride_missing: 0.0071
    bicarbonate: 0.0767
    bicarbonate_missing: 0.0066
    anion_gap: 0.0515
    anion_gap_missing: 0.0063
    hematocrit: 0.0302
    hematocrit_missing: 0.0069
    platelet_count: 0.0273
    platelet_count_missing: 0.0073
    hemoglobin: 0.0293
    hemoglobin_missing: 0.0059
    wbc: 0.0482
    wbc_missing: 0.0074
    mchc: 0.0800
    mchc_missing: 0.0088
    mch: 0.0235
    mch_missing: 0.0068
    rbc: 0.0238
    rbc_missing: 0.0074
    mcv: 0.0392
    mcv_missing: 0.0056
    rdw: 0.0434
    rdw_missing: 0.0073
    glucose: 0.0199
    glucose_missing: 0.0101
    calcium: 0.0659
    calcium_missing: 0.0090
    magnesium: 0.0472
    magnesium_missing: 0.0073
    phosphate: 0.0239
    phosphate_missing: 0.0066

Analyzing LOGISTIC_HAZARD model...
  LOGISTIC_HAZARD Feature Importance:
    egfr: 0.0422
    egfr_missing: 0.0413
    potassium: 0.0448
    potassium_missing: 0.0344
    urea_nitrogen: 0.0180
    urea_nitrogen_missing: 0.0233
    sodium: 0.0492
    sodium_missing: 0.0258
    chloride: 0.0216
    chloride_missing: 0.0224
    bicarbonate: 0.0325
    bicarbonate_missing: 0.0146
    anion_gap: 0.0398
    anion_gap_missing: 0.0201
    hematocrit: 0.0533
    hematocrit_missing: 0.0453
    platelet_count: 0.0226
    platelet_count_missing: 0.0451
    hemoglobin: 0.0613
    hemoglobin_missing: 0.0376
    wbc: 0.0148
    wbc_missing: 0.0112
    mchc: 0.0262
    mchc_missing: 0.0116
    mch: 0.0060
    mch_missing: 0.0056
    rbc: 0.0058
    rbc_missing: 0.0048
    mcv: 0.0501
    mcv_missing: 0.0168
    rdw: 0.0137
    rdw_missing: 0.0081
    glucose: 0.0108
    glucose_missing: 0.0524
    calcium: 0.0156
    calcium_missing: 0.0103
    magnesium: 0.0146
    magnesium_missing: 0.0047
    phosphate: 0.0057
    phosphate_missing: 0.0160

Analyzing RNN_SURV model...
  RNN_SURV Feature Importance:
    egfr: 0.0200
    egfr_missing: 0.0281
    potassium: 0.0300
    potassium_missing: 0.0343
    urea_nitrogen: 0.0205
    urea_nitrogen_missing: 0.0252
    sodium: 0.0059
    sodium_missing: 0.0269
    chloride: 0.0079
    chloride_missing: 0.0208
    bicarbonate: 0.0175
    bicarbonate_missing: 0.0302
    anion_gap: 0.0183
    anion_gap_missing: 0.0292
    hematocrit: 0.0099
    hematocrit_missing: 0.0351
    platelet_count: 0.0104
    platelet_count_missing: 0.0327
    hemoglobin: 0.0094
    hemoglobin_missing: 0.0145
    wbc: 0.1016
    wbc_missing: 0.0304
    mchc: 0.0104
    mchc_missing: 0.0306
    mch: 0.0140
    mch_missing: 0.0325
    rbc: 0.0255
    rbc_missing: 0.0252
    mcv: 0.0137
    mcv_missing: 0.0220
    rdw: 0.0102
    rdw_missing: 0.0362
    glucose: 0.0094
    glucose_missing: 0.0260
    calcium: 0.0170
    calcium_missing: 0.0281
    magnesium: 0.0458
    magnesium_missing: 0.0310
    phosphate: 0.0296
    phosphate_missing: 0.0341

Analyzing DEEPSURV model...
Train data path /home/minhn2/uiuc-kidney-failure/generated_data/rep_1/twenty_features_heterogeneous_train_data.csv
Test data path /home/minhn2/uiuc-kidney-failure/generated_data/rep_1/twenty_features_heterogeneous_test_data.csv
Number of patients: test 5216 and train 20864
Number of records: test 1255828 and train 5208900
get_last_observation_data(ExperimentScenario.TWENTY_FEATURES_HETEROGENEOUS): train 5208900 rows/20864 subjects -> 20864 rows; test 1255828 rows/5216 subjects -> 5216 rows
  DEEPSURV Feature Importance:
    egfr: 0.0225
    egfr_missing: 0.0242
    potassium: 0.0484
    potassium_missing: 0.0246
    urea_nitrogen: 0.0159
    urea_nitrogen_missing: 0.0189
    sodium: 0.0118
    sodium_missing: 0.0249
    chloride: 0.0141
    chloride_missing: 0.0297
    bicarbonate: 0.0230
    bicarbonate_missing: 0.0214
    anion_gap: 0.0425
    anion_gap_missing: 0.0301
    hematocrit: 0.0214
    hematocrit_missing: 0.0257
    platelet_count: 0.0278
    platelet_count_missing: 0.0236
    hemoglobin: 0.0136
    hemoglobin_missing: 0.0154
    wbc: 0.0342
    wbc_missing: 0.0299
    mchc: 0.0114
    mchc_missing: 0.0313
    mch: 0.0121
    mch_missing: 0.0171
    rbc: 0.0113
    rbc_missing: 0.0160
    mcv: 0.0146
    mcv_missing: 0.0188
    rdw: 0.0171
    rdw_missing: 0.0353
    glucose: 0.0223
    glucose_missing: 0.0373
    calcium: 0.0120
    calcium_missing: 0.0129
    magnesium: 0.0382
    magnesium_missing: 0.0308
    phosphate: 0.0903
    phosphate_missing: 0.0276

Analyzing GBSA model...
Train data path /home/minhn2/uiuc-kidney-failure/generated_data/rep_1/twenty_features_heterogeneous_train_data.csv
Test data path /home/minhn2/uiuc-kidney-failure/generated_data/rep_1/twenty_features_heterogeneous_test_data.csv
Number of patients: test 5216 and train 20864
Number of records: test 1255828 and train 5208900
get_last_observation_data(ExperimentScenario.TWENTY_FEATURES_HETEROGENEOUS): train 5208900 rows/20864 subjects -> 20864 rows; test 1255828 rows/5216 subjects -> 5216 rows
Loading model from /home/minhn2/uiuc-kidney-failure/generated_data/rep_1/twenty_features_heterogeneous_gbsa_model.dill
  GBSA Feature Importance:
    egfr: 0.0621
    egfr_missing: 0.0000
    potassium: 0.0000
    potassium_missing: 0.0000
    urea_nitrogen: 0.0000
    urea_nitrogen_missing: 0.0000
    sodium: 0.0000
    sodium_missing: 0.0000
    chloride: 0.0000
    chloride_missing: 0.0000
    bicarbonate: 0.0000
    bicarbonate_missing: 0.0000
    anion_gap: 0.2108
    anion_gap_missing: 0.0000
    hematocrit: 0.1209
    hematocrit_missing: 0.0000
    platelet_count: 0.0000
    platelet_count_missing: 0.0000
    hemoglobin: 0.0000
    hemoglobin_missing: 0.0000
    wbc: 0.0000
    wbc_missing: 0.0000
    mchc: 0.0000
    mchc_missing: 0.0000
    mch: 0.0000
    mch_missing: 0.0000
    rbc: 0.0000
    rbc_missing: 0.0000
    mcv: 0.0000
    mcv_missing: 0.0000
    rdw: 0.0365
    rdw_missing: 0.0000
    glucose: 0.0000
    glucose_missing: 0.0000
    calcium: 0.1428
    calcium_missing: 0.0000
    magnesium: 0.0141
    magnesium_missing: 0.0000
    phosphate: 0.4127
    phosphate_missing: 0.0000

Analyzing SRF model...
Train data path /home/minhn2/uiuc-kidney-failure/generated_data/rep_1/twenty_features_heterogeneous_train_data.csv
Test data path /home/minhn2/uiuc-kidney-failure/generated_data/rep_1/twenty_features_heterogeneous_test_data.csv
Number of patients: test 5216 and train 20864
Number of records: test 1255828 and train 5208900
get_last_observation_data(ExperimentScenario.TWENTY_FEATURES_HETEROGENEOUS): train 5208900 rows/20864 subjects -> 20864 rows; test 1255828 rows/5216 subjects -> 5216 rows
Loading model from /home/minhn2/uiuc-kidney-failure/generated_data/rep_1/twenty_features_heterogeneous_srf_model.dill
[Parallel(n_jobs=2)]: Using backend ThreadingBackend with 2 concurrent workers.
[Parallel(n_jobs=2)]: Done  37 tasks      | elapsed:   13.4s
[Parallel(n_jobs=2)]: Done  50 out of  50 | elapsed:   17.9s finished
[Parallel(n_jobs=2)]: Using backend ThreadingBackend with 2 concurrent workers.
[Parallel(n_jobs=2)]: Done  37 tasks      | elapsed:   13.5s
[Parallel(n_jobs=2)]: Done  50 out of  50 | elapsed:   18.0s finished
[Parallel(n_jobs=2)]: Using backend ThreadingBackend with 2 concurrent workers.
[Parallel(n_jobs=2)]: Done  37 tasks      | elapsed:   13.2s
[Parallel(n_jobs=2)]: Done  50 out of  50 | elapsed:   17.6s finished
[Parallel(n_jobs=2)]: Using backend ThreadingBackend with 2 concurrent workers.
[Parallel(n_jobs=2)]: Done  37 tasks      | elapsed:   13.4s
[Parallel(n_jobs=2)]: Done  50 out of  50 | elapsed:   18.1s finished
[Parallel(n_jobs=2)]: Using backend ThreadingBackend with 2 concurrent workers.
[Parallel(n_jobs=2)]: Done  37 tasks      | elapsed:   13.6s
[Parallel(n_jobs=2)]: Done  50 out of  50 | elapsed:   18.1s finished
[Parallel(n_jobs=2)]: Using backend ThreadingBackend with 2 concurrent workers.
[Parallel(n_jobs=2)]: Done  37 tasks      | elapsed:   13.4s
[Parallel(n_jobs=2)]: Done  50 out of  50 | elapsed:   17.9s finished
[Parallel(n_jobs=2)]: Using backend ThreadingBackend with 2 concurrent workers.
[Parallel(n_jobs=2)]: Done  37 tasks      | elapsed:   13.3s
[Parallel(n_jobs=2)]: Done  50 out of  50 | elapsed:   18.0s finished
[Parallel(n_jobs=2)]: Using backend ThreadingBackend with 2 concurrent workers.
[Parallel(n_jobs=2)]: Done  37 tasks      | elapsed:   13.3s
[Parallel(n_jobs=2)]: Done  50 out of  50 | elapsed:   18.1s finished
[Parallel(n_jobs=2)]: Using backend ThreadingBackend with 2 concurrent workers.
[Parallel(n_jobs=2)]: Done  37 tasks      | elapsed:   13.3s
[Parallel(n_jobs=2)]: Done  50 out of  50 | elapsed:   17.9s finished
[Parallel(n_jobs=2)]: Using backend ThreadingBackend with 2 concurrent workers.
[Parallel(n_jobs=2)]: Done  37 tasks      | elapsed:   13.2s
[Parallel(n_jobs=2)]: Done  50 out of  50 | elapsed:   17.6s finished
[Parallel(n_jobs=2)]: Using backend ThreadingBackend with 2 concurrent workers.
[Parallel(n_jobs=2)]: Done  37 tasks      | elapsed:   13.3s
[Parallel(n_jobs=2)]: Done  50 out of  50 | elapsed:   17.7s finished
[Parallel(n_jobs=2)]: Using backend ThreadingBackend with 2 concurrent workers.
[Parallel(n_jobs=2)]: Done  37 tasks      | elapsed:   13.2s
[Parallel(n_jobs=2)]: Done  50 out of  50 | elapsed:   17.5s finished
[Parallel(n_jobs=2)]: Using backend ThreadingBackend with 2 concurrent workers.
[Parallel(n_jobs=2)]: Done  37 tasks      | elapsed:   13.3s
[Parallel(n_jobs=2)]: Done  50 out of  50 | elapsed:   18.2s finished
[Parallel(n_jobs=2)]: Using backend ThreadingBackend with 2 concurrent workers.
[Parallel(n_jobs=2)]: Done  37 tasks      | elapsed:   13.5s
[Parallel(n_jobs=2)]: Done  50 out of  50 | elapsed:   18.1s finished
[Parallel(n_jobs=2)]: Using backend ThreadingBackend with 2 concurrent workers.
[Parallel(n_jobs=2)]: Done  37 tasks      | elapsed:   13.4s
[Parallel(n_jobs=2)]: Done  50 out of  50 | elapsed:   17.8s finished
[Parallel(n_jobs=2)]: Using backend ThreadingBackend with 2 concurrent workers.
[Parallel(n_jobs=2)]: Done  37 tasks      | elapsed:   13.5s
[Parallel(n_jobs=2)]: Done  50 out of  50 | elapsed:   18.0s finished
[Parallel(n_jobs=2)]: Using backend ThreadingBackend with 2 concurrent workers.
[Parallel(n_jobs=2)]: Done  37 tasks      | elapsed:   13.5s
[Parallel(n_jobs=2)]: Done  50 out of  50 | elapsed:   18.2s finished
[Parallel(n_jobs=2)]: Using backend ThreadingBackend with 2 concurrent workers.
[Parallel(n_jobs=2)]: Done  37 tasks      | elapsed:   13.4s
[Parallel(n_jobs=2)]: Done  50 out of  50 | elapsed:   17.9s finished
[Parallel(n_jobs=2)]: Using backend ThreadingBackend with 2 concurrent workers.
[Parallel(n_jobs=2)]: Done  37 tasks      | elapsed:   13.6s
[Parallel(n_jobs=2)]: Done  50 out of  50 | elapsed:   18.1s finished
[Parallel(n_jobs=2)]: Using backend ThreadingBackend with 2 concurrent workers.
[Parallel(n_jobs=2)]: Done  37 tasks      | elapsed:   13.5s
[Parallel(n_jobs=2)]: Done  50 out of  50 | elapsed:   18.1s finished
[Parallel(n_jobs=2)]: Using backend ThreadingBackend with 2 concurrent workers.
[Parallel(n_jobs=2)]: Done  37 tasks      | elapsed:   13.6s
[Parallel(n_jobs=2)]: Done  50 out of  50 | elapsed:   18.0s finished
[Parallel(n_jobs=2)]: Using backend ThreadingBackend with 2 concurrent workers.
[Parallel(n_jobs=2)]: Done  37 tasks      | elapsed:   13.5s
[Parallel(n_jobs=2)]: Done  50 out of  50 | elapsed:   18.0s finished
[Parallel(n_jobs=2)]: Using backend ThreadingBackend with 2 concurrent workers.
[Parallel(n_jobs=2)]: Done  37 tasks      | elapsed:   13.3s
[Parallel(n_jobs=2)]: Done  50 out of  50 | elapsed:   17.7s finished
[Parallel(n_jobs=2)]: Using backend ThreadingBackend with 2 concurrent workers.
[Parallel(n_jobs=2)]: Done  37 tasks      | elapsed:   13.3s
[Parallel(n_jobs=2)]: Done  50 out of  50 | elapsed:   17.7s finished
[Parallel(n_jobs=2)]: Using backend ThreadingBackend with 2 concurrent workers.
[Parallel(n_jobs=2)]: Done  37 tasks      | elapsed:   13.3s
[Parallel(n_jobs=2)]: Done  50 out of  50 | elapsed:   17.8s finished
[Parallel(n_jobs=2)]: Using backend ThreadingBackend with 2 concurrent workers.
[Parallel(n_jobs=2)]: Done  37 tasks      | elapsed:   13.3s
[Parallel(n_jobs=2)]: Done  50 out of  50 | elapsed:   17.8s finished
[Parallel(n_jobs=2)]: Using backend ThreadingBackend with 2 concurrent workers.
[Parallel(n_jobs=2)]: Done  37 tasks      | elapsed:   13.3s
[Parallel(n_jobs=2)]: Done  50 out of  50 | elapsed:   17.7s finished
[Parallel(n_jobs=2)]: Using backend ThreadingBackend with 2 concurrent workers.
[Parallel(n_jobs=2)]: Done  37 tasks      | elapsed:   13.3s
[Parallel(n_jobs=2)]: Done  50 out of  50 | elapsed:   17.8s finished
[Parallel(n_jobs=2)]: Using backend ThreadingBackend with 2 concurrent workers.
[Parallel(n_jobs=2)]: Done  37 tasks      | elapsed:   13.3s
[Parallel(n_jobs=2)]: Done  50 out of  50 | elapsed:   18.1s finished
[Parallel(n_jobs=2)]: Using backend ThreadingBackend with 2 concurrent workers.
[Parallel(n_jobs=2)]: Done  37 tasks      | elapsed:   13.3s
[Parallel(n_jobs=2)]: Done  50 out of  50 | elapsed:   17.8s finished
[Parallel(n_jobs=2)]: Using backend ThreadingBackend with 2 concurrent workers.
[Parallel(n_jobs=2)]: Done  37 tasks      | elapsed:   13.3s
[Parallel(n_jobs=2)]: Done  50 out of  50 | elapsed:   17.9s finished
[Parallel(n_jobs=2)]: Using backend ThreadingBackend with 2 concurrent workers.
[Parallel(n_jobs=2)]: Done  37 tasks      | elapsed:   13.2s
[Parallel(n_jobs=2)]: Done  50 out of  50 | elapsed:   17.9s finished
[Parallel(n_jobs=2)]: Using backend ThreadingBackend with 2 concurrent workers.
[Parallel(n_jobs=2)]: Done  37 tasks      | elapsed:   13.4s
[Parallel(n_jobs=2)]: Done  50 out of  50 | elapsed:   17.9s finished
[Parallel(n_jobs=2)]: Using backend ThreadingBackend with 2 concurrent workers.
[Parallel(n_jobs=2)]: Done  37 tasks      | elapsed:   13.3s
[Parallel(n_jobs=2)]: Done  50 out of  50 | elapsed:   17.8s finished
[Parallel(n_jobs=2)]: Using backend ThreadingBackend with 2 concurrent workers.
[Parallel(n_jobs=2)]: Done  37 tasks      | elapsed:   13.4s
[Parallel(n_jobs=2)]: Done  50 out of  50 | elapsed:   18.0s finished
[Parallel(n_jobs=2)]: Using backend ThreadingBackend with 2 concurrent workers.
[Parallel(n_jobs=2)]: Done  37 tasks      | elapsed:   13.5s
[Parallel(n_jobs=2)]: Done  50 out of  50 | elapsed:   18.2s finished
[Parallel(n_jobs=2)]: Using backend ThreadingBackend with 2 concurrent workers.
[Parallel(n_jobs=2)]: Done  37 tasks      | elapsed:   13.3s
[Parallel(n_jobs=2)]: Done  50 out of  50 | elapsed:   17.7s finished
[Parallel(n_jobs=2)]: Using backend ThreadingBackend with 2 concurrent workers.
[Parallel(n_jobs=2)]: Done  37 tasks      | elapsed:   13.3s
[Parallel(n_jobs=2)]: Done  50 out of  50 | elapsed:   17.7s finished
[Parallel(n_jobs=2)]: Using backend ThreadingBackend with 2 concurrent workers.
[Parallel(n_jobs=2)]: Done  37 tasks      | elapsed:   13.3s
[Parallel(n_jobs=2)]: Done  50 out of  50 | elapsed:   17.8s finished
[Parallel(n_jobs=2)]: Using backend ThreadingBackend with 2 concurrent workers.
[Parallel(n_jobs=2)]: Done  37 tasks      | elapsed:   13.2s
[Parallel(n_jobs=2)]: Done  50 out of  50 | elapsed:   17.7s finished
[Parallel(n_jobs=2)]: Using backend ThreadingBackend with 2 concurrent workers.
[Parallel(n_jobs=2)]: Done  37 tasks      | elapsed:   13.2s
[Parallel(n_jobs=2)]: Done  50 out of  50 | elapsed:   17.6s finished
  SRF Feature Importance:
    egfr: 0.0000
    egfr_missing: 0.0005
    potassium: 0.0004
    potassium_missing: 0.0000
    urea_nitrogen: 0.0000
    urea_nitrogen_missing: 0.0000
    sodium: 0.0002
    sodium_missing: 0.0002
    chloride: 0.0001
    chloride_missing: 0.0000
    bicarbonate: 0.0000
    bicarbonate_missing: 0.0000
    anion_gap: 0.0004
    anion_gap_missing: 0.0000
    hematocrit: 0.0022
    hematocrit_missing: 0.0000
    platelet_count: 0.0000
    platelet_count_missing: 0.0002
    hemoglobin: 0.0005
    hemoglobin_missing: 0.0000
    wbc: 0.0000
    wbc_missing: 0.0000
    mchc: 0.0000
    mchc_missing: 0.0000
    mch: 0.0000
    mch_missing: 0.0000
    rbc: 0.0000
    rbc_missing: 0.0000
    mcv: 0.0000
    mcv_missing: 0.0000
    rdw: 0.0000
    rdw_missing: 0.0019
    glucose: 0.0013
    glucose_missing: 0.0010
    calcium: 0.0036
    calcium_missing: 0.0000
    magnesium: 0.0003
    magnesium_missing: 0.0002
    phosphate: 0.0107
    phosphate_missing: 0.0013

Analyzing SURVIVAL_SVM model...
Train data path /home/minhn2/uiuc-kidney-failure/generated_data/rep_1/twenty_features_heterogeneous_train_data.csv
Test data path /home/minhn2/uiuc-kidney-failure/generated_data/rep_1/twenty_features_heterogeneous_test_data.csv
Number of patients: test 5216 and train 20864
Number of records: test 1255828 and train 5208900
get_last_observation_data(ExperimentScenario.TWENTY_FEATURES_HETEROGENEOUS): train 5208900 rows/20864 subjects -> 20864 rows; test 1255828 rows/5216 subjects -> 5216 rows
Loading model from /home/minhn2/uiuc-kidney-failure/generated_data/rep_1/twenty_features_heterogeneous_survival_svm_model.dill
  SURVIVAL_SVM Feature Importance:
    egfr: 0.0036
    egfr_missing: 0.0675
    potassium: 0.0416
    potassium_missing: 0.6643
    urea_nitrogen: 0.0049
    urea_nitrogen_missing: 0.0037
    sodium: 0.0122
    sodium_missing: 1.2111
    chloride: 0.0027
    chloride_missing: 0.6354
    bicarbonate: 0.1255
    bicarbonate_missing: 2.2149
    anion_gap: 0.0437
    anion_gap_missing: 0.7227
    hematocrit: 0.0024
    hematocrit_missing: 0.5736
    platelet_count: 0.0005
    platelet_count_missing: 0.2945
    hemoglobin: 0.0220
    hemoglobin_missing: 0.4490
    wbc: 0.0375
    wbc_missing: 0.0252
    mchc: 0.0049
    mchc_missing: 0.0001
    mch: 0.0000
    mch_missing: 0.0000
    rbc: 0.0000
    rbc_missing: 0.0000
    mcv: 0.0026
    mcv_missing: 1.0120
    rdw: 0.0086
    rdw_missing: 0.1467
    glucose: 0.0002
    glucose_missing: 0.0977
    calcium: 0.0165
    calcium_missing: 0.1573
    magnesium: 0.1523
    magnesium_missing: 0.0622
    phosphate: 0.0373
    phosphate_missing: 0.1341

Analyzing WEIBUL model...
Train data path /home/minhn2/uiuc-kidney-failure/generated_data/rep_1/twenty_features_heterogeneous_train_data.csv
Test data path /home/minhn2/uiuc-kidney-failure/generated_data/rep_1/twenty_features_heterogeneous_test_data.csv
Number of patients: test 5216 and train 20864
Number of records: test 1255828 and train 5208900
get_last_observation_data(ExperimentScenario.TWENTY_FEATURES_HETEROGENEOUS): train 5208900 rows/20864 subjects -> 20864 rows; test 1255828 rows/5216 subjects -> 5216 rows
Loading model from /home/minhn2/uiuc-kidney-failure/generated_data/rep_1/twenty_features_heterogeneous_weibul_model.dill
  WEIBUL Feature Importance:
    egfr: 0.0052
    egfr_missing: 0.3846
    potassium: 0.0178
    potassium_missing: 0.1084
    urea_nitrogen: 0.0045
    urea_nitrogen_missing: 0.3883
    sodium: 0.0013
    sodium_missing: 0.1439
    chloride: 0.0003
    chloride_missing: 0.0341
    bicarbonate: 0.0071
    bicarbonate_missing: 0.1566
    anion_gap: 0.0524
    anion_gap_missing: 0.8912
    hematocrit: 0.0058
    hematocrit_missing: 0.1872
    platelet_count: 0.0001
    platelet_count_missing: 0.0747
    hemoglobin: 0.0367
    hemoglobin_missing: 0.3325
    wbc: 0.0360
    wbc_missing: 0.1593
    mchc: 0.0064
    mchc_missing: 0.2157
    mch: 4.9110
    mch_missing: 2.3779
    rbc: 0.0000
    rbc_missing: 2.3779
    mcv: 0.0046
    mcv_missing: 0.4924
    rdw: 0.0067
    rdw_missing: 0.1117
    glucose: 0.0000
    glucose_missing: 0.0052
    calcium: 0.0506
    calcium_missing: 0.4601
    magnesium: 0.0577
    magnesium_missing: 0.1469
    phosphate: 0.0365
    phosphate_missing: 0.0746
Consolidated feature importance plot saved to: /home/minhn2/uiuc-kidney-failure/generated_data/rep_1/twenty_features_heterogeneous_all_models_feature_importance.png
Scenario report saved to: /home/minhn2/uiuc-kidney-failure/generated_data/rep_1/twenty_features_heterogeneous_shap_analysis_report.txt
COMPLETE
