rep1 analyze: twenty_features_heterogeneous; output=/home/minhn2/uiuc-kidney-failure/generated_data/rep_1
Train data path /home/minhn2/uiuc-kidney-failure/generated_data/rep_1/twenty_features_heterogeneous_train_data.csv
Test data path /home/minhn2/uiuc-kidney-failure/generated_data/rep_1/twenty_features_heterogeneous_test_data.csv
Number of patients: test 5216 and train 20864
Number of records: test 1255828 and train 5208900
================================================================================
SUBGROUP PERFORMANCE ANALYSIS - TWENTY_FEATURES_HETEROGENEOUS
================================================================================
Subgroup PERFORMANCE, not a fairness evaluation — see this module's docstring.

train: 5208900 lab-event rows -> 20864 patients, 19081 events (patient-level event rate 0.9145)
test: 1255828 lab-event rows -> 5216 patients, 4770 events (patient-level event rate 0.9145)
IPCW censoring reference: the full training cohort (20864 patients), not a per-group one; evaluation capped at 4904.2 days (training follow-up 4904.2 days).

Patient metadata join:
  5216 held-out patients; 0 with no patients.csv row
  Age variable — anchor_age from patients.csv — the patient's age in their MIMIC anchor year, NOT their age at the prediction landmark; the exported scenario CSVs carry no absolute timestamp, so landmark age is not derivable here
  Time from each patient's first lab record to their prediction landmark: median 0.343 y, p90 5.655 y, max 13.824 y — the landmark can sit this far from the anchor year the age is measured at.
  Race — most frequently recorded race across the patient's admissions, ties broken by earliest admission; patients with no recorded value are kept as UNKNOWN/NOT RECORDED
    4928/5216 patients have a recorded race; 288 retained as unknown; 167 have more than one recorded value across admissions; 528 admission rows carry declined/unobtainable/unknown.
Train data path /home/minhn2/uiuc-kidney-failure/generated_data/rep_1/twenty_features_heterogeneous_train_data.csv
Test data path /home/minhn2/uiuc-kidney-failure/generated_data/rep_1/twenty_features_heterogeneous_test_data.csv
Number of patients: test 5216 and train 20864
Number of records: test 1255828 and train 5208900
Train data path /home/minhn2/uiuc-kidney-failure/generated_data/rep_1/twenty_features_heterogeneous_train_data.csv
Test data path /home/minhn2/uiuc-kidney-failure/generated_data/rep_1/twenty_features_heterogeneous_test_data.csv
Number of patients: test 5216 and train 20864
Number of records: test 1255828 and train 5208900
Train data path /home/minhn2/uiuc-kidney-failure/generated_data/rep_1/twenty_features_heterogeneous_train_data.csv
Test data path /home/minhn2/uiuc-kidney-failure/generated_data/rep_1/twenty_features_heterogeneous_test_data.csv
Number of patients: test 5216 and train 20864
Number of records: test 1255828 and train 5208900
get_last_observation_data(ExperimentScenario.TWENTY_FEATURES_HETEROGENEOUS): train 5208900 rows/20864 subjects -> 20864 rows; test 1255828 rows/5216 subjects -> 5216 rows
Train data path /home/minhn2/uiuc-kidney-failure/generated_data/rep_1/twenty_features_heterogeneous_train_data.csv
Test data path /home/minhn2/uiuc-kidney-failure/generated_data/rep_1/twenty_features_heterogeneous_test_data.csv
Number of patients: test 5216 and train 20864
Number of records: test 1255828 and train 5208900
get_last_observation_data(ExperimentScenario.TWENTY_FEATURES_HETEROGENEOUS): train 5208900 rows/20864 subjects -> 20864 rows; test 1255828 rows/5216 subjects -> 5216 rows
Train data path /home/minhn2/uiuc-kidney-failure/generated_data/rep_1/twenty_features_heterogeneous_train_data.csv
Test data path /home/minhn2/uiuc-kidney-failure/generated_data/rep_1/twenty_features_heterogeneous_test_data.csv
Number of patients: test 5216 and train 20864
Number of records: test 1255828 and train 5208900
get_last_observation_data(ExperimentScenario.TWENTY_FEATURES_HETEROGENEOUS): train 5208900 rows/20864 subjects -> 20864 rows; test 1255828 rows/5216 subjects -> 5216 rows
Train data path /home/minhn2/uiuc-kidney-failure/generated_data/rep_1/twenty_features_heterogeneous_train_data.csv
Test data path /home/minhn2/uiuc-kidney-failure/generated_data/rep_1/twenty_features_heterogeneous_test_data.csv
Number of patients: test 5216 and train 20864
Number of records: test 1255828 and train 5208900
get_last_observation_data(ExperimentScenario.TWENTY_FEATURES_HETEROGENEOUS): train 5208900 rows/20864 subjects -> 20864 rows; test 1255828 rows/5216 subjects -> 5216 rows

Group composition (patients / events / event proportion):

--- Age group (anchor_age bins — see patient_metadata: NOT landmark age) ---
  <27                      n=75    events=74    event_rate=0.9867
  27-54                    n=877   events=854   event_rate=0.9738
  54-82                    n=3069  events=2794  event_rate=0.9104
  82+                      n=1195  events=1048  event_rate=0.8770

--- Sex as recorded in patients.csv ---
  F                        n=2176  events=1986  event_rate=0.9127
  M                        n=3040  events=2784  event_rate=0.9158

--- Race (collapsed from admissions.csv ethnicity; unknown retained) ---
  AMERICAN INDIAN/ALASKA NATIVE n=15    events=14    event_rate=0.9333   [metrics not computed: needs >= 20 patients and >= 5 events]
  ASIAN                    n=150   events=142   event_rate=0.9467
  BLACK                    n=754   events=701   event_rate=0.9297
  HISPANIC/LATINO          n=199   events=187   event_rate=0.9397
  MULTIPLE RACE/ETHNICITY  n=4     events=4     event_rate=1.0000   [metrics not computed: needs >= 20 patients and >= 5 events]
  NATIVE HAWAIIAN OR OTHER PACIFIC ISLANDER n=6     events=5     event_rate=0.8333   [metrics not computed: needs >= 20 patients and >= 5 events]
  OTHER                    n=123   events=106   event_rate=0.8618
  PORTUGUESE               n=15    events=13    event_rate=0.8667   [metrics not computed: needs >= 20 patients and >= 5 events]
  SOUTH AMERICAN           n=6     events=6     event_rate=1.0000   [metrics not computed: needs >= 20 patients and >= 5 events]
  UNKNOWN/NOT RECORDED     n=288   events=265   event_rate=0.9201
  WHITE                    n=3656  events=3327  event_rate=0.9100

Per-group performance, 1000 within-group bootstrap resamples, 95% percentile intervals:
  C-index and mean time-dependent AUC: higher is better. Integrated Brier (0-730d): lower is better.

=== Age group (anchor_age bins — see patient_metadata: NOT landmark age) ===

  [<27] n=75 events=74
    Logistic Hazard      c_index=0.5198 [0.4442, 0.5918]  brier=0.2461 [0.2245, 0.2683] [native]  auc=0.5284 [0.4148, 0.638]
    RNN-Surv             c_index=0.4325 [0.3488, 0.5149]  brier=0.5253 [0.4386, 0.6058] [native]  auc=0.3955 [0.2829, 0.5098]
    DeepSurv             c_index=0.4667 [0.3846, 0.5515]  brier=0.2423 [0.2237, 0.2624] [fitted-conversion]  auc=0.4782 [0.3565, 0.5987]

  [27-54] n=877 events=854
    Logistic Hazard      c_index=0.5142 [0.4915, 0.5377]  brier=0.247 [0.2403, 0.2532] [native]  auc=0.5415 [0.5066, 0.5761]
    RNN-Surv             c_index=0.5061 [0.485, 0.5289]  brier=0.5025 [0.4796, 0.526] [native]  auc=0.5186 [0.4813, 0.5535]
    DeepSurv             c_index=0.5318 [0.5109, 0.5541]  brier=0.244 [0.2383, 0.2492] [fitted-conversion]  auc=0.5603 [0.5275, 0.5933]

  [54-82] n=3069 events=2794
    Logistic Hazard      c_index=0.5181 [0.5054, 0.5298]  brier=0.2389 [0.2351, 0.2428] [native]  auc=0.5426 [0.5238, 0.5594]
    RNN-Surv             c_index=0.5204 [0.5071, 0.5333]  brier=0.4646 [0.451, 0.4771] [native]  auc=0.526 [0.5058, 0.5432]
    DeepSurv             c_index=0.525 [0.5123, 0.5364]  brier=0.2352 [0.2319, 0.2386] [fitted-conversion]  auc=0.5446 [0.5249, 0.5615]

  [82+] n=1195 events=1048
    Logistic Hazard      c_index=0.5096 [0.4889, 0.5319]  brier=0.211 [0.2056, 0.2168] [native]  auc=0.5411 [0.5101, 0.5715]
    RNN-Surv             c_index=0.5357 [0.5144, 0.5582]  brier=0.5235 [0.5025, 0.5428] [native]  auc=0.536 [0.5054, 0.5659]
    DeepSurv             c_index=0.5135 [0.4946, 0.5349]  brier=0.2088 [0.2036, 0.2143] [fitted-conversion]  auc=0.5367 [0.5067, 0.5663]

=== Sex as recorded in patients.csv ===

  [F] n=2176 events=1986
    Logistic Hazard      c_index=0.5228 [0.5078, 0.5398]  brier=0.2336 [0.2287, 0.2382] [native]  auc=0.5508 [0.5285, 0.5744]
    RNN-Surv             c_index=0.522 [0.5059, 0.537]  brier=0.4768 [0.4616, 0.4923] [native]  auc=0.5275 [0.5028, 0.5497]
    DeepSurv             c_index=0.5248 [0.5101, 0.5402]  brier=0.2311 [0.2267, 0.2352] [fitted-conversion]  auc=0.544 [0.5209, 0.5672]

  [M] n=3040 events=2784
    Logistic Hazard      c_index=0.5098 [0.497, 0.5225]  brier=0.2342 [0.2305, 0.2379] [native]  auc=0.533 [0.515, 0.5519]
    RNN-Surv             c_index=0.5162 [0.5031, 0.5286]  brier=0.4914 [0.4784, 0.504] [native]  auc=0.5204 [0.5004, 0.539]
    DeepSurv             c_index=0.521 [0.5088, 0.5334]  brier=0.2304 [0.2273, 0.2336] [fitted-conversion]  auc=0.5436 [0.5258, 0.5616]

=== Race (collapsed from admissions.csv ethnicity; unknown retained) ===

  [ASIAN] n=150 events=142
    Logistic Hazard      c_index=0.5457 [0.4863, 0.6046]  brier=0.2121 [0.198, 0.2265] [native]  auc=0.5763 [0.4893, 0.6529]
    RNN-Surv             c_index=0.5264 [0.4737, 0.5818]  brier=0.5585 [0.5051, 0.6097] [native]  auc=0.5359 [0.4541, 0.6151]
    DeepSurv             c_index=0.5409 [0.479, 0.5998]  brier=0.2124 [0.2, 0.2245] [fitted-conversion]  auc=0.5677 [0.4804, 0.6488]

  [BLACK] n=754 events=701
    Logistic Hazard      c_index=0.4799 [0.453, 0.505]  brier=0.2584 [0.2509, 0.2661] [native]  auc=0.4885 [0.4461, 0.5266]
    RNN-Surv             c_index=0.4996 [0.4746, 0.5258]  brier=0.4087 [0.3826, 0.4348] [native]  auc=0.5011 [0.4602, 0.5414]
    DeepSurv             c_index=0.4971 [0.4724, 0.5217]  brier=0.2531 [0.2467, 0.2603] [fitted-conversion]  auc=0.5116 [0.4737, 0.5506]

  [HISPANIC/LATINO] n=199 events=187
    Logistic Hazard      c_index=0.5454 [0.495, 0.5889]  brier=0.2384 [0.2248, 0.2518] [native]  auc=0.5776 [0.5, 0.6494]
    RNN-Surv             c_index=0.5229 [0.4808, 0.5697]  brier=0.4765 [0.4269, 0.5285] [native]  auc=0.5115 [0.4476, 0.5842]
    DeepSurv             c_index=0.5258 [0.4774, 0.5744]  brier=0.2373 [0.2249, 0.2495] [fitted-conversion]  auc=0.5504 [0.479, 0.6178]

  [OTHER] n=123 events=106
    Logistic Hazard      c_index=0.5371 [0.4742, 0.6018]  brier=0.2227 [0.2036, 0.2426] [native]  auc=0.6033 [0.5094, 0.6976]
    RNN-Surv             c_index=0.5178 [0.4546, 0.5873]  brier=0.4967 [0.4316, 0.5641] [native]  auc=0.4938 [0.3943, 0.6022]
    DeepSurv             c_index=0.5845 [0.527, 0.647]  brier=0.2217 [0.2046, 0.2404] [fitted-conversion]  auc=0.6479 [0.5586, 0.738]

  [UNKNOWN/NOT RECORDED] n=288 events=265
    Logistic Hazard      c_index=0.4899 [0.4442, 0.536]  brier=0.1745 [0.1671, 0.1816] [native]  auc=0.5393 [0.4636, 0.6207]
    RNN-Surv             c_index=0.5053 [0.4609, 0.5488]  brier=0.7186 [0.687, 0.7467] [native]  auc=0.5585 [0.4826, 0.6326]
    DeepSurv             c_index=0.5013 [0.457, 0.5496]  brier=0.1802 [0.1732, 0.1871] [fitted-conversion]  auc=0.5817 [0.5012, 0.6661]

  [WHITE] n=3656 events=3327
    Logistic Hazard      c_index=0.5094 [0.498, 0.5218]  brier=0.2345 [0.2311, 0.2381] [native]  auc=0.528 [0.5112, 0.5459]
    RNN-Surv             c_index=0.5193 [0.5078, 0.5309]  brier=0.4804 [0.4672, 0.4922] [native]  auc=0.5236 [0.5066, 0.5404]
    DeepSurv             c_index=0.518 [0.5067, 0.5291]  brier=0.2306 [0.2276, 0.2338] [fitted-conversion]  auc=0.5317 [0.5136, 0.5473]
Subgroup report saved to: /home/minhn2/uiuc-kidney-failure/generated_data/rep_1/twenty_features_heterogeneous_subgroup_performance_report.txt
COMPLETE
