rep1 analyze: four_features; output=/home/minhn2/uiuc-kidney-failure/generated_data/rep_1
Train data path /home/minhn2/uiuc-kidney-failure/generated_data/rep_1/four_features_train_data.csv
Test data path /home/minhn2/uiuc-kidney-failure/generated_data/rep_1/four_features_test_data.csv
Number of patients: test 270 and train 1079
Number of records: test 2121 and train 9730
================================================================================
SUBGROUP PERFORMANCE ANALYSIS - FOUR_FEATURES
================================================================================
Subgroup PERFORMANCE, not a fairness evaluation — see this module's docstring.

train: 9730 lab-event rows -> 1079 patients, 812 events (patient-level event rate 0.7525)
test: 2121 lab-event rows -> 270 patients, 203 events (patient-level event rate 0.7519)
IPCW censoring reference: the full training cohort (1079 patients), not a per-group one; evaluation capped at 3907.0 days (training follow-up 3907.0 days).

Patient metadata join:
  270 held-out patients; 0 with no patients.csv row
  Age variable — anchor_age from patients.csv — the patient's age in their MIMIC anchor year, NOT their age at the prediction landmark; the exported scenario CSVs carry no absolute timestamp, so landmark age is not derivable here
  Time from each patient's first lab record to their prediction landmark: median 0.041 y, p90 4.857 y, max 11.863 y — the landmark can sit this far from the anchor year the age is measured at.
  Race — most frequently recorded race across the patient's admissions, ties broken by earliest admission; patients with no recorded value are kept as UNKNOWN/NOT RECORDED
    270/270 patients have a recorded race; 0 retained as unknown; 11 have more than one recorded value across admissions; 9 admission rows carry declined/unobtainable/unknown.
Loading model from /home/minhn2/uiuc-kidney-failure/generated_data/rep_1/four_features_cox_model.dill
Train data path /home/minhn2/uiuc-kidney-failure/generated_data/rep_1/four_features_train_data.csv
Test data path /home/minhn2/uiuc-kidney-failure/generated_data/rep_1/four_features_test_data.csv
Number of patients: test 270 and train 1079
Number of records: test 2121 and train 9730
get_last_observation_data(ExperimentScenario.FOUR_FEATURES): train 9730 rows/1079 subjects -> 1079 rows; test 2121 rows/270 subjects -> 270 rows
Loading model from /home/minhn2/uiuc-kidney-failure/generated_data/rep_1/four_features_cox_model.dill
Train data path /home/minhn2/uiuc-kidney-failure/generated_data/rep_1/four_features_train_data.csv
Test data path /home/minhn2/uiuc-kidney-failure/generated_data/rep_1/four_features_test_data.csv
Number of patients: test 270 and train 1079
Number of records: test 2121 and train 9730
get_last_observation_data(ExperimentScenario.FOUR_FEATURES): train 9730 rows/1079 subjects -> 1079 rows; test 2121 rows/270 subjects -> 270 rows
Train data path /home/minhn2/uiuc-kidney-failure/generated_data/rep_1/four_features_train_data.csv
Test data path /home/minhn2/uiuc-kidney-failure/generated_data/rep_1/four_features_test_data.csv
Number of patients: test 270 and train 1079
Number of records: test 2121 and train 9730
Train data path /home/minhn2/uiuc-kidney-failure/generated_data/rep_1/four_features_train_data.csv
Test data path /home/minhn2/uiuc-kidney-failure/generated_data/rep_1/four_features_test_data.csv
Number of patients: test 270 and train 1079
Number of records: test 2121 and train 9730
Train data path /home/minhn2/uiuc-kidney-failure/generated_data/rep_1/four_features_train_data.csv
Test data path /home/minhn2/uiuc-kidney-failure/generated_data/rep_1/four_features_test_data.csv
Number of patients: test 270 and train 1079
Number of records: test 2121 and train 9730
Train data path /home/minhn2/uiuc-kidney-failure/generated_data/rep_1/four_features_train_data.csv
Test data path /home/minhn2/uiuc-kidney-failure/generated_data/rep_1/four_features_test_data.csv
Number of patients: test 270 and train 1079
Number of records: test 2121 and train 9730
Train data path /home/minhn2/uiuc-kidney-failure/generated_data/rep_1/four_features_train_data.csv
Test data path /home/minhn2/uiuc-kidney-failure/generated_data/rep_1/four_features_test_data.csv
Number of patients: test 270 and train 1079
Number of records: test 2121 and train 9730
Train data path /home/minhn2/uiuc-kidney-failure/generated_data/rep_1/four_features_train_data.csv
Test data path /home/minhn2/uiuc-kidney-failure/generated_data/rep_1/four_features_test_data.csv
Number of patients: test 270 and train 1079
Number of records: test 2121 and train 9730
Train data path /home/minhn2/uiuc-kidney-failure/generated_data/rep_1/four_features_train_data.csv
Test data path /home/minhn2/uiuc-kidney-failure/generated_data/rep_1/four_features_test_data.csv
Number of patients: test 270 and train 1079
Number of records: test 2121 and train 9730
get_last_observation_data(ExperimentScenario.FOUR_FEATURES): train 9730 rows/1079 subjects -> 1079 rows; test 2121 rows/270 subjects -> 270 rows
Train data path /home/minhn2/uiuc-kidney-failure/generated_data/rep_1/four_features_train_data.csv
Test data path /home/minhn2/uiuc-kidney-failure/generated_data/rep_1/four_features_test_data.csv
Number of patients: test 270 and train 1079
Number of records: test 2121 and train 9730
get_last_observation_data(ExperimentScenario.FOUR_FEATURES): train 9730 rows/1079 subjects -> 1079 rows; test 2121 rows/270 subjects -> 270 rows
Train data path /home/minhn2/uiuc-kidney-failure/generated_data/rep_1/four_features_train_data.csv
Test data path /home/minhn2/uiuc-kidney-failure/generated_data/rep_1/four_features_test_data.csv
Number of patients: test 270 and train 1079
Number of records: test 2121 and train 9730
get_last_observation_data(ExperimentScenario.FOUR_FEATURES): train 9730 rows/1079 subjects -> 1079 rows; test 2121 rows/270 subjects -> 270 rows
Train data path /home/minhn2/uiuc-kidney-failure/generated_data/rep_1/four_features_train_data.csv
Test data path /home/minhn2/uiuc-kidney-failure/generated_data/rep_1/four_features_test_data.csv
Number of patients: test 270 and train 1079
Number of records: test 2121 and train 9730
get_last_observation_data(ExperimentScenario.FOUR_FEATURES): train 9730 rows/1079 subjects -> 1079 rows; test 2121 rows/270 subjects -> 270 rows
Loading model from /home/minhn2/uiuc-kidney-failure/generated_data/rep_1/four_features_gbsa_model.dill
Train data path /home/minhn2/uiuc-kidney-failure/generated_data/rep_1/four_features_train_data.csv
Test data path /home/minhn2/uiuc-kidney-failure/generated_data/rep_1/four_features_test_data.csv
Number of patients: test 270 and train 1079
Number of records: test 2121 and train 9730
get_last_observation_data(ExperimentScenario.FOUR_FEATURES): train 9730 rows/1079 subjects -> 1079 rows; test 2121 rows/270 subjects -> 270 rows
Loading model from /home/minhn2/uiuc-kidney-failure/generated_data/rep_1/four_features_gbsa_model.dill
Train data path /home/minhn2/uiuc-kidney-failure/generated_data/rep_1/four_features_train_data.csv
Test data path /home/minhn2/uiuc-kidney-failure/generated_data/rep_1/four_features_test_data.csv
Number of patients: test 270 and train 1079
Number of records: test 2121 and train 9730
get_last_observation_data(ExperimentScenario.FOUR_FEATURES): train 9730 rows/1079 subjects -> 1079 rows; test 2121 rows/270 subjects -> 270 rows
Loading model from /home/minhn2/uiuc-kidney-failure/generated_data/rep_1/four_features_srf_model.dill
Train data path /home/minhn2/uiuc-kidney-failure/generated_data/rep_1/four_features_train_data.csv
Test data path /home/minhn2/uiuc-kidney-failure/generated_data/rep_1/four_features_test_data.csv
Number of patients: test 270 and train 1079
Number of records: test 2121 and train 9730
get_last_observation_data(ExperimentScenario.FOUR_FEATURES): train 9730 rows/1079 subjects -> 1079 rows; test 2121 rows/270 subjects -> 270 rows
[Parallel(n_jobs=2)]: Using backend ThreadingBackend with 2 concurrent workers.
[Parallel(n_jobs=2)]: Done  37 tasks      | elapsed:    0.0s
[Parallel(n_jobs=2)]: Done 100 out of 100 | elapsed:    0.0s finished
[Parallel(n_jobs=2)]: Using backend ThreadingBackend with 2 concurrent workers.
[Parallel(n_jobs=2)]: Done  37 tasks      | elapsed:    0.0s
[Parallel(n_jobs=2)]: Done 100 out of 100 | elapsed:    0.0s finished
Loading model from /home/minhn2/uiuc-kidney-failure/generated_data/rep_1/four_features_srf_model.dill
Train data path /home/minhn2/uiuc-kidney-failure/generated_data/rep_1/four_features_train_data.csv
Test data path /home/minhn2/uiuc-kidney-failure/generated_data/rep_1/four_features_test_data.csv
Number of patients: test 270 and train 1079
Number of records: test 2121 and train 9730
get_last_observation_data(ExperimentScenario.FOUR_FEATURES): train 9730 rows/1079 subjects -> 1079 rows; test 2121 rows/270 subjects -> 270 rows
[Parallel(n_jobs=2)]: Using backend ThreadingBackend with 2 concurrent workers.
[Parallel(n_jobs=2)]: Done  37 tasks      | elapsed:    0.1s
[Parallel(n_jobs=2)]: Done 100 out of 100 | elapsed:    0.2s finished
[Parallel(n_jobs=2)]: Using backend ThreadingBackend with 2 concurrent workers.
[Parallel(n_jobs=2)]: Done  37 tasks      | elapsed:    0.1s
[Parallel(n_jobs=2)]: Done 100 out of 100 | elapsed:    0.2s finished
Loading model from /home/minhn2/uiuc-kidney-failure/generated_data/rep_1/four_features_survival_svm_model.dill
Train data path /home/minhn2/uiuc-kidney-failure/generated_data/rep_1/four_features_train_data.csv
Test data path /home/minhn2/uiuc-kidney-failure/generated_data/rep_1/four_features_test_data.csv
Number of patients: test 270 and train 1079
Number of records: test 2121 and train 9730
get_last_observation_data(ExperimentScenario.FOUR_FEATURES): train 9730 rows/1079 subjects -> 1079 rows; test 2121 rows/270 subjects -> 270 rows
Loading model from /home/minhn2/uiuc-kidney-failure/generated_data/rep_1/four_features_survival_svm_model.dill
Train data path /home/minhn2/uiuc-kidney-failure/generated_data/rep_1/four_features_train_data.csv
Test data path /home/minhn2/uiuc-kidney-failure/generated_data/rep_1/four_features_test_data.csv
Number of patients: test 270 and train 1079
Number of records: test 2121 and train 9730
get_last_observation_data(ExperimentScenario.FOUR_FEATURES): train 9730 rows/1079 subjects -> 1079 rows; test 2121 rows/270 subjects -> 270 rows
Loading model from /home/minhn2/uiuc-kidney-failure/generated_data/rep_1/four_features_weibul_model.dill
Train data path /home/minhn2/uiuc-kidney-failure/generated_data/rep_1/four_features_train_data.csv
Test data path /home/minhn2/uiuc-kidney-failure/generated_data/rep_1/four_features_test_data.csv
Number of patients: test 270 and train 1079
Number of records: test 2121 and train 9730
get_last_observation_data(ExperimentScenario.FOUR_FEATURES): train 9730 rows/1079 subjects -> 1079 rows; test 2121 rows/270 subjects -> 270 rows
Loading model from /home/minhn2/uiuc-kidney-failure/generated_data/rep_1/four_features_weibul_model.dill
Train data path /home/minhn2/uiuc-kidney-failure/generated_data/rep_1/four_features_train_data.csv
Test data path /home/minhn2/uiuc-kidney-failure/generated_data/rep_1/four_features_test_data.csv
Number of patients: test 270 and train 1079
Number of records: test 2121 and train 9730
get_last_observation_data(ExperimentScenario.FOUR_FEATURES): train 9730 rows/1079 subjects -> 1079 rows; test 2121 rows/270 subjects -> 270 rows
Train data path /home/minhn2/uiuc-kidney-failure/generated_data/rep_1/four_features_train_data.csv
Test data path /home/minhn2/uiuc-kidney-failure/generated_data/rep_1/four_features_test_data.csv
Number of patients: test 270 and train 1079
Number of records: test 2121 and train 9730
get_last_observation_data(ExperimentScenario.FOUR_FEATURES): train 9730 rows/1079 subjects -> 1079 rows; test 2121 rows/270 subjects -> 270 rows
Train data path /home/minhn2/uiuc-kidney-failure/generated_data/rep_1/four_features_train_data.csv
Test data path /home/minhn2/uiuc-kidney-failure/generated_data/rep_1/four_features_test_data.csv
Number of patients: test 270 and train 1079
Number of records: test 2121 and train 9730
get_last_observation_data(ExperimentScenario.FOUR_FEATURES): train 9730 rows/1079 subjects -> 1079 rows; test 2121 rows/270 subjects -> 270 rows

Group composition (patients / events / event proportion):

--- Age group (anchor_age bins — see patient_metadata: NOT landmark age) ---
  <27                      n=3     events=2     event_rate=0.6667   [metrics not computed: needs >= 20 patients and >= 5 events]
  27-54                    n=55    events=46    event_rate=0.8364
  54-82                    n=177   events=130   event_rate=0.7345
  82+                      n=35    events=25    event_rate=0.7143

--- Sex as recorded in patients.csv ---
  F                        n=109   events=84    event_rate=0.7706
  M                        n=161   events=119   event_rate=0.7391

--- Race (collapsed from admissions.csv ethnicity; unknown retained) ---
  ASIAN                    n=14    events=8     event_rate=0.5714   [metrics not computed: needs >= 20 patients and >= 5 events]
  BLACK                    n=64    events=54    event_rate=0.8438
  HISPANIC/LATINO          n=21    events=15    event_rate=0.7143
  OTHER                    n=7     events=4     event_rate=0.5714   [metrics not computed: needs >= 20 patients and >= 5 events]
  SOUTH AMERICAN           n=2     events=2     event_rate=1.0000   [metrics not computed: needs >= 20 patients and >= 5 events]
  WHITE                    n=162   events=120   event_rate=0.7407

Per-group performance, 1000 within-group bootstrap resamples, 95% percentile intervals:
  C-index and mean time-dependent AUC: higher is better. Integrated Brier (0-730d): lower is better.

=== Age group (anchor_age bins — see patient_metadata: NOT landmark age) ===

  [27-54] n=55 events=46
    Cox                  c_index=0.5613 [0.452, 0.6773]  brier=0.2583 [0.2113, 0.309] [native]  auc=0.5718 [0.4248, 0.7172]
    Dynamic DeepHit      c_index=0.8383 [0.7631, 0.9033]  brier=0.1504 [0.0965, 0.2143] [native]  auc=0.9289 [0.8645, 0.9657]
    Hazard Transformer   c_index=0.5248 [0.413, 0.632]  brier=0.3002 [0.2129, 0.3871] [native]  auc=0.5668 [0.4128, 0.7165]
    Logistic Hazard      c_index=0.5768 [0.4669, 0.6794]  brier=0.2922 [0.245, 0.3534] [native]  auc=0.5908 [0.445, 0.7277]
    RNN-Surv             c_index=0.565 [0.4563, 0.6803]  brier=0.4873 [0.391, 0.5992] [native]  auc=0.5394 [0.3984, 0.6948]
    DeepSurv             c_index=0.5102 [0.3976, 0.6234]  brier=0.252 [0.228, 0.2753] [fitted-conversion]  auc=0.4867 [0.3453, 0.6408]
    GBSA                 c_index=0.5613 [0.4547, 0.6598]  brier=0.3649 [0.2704, 0.4631] [native]  auc=0.5456 [0.3981, 0.6887]
    Survival RF          c_index=0.5191 [0.4065, 0.6336]  brier=0.2873 [0.2432, 0.3324] [native]  auc=0.5146 [0.3733, 0.645]
    Survival SVM         c_index=0.5426 [0.4378, 0.6529]  brier=0.2558 [0.2134, 0.3014] [fitted-conversion]  auc=0.5585 [0.412, 0.6985]
    Weibull AFT          c_index=0.5825 [0.4735, 0.6879]  brier=0.2589 [0.2075, 0.3112] [native]  auc=0.5972 [0.4508, 0.7359]
    KFRE                 c_index=0.58 [0.4704, 0.694]  brier=0.5334 [0.4145, 0.6711] [fitted-conversion]  auc=0.6005 [0.449, 0.7492]

  [54-82] n=177 events=130
    Cox                  c_index=0.5372 [0.4761, 0.6013]  brier=0.2529 [0.2243, 0.2815] [native]  auc=0.5271 [0.4432, 0.6151]
    Dynamic DeepHit      c_index=0.8557 [0.8197, 0.8896]  brier=0.1388 [0.1046, 0.1731] [native]  auc=0.9515 [0.922, 0.9724]
    Hazard Transformer   c_index=0.576 [0.516, 0.635]  brier=0.3012 [0.25, 0.3524] [native]  auc=0.6195 [0.5416, 0.7013]
    Logistic Hazard      c_index=0.5232 [0.4689, 0.5838]  brier=0.248 [0.2284, 0.2666] [native]  auc=0.53 [0.4572, 0.6146]
    RNN-Surv             c_index=0.5516 [0.4929, 0.6144]  brier=0.4215 [0.3602, 0.4779] [native]  auc=0.5325 [0.4463, 0.6126]
    DeepSurv             c_index=0.5349 [0.4738, 0.5959]  brier=0.2476 [0.2303, 0.2636] [fitted-conversion]  auc=0.5238 [0.4404, 0.6085]
    GBSA                 c_index=0.4966 [0.4275, 0.5608]  brier=0.311 [0.2682, 0.3588] [native]  auc=0.5132 [0.4231, 0.6017]
    Survival RF          c_index=0.5163 [0.4572, 0.5787]  brier=0.2575 [0.2337, 0.2839] [native]  auc=0.5345 [0.4514, 0.6171]
    Survival SVM         c_index=0.5554 [0.4912, 0.6193]  brier=0.248 [0.228, 0.2683] [fitted-conversion]  auc=0.5614 [0.4801, 0.6418]
    Weibull AFT          c_index=0.5473 [0.484, 0.6117]  brier=0.2558 [0.2254, 0.2869] [native]  auc=0.5445 [0.462, 0.6264]
    KFRE                 c_index=0.5236 [0.4647, 0.585]  brier=0.415 [0.3523, 0.4833] [fitted-conversion]  auc=0.5193 [0.4362, 0.6057]

  [82+] n=35 events=25
    Cox                  c_index=0.5628 [0.4074, 0.7094]  brier=0.2214 [0.1615, 0.2868] [native]  auc=0.5738 [0.371, 0.7649]
    Dynamic DeepHit      c_index=0.8551 [0.7367, 0.945]  brier=0.1862 [0.1042, 0.2897] [native]  auc=0.9049 [0.7692, 0.9711]
    Hazard Transformer   c_index=0.587 [0.4494, 0.7155]  brier=0.2568 [0.1587, 0.3593] [native]  auc=0.6482 [0.4748, 0.8189]
    Logistic Hazard      c_index=0.5797 [0.4207, 0.7337]  brier=0.2209 [0.171, 0.2752] [native]  auc=0.5968 [0.4007, 0.7835]
    RNN-Surv             c_index=0.5845 [0.4206, 0.7336]  brier=0.3922 [0.2812, 0.5111] [native]  auc=0.6094 [0.4015, 0.8034]
    DeepSurv             c_index=0.6329 [0.4781, 0.777]  brier=0.2183 [0.1778, 0.2591] [fitted-conversion]  auc=0.5993 [0.4011, 0.7776]
    GBSA                 c_index=0.5097 [0.3558, 0.6621]  brier=0.3405 [0.2112, 0.4806] [native]  auc=0.5049 [0.2909, 0.7101]
    Survival RF          c_index=0.5048 [0.3221, 0.685]  brier=0.2243 [0.17, 0.2849] [native]  auc=0.4678 [0.2662, 0.6931]
    Survival SVM         c_index=0.587 [0.4403, 0.7231]  brier=0.2534 [0.196, 0.3192] [fitted-conversion]  auc=0.5942 [0.4057, 0.7846]
    Weibull AFT          c_index=0.6039 [0.4645, 0.7375]  brier=0.2234 [0.1619, 0.2893] [native]  auc=0.6099 [0.4158, 0.7966]
    KFRE                 c_index=0.5459 [0.3969, 0.6986]  brier=0.3891 [0.2632, 0.5356] [fitted-conversion]  auc=0.562 [0.3735, 0.7529]

=== Sex as recorded in patients.csv ===

  [F] n=109 events=84
    Cox                  c_index=0.5876 [0.5072, 0.6665]  brier=0.2717 [0.2375, 0.3102] [native]  auc=0.5895 [0.4828, 0.6966]
    Dynamic DeepHit      c_index=0.8415 [0.7874, 0.8898]  brier=0.1407 [0.0962, 0.1857] [native]  auc=0.948 [0.9054, 0.9735]
    Hazard Transformer   c_index=0.5769 [0.4997, 0.6501]  brier=0.3312 [0.2741, 0.3989] [native]  auc=0.6158 [0.5141, 0.7111]
    Logistic Hazard      c_index=0.5567 [0.4739, 0.6355]  brier=0.2621 [0.234, 0.2937] [native]  auc=0.5632 [0.4533, 0.6659]
    RNN-Surv             c_index=0.5569 [0.4767, 0.6363]  brier=0.3989 [0.3278, 0.4627] [native]  auc=0.5503 [0.4414, 0.6585]
    DeepSurv             c_index=0.59 [0.5137, 0.6599]  brier=0.25 [0.2299, 0.2704] [fitted-conversion]  auc=0.6027 [0.4969, 0.7073]
    GBSA                 c_index=0.4818 [0.3998, 0.5632]  brier=0.356 [0.2971, 0.4203] [native]  auc=0.5096 [0.4034, 0.6142]
    Survival RF          c_index=0.5169 [0.4417, 0.5908]  brier=0.2691 [0.241, 0.298] [native]  auc=0.5513 [0.4469, 0.6492]
    Survival SVM         c_index=0.5444 [0.462, 0.6255]  brier=0.2526 [0.2279, 0.2785] [fitted-conversion]  auc=0.525 [0.4259, 0.6343]
    Weibull AFT          c_index=0.5709 [0.4896, 0.6558]  brier=0.2752 [0.2385, 0.316] [native]  auc=0.5502 [0.4491, 0.6587]
    KFRE                 c_index=0.5597 [0.4794, 0.6394]  brier=0.4262 [0.3422, 0.5114] [fitted-conversion]  auc=0.5649 [0.4521, 0.6699]

  [M] n=161 events=119
    Cox                  c_index=0.535 [0.4747, 0.598]  brier=0.2347 [0.2068, 0.2623] [native]  auc=0.5353 [0.4537, 0.6189]
    Dynamic DeepHit      c_index=0.8577 [0.8208, 0.8933]  brier=0.1556 [0.1197, 0.1938] [native]  auc=0.9347 [0.8985, 0.9587]
    Hazard Transformer   c_index=0.5771 [0.5087, 0.6406]  brier=0.2701 [0.2207, 0.3178] [native]  auc=0.6168 [0.5215, 0.6976]
    Logistic Hazard      c_index=0.5472 [0.4871, 0.6137]  brier=0.2474 [0.2268, 0.2673] [native]  auc=0.5388 [0.4542, 0.6264]
    RNN-Surv             c_index=0.5508 [0.4905, 0.6091]  brier=0.454 [0.3947, 0.5154] [native]  auc=0.5346 [0.4493, 0.611]
    DeepSurv             c_index=0.5018 [0.4382, 0.5616]  brier=0.2425 [0.2253, 0.2591] [fitted-conversion]  auc=0.4763 [0.3825, 0.5558]
    GBSA                 c_index=0.5233 [0.4585, 0.5859]  brier=0.3021 [0.2541, 0.3551] [native]  auc=0.5124 [0.4231, 0.601]
    Survival RF          c_index=0.5244 [0.4556, 0.5945]  brier=0.2512 [0.2275, 0.2774] [native]  auc=0.5167 [0.4226, 0.6071]
    Survival SVM         c_index=0.5655 [0.4994, 0.6276]  brier=0.2486 [0.2247, 0.2746] [fitted-conversion]  auc=0.5795 [0.4918, 0.6599]
    Weibull AFT          c_index=0.5703 [0.5064, 0.6312]  brier=0.2366 [0.2068, 0.2657] [native]  auc=0.5779 [0.4954, 0.6538]
    KFRE                 c_index=0.5287 [0.4702, 0.5897]  brier=0.4387 [0.3712, 0.5061] [fitted-conversion]  auc=0.5344 [0.4533, 0.6216]

=== Race (collapsed from admissions.csv ethnicity; unknown retained) ===

  [BLACK] n=64 events=54
    Cox                  c_index=0.5291 [0.4334, 0.6235]  brier=0.2537 [0.2094, 0.2987] [native]  auc=0.4565 [0.3208, 0.5876]
    Dynamic DeepHit      c_index=0.8624 [0.791, 0.9171]  brier=0.1541 [0.0951, 0.2151] [native]  auc=0.9476 [0.893, 0.9796]
    Hazard Transformer   c_index=0.6376 [0.5579, 0.7215]  brier=0.2895 [0.2115, 0.372] [native]  auc=0.6534 [0.5287, 0.7767]
    Logistic Hazard      c_index=0.5673 [0.4657, 0.663]  brier=0.2668 [0.2395, 0.2898] [native]  auc=0.5276 [0.3896, 0.6624]
    RNN-Surv             c_index=0.5158 [0.4187, 0.6094]  brier=0.4733 [0.3795, 0.5616] [native]  auc=0.4612 [0.3321, 0.6011]
    DeepSurv             c_index=0.5218 [0.4141, 0.6229]  brier=0.2566 [0.2341, 0.2772] [fitted-conversion]  auc=0.5007 [0.3607, 0.6338]
    GBSA                 c_index=0.4709 [0.3725, 0.5765]  brier=0.3375 [0.2738, 0.4051] [native]  auc=0.4786 [0.3396, 0.6163]
    Survival RF          c_index=0.4976 [0.3837, 0.6]  brier=0.2778 [0.2458, 0.312] [native]  auc=0.5011 [0.3489, 0.6359]
    Survival SVM         c_index=0.5552 [0.4613, 0.6533]  brier=0.2559 [0.2234, 0.2884] [fitted-conversion]  auc=0.4877 [0.3544, 0.6252]
    Weibull AFT          c_index=0.5424 [0.4486, 0.6425]  brier=0.2557 [0.2096, 0.3045] [native]  auc=0.4579 [0.3338, 0.5964]
    KFRE                 c_index=0.5339 [0.4452, 0.6245]  brier=0.4652 [0.3466, 0.5786] [fitted-conversion]  auc=0.4807 [0.3467, 0.6147]

  [HISPANIC/LATINO] n=21 events=15
    Cox                  c_index=0.45 [0.2866, 0.6252]  brier=0.2861 [0.1939, 0.3738] [native]  auc=0.4872 [0.2633, 0.7377]
    Dynamic DeepHit      c_index=0.8938 [0.7724, 0.9805]  brier=0.1114 [0.042, 0.1988] [native]  auc=0.949 [0.8361, 1.0]
    Hazard Transformer   c_index=0.4562 [0.2644, 0.6508]  brier=0.3538 [0.1815, 0.4986] [native]  auc=0.4723 [0.2334, 0.7417]
    Logistic Hazard      c_index=0.475 [0.3202, 0.6526]  brier=0.2937 [0.2032, 0.411] [native]  auc=0.4925 [0.2802, 0.7488]
    RNN-Surv             c_index=0.4969 [0.2678, 0.7154]  brier=0.4193 [0.2482, 0.6196] [native]  auc=0.4855 [0.2253, 0.7494]
    DeepSurv             c_index=0.625 [0.4052, 0.8235]  brier=0.259 [0.2014, 0.3088] [fitted-conversion]  auc=0.6052 [0.3126, 0.8424]
    GBSA                 c_index=0.6625 [0.4878, 0.8146]  brier=0.3362 [0.1798, 0.5107] [native]  auc=0.7007 [0.4497, 0.9146]
    Survival RF          c_index=0.6625 [0.4785, 0.8495]  brier=0.2727 [0.1945, 0.3623] [native]  auc=0.6696 [0.4266, 0.9185]
    Survival SVM         c_index=0.4437 [0.2588, 0.6285]  brier=0.2733 [0.1982, 0.3478] [fitted-conversion]  auc=0.4606 [0.2266, 0.7185]
    Weibull AFT          c_index=0.5437 [0.3553, 0.7246]  brier=0.2839 [0.1897, 0.3727] [native]  auc=0.5759 [0.3345, 0.8083]
    KFRE                 c_index=0.4437 [0.2901, 0.6251]  brier=0.4826 [0.2699, 0.7114] [fitted-conversion]  auc=0.4691 [0.2495, 0.729]

  [WHITE] n=162 events=120
    Cox                  c_index=0.5744 [0.5084, 0.6373]  brier=0.2481 [0.219, 0.2762] [native]  auc=0.5932 [0.503, 0.676]
    Dynamic DeepHit      c_index=0.8423 [0.7973, 0.8797]  brier=0.1564 [0.1194, 0.194] [native]  auc=0.9344 [0.8959, 0.9571]
    Hazard Transformer   c_index=0.5808 [0.5102, 0.645]  brier=0.2955 [0.2473, 0.3452] [native]  auc=0.628 [0.5393, 0.7096]
    Logistic Hazard      c_index=0.5712 [0.5021, 0.6362]  brier=0.244 [0.2235, 0.265] [native]  auc=0.605 [0.5162, 0.6895]
    RNN-Surv             c_index=0.543 [0.4766, 0.6048]  brier=0.4231 [0.361, 0.4828] [native]  auc=0.5479 [0.4541, 0.6347]
    DeepSurv             c_index=0.4985 [0.4359, 0.5608]  brier=0.2445 [0.2278, 0.2617] [fitted-conversion]  auc=0.4794 [0.3963, 0.5635]
    GBSA                 c_index=0.5092 [0.4403, 0.5725]  brier=0.3165 [0.2663, 0.3701] [native]  auc=0.5169 [0.4253, 0.6029]
    Survival RF          c_index=0.5194 [0.4489, 0.5846]  brier=0.2525 [0.2266, 0.2797] [native]  auc=0.52 [0.4315, 0.6066]
    Survival SVM         c_index=0.5602 [0.4921, 0.6283]  brier=0.2481 [0.2237, 0.2711] [fitted-conversion]  auc=0.5734 [0.4813, 0.6603]
    Weibull AFT          c_index=0.5684 [0.5029, 0.638]  brier=0.2514 [0.2207, 0.2817] [native]  auc=0.5862 [0.499, 0.6743]
    KFRE                 c_index=0.5645 [0.4992, 0.6264]  brier=0.4121 [0.3441, 0.4814] [fitted-conversion]  auc=0.5847 [0.4947, 0.6656]
Subgroup report saved to: /home/minhn2/uiuc-kidney-failure/generated_data/rep_1/four_features_subgroup_performance_report.txt
COMPLETE
