rep1 analyze: twenty_features_heterogeneous; output=/home/minhn2/uiuc-kidney-failure/generated_data/rep_1
================================================================================
FEATURE IMPORTANCE ANALYSIS - TWENTY_FEATURES_HETEROGENEOUS SCENARIO
================================================================================

Training samples: 5208900
Test samples: 1255828
Features: ['Unnamed: 0', 'subject_id', 'duration_in_days', 'start', 'stop', 'egfr', 'egfr_missing', 'potassium', 'potassium_missing', 'urea_nitrogen', 'urea_nitrogen_missing', 'sodium', 'sodium_missing', 'chloride', 'chloride_missing', 'bicarbonate', 'bicarbonate_missing', 'anion_gap', 'anion_gap_missing', 'hematocrit', 'hematocrit_missing', 'platelet_count', 'platelet_count_missing', 'hemoglobin', 'hemoglobin_missing', 'wbc', 'wbc_missing', 'mchc', 'mchc_missing', 'mch', 'mch_missing', 'rbc', 'rbc_missing', 'mcv', 'mcv_missing', 'rdw', 'rdw_missing', 'glucose', 'glucose_missing', 'calcium', 'calcium_missing', 'magnesium', 'magnesium_missing', 'phosphate', 'phosphate_missing', 'has_esrd']

FEATURE OVERVIEW:
----------------------------------------
  egfr: mean=3.846, std=17.366
  egfr_missing: mean=0.944, std=0.230 (missing_flag rate=94.4%)
  potassium: mean=0.228, std=0.967
  potassium_missing: mean=0.946, std=0.226 (missing_flag rate=94.6%)
  urea_nitrogen: mean=1.353, std=6.948
  urea_nitrogen_missing: mean=0.945, std=0.227 (missing_flag rate=94.5%)
  sodium: mean=7.336, std=31.025
  sodium_missing: mean=0.947, std=0.224 (missing_flag rate=94.7%)
  chloride: mean=5.371, std=22.829
  chloride_missing: mean=0.947, std=0.223 (missing_flag rate=94.7%)
  bicarbonate: mean=1.291, std=5.683
  bicarbonate_missing: mean=0.950, std=0.219 (missing_flag rate=95.0%)
  anion_gap: mean=0.719, std=3.221
  anion_gap_missing: mean=0.950, std=0.219 (missing_flag rate=95.0%)
  hematocrit: mean=1.855, std=7.791
  hematocrit_missing: mean=0.944, std=0.229 (missing_flag rate=94.4%)
  platelet_count: mean=12.165, std=58.898
  platelet_count_missing: mean=0.946, std=0.226 (missing_flag rate=94.6%)
  hemoglobin: mean=0.589, std=2.534
  hemoglobin_missing: mean=0.947, std=0.225 (missing_flag rate=94.7%)
  wbc: mean=0.465, std=3.144
  wbc_missing: mean=0.946, std=0.225 (missing_flag rate=94.6%)
  mchc: mean=1.746, std=7.395
  mchc_missing: mean=0.947, std=0.224 (missing_flag rate=94.7%)
  mch: mean=1.589, std=6.753
  mch_missing: mean=0.947, std=0.224 (missing_flag rate=94.7%)
  rbc: mean=0.196, std=0.848
  rbc_missing: mean=0.947, std=0.224 (missing_flag rate=94.7%)
  mcv: mean=4.819, std=20.457
  mcv_missing: mean=0.947, std=0.224 (missing_flag rate=94.7%)
  rdw: mean=0.809, std=3.461
  rdw_missing: mean=0.947, std=0.224 (missing_flag rate=94.7%)
  glucose: mean=5.959, std=31.601
  glucose_missing: mean=0.956, std=0.206 (missing_flag rate=95.6%)
  calcium: mean=0.319, std=1.655
  calcium_missing: mean=0.964, std=0.186 (missing_flag rate=96.4%)
  magnesium: mean=0.068, std=0.371
  magnesium_missing: mean=0.966, std=0.182 (missing_flag rate=96.6%)
  phosphate: mean=0.118, std=0.663
  phosphate_missing: mean=0.966, std=0.180 (missing_flag rate=96.6%)

ANALYZING ALL MODELS FOR TWENTY_FEATURES_HETEROGENEOUS
------------------------------------------------------------

Analyzing SURVIVAL_SVM model...
Train data path /home/minhn2/uiuc-kidney-failure/generated_data/rep_1/twenty_features_heterogeneous_train_data.csv
Test data path /home/minhn2/uiuc-kidney-failure/generated_data/rep_1/twenty_features_heterogeneous_test_data.csv
Number of patients: test 5216 and train 20864
Number of records: test 1255828 and train 5208900
get_last_observation_data(ExperimentScenario.TWENTY_FEATURES_HETEROGENEOUS): train 5208900 rows/20864 subjects -> 20864 rows; test 1255828 rows/5216 subjects -> 5216 rows
Loading model from /home/minhn2/uiuc-kidney-failure/generated_data/rep_1/twenty_features_heterogeneous_survival_svm_model.dill
  SURVIVAL_SVM Feature Importance:
    egfr: 0.0036
    egfr_missing: 0.0675
    potassium: 0.0416
    potassium_missing: 0.6643
    urea_nitrogen: 0.0049
    urea_nitrogen_missing: 0.0037
    sodium: 0.0122
    sodium_missing: 1.2111
    chloride: 0.0027
    chloride_missing: 0.6354
    bicarbonate: 0.1255
    bicarbonate_missing: 2.2149
    anion_gap: 0.0437
    anion_gap_missing: 0.7227
    hematocrit: 0.0024
    hematocrit_missing: 0.5736
    platelet_count: 0.0005
    platelet_count_missing: 0.2945
    hemoglobin: 0.0220
    hemoglobin_missing: 0.4490
    wbc: 0.0375
    wbc_missing: 0.0252
    mchc: 0.0049
    mchc_missing: 0.0001
    mch: 0.0000
    mch_missing: 0.0000
    rbc: 0.0000
    rbc_missing: 0.0000
    mcv: 0.0026
    mcv_missing: 1.0120
    rdw: 0.0086
    rdw_missing: 0.1467
    glucose: 0.0002
    glucose_missing: 0.0977
    calcium: 0.0165
    calcium_missing: 0.1573
    magnesium: 0.1523
    magnesium_missing: 0.0622
    phosphate: 0.0373
    phosphate_missing: 0.1341

Analyzing WEIBUL model...
Train data path /home/minhn2/uiuc-kidney-failure/generated_data/rep_1/twenty_features_heterogeneous_train_data.csv
Test data path /home/minhn2/uiuc-kidney-failure/generated_data/rep_1/twenty_features_heterogeneous_test_data.csv
Number of patients: test 5216 and train 20864
Number of records: test 1255828 and train 5208900
get_last_observation_data(ExperimentScenario.TWENTY_FEATURES_HETEROGENEOUS): train 5208900 rows/20864 subjects -> 20864 rows; test 1255828 rows/5216 subjects -> 5216 rows
Loading model from /home/minhn2/uiuc-kidney-failure/generated_data/rep_1/twenty_features_heterogeneous_weibul_model.dill
  WEIBUL Feature Importance:
    egfr: 0.0052
    egfr_missing: 0.3846
    potassium: 0.0178
    potassium_missing: 0.1084
    urea_nitrogen: 0.0045
    urea_nitrogen_missing: 0.3883
    sodium: 0.0013
    sodium_missing: 0.1439
    chloride: 0.0003
    chloride_missing: 0.0341
    bicarbonate: 0.0071
    bicarbonate_missing: 0.1566
    anion_gap: 0.0524
    anion_gap_missing: 0.8912
    hematocrit: 0.0058
    hematocrit_missing: 0.1872
    platelet_count: 0.0001
    platelet_count_missing: 0.0747
    hemoglobin: 0.0367
    hemoglobin_missing: 0.3325
    wbc: 0.0360
    wbc_missing: 0.1593
    mchc: 0.0064
    mchc_missing: 0.2157
    mch: 4.9110
    mch_missing: 2.3779
    rbc: 0.0000
    rbc_missing: 2.3779
    mcv: 0.0046
    mcv_missing: 0.4924
    rdw: 0.0067
    rdw_missing: 0.1117
    glucose: 0.0000
    glucose_missing: 0.0052
    calcium: 0.0506
    calcium_missing: 0.4601
    magnesium: 0.0577
    magnesium_missing: 0.1469
    phosphate: 0.0365
    phosphate_missing: 0.0746
Consolidated feature importance plot saved to: /home/minhn2/uiuc-kidney-failure/generated_data/rep_1/twenty_features_heterogeneous_all_models_feature_importance.png
Scenario report saved to: /home/minhn2/uiuc-kidney-failure/generated_data/rep_1/twenty_features_heterogeneous_shap_analysis_report.txt
COMPLETE
