rep1 analyze: twenty_features_heterogeneous; output=/home/minhn2/uiuc-kidney-failure/generated_data/rep_1
================================================================================
FEATURE IMPORTANCE ANALYSIS - TWENTY_FEATURES_HETEROGENEOUS SCENARIO
================================================================================

Training samples: 5208900
Test samples: 1255828
Features: ['Unnamed: 0', 'subject_id', 'duration_in_days', 'start', 'stop', 'egfr', 'egfr_missing', 'potassium', 'potassium_missing', 'urea_nitrogen', 'urea_nitrogen_missing', 'sodium', 'sodium_missing', 'chloride', 'chloride_missing', 'bicarbonate', 'bicarbonate_missing', 'anion_gap', 'anion_gap_missing', 'hematocrit', 'hematocrit_missing', 'platelet_count', 'platelet_count_missing', 'hemoglobin', 'hemoglobin_missing', 'wbc', 'wbc_missing', 'mchc', 'mchc_missing', 'mch', 'mch_missing', 'rbc', 'rbc_missing', 'mcv', 'mcv_missing', 'rdw', 'rdw_missing', 'glucose', 'glucose_missing', 'calcium', 'calcium_missing', 'magnesium', 'magnesium_missing', 'phosphate', 'phosphate_missing', 'has_esrd']

FEATURE OVERVIEW:
----------------------------------------
  egfr: mean=3.846, std=17.366
  egfr_missing: mean=0.944, std=0.230 (missing_flag rate=94.4%)
  potassium: mean=0.228, std=0.967
  potassium_missing: mean=0.946, std=0.226 (missing_flag rate=94.6%)
  urea_nitrogen: mean=1.353, std=6.948
  urea_nitrogen_missing: mean=0.945, std=0.227 (missing_flag rate=94.5%)
  sodium: mean=7.336, std=31.025
  sodium_missing: mean=0.947, std=0.224 (missing_flag rate=94.7%)
  chloride: mean=5.371, std=22.829
  chloride_missing: mean=0.947, std=0.223 (missing_flag rate=94.7%)
  bicarbonate: mean=1.291, std=5.683
  bicarbonate_missing: mean=0.950, std=0.219 (missing_flag rate=95.0%)
  anion_gap: mean=0.719, std=3.221
  anion_gap_missing: mean=0.950, std=0.219 (missing_flag rate=95.0%)
  hematocrit: mean=1.855, std=7.791
  hematocrit_missing: mean=0.944, std=0.229 (missing_flag rate=94.4%)
  platelet_count: mean=12.165, std=58.898
  platelet_count_missing: mean=0.946, std=0.226 (missing_flag rate=94.6%)
  hemoglobin: mean=0.589, std=2.534
  hemoglobin_missing: mean=0.947, std=0.225 (missing_flag rate=94.7%)
  wbc: mean=0.465, std=3.144
  wbc_missing: mean=0.946, std=0.225 (missing_flag rate=94.6%)
  mchc: mean=1.746, std=7.395
  mchc_missing: mean=0.947, std=0.224 (missing_flag rate=94.7%)
  mch: mean=1.589, std=6.753
  mch_missing: mean=0.947, std=0.224 (missing_flag rate=94.7%)
  rbc: mean=0.196, std=0.848
  rbc_missing: mean=0.947, std=0.224 (missing_flag rate=94.7%)
  mcv: mean=4.819, std=20.457
  mcv_missing: mean=0.947, std=0.224 (missing_flag rate=94.7%)
  rdw: mean=0.809, std=3.461
  rdw_missing: mean=0.947, std=0.224 (missing_flag rate=94.7%)
  glucose: mean=5.959, std=31.601
  glucose_missing: mean=0.956, std=0.206 (missing_flag rate=95.6%)
  calcium: mean=0.319, std=1.655
  calcium_missing: mean=0.964, std=0.186 (missing_flag rate=96.4%)
  magnesium: mean=0.068, std=0.371
  magnesium_missing: mean=0.966, std=0.182 (missing_flag rate=96.6%)
  phosphate: mean=0.118, std=0.663
  phosphate_missing: mean=0.966, std=0.180 (missing_flag rate=96.6%)

ANALYZING ALL MODELS FOR TWENTY_FEATURES_HETEROGENEOUS
------------------------------------------------------------

Analyzing LOGISTIC_HAZARD model...
  LOGISTIC_HAZARD Feature Importance:
    egfr: 0.0422
    egfr_missing: 0.0414
    potassium: 0.0448
    potassium_missing: 0.0344
    urea_nitrogen: 0.0179
    urea_nitrogen_missing: 0.0234
    sodium: 0.0492
    sodium_missing: 0.0258
    chloride: 0.0216
    chloride_missing: 0.0224
    bicarbonate: 0.0325
    bicarbonate_missing: 0.0146
    anion_gap: 0.0398
    anion_gap_missing: 0.0201
    hematocrit: 0.0533
    hematocrit_missing: 0.0453
    platelet_count: 0.0226
    platelet_count_missing: 0.0451
    hemoglobin: 0.0614
    hemoglobin_missing: 0.0377
    wbc: 0.0148
    wbc_missing: 0.0112
    mchc: 0.0263
    mchc_missing: 0.0116
    mch: 0.0060
    mch_missing: 0.0055
    rbc: 0.0058
    rbc_missing: 0.0047
    mcv: 0.0501
    mcv_missing: 0.0168
    rdw: 0.0137
    rdw_missing: 0.0080
    glucose: 0.0108
    glucose_missing: 0.0525
    calcium: 0.0156
    calcium_missing: 0.0103
    magnesium: 0.0146
    magnesium_missing: 0.0047
    phosphate: 0.0057
    phosphate_missing: 0.0160

Analyzing RNN_SURV model...
  RNN_SURV Feature Importance:
    egfr: 0.0200
    egfr_missing: 0.0281
    potassium: 0.0300
    potassium_missing: 0.0343
    urea_nitrogen: 0.0205
    urea_nitrogen_missing: 0.0252
    sodium: 0.0059
    sodium_missing: 0.0269
    chloride: 0.0079
    chloride_missing: 0.0208
    bicarbonate: 0.0175
    bicarbonate_missing: 0.0302
    anion_gap: 0.0183
    anion_gap_missing: 0.0292
    hematocrit: 0.0099
    hematocrit_missing: 0.0351
    platelet_count: 0.0104
    platelet_count_missing: 0.0327
    hemoglobin: 0.0094
    hemoglobin_missing: 0.0145
    wbc: 0.1016
    wbc_missing: 0.0304
    mchc: 0.0104
    mchc_missing: 0.0306
    mch: 0.0140
    mch_missing: 0.0325
    rbc: 0.0255
    rbc_missing: 0.0252
    mcv: 0.0137
    mcv_missing: 0.0220
    rdw: 0.0102
    rdw_missing: 0.0362
    glucose: 0.0094
    glucose_missing: 0.0260
    calcium: 0.0170
    calcium_missing: 0.0281
    magnesium: 0.0458
    magnesium_missing: 0.0310
    phosphate: 0.0296
    phosphate_missing: 0.0341

Analyzing DEEPSURV model...
Train data path /home/minhn2/uiuc-kidney-failure/generated_data/rep_1/twenty_features_heterogeneous_train_data.csv
Test data path /home/minhn2/uiuc-kidney-failure/generated_data/rep_1/twenty_features_heterogeneous_test_data.csv
Number of patients: test 5216 and train 20864
Number of records: test 1255828 and train 5208900
get_last_observation_data(ExperimentScenario.TWENTY_FEATURES_HETEROGENEOUS): train 5208900 rows/20864 subjects -> 20864 rows; test 1255828 rows/5216 subjects -> 5216 rows
  DEEPSURV Feature Importance:
    egfr: 0.0219
    egfr_missing: 0.0247
    potassium: 0.0478
    potassium_missing: 0.0248
    urea_nitrogen: 0.0155
    urea_nitrogen_missing: 0.0179
    sodium: 0.0111
    sodium_missing: 0.0246
    chloride: 0.0140
    chloride_missing: 0.0296
    bicarbonate: 0.0230
    bicarbonate_missing: 0.0215
    anion_gap: 0.0420
    anion_gap_missing: 0.0302
    hematocrit: 0.0211
    hematocrit_missing: 0.0265
    platelet_count: 0.0282
    platelet_count_missing: 0.0239
    hemoglobin: 0.0140
    hemoglobin_missing: 0.0152
    wbc: 0.0345
    wbc_missing: 0.0300
    mchc: 0.0114
    mchc_missing: 0.0312
    mch: 0.0120
    mch_missing: 0.0176
    rbc: 0.0118
    rbc_missing: 0.0163
    mcv: 0.0143
    mcv_missing: 0.0189
    rdw: 0.0166
    rdw_missing: 0.0357
    glucose: 0.0229
    glucose_missing: 0.0374
    calcium: 0.0120
    calcium_missing: 0.0130
    magnesium: 0.0378
    magnesium_missing: 0.0309
    phosphate: 0.0907
    phosphate_missing: 0.0275
Consolidated feature importance plot saved to: /home/minhn2/uiuc-kidney-failure/generated_data/rep_1/twenty_features_heterogeneous_all_models_feature_importance.png
Scenario report saved to: /home/minhn2/uiuc-kidney-failure/generated_data/rep_1/twenty_features_heterogeneous_shap_analysis_report.txt
COMPLETE
