rep1 analyze: four_features; output=/home/minhn2/uiuc-kidney-failure/generated_data/rep_1
================================================================================
FEATURE IMPORTANCE ANALYSIS - FOUR_FEATURES SCENARIO
================================================================================

Training samples: 9730
Test samples: 2121
Features: ['Unnamed: 0', 'subject_id', 'duration_in_days', 'start', 'stop', 'age', 'gender', 'egfr', 'uacr', 'has_esrd']

FEATURE OVERVIEW:
----------------------------------------
  age: mean=64.101, std=14.622
  gender: mean=0.548, std=0.498
  egfr: mean=59.133, std=34.200
  uacr: mean=559.774, std=1290.980

ANALYZING ALL MODELS FOR FOUR_FEATURES
------------------------------------------------------------

Analyzing COX model...
Loading model from /home/minhn2/uiuc-kidney-failure/generated_data/rep_1/four_features_cox_model.dill
  COX Feature Importance:
    age: 0.0007 (coeff=-0.0007, HR=0.999)
    gender: 0.0057 (coeff=-0.0057, HR=0.994)
    egfr: 0.0016 (coeff=-0.0016, HR=0.998)
    uacr: 0.0000 (coeff=0.0000, HR=1.000)

Analyzing DDH model...
  DDH Feature Importance:
    age: 0.2366
    gender: 0.3045
    egfr: 0.2355
    uacr: 0.2234

Analyzing HAZARD_TRANSFORMER model...
  HAZARD_TRANSFORMER Feature Importance:
    age: 0.3121
    gender: 0.2572
    egfr: 0.2231
    uacr: 0.2077

Analyzing LOGISTIC_HAZARD model...
  LOGISTIC_HAZARD Feature Importance:
    age: 0.2953
    gender: 0.1971
    egfr: 0.2723
    uacr: 0.2353

Analyzing RNN_SURV model...
  RNN_SURV Feature Importance:
    age: 0.2838
    gender: 0.2636
    egfr: 0.2896
    uacr: 0.1630

Analyzing DEEPSURV model...
Train data path /home/minhn2/uiuc-kidney-failure/generated_data/rep_1/four_features_train_data.csv
Test data path /home/minhn2/uiuc-kidney-failure/generated_data/rep_1/four_features_test_data.csv
Number of patients: test 270 and train 1079
Number of records: test 2121 and train 9730
get_last_observation_data(ExperimentScenario.FOUR_FEATURES): train 9730 rows/1079 subjects -> 1079 rows; test 2121 rows/270 subjects -> 270 rows
  DEEPSURV Feature Importance:
    age: 0.2258
    gender: 0.2547
    egfr: 0.2428
    uacr: 0.2767

Analyzing GBSA model...
Train data path /home/minhn2/uiuc-kidney-failure/generated_data/rep_1/four_features_train_data.csv
Test data path /home/minhn2/uiuc-kidney-failure/generated_data/rep_1/four_features_test_data.csv
Number of patients: test 270 and train 1079
Number of records: test 2121 and train 9730
get_last_observation_data(ExperimentScenario.FOUR_FEATURES): train 9730 rows/1079 subjects -> 1079 rows; test 2121 rows/270 subjects -> 270 rows
Loading model from /home/minhn2/uiuc-kidney-failure/generated_data/rep_1/four_features_gbsa_model.dill
  GBSA Feature Importance:
    age: 0.2296
    gender: 0.0291
    egfr: 0.3494
    uacr: 0.3920

Analyzing SRF model...
Train data path /home/minhn2/uiuc-kidney-failure/generated_data/rep_1/four_features_train_data.csv
Test data path /home/minhn2/uiuc-kidney-failure/generated_data/rep_1/four_features_test_data.csv
Number of patients: test 270 and train 1079
Number of records: test 2121 and train 9730
get_last_observation_data(ExperimentScenario.FOUR_FEATURES): train 9730 rows/1079 subjects -> 1079 rows; test 2121 rows/270 subjects -> 270 rows
Loading model from /home/minhn2/uiuc-kidney-failure/generated_data/rep_1/four_features_srf_model.dill
[Parallel(n_jobs=2)]: Using backend ThreadingBackend with 2 concurrent workers.
[Parallel(n_jobs=2)]: Done  37 tasks      | elapsed:    0.0s
[Parallel(n_jobs=2)]: Done 100 out of 100 | elapsed:    0.0s finished
[Parallel(n_jobs=2)]: Using backend ThreadingBackend with 2 concurrent workers.
[Parallel(n_jobs=2)]: Done  37 tasks      | elapsed:    0.0s
[Parallel(n_jobs=2)]: Done 100 out of 100 | elapsed:    0.0s finished
[Parallel(n_jobs=2)]: Using backend ThreadingBackend with 2 concurrent workers.
[Parallel(n_jobs=2)]: Done  37 tasks      | elapsed:    0.0s
[Parallel(n_jobs=2)]: Done 100 out of 100 | elapsed:    0.0s finished
[Parallel(n_jobs=2)]: Using backend ThreadingBackend with 2 concurrent workers.
[Parallel(n_jobs=2)]: Done  37 tasks      | elapsed:    0.0s
[Parallel(n_jobs=2)]: Done 100 out of 100 | elapsed:    0.0s finished
[Parallel(n_jobs=2)]: Using backend ThreadingBackend with 2 concurrent workers.
[Parallel(n_jobs=2)]: Done  37 tasks      | elapsed:    0.0s
[Parallel(n_jobs=2)]: Done 100 out of 100 | elapsed:    0.0s finished
  SRF Feature Importance:
    age: 0.0188
    gender: 0.0041
    egfr: 0.0167
    uacr: 0.0000

Analyzing SURVIVAL_SVM model...
Train data path /home/minhn2/uiuc-kidney-failure/generated_data/rep_1/four_features_train_data.csv
Test data path /home/minhn2/uiuc-kidney-failure/generated_data/rep_1/four_features_test_data.csv
Number of patients: test 270 and train 1079
Number of records: test 2121 and train 9730
get_last_observation_data(ExperimentScenario.FOUR_FEATURES): train 9730 rows/1079 subjects -> 1079 rows; test 2121 rows/270 subjects -> 270 rows
Loading model from /home/minhn2/uiuc-kidney-failure/generated_data/rep_1/four_features_survival_svm_model.dill
  SURVIVAL_SVM Feature Importance:
    age: 0.0036
    gender: 0.0102
    egfr: 0.0014
    uacr: 0.0000

Analyzing WEIBUL model...
Train data path /home/minhn2/uiuc-kidney-failure/generated_data/rep_1/four_features_train_data.csv
Test data path /home/minhn2/uiuc-kidney-failure/generated_data/rep_1/four_features_test_data.csv
Number of patients: test 270 and train 1079
Number of records: test 2121 and train 9730
get_last_observation_data(ExperimentScenario.FOUR_FEATURES): train 9730 rows/1079 subjects -> 1079 rows; test 2121 rows/270 subjects -> 270 rows
Loading model from /home/minhn2/uiuc-kidney-failure/generated_data/rep_1/four_features_weibul_model.dill
  WEIBUL Feature Importance:
    age: 0.0056
    gender: 0.0374
    egfr: 0.0035
    uacr: 0.0000
Consolidated feature importance plot saved to: /home/minhn2/uiuc-kidney-failure/generated_data/rep_1/four_features_all_models_feature_importance.png
Scenario report saved to: /home/minhn2/uiuc-kidney-failure/generated_data/rep_1/four_features_shap_analysis_report.txt
COMPLETE
