rep1 analyze: twenty_features_heterogeneous; output=/home/minhn2/uiuc-kidney-failure/generated_data/rep_1
================================================================================
FEATURE IMPORTANCE ANALYSIS - TWENTY_FEATURES_HETEROGENEOUS SCENARIO
================================================================================

Training samples: 5208900
Test samples: 1255828
Features: ['Unnamed: 0', 'subject_id', 'duration_in_days', 'start', 'stop', 'egfr', 'egfr_missing', 'potassium', 'potassium_missing', 'urea_nitrogen', 'urea_nitrogen_missing', 'sodium', 'sodium_missing', 'chloride', 'chloride_missing', 'bicarbonate', 'bicarbonate_missing', 'anion_gap', 'anion_gap_missing', 'hematocrit', 'hematocrit_missing', 'platelet_count', 'platelet_count_missing', 'hemoglobin', 'hemoglobin_missing', 'wbc', 'wbc_missing', 'mchc', 'mchc_missing', 'mch', 'mch_missing', 'rbc', 'rbc_missing', 'mcv', 'mcv_missing', 'rdw', 'rdw_missing', 'glucose', 'glucose_missing', 'calcium', 'calcium_missing', 'magnesium', 'magnesium_missing', 'phosphate', 'phosphate_missing', 'has_esrd']

FEATURE OVERVIEW:
----------------------------------------
  egfr: mean=3.846, std=17.366
  egfr_missing: mean=0.944, std=0.230 (missing_flag rate=94.4%)
  potassium: mean=0.228, std=0.967
  potassium_missing: mean=0.946, std=0.226 (missing_flag rate=94.6%)
  urea_nitrogen: mean=1.353, std=6.948
  urea_nitrogen_missing: mean=0.945, std=0.227 (missing_flag rate=94.5%)
  sodium: mean=7.336, std=31.025
  sodium_missing: mean=0.947, std=0.224 (missing_flag rate=94.7%)
  chloride: mean=5.371, std=22.829
  chloride_missing: mean=0.947, std=0.223 (missing_flag rate=94.7%)
  bicarbonate: mean=1.291, std=5.683
  bicarbonate_missing: mean=0.950, std=0.219 (missing_flag rate=95.0%)
  anion_gap: mean=0.719, std=3.221
  anion_gap_missing: mean=0.950, std=0.219 (missing_flag rate=95.0%)
  hematocrit: mean=1.855, std=7.791
  hematocrit_missing: mean=0.944, std=0.229 (missing_flag rate=94.4%)
  platelet_count: mean=12.165, std=58.898
  platelet_count_missing: mean=0.946, std=0.226 (missing_flag rate=94.6%)
  hemoglobin: mean=0.589, std=2.534
  hemoglobin_missing: mean=0.947, std=0.225 (missing_flag rate=94.7%)
  wbc: mean=0.465, std=3.144
  wbc_missing: mean=0.946, std=0.225 (missing_flag rate=94.6%)
  mchc: mean=1.746, std=7.395
  mchc_missing: mean=0.947, std=0.224 (missing_flag rate=94.7%)
  mch: mean=1.589, std=6.753
  mch_missing: mean=0.947, std=0.224 (missing_flag rate=94.7%)
  rbc: mean=0.196, std=0.848
  rbc_missing: mean=0.947, std=0.224 (missing_flag rate=94.7%)
  mcv: mean=4.819, std=20.457
  mcv_missing: mean=0.947, std=0.224 (missing_flag rate=94.7%)
  rdw: mean=0.809, std=3.461
  rdw_missing: mean=0.947, std=0.224 (missing_flag rate=94.7%)
  glucose: mean=5.959, std=31.601
  glucose_missing: mean=0.956, std=0.206 (missing_flag rate=95.6%)
  calcium: mean=0.319, std=1.655
  calcium_missing: mean=0.964, std=0.186 (missing_flag rate=96.4%)
  magnesium: mean=0.068, std=0.371
  magnesium_missing: mean=0.966, std=0.182 (missing_flag rate=96.6%)
  phosphate: mean=0.118, std=0.663
  phosphate_missing: mean=0.966, std=0.180 (missing_flag rate=96.6%)

ANALYZING ALL MODELS FOR TWENTY_FEATURES_HETEROGENEOUS
------------------------------------------------------------

Analyzing SRF model...
Train data path /home/minhn2/uiuc-kidney-failure/generated_data/rep_1/twenty_features_heterogeneous_train_data.csv
Test data path /home/minhn2/uiuc-kidney-failure/generated_data/rep_1/twenty_features_heterogeneous_test_data.csv
Number of patients: test 5216 and train 20864
Number of records: test 1255828 and train 5208900
get_last_observation_data(ExperimentScenario.TWENTY_FEATURES_HETEROGENEOUS): train 5208900 rows/20864 subjects -> 20864 rows; test 1255828 rows/5216 subjects -> 5216 rows
Loading model from /home/minhn2/uiuc-kidney-failure/generated_data/rep_1/twenty_features_heterogeneous_srf_model.dill
[Parallel(n_jobs=2)]: Using backend ThreadingBackend with 2 concurrent workers.
[Parallel(n_jobs=2)]: Done  37 tasks      | elapsed:    9.9s
[Parallel(n_jobs=2)]: Done  50 out of  50 | elapsed:   13.2s finished
[Parallel(n_jobs=2)]: Using backend ThreadingBackend with 2 concurrent workers.
[Parallel(n_jobs=2)]: Done  37 tasks      | elapsed:    9.6s
[Parallel(n_jobs=2)]: Done  50 out of  50 | elapsed:   12.9s finished
[Parallel(n_jobs=2)]: Using backend ThreadingBackend with 2 concurrent workers.
[Parallel(n_jobs=2)]: Done  37 tasks      | elapsed:    9.6s
[Parallel(n_jobs=2)]: Done  50 out of  50 | elapsed:   13.4s finished
[Parallel(n_jobs=2)]: Using backend ThreadingBackend with 2 concurrent workers.
[Parallel(n_jobs=2)]: Done  37 tasks      | elapsed:   10.9s
[Parallel(n_jobs=2)]: Done  50 out of  50 | elapsed:   14.2s finished
[Parallel(n_jobs=2)]: Using backend ThreadingBackend with 2 concurrent workers.
[Parallel(n_jobs=2)]: Done  37 tasks      | elapsed:   11.3s
[Parallel(n_jobs=2)]: Done  50 out of  50 | elapsed:   14.8s finished
[Parallel(n_jobs=2)]: Using backend ThreadingBackend with 2 concurrent workers.
[Parallel(n_jobs=2)]: Done  37 tasks      | elapsed:   10.7s
[Parallel(n_jobs=2)]: Done  50 out of  50 | elapsed:   14.1s finished
[Parallel(n_jobs=2)]: Using backend ThreadingBackend with 2 concurrent workers.
[Parallel(n_jobs=2)]: Done  37 tasks      | elapsed:   10.5s
[Parallel(n_jobs=2)]: Done  50 out of  50 | elapsed:   14.0s finished
[Parallel(n_jobs=2)]: Using backend ThreadingBackend with 2 concurrent workers.
[Parallel(n_jobs=2)]: Done  37 tasks      | elapsed:   10.8s
[Parallel(n_jobs=2)]: Done  50 out of  50 | elapsed:   14.2s finished
[Parallel(n_jobs=2)]: Using backend ThreadingBackend with 2 concurrent workers.
[Parallel(n_jobs=2)]: Done  37 tasks      | elapsed:    9.5s
[Parallel(n_jobs=2)]: Done  50 out of  50 | elapsed:   12.7s finished
[Parallel(n_jobs=2)]: Using backend ThreadingBackend with 2 concurrent workers.
[Parallel(n_jobs=2)]: Done  37 tasks      | elapsed:   10.3s
[Parallel(n_jobs=2)]: Done  50 out of  50 | elapsed:   13.7s finished
[Parallel(n_jobs=2)]: Using backend ThreadingBackend with 2 concurrent workers.
[Parallel(n_jobs=2)]: Done  37 tasks      | elapsed:    9.8s
[Parallel(n_jobs=2)]: Done  50 out of  50 | elapsed:   13.1s finished
[Parallel(n_jobs=2)]: Using backend ThreadingBackend with 2 concurrent workers.
[Parallel(n_jobs=2)]: Done  37 tasks      | elapsed:    9.3s
[Parallel(n_jobs=2)]: Done  50 out of  50 | elapsed:   12.5s finished
[Parallel(n_jobs=2)]: Using backend ThreadingBackend with 2 concurrent workers.
[Parallel(n_jobs=2)]: Done  37 tasks      | elapsed:   10.5s
[Parallel(n_jobs=2)]: Done  50 out of  50 | elapsed:   13.7s finished
[Parallel(n_jobs=2)]: Using backend ThreadingBackend with 2 concurrent workers.
[Parallel(n_jobs=2)]: Done  37 tasks      | elapsed:   10.6s
[Parallel(n_jobs=2)]: Done  50 out of  50 | elapsed:   14.1s finished
[Parallel(n_jobs=2)]: Using backend ThreadingBackend with 2 concurrent workers.
[Parallel(n_jobs=2)]: Done  37 tasks      | elapsed:   10.4s
[Parallel(n_jobs=2)]: Done  50 out of  50 | elapsed:   13.7s finished
[Parallel(n_jobs=2)]: Using backend ThreadingBackend with 2 concurrent workers.
[Parallel(n_jobs=2)]: Done  37 tasks      | elapsed:   10.3s
[Parallel(n_jobs=2)]: Done  50 out of  50 | elapsed:   13.7s finished
[Parallel(n_jobs=2)]: Using backend ThreadingBackend with 2 concurrent workers.
[Parallel(n_jobs=2)]: Done  37 tasks      | elapsed:   10.1s
[Parallel(n_jobs=2)]: Done  50 out of  50 | elapsed:   13.5s finished
[Parallel(n_jobs=2)]: Using backend ThreadingBackend with 2 concurrent workers.
[Parallel(n_jobs=2)]: Done  37 tasks      | elapsed:    9.2s
[Parallel(n_jobs=2)]: Done  50 out of  50 | elapsed:   12.4s finished
[Parallel(n_jobs=2)]: Using backend ThreadingBackend with 2 concurrent workers.
[Parallel(n_jobs=2)]: Done  37 tasks      | elapsed:   10.2s
[Parallel(n_jobs=2)]: Done  50 out of  50 | elapsed:   13.7s finished
[Parallel(n_jobs=2)]: Using backend ThreadingBackend with 2 concurrent workers.
[Parallel(n_jobs=2)]: Done  37 tasks      | elapsed:   10.0s
[Parallel(n_jobs=2)]: Done  50 out of  50 | elapsed:   13.1s finished
[Parallel(n_jobs=2)]: Using backend ThreadingBackend with 2 concurrent workers.
[Parallel(n_jobs=2)]: Done  37 tasks      | elapsed:    9.1s
[Parallel(n_jobs=2)]: Done  50 out of  50 | elapsed:   12.4s finished
[Parallel(n_jobs=2)]: Using backend ThreadingBackend with 2 concurrent workers.
[Parallel(n_jobs=2)]: Done  37 tasks      | elapsed:   10.4s
[Parallel(n_jobs=2)]: Done  50 out of  50 | elapsed:   13.5s finished
[Parallel(n_jobs=2)]: Using backend ThreadingBackend with 2 concurrent workers.
[Parallel(n_jobs=2)]: Done  37 tasks      | elapsed:   10.3s
[Parallel(n_jobs=2)]: Done  50 out of  50 | elapsed:   13.6s finished
[Parallel(n_jobs=2)]: Using backend ThreadingBackend with 2 concurrent workers.
[Parallel(n_jobs=2)]: Done  37 tasks      | elapsed:   10.3s
[Parallel(n_jobs=2)]: Done  50 out of  50 | elapsed:   13.7s finished
[Parallel(n_jobs=2)]: Using backend ThreadingBackend with 2 concurrent workers.
[Parallel(n_jobs=2)]: Done  37 tasks      | elapsed:    9.4s
[Parallel(n_jobs=2)]: Done  50 out of  50 | elapsed:   12.6s finished
[Parallel(n_jobs=2)]: Using backend ThreadingBackend with 2 concurrent workers.
[Parallel(n_jobs=2)]: Done  37 tasks      | elapsed:    9.5s
[Parallel(n_jobs=2)]: Done  50 out of  50 | elapsed:   12.7s finished
[Parallel(n_jobs=2)]: Using backend ThreadingBackend with 2 concurrent workers.
[Parallel(n_jobs=2)]: Done  37 tasks      | elapsed:    9.8s
[Parallel(n_jobs=2)]: Done  50 out of  50 | elapsed:   13.0s finished
[Parallel(n_jobs=2)]: Using backend ThreadingBackend with 2 concurrent workers.
[Parallel(n_jobs=2)]: Done  37 tasks      | elapsed:   10.0s
[Parallel(n_jobs=2)]: Done  50 out of  50 | elapsed:   13.2s finished
[Parallel(n_jobs=2)]: Using backend ThreadingBackend with 2 concurrent workers.
[Parallel(n_jobs=2)]: Done  37 tasks      | elapsed:   10.3s
[Parallel(n_jobs=2)]: Done  50 out of  50 | elapsed:   13.7s finished
[Parallel(n_jobs=2)]: Using backend ThreadingBackend with 2 concurrent workers.
[Parallel(n_jobs=2)]: Done  37 tasks      | elapsed:   10.1s
[Parallel(n_jobs=2)]: Done  50 out of  50 | elapsed:   13.3s finished
[Parallel(n_jobs=2)]: Using backend ThreadingBackend with 2 concurrent workers.
[Parallel(n_jobs=2)]: Done  37 tasks      | elapsed:    9.0s
[Parallel(n_jobs=2)]: Done  50 out of  50 | elapsed:   12.3s finished
[Parallel(n_jobs=2)]: Using backend ThreadingBackend with 2 concurrent workers.
[Parallel(n_jobs=2)]: Done  37 tasks      | elapsed:    9.2s
[Parallel(n_jobs=2)]: Done  50 out of  50 | elapsed:   12.4s finished
[Parallel(n_jobs=2)]: Using backend ThreadingBackend with 2 concurrent workers.
[Parallel(n_jobs=2)]: Done  37 tasks      | elapsed:    9.7s
[Parallel(n_jobs=2)]: Done  50 out of  50 | elapsed:   12.9s finished
[Parallel(n_jobs=2)]: Using backend ThreadingBackend with 2 concurrent workers.
[Parallel(n_jobs=2)]: Done  37 tasks      | elapsed:    9.6s
[Parallel(n_jobs=2)]: Done  50 out of  50 | elapsed:   12.7s finished
[Parallel(n_jobs=2)]: Using backend ThreadingBackend with 2 concurrent workers.
[Parallel(n_jobs=2)]: Done  37 tasks      | elapsed:    9.8s
[Parallel(n_jobs=2)]: Done  50 out of  50 | elapsed:   13.1s finished
[Parallel(n_jobs=2)]: Using backend ThreadingBackend with 2 concurrent workers.
[Parallel(n_jobs=2)]: Done  37 tasks      | elapsed:   10.4s
[Parallel(n_jobs=2)]: Done  50 out of  50 | elapsed:   13.5s finished
[Parallel(n_jobs=2)]: Using backend ThreadingBackend with 2 concurrent workers.
[Parallel(n_jobs=2)]: Done  37 tasks      | elapsed:   10.2s
[Parallel(n_jobs=2)]: Done  50 out of  50 | elapsed:   13.5s finished
[Parallel(n_jobs=2)]: Using backend ThreadingBackend with 2 concurrent workers.
[Parallel(n_jobs=2)]: Done  37 tasks      | elapsed:   10.1s
[Parallel(n_jobs=2)]: Done  50 out of  50 | elapsed:   13.6s finished
[Parallel(n_jobs=2)]: Using backend ThreadingBackend with 2 concurrent workers.
[Parallel(n_jobs=2)]: Done  37 tasks      | elapsed:    9.2s
[Parallel(n_jobs=2)]: Done  50 out of  50 | elapsed:   12.5s finished
[Parallel(n_jobs=2)]: Using backend ThreadingBackend with 2 concurrent workers.
[Parallel(n_jobs=2)]: Done  37 tasks      | elapsed:    9.5s
[Parallel(n_jobs=2)]: Done  50 out of  50 | elapsed:   12.7s finished
[Parallel(n_jobs=2)]: Using backend ThreadingBackend with 2 concurrent workers.
[Parallel(n_jobs=2)]: Done  37 tasks      | elapsed:   10.3s
[Parallel(n_jobs=2)]: Done  50 out of  50 | elapsed:   13.7s finished
  SRF Feature Importance:
    egfr: 0.0000
    egfr_missing: 0.0005
    potassium: 0.0004
    potassium_missing: 0.0000
    urea_nitrogen: 0.0000
    urea_nitrogen_missing: 0.0000
    sodium: 0.0002
    sodium_missing: 0.0002
    chloride: 0.0001
    chloride_missing: 0.0000
    bicarbonate: 0.0000
    bicarbonate_missing: 0.0000
    anion_gap: 0.0004
    anion_gap_missing: 0.0000
    hematocrit: 0.0022
    hematocrit_missing: 0.0000
    platelet_count: 0.0000
    platelet_count_missing: 0.0002
    hemoglobin: 0.0005
    hemoglobin_missing: 0.0000
    wbc: 0.0000
    wbc_missing: 0.0000
    mchc: 0.0000
    mchc_missing: 0.0000
    mch: 0.0000
    mch_missing: 0.0000
    rbc: 0.0000
    rbc_missing: 0.0000
    mcv: 0.0000
    mcv_missing: 0.0000
    rdw: 0.0000
    rdw_missing: 0.0019
    glucose: 0.0013
    glucose_missing: 0.0010
    calcium: 0.0036
    calcium_missing: 0.0000
    magnesium: 0.0003
    magnesium_missing: 0.0002
    phosphate: 0.0107
    phosphate_missing: 0.0013
Consolidated feature importance plot saved to: /home/minhn2/uiuc-kidney-failure/generated_data/rep_1/twenty_features_heterogeneous_all_models_feature_importance.png
Scenario report saved to: /home/minhn2/uiuc-kidney-failure/generated_data/rep_1/twenty_features_heterogeneous_shap_analysis_report.txt
COMPLETE
