rep1 analyze: twenty_features_heterogeneous; output=/home/minhn2/uiuc-kidney-failure/generated_data/rep_1
Train data path /home/minhn2/uiuc-kidney-failure/generated_data/rep_1/twenty_features_heterogeneous_train_data.csv
Test data path /home/minhn2/uiuc-kidney-failure/generated_data/rep_1/twenty_features_heterogeneous_test_data.csv
Number of patients: test 5216 and train 20864
Number of records: test 1255828 and train 5208900
================================================================================
SUBGROUP PERFORMANCE ANALYSIS - TWENTY_FEATURES_HETEROGENEOUS
================================================================================
Subgroup PERFORMANCE, not a fairness evaluation — see this module's docstring.

train: 5208900 lab-event rows -> 20864 patients, 19081 events (patient-level event rate 0.9145)
test: 1255828 lab-event rows -> 5216 patients, 4770 events (patient-level event rate 0.9145)
IPCW censoring reference: the full training cohort (20864 patients), not a per-group one; evaluation capped at 4904.2 days (training follow-up 4904.2 days).

Patient metadata join:
  5216 held-out patients; 0 with no patients.csv row
  Age variable — anchor_age from patients.csv — the patient's age in their MIMIC anchor year, NOT their age at the prediction landmark; the exported scenario CSVs carry no absolute timestamp, so landmark age is not derivable here
  Time from each patient's first lab record to their prediction landmark: median 0.343 y, p90 5.655 y, max 13.824 y — the landmark can sit this far from the anchor year the age is measured at.
  Race — most frequently recorded race across the patient's admissions, ties broken by earliest admission; patients with no recorded value are kept as UNKNOWN/NOT RECORDED
    4928/5216 patients have a recorded race; 288 retained as unknown; 167 have more than one recorded value across admissions; 528 admission rows carry declined/unobtainable/unknown.
Loading model from /home/minhn2/uiuc-kidney-failure/generated_data/rep_1/twenty_features_heterogeneous_survival_svm_model.dill
Train data path /home/minhn2/uiuc-kidney-failure/generated_data/rep_1/twenty_features_heterogeneous_train_data.csv
Test data path /home/minhn2/uiuc-kidney-failure/generated_data/rep_1/twenty_features_heterogeneous_test_data.csv
Number of patients: test 5216 and train 20864
Number of records: test 1255828 and train 5208900
get_last_observation_data(ExperimentScenario.TWENTY_FEATURES_HETEROGENEOUS): train 5208900 rows/20864 subjects -> 20864 rows; test 1255828 rows/5216 subjects -> 5216 rows
Loading model from /home/minhn2/uiuc-kidney-failure/generated_data/rep_1/twenty_features_heterogeneous_survival_svm_model.dill
Train data path /home/minhn2/uiuc-kidney-failure/generated_data/rep_1/twenty_features_heterogeneous_train_data.csv
Test data path /home/minhn2/uiuc-kidney-failure/generated_data/rep_1/twenty_features_heterogeneous_test_data.csv
Number of patients: test 5216 and train 20864
Number of records: test 1255828 and train 5208900
get_last_observation_data(ExperimentScenario.TWENTY_FEATURES_HETEROGENEOUS): train 5208900 rows/20864 subjects -> 20864 rows; test 1255828 rows/5216 subjects -> 5216 rows
Loading model from /home/minhn2/uiuc-kidney-failure/generated_data/rep_1/twenty_features_heterogeneous_weibul_model.dill
Train data path /home/minhn2/uiuc-kidney-failure/generated_data/rep_1/twenty_features_heterogeneous_train_data.csv
Test data path /home/minhn2/uiuc-kidney-failure/generated_data/rep_1/twenty_features_heterogeneous_test_data.csv
Number of patients: test 5216 and train 20864
Number of records: test 1255828 and train 5208900
get_last_observation_data(ExperimentScenario.TWENTY_FEATURES_HETEROGENEOUS): train 5208900 rows/20864 subjects -> 20864 rows; test 1255828 rows/5216 subjects -> 5216 rows
Loading model from /home/minhn2/uiuc-kidney-failure/generated_data/rep_1/twenty_features_heterogeneous_weibul_model.dill
Train data path /home/minhn2/uiuc-kidney-failure/generated_data/rep_1/twenty_features_heterogeneous_train_data.csv
Test data path /home/minhn2/uiuc-kidney-failure/generated_data/rep_1/twenty_features_heterogeneous_test_data.csv
Number of patients: test 5216 and train 20864
Number of records: test 1255828 and train 5208900
get_last_observation_data(ExperimentScenario.TWENTY_FEATURES_HETEROGENEOUS): train 5208900 rows/20864 subjects -> 20864 rows; test 1255828 rows/5216 subjects -> 5216 rows

Group composition (patients / events / event proportion):

--- Age group (anchor_age bins — see patient_metadata: NOT landmark age) ---
  <27                      n=75    events=74    event_rate=0.9867
  27-54                    n=877   events=854   event_rate=0.9738
  54-82                    n=3069  events=2794  event_rate=0.9104
  82+                      n=1195  events=1048  event_rate=0.8770

--- Sex as recorded in patients.csv ---
  F                        n=2176  events=1986  event_rate=0.9127
  M                        n=3040  events=2784  event_rate=0.9158

--- Race (collapsed from admissions.csv ethnicity; unknown retained) ---
  AMERICAN INDIAN/ALASKA NATIVE n=15    events=14    event_rate=0.9333   [metrics not computed: needs >= 20 patients and >= 5 events]
  ASIAN                    n=150   events=142   event_rate=0.9467
  BLACK                    n=754   events=701   event_rate=0.9297
  HISPANIC/LATINO          n=199   events=187   event_rate=0.9397
  MULTIPLE RACE/ETHNICITY  n=4     events=4     event_rate=1.0000   [metrics not computed: needs >= 20 patients and >= 5 events]
  NATIVE HAWAIIAN OR OTHER PACIFIC ISLANDER n=6     events=5     event_rate=0.8333   [metrics not computed: needs >= 20 patients and >= 5 events]
  OTHER                    n=123   events=106   event_rate=0.8618
  PORTUGUESE               n=15    events=13    event_rate=0.8667   [metrics not computed: needs >= 20 patients and >= 5 events]
  SOUTH AMERICAN           n=6     events=6     event_rate=1.0000   [metrics not computed: needs >= 20 patients and >= 5 events]
  UNKNOWN/NOT RECORDED     n=288   events=265   event_rate=0.9201
  WHITE                    n=3656  events=3327  event_rate=0.9100

Per-group performance, 1000 within-group bootstrap resamples, 95% percentile intervals:
  C-index and mean time-dependent AUC: higher is better. Integrated Brier (0-730d): lower is better.

=== Age group (anchor_age bins — see patient_metadata: NOT landmark age) ===

  [<27] n=75 events=74
    Survival SVM         c_index=0.5221 [0.4463, 0.5964]  brier=0.244 [0.2262, 0.2642] [fitted-conversion]  auc=0.5265 [0.4148, 0.6417]
    Weibull AFT          c_index=0.5413 [0.4609, 0.6235]  brier=0.2476 [0.2082, 0.2894] [native]  auc=0.5574 [0.441, 0.6735]

  [27-54] n=877 events=854
    Survival SVM         c_index=0.5043 [0.4813, 0.5263]  brier=0.2457 [0.2394, 0.2516] [fitted-conversion]  auc=0.5289 [0.4941, 0.5641]
    Weibull AFT          c_index=0.5171 [0.495, 0.541]  brier=0.2543 [0.2425, 0.2659] [native]  auc=0.5365 [0.5033, 0.5728]

  [54-82] n=3069 events=2794
    Survival SVM         c_index=0.5134 [0.5003, 0.5256]  brier=0.2363 [0.2327, 0.24] [fitted-conversion]  auc=0.5387 [0.5193, 0.5572]
    Weibull AFT          c_index=0.5226 [0.5106, 0.5338]  brier=0.2525 [0.2463, 0.2592] [native]  auc=0.5382 [0.5203, 0.5553]

  [82+] n=1195 events=1048
    Survival SVM         c_index=0.5046 [0.4844, 0.5273]  brier=0.2114 [0.2058, 0.217] [fitted-conversion]  auc=0.5394 [0.5095, 0.5705]
    Weibull AFT          c_index=0.5203 [0.5002, 0.541]  brier=0.2047 [0.1965, 0.2145] [native]  auc=0.5425 [0.5112, 0.5727]

=== Sex as recorded in patients.csv ===

  [F] n=2176 events=1986
    Survival SVM         c_index=0.5214 [0.5065, 0.5372]  brier=0.2304 [0.226, 0.2347] [fitted-conversion]  auc=0.5532 [0.5304, 0.5748]
    Weibull AFT          c_index=0.5203 [0.5065, 0.5356]  brier=0.2439 [0.2359, 0.2515] [native]  auc=0.5369 [0.5125, 0.5601]

  [M] n=3040 events=2784
    Survival SVM         c_index=0.5005 [0.4879, 0.513]  brier=0.2336 [0.23, 0.2374] [fitted-conversion]  auc=0.522 [0.5034, 0.5406]
    Weibull AFT          c_index=0.5223 [0.5101, 0.5345]  brier=0.2402 [0.234, 0.2466] [native]  auc=0.5399 [0.5211, 0.5579]

=== Race (collapsed from admissions.csv ethnicity; unknown retained) ===

  [ASIAN] n=150 events=142
    Survival SVM         c_index=0.5428 [0.479, 0.5994]  brier=0.2144 [0.2013, 0.228] [fitted-conversion]  auc=0.569 [0.4773, 0.6468]
    Weibull AFT          c_index=0.5528 [0.4906, 0.6141]  brier=0.2074 [0.183, 0.2323] [native]  auc=0.5765 [0.485, 0.6611]

  [BLACK] n=754 events=701
    Survival SVM         c_index=0.4763 [0.4487, 0.5018]  brier=0.2553 [0.2482, 0.263] [fitted-conversion]  auc=0.4831 [0.4394, 0.5208]
    Weibull AFT          c_index=0.4867 [0.4601, 0.5106]  brier=0.2876 [0.2748, 0.3009] [native]  auc=0.4917 [0.4508, 0.5304]

  [HISPANIC/LATINO] n=199 events=187
    Survival SVM         c_index=0.5343 [0.4841, 0.5797]  brier=0.2381 [0.2243, 0.2519] [fitted-conversion]  auc=0.5553 [0.4823, 0.6258]
    Weibull AFT          c_index=0.5643 [0.5166, 0.605]  brier=0.2537 [0.2287, 0.2778] [native]  auc=0.5991 [0.528, 0.6621]

  [OTHER] n=123 events=106
    Survival SVM         c_index=0.5333 [0.4745, 0.596]  brier=0.2254 [0.206, 0.2492] [fitted-conversion]  auc=0.5855 [0.495, 0.683]
    Weibull AFT          c_index=0.5602 [0.4991, 0.6251]  brier=0.2183 [0.1878, 0.251] [native]  auc=0.607 [0.5158, 0.7071]

  [UNKNOWN/NOT RECORDED] n=288 events=265
    Survival SVM         c_index=0.4613 [0.4132, 0.5053]  brier=0.1711 [0.1631, 0.1784] [fitted-conversion]  auc=0.5038 [0.4264, 0.5842]
    Weibull AFT          c_index=0.5086 [0.4622, 0.5548]  brier=0.1142 [0.1057, 0.1235] [native]  auc=0.5518 [0.4688, 0.6338]

  [WHITE] n=3656 events=3327
    Survival SVM         c_index=0.5035 [0.4929, 0.5148]  brier=0.2329 [0.2296, 0.2362] [fitted-conversion]  auc=0.524 [0.5081, 0.541]
    Weibull AFT          c_index=0.5159 [0.505, 0.5271]  brier=0.2436 [0.2379, 0.2499] [native]  auc=0.5265 [0.5091, 0.5435]
Subgroup report saved to: /home/minhn2/uiuc-kidney-failure/generated_data/rep_1/twenty_features_heterogeneous_subgroup_performance_report.txt
COMPLETE
