rep5 analyze: four_features, eight_features, twenty_features_heterogeneous; output=/home/minhn2/uiuc-kidney-failure/generated_data/rep5
================================================================================
FEATURE IMPORTANCE ANALYSIS - FOUR_FEATURES SCENARIO
================================================================================

Training samples: 21318
Test samples: 5511
Features: ['Unnamed: 0', 'subject_id', 'duration_in_days', 'start', 'stop', 'age', 'gender', 'egfr', 'uacr', 'has_esrd']

FEATURE OVERVIEW:
----------------------------------------
  age: mean=62.424, std=15.019
  gender: mean=0.572, std=0.495
  egfr: mean=63.770, std=34.371
  uacr: mean=548.507, std=1410.205

ANALYZING ALL MODELS FOR FOUR_FEATURES
------------------------------------------------------------

Analyzing COX model...
Loading model from /home/minhn2/uiuc-kidney-failure/generated_data/rep5/four_features_cox_model.dill
  COX Feature Importance:
    age: 0.0012 (coeff=-0.0012, HR=0.999)
    gender: 0.0020 (coeff=0.0020, HR=1.002)
    egfr: 0.0018 (coeff=-0.0018, HR=0.998)
    uacr: 0.0000 (coeff=0.0000, HR=1.000)

Analyzing DDH model...
  DDH Feature Importance:
    age: 0.2034
    gender: 0.2692
    egfr: 0.2575
    uacr: 0.2698

Analyzing HAZARD_TRANSFORMER model...
  HAZARD_TRANSFORMER Feature Importance:
    age: 0.1938
    gender: 0.3398
    egfr: 0.2953
    uacr: 0.1711

Analyzing LOGISTIC_HAZARD model...
  LOGISTIC_HAZARD Feature Importance:
    age: 0.1448
    gender: 0.2391
    egfr: 0.1644
    uacr: 0.4518

Analyzing RNN_SURV model...
  RNN_SURV Feature Importance:
    age: 0.1015
    gender: 0.7128
    egfr: 0.1185
    uacr: 0.0672

Analyzing DEEPSURV model...
Train data path /home/minhn2/uiuc-kidney-failure/generated_data/rep5/four_features_train_data.csv
Test data path /home/minhn2/uiuc-kidney-failure/generated_data/rep5/four_features_test_data.csv
Number of patients: test 562 and train 2247
Number of records: test 5511 and train 21318
get_last_observation_data(ExperimentScenario.FOUR_FEATURES): train 21318 rows/2247 subjects -> 2247 rows; test 5511 rows/562 subjects -> 562 rows
  DEEPSURV Feature Importance:
    age: 0.3214
    gender: 0.2321
    egfr: 0.2620
    uacr: 0.1846

Analyzing GBSA model...
Train data path /home/minhn2/uiuc-kidney-failure/generated_data/rep5/four_features_train_data.csv
Test data path /home/minhn2/uiuc-kidney-failure/generated_data/rep5/four_features_test_data.csv
Number of patients: test 562 and train 2247
Number of records: test 5511 and train 21318
get_last_observation_data(ExperimentScenario.FOUR_FEATURES): train 21318 rows/2247 subjects -> 2247 rows; test 5511 rows/562 subjects -> 562 rows
Loading model from /home/minhn2/uiuc-kidney-failure/generated_data/rep5/four_features_gbsa_model.dill
  GBSA Feature Importance:
    age: 0.2097
    gender: 0.0350
    egfr: 0.3415
    uacr: 0.4138

Analyzing SRF model...
Train data path /home/minhn2/uiuc-kidney-failure/generated_data/rep5/four_features_train_data.csv
Test data path /home/minhn2/uiuc-kidney-failure/generated_data/rep5/four_features_test_data.csv
Number of patients: test 562 and train 2247
Number of records: test 5511 and train 21318
get_last_observation_data(ExperimentScenario.FOUR_FEATURES): train 21318 rows/2247 subjects -> 2247 rows; test 5511 rows/562 subjects -> 562 rows
Loading model from /home/minhn2/uiuc-kidney-failure/generated_data/rep5/four_features_srf_model.dill
[Parallel(n_jobs=2)]: Using backend ThreadingBackend with 2 concurrent workers.
[Parallel(n_jobs=2)]: Done  37 tasks      | elapsed:    0.1s
[Parallel(n_jobs=2)]: Done  50 out of  50 | elapsed:    0.1s finished
[Parallel(n_jobs=2)]: Using backend ThreadingBackend with 2 concurrent workers.
[Parallel(n_jobs=2)]: Done  37 tasks      | elapsed:    0.0s
[Parallel(n_jobs=2)]: Done  50 out of  50 | elapsed:    0.0s finished
[Parallel(n_jobs=2)]: Using backend ThreadingBackend with 2 concurrent workers.
[Parallel(n_jobs=2)]: Done  37 tasks      | elapsed:    0.0s
[Parallel(n_jobs=2)]: Done  50 out of  50 | elapsed:    0.0s finished
[Parallel(n_jobs=2)]: Using backend ThreadingBackend with 2 concurrent workers.
[Parallel(n_jobs=2)]: Done  37 tasks      | elapsed:    0.0s
[Parallel(n_jobs=2)]: Done  50 out of  50 | elapsed:    0.0s finished
[Parallel(n_jobs=2)]: Using backend ThreadingBackend with 2 concurrent workers.
[Parallel(n_jobs=2)]: Done  37 tasks      | elapsed:    0.0s
[Parallel(n_jobs=2)]: Done  50 out of  50 | elapsed:    0.1s finished
  SRF Feature Importance:
    age: 0.0448
    gender: 0.0000
    egfr: 0.0115
    uacr: 0.0000

Analyzing SURVIVAL_SVM model...
Train data path /home/minhn2/uiuc-kidney-failure/generated_data/rep5/four_features_train_data.csv
Test data path /home/minhn2/uiuc-kidney-failure/generated_data/rep5/four_features_test_data.csv
Number of patients: test 562 and train 2247
Number of records: test 5511 and train 21318
get_last_observation_data(ExperimentScenario.FOUR_FEATURES): train 21318 rows/2247 subjects -> 2247 rows; test 5511 rows/562 subjects -> 562 rows
Loading model from /home/minhn2/uiuc-kidney-failure/generated_data/rep5/four_features_survival_svm_model.dill
  SURVIVAL_SVM Feature Importance:
    age: 0.0048
    gender: 0.0109
    egfr: 0.0020
    uacr: 0.0000

Analyzing WEIBUL model...
Train data path /home/minhn2/uiuc-kidney-failure/generated_data/rep5/four_features_train_data.csv
Test data path /home/minhn2/uiuc-kidney-failure/generated_data/rep5/four_features_test_data.csv
Number of patients: test 562 and train 2247
Number of records: test 5511 and train 21318
get_last_observation_data(ExperimentScenario.FOUR_FEATURES): train 21318 rows/2247 subjects -> 2247 rows; test 5511 rows/562 subjects -> 562 rows
Loading model from /home/minhn2/uiuc-kidney-failure/generated_data/rep5/four_features_weibul_model.dill
  WEIBUL Feature Importance:
    age: 0.0085
    gender: 0.0080
    egfr: 0.0032
    uacr: 0.0000
Consolidated feature importance plot saved to: /home/minhn2/uiuc-kidney-failure/generated_data/rep5/four_features_all_models_feature_importance.png
Scenario report saved to: /home/minhn2/uiuc-kidney-failure/generated_data/rep5/four_features_shap_analysis_report.txt
================================================================================
FEATURE IMPORTANCE ANALYSIS - EIGHT_FEATURES SCENARIO
================================================================================

Training samples: 4307
Test samples: 1100
Features: ['Unnamed: 0', 'subject_id', 'duration_in_days', 'start', 'stop', 'age', 'gender', 'egfr', 'uacr', 'calcium', 'phosphate', 'bicarbonate', 'serum_albumin', 'has_esrd']

FEATURE OVERVIEW:
----------------------------------------
  age: mean=59.772, std=14.625
  gender: mean=0.550, std=0.498
  egfr: mean=65.007, std=37.263
  uacr: mean=764.883, std=1963.517
  calcium: mean=8.479, std=0.933
  phosphate: mean=3.660, std=1.341
  bicarbonate: mean=23.889, std=4.857
  serum_albumin: mean=3.268, std=0.677

ANALYZING ALL MODELS FOR EIGHT_FEATURES
------------------------------------------------------------

Analyzing COX model...
Loading model from /home/minhn2/uiuc-kidney-failure/generated_data/rep5/eight_features_cox_model.dill
  COX Feature Importance:
    age: 0.0012 (coeff=-0.0012, HR=0.999)
    gender: 0.0024 (coeff=0.0024, HR=1.002)
    egfr: 0.0021 (coeff=-0.0021, HR=0.998)
    uacr: 0.0000 (coeff=-0.0000, HR=1.000)
    calcium: 0.0370 (coeff=-0.0370, HR=0.964)
    phosphate: 0.0245 (coeff=0.0245, HR=1.025)
    bicarbonate: 0.0195 (coeff=-0.0195, HR=0.981)
    serum_albumin: 0.0497 (coeff=-0.0497, HR=0.951)

Analyzing DDH model...
  DDH Feature Importance:
    age: 0.0733
    gender: 0.1167
    egfr: 0.1358
    uacr: 0.1180
    calcium: 0.2283
    phosphate: 0.1683
    bicarbonate: 0.0819
    serum_albumin: 0.0777

Analyzing HAZARD_TRANSFORMER model...
  HAZARD_TRANSFORMER Feature Importance:
    age: 0.1357
    gender: 0.1968
    egfr: 0.0599
    uacr: 0.1275
    calcium: 0.1090
    phosphate: 0.1369
    bicarbonate: 0.1370
    serum_albumin: 0.0973

Analyzing LOGISTIC_HAZARD model...
  LOGISTIC_HAZARD Feature Importance:
    age: 0.0839
    gender: 0.1163
    egfr: 0.0889
    uacr: 0.1037
    calcium: 0.2348
    phosphate: 0.0702
    bicarbonate: 0.2004
    serum_albumin: 0.1018

Analyzing RNN_SURV model...
  RNN_SURV Feature Importance:
    age: 0.0800
    gender: 0.1664
    egfr: 0.0714
    uacr: 0.0888
    calcium: 0.2129
    phosphate: 0.1020
    bicarbonate: 0.1263
    serum_albumin: 0.1521

Analyzing DEEPSURV model...
Train data path /home/minhn2/uiuc-kidney-failure/generated_data/rep5/eight_features_train_data.csv
Test data path /home/minhn2/uiuc-kidney-failure/generated_data/rep5/eight_features_test_data.csv
Number of patients: test 243 and train 970
Number of records: test 1100 and train 4307
get_last_observation_data(ExperimentScenario.EIGHT_FEATURES): train 4307 rows/970 subjects -> 970 rows; test 1100 rows/243 subjects -> 243 rows
  DEEPSURV Feature Importance:
    age: 0.1363
    gender: 0.1314
    egfr: 0.1241
    uacr: 0.1562
    calcium: 0.1005
    phosphate: 0.0974
    bicarbonate: 0.1105
    serum_albumin: 0.1437

Analyzing GBSA model...
Train data path /home/minhn2/uiuc-kidney-failure/generated_data/rep5/eight_features_train_data.csv
Test data path /home/minhn2/uiuc-kidney-failure/generated_data/rep5/eight_features_test_data.csv
Number of patients: test 243 and train 970
Number of records: test 1100 and train 4307
get_last_observation_data(ExperimentScenario.EIGHT_FEATURES): train 4307 rows/970 subjects -> 970 rows; test 1100 rows/243 subjects -> 243 rows
Loading model from /home/minhn2/uiuc-kidney-failure/generated_data/rep5/eight_features_gbsa_model.dill
  GBSA Feature Importance:
    age: 0.1272
    gender: 0.0142
    egfr: 0.2015
    uacr: 0.1709
    calcium: 0.1231
    phosphate: 0.1328
    bicarbonate: 0.1295
    serum_albumin: 0.1008

Analyzing SRF model...
Train data path /home/minhn2/uiuc-kidney-failure/generated_data/rep5/eight_features_train_data.csv
Test data path /home/minhn2/uiuc-kidney-failure/generated_data/rep5/eight_features_test_data.csv
Number of patients: test 243 and train 970
Number of records: test 1100 and train 4307
get_last_observation_data(ExperimentScenario.EIGHT_FEATURES): train 4307 rows/970 subjects -> 970 rows; test 1100 rows/243 subjects -> 243 rows
Loading model from /home/minhn2/uiuc-kidney-failure/generated_data/rep5/eight_features_srf_model.dill
[Parallel(n_jobs=2)]: Using backend ThreadingBackend with 2 concurrent workers.
[Parallel(n_jobs=2)]: Done  37 tasks      | elapsed:    0.0s
[Parallel(n_jobs=2)]: Done 150 out of 150 | elapsed:    0.0s finished
[Parallel(n_jobs=2)]: Using backend ThreadingBackend with 2 concurrent workers.
[Parallel(n_jobs=2)]: Done  37 tasks      | elapsed:    0.0s
[Parallel(n_jobs=2)]: Done 150 out of 150 | elapsed:    0.0s finished
[Parallel(n_jobs=2)]: Using backend ThreadingBackend with 2 concurrent workers.
[Parallel(n_jobs=2)]: Done  37 tasks      | elapsed:    0.0s
[Parallel(n_jobs=2)]: Done 150 out of 150 | elapsed:    0.0s finished
[Parallel(n_jobs=2)]: Using backend ThreadingBackend with 2 concurrent workers.
[Parallel(n_jobs=2)]: Done  37 tasks      | elapsed:    0.0s
[Parallel(n_jobs=2)]: Done 150 out of 150 | elapsed:    0.0s finished
[Parallel(n_jobs=2)]: Using backend ThreadingBackend with 2 concurrent workers.
[Parallel(n_jobs=2)]: Done  37 tasks      | elapsed:    0.0s
[Parallel(n_jobs=2)]: Done 150 out of 150 | elapsed:    0.0s finished
[Parallel(n_jobs=2)]: Using backend ThreadingBackend with 2 concurrent workers.
[Parallel(n_jobs=2)]: Done  37 tasks      | elapsed:    0.0s
[Parallel(n_jobs=2)]: Done 150 out of 150 | elapsed:    0.0s finished
[Parallel(n_jobs=2)]: Using backend ThreadingBackend with 2 concurrent workers.
[Parallel(n_jobs=2)]: Done  37 tasks      | elapsed:    0.0s
[Parallel(n_jobs=2)]: Done 150 out of 150 | elapsed:    0.0s finished
[Parallel(n_jobs=2)]: Using backend ThreadingBackend with 2 concurrent workers.
[Parallel(n_jobs=2)]: Done  37 tasks      | elapsed:    0.0s
[Parallel(n_jobs=2)]: Done 150 out of 150 | elapsed:    0.0s finished
[Parallel(n_jobs=2)]: Using backend ThreadingBackend with 2 concurrent workers.
[Parallel(n_jobs=2)]: Done  37 tasks      | elapsed:    0.0s
[Parallel(n_jobs=2)]: Done 150 out of 150 | elapsed:    0.0s finished
  SRF Feature Importance:
    age: 0.0000
    gender: 0.0000
    egfr: 0.0278
    uacr: 0.0000
    calcium: 0.0000
    phosphate: 0.0016
    bicarbonate: 0.0249
    serum_albumin: 0.0000

Analyzing SURVIVAL_SVM model...
Train data path /home/minhn2/uiuc-kidney-failure/generated_data/rep5/eight_features_train_data.csv
Test data path /home/minhn2/uiuc-kidney-failure/generated_data/rep5/eight_features_test_data.csv
Number of patients: test 243 and train 970
Number of records: test 1100 and train 4307
get_last_observation_data(ExperimentScenario.EIGHT_FEATURES): train 4307 rows/970 subjects -> 970 rows; test 1100 rows/243 subjects -> 243 rows
Loading model from /home/minhn2/uiuc-kidney-failure/generated_data/rep5/eight_features_survival_svm_model.dill
  SURVIVAL_SVM Feature Importance:
    age: 0.0033
    gender: 0.0251
    egfr: 0.0037
    uacr: 0.0000
    calcium: 0.0363
    phosphate: 0.0228
    bicarbonate: 0.0176
    serum_albumin: 0.0927

Analyzing WEIBUL model...
Train data path /home/minhn2/uiuc-kidney-failure/generated_data/rep5/eight_features_train_data.csv
Test data path /home/minhn2/uiuc-kidney-failure/generated_data/rep5/eight_features_test_data.csv
Number of patients: test 243 and train 970
Number of records: test 1100 and train 4307
get_last_observation_data(ExperimentScenario.EIGHT_FEATURES): train 4307 rows/970 subjects -> 970 rows; test 1100 rows/243 subjects -> 243 rows
Loading model from /home/minhn2/uiuc-kidney-failure/generated_data/rep5/eight_features_weibul_model.dill
  WEIBUL Feature Importance:
    age: 0.0022
    gender: 0.0536
    egfr: 0.0056
    uacr: 0.0000
    calcium: 0.0713
    phosphate: 0.0218
    bicarbonate: 0.0300
    serum_albumin: 0.0345
Consolidated feature importance plot saved to: /home/minhn2/uiuc-kidney-failure/generated_data/rep5/eight_features_all_models_feature_importance.png
Scenario report saved to: /home/minhn2/uiuc-kidney-failure/generated_data/rep5/eight_features_shap_analysis_report.txt
================================================================================
FEATURE IMPORTANCE ANALYSIS - TWENTY_FEATURES_HETEROGENEOUS SCENARIO
================================================================================

Training samples: 6512638
Test samples: 1613452
Features: ['Unnamed: 0', 'subject_id', 'duration_in_days', 'start', 'stop', 'egfr', 'egfr_missing', 'potassium', 'potassium_missing', 'urea_nitrogen', 'urea_nitrogen_missing', 'sodium', 'sodium_missing', 'chloride', 'chloride_missing', 'bicarbonate', 'bicarbonate_missing', 'anion_gap', 'anion_gap_missing', 'hematocrit', 'hematocrit_missing', 'platelet_count', 'platelet_count_missing', 'hemoglobin', 'hemoglobin_missing', 'wbc', 'wbc_missing', 'mchc', 'mchc_missing', 'mch', 'mch_missing', 'rbc', 'rbc_missing', 'mcv', 'mcv_missing', 'rdw', 'rdw_missing', 'glucose', 'glucose_missing', 'calcium', 'calcium_missing', 'magnesium', 'magnesium_missing', 'phosphate', 'phosphate_missing', 'has_esrd']

FEATURE OVERVIEW:
----------------------------------------
  egfr: mean=3.854, std=17.379
  egfr_missing: mean=0.944, std=0.230 (missing_flag rate=94.4%)
  potassium: mean=0.228, std=0.967
  potassium_missing: mean=0.946, std=0.226 (missing_flag rate=94.6%)
  urea_nitrogen: mean=1.355, std=6.968
  urea_nitrogen_missing: mean=0.945, std=0.227 (missing_flag rate=94.5%)
  sodium: mean=7.337, std=31.023
  sodium_missing: mean=0.947, std=0.224 (missing_flag rate=94.7%)
  chloride: mean=5.364, std=22.806
  chloride_missing: mean=0.947, std=0.223 (missing_flag rate=94.7%)
  bicarbonate: mean=1.292, std=5.689
  bicarbonate_missing: mean=0.950, std=0.219 (missing_flag rate=95.0%)
  anion_gap: mean=0.717, std=3.217
  anion_gap_missing: mean=0.950, std=0.218 (missing_flag rate=95.0%)
  hematocrit: mean=1.857, std=7.796
  hematocrit_missing: mean=0.944, std=0.229 (missing_flag rate=94.4%)
  platelet_count: mean=12.149, std=58.906
  platelet_count_missing: mean=0.946, std=0.226 (missing_flag rate=94.6%)
  hemoglobin: mean=0.590, std=2.535
  hemoglobin_missing: mean=0.947, std=0.225 (missing_flag rate=94.7%)
  wbc: mean=0.460, std=2.960
  wbc_missing: mean=0.946, std=0.225 (missing_flag rate=94.6%)
  mchc: mean=1.747, std=7.398
  mchc_missing: mean=0.947, std=0.224 (missing_flag rate=94.7%)
  mch: mean=1.593, std=6.768
  mch_missing: mean=0.947, std=0.224 (missing_flag rate=94.7%)
  rbc: mean=0.196, std=0.847
  rbc_missing: mean=0.947, std=0.224 (missing_flag rate=94.7%)
  mcv: mean=4.830, std=20.502
  mcv_missing: mean=0.947, std=0.224 (missing_flag rate=94.7%)
  rdw: mean=0.811, std=3.469
  rdw_missing: mean=0.947, std=0.224 (missing_flag rate=94.7%)
  glucose: mean=5.938, std=31.467
  glucose_missing: mean=0.956, std=0.206 (missing_flag rate=95.6%)
  calcium: mean=0.318, std=1.653
  calcium_missing: mean=0.964, std=0.186 (missing_flag rate=96.4%)
  magnesium: mean=0.069, std=0.371
  magnesium_missing: mean=0.966, std=0.182 (missing_flag rate=96.6%)
  phosphate: mean=0.118, std=0.662
  phosphate_missing: mean=0.966, std=0.180 (missing_flag rate=96.6%)

ANALYZING ALL MODELS FOR TWENTY_FEATURES_HETEROGENEOUS
------------------------------------------------------------

Analyzing COX model...
Loading model from /home/minhn2/uiuc-kidney-failure/generated_data/rep5/twenty_features_heterogeneous_cox_model.dill
  COX Feature Importance:
    egfr: 0.0000 (coeff=0.0000, HR=1.000)
    egfr_missing: 0.0249 (coeff=-0.0249, HR=0.975)
    potassium: 0.0172 (coeff=0.0172, HR=1.017)
    potassium_missing: 0.0702 (coeff=-0.0702, HR=0.932)
    urea_nitrogen: 0.0022 (coeff=0.0022, HR=1.002)
    urea_nitrogen_missing: 0.0369 (coeff=-0.0369, HR=0.964)
    sodium: 0.0005 (coeff=0.0005, HR=1.001)
    sodium_missing: 0.0745 (coeff=-0.0745, HR=0.928)
    chloride: 0.0004 (coeff=0.0004, HR=1.000)
    chloride_missing: 0.0436 (coeff=-0.0436, HR=0.957)
    bicarbonate: 0.0026 (coeff=0.0026, HR=1.003)
    bicarbonate_missing: 0.0815 (coeff=-0.0815, HR=0.922)
    anion_gap: 0.0007 (coeff=0.0007, HR=1.001)
    anion_gap_missing: 0.0004 (coeff=-0.0004, HR=1.000)
    hematocrit: 0.0011 (coeff=0.0011, HR=1.001)
    hematocrit_missing: 0.0403 (coeff=-0.0403, HR=0.961)
    platelet_count: 0.0001 (coeff=0.0001, HR=1.000)
    platelet_count_missing: 0.0430 (coeff=-0.0430, HR=0.958)
    hemoglobin: 0.0053 (coeff=0.0053, HR=1.005)
    hemoglobin_missing: 0.0626 (coeff=-0.0626, HR=0.939)
    wbc: 0.0048 (coeff=0.0048, HR=1.005)
    wbc_missing: 0.0654 (coeff=-0.0654, HR=0.937)
    mchc: 0.0021 (coeff=0.0021, HR=1.002)
    mchc_missing: 0.0688 (coeff=-0.0688, HR=0.934)
    mch: 0.0023 (coeff=0.0023, HR=1.002)
    mch_missing: 0.0689 (coeff=-0.0689, HR=0.933)
    rbc: 0.0175 (coeff=0.0175, HR=1.018)
    rbc_missing: 0.0688 (coeff=-0.0688, HR=0.934)
    mcv: 0.0007 (coeff=0.0007, HR=1.001)
    mcv_missing: 0.0687 (coeff=-0.0687, HR=0.934)
    rdw: 0.0117 (coeff=-0.0117, HR=0.988)
    rdw_missing: 0.1986 (coeff=0.1986, HR=1.220)
    glucose: 0.0015 (coeff=-0.0015, HR=0.998)
    glucose_missing: 0.3260 (coeff=0.3260, HR=1.385)
    calcium: 0.0128 (coeff=-0.0128, HR=0.987)
    calcium_missing: 0.0982 (coeff=0.0982, HR=1.103)
    magnesium: 0.0113 (coeff=-0.0113, HR=0.989)
    magnesium_missing: 0.0227 (coeff=0.0227, HR=1.023)
    phosphate: 0.0997 (coeff=-0.0997, HR=0.905)
    phosphate_missing: 0.4103 (coeff=0.4103, HR=1.507)

Analyzing DDH model...
Error with mask: [enforce fail at alloc_cpu.cpp:117] err == 0. DefaultCPUAllocator: can't allocate memory: you tried to allocate 10412909425216 bytes. Error code 12 (Cannot allocate memory)
  DDH Feature Importance:
    egfr: 0.0250
    egfr_missing: 0.0250
    potassium: 0.0250
    potassium_missing: 0.0250
    urea_nitrogen: 0.0250
    urea_nitrogen_missing: 0.0250
    sodium: 0.0250
    sodium_missing: 0.0250
    chloride: 0.0250
    chloride_missing: 0.0250
    bicarbonate: 0.0250
    bicarbonate_missing: 0.0250
    anion_gap: 0.0250
    anion_gap_missing: 0.0250
    hematocrit: 0.0250
    hematocrit_missing: 0.0250
    platelet_count: 0.0250
    platelet_count_missing: 0.0250
    hemoglobin: 0.0250
    hemoglobin_missing: 0.0250
    wbc: 0.0250
    wbc_missing: 0.0250
    mchc: 0.0250
    mchc_missing: 0.0250
    mch: 0.0250
    mch_missing: 0.0250
    rbc: 0.0250
    rbc_missing: 0.0250
    mcv: 0.0250
    mcv_missing: 0.0250
    rdw: 0.0250
    rdw_missing: 0.0250
    glucose: 0.0250
    glucose_missing: 0.0250
    calcium: 0.0250
    calcium_missing: 0.0250
    magnesium: 0.0250
    magnesium_missing: 0.0250
    phosphate: 0.0250
    phosphate_missing: 0.0250

Analyzing HAZARD_TRANSFORMER model...
Error in gradient calculation: [enforce fail at alloc_cpu.cpp:117] err == 0. DefaultCPUAllocator: can't allocate memory: you tried to allocate 1321739878400 bytes. Error code 12 (Cannot allocate memory)
  HAZARD_TRANSFORMER Feature Importance:
    egfr: 0.0592
    egfr_missing: 0.0169
    potassium: 0.0300
    potassium_missing: 0.0130
    urea_nitrogen: 0.0133
    urea_nitrogen_missing: 0.0139
    sodium: 0.0358
    sodium_missing: 0.0151
    chloride: 0.0207
    chloride_missing: 0.0164
    bicarbonate: 0.0536
    bicarbonate_missing: 0.0138
    anion_gap: 0.0556
    anion_gap_missing: 0.0159
    hematocrit: 0.0387
    hematocrit_missing: 0.0150
    platelet_count: 0.0309
    platelet_count_missing: 0.0141
    hemoglobin: 0.0378
    hemoglobin_missing: 0.0128
    wbc: 0.0569
    wbc_missing: 0.0140
    mchc: 0.0518
    mchc_missing: 0.0144
    mch: 0.0123
    mch_missing: 0.0133
    rbc: 0.0296
    rbc_missing: 0.0156
    mcv: 0.0213
    mcv_missing: 0.0153
    rdw: 0.0290
    rdw_missing: 0.0132
    glucose: 0.0232
    glucose_missing: 0.0150
    calcium: 0.0625
    calcium_missing: 0.0158
    magnesium: 0.0238
    magnesium_missing: 0.0163
    phosphate: 0.0198
    phosphate_missing: 0.0142

Analyzing LOGISTIC_HAZARD model...
  LOGISTIC_HAZARD Feature Importance:
    egfr: 0.0549
    egfr_missing: 0.0369
    potassium: 0.0302
    potassium_missing: 0.0187
    urea_nitrogen: 0.0225
    urea_nitrogen_missing: 0.0164
    sodium: 0.0299
    sodium_missing: 0.0148
    chloride: 0.0343
    chloride_missing: 0.0162
    bicarbonate: 0.0235
    bicarbonate_missing: 0.0146
    anion_gap: 0.0554
    anion_gap_missing: 0.0327
    hematocrit: 0.0359
    hematocrit_missing: 0.0224
    platelet_count: 0.0332
    platelet_count_missing: 0.0300
    hemoglobin: 0.0399
    hemoglobin_missing: 0.0252
    wbc: 0.0239
    wbc_missing: 0.0153
    mchc: 0.0377
    mchc_missing: 0.0165
    mch: 0.0170
    mch_missing: 0.0150
    rbc: 0.0135
    rbc_missing: 0.0167
    mcv: 0.0369
    mcv_missing: 0.0159
    rdw: 0.0192
    rdw_missing: 0.0249
    glucose: 0.0309
    glucose_missing: 0.0391
    calcium: 0.0166
    calcium_missing: 0.0206
    magnesium: 0.0125
    magnesium_missing: 0.0146
    phosphate: 0.0123
    phosphate_missing: 0.0135

Analyzing RNN_SURV model...
  RNN_SURV Feature Importance:
    egfr: 0.0062
    egfr_missing: 0.0158
    potassium: 0.0691
    potassium_missing: 0.0213
    urea_nitrogen: 0.0135
    urea_nitrogen_missing: 0.0153
    sodium: 0.0076
    sodium_missing: 0.0200
    chloride: 0.0070
    chloride_missing: 0.0208
    bicarbonate: 0.0176
    bicarbonate_missing: 0.0145
    anion_gap: 0.0245
    anion_gap_missing: 0.0199
    hematocrit: 0.0128
    hematocrit_missing: 0.0134
    platelet_count: 0.0162
    platelet_count_missing: 0.0205
    hemoglobin: 0.0295
    hemoglobin_missing: 0.0156
    wbc: 0.0360
    wbc_missing: 0.0277
    mchc: 0.0106
    mchc_missing: 0.0188
    mch: 0.0101
    mch_missing: 0.0230
    rbc: 0.0670
    rbc_missing: 0.0229
    mcv: 0.0115
    mcv_missing: 0.0221
    rdw: 0.0194
    rdw_missing: 0.0172
    glucose: 0.0044
    glucose_missing: 0.0076
    calcium: 0.0386
    calcium_missing: 0.0181
    magnesium: 0.1223
    magnesium_missing: 0.0368
    phosphate: 0.0713
    phosphate_missing: 0.0335

Analyzing DEEPSURV model...
Train data path /home/minhn2/uiuc-kidney-failure/generated_data/rep5/twenty_features_heterogeneous_train_data.csv
Test data path /home/minhn2/uiuc-kidney-failure/generated_data/rep5/twenty_features_heterogeneous_test_data.csv
Number of patients: test 6521 and train 26080
Number of records: test 1613452 and train 6512638
get_last_observation_data(ExperimentScenario.TWENTY_FEATURES_HETEROGENEOUS): train 6512638 rows/26080 subjects -> 26080 rows; test 1613452 rows/6521 subjects -> 6521 rows
  DEEPSURV Feature Importance:
    egfr: 0.0191
    egfr_missing: 0.0248
    potassium: 0.0319
    potassium_missing: 0.0306
    urea_nitrogen: 0.0151
    urea_nitrogen_missing: 0.0134
    sodium: 0.0144
    sodium_missing: 0.0191
    chloride: 0.0101
    chloride_missing: 0.0203
    bicarbonate: 0.0114
    bicarbonate_missing: 0.0313
    anion_gap: 0.0295
    anion_gap_missing: 0.0208
    hematocrit: 0.0163
    hematocrit_missing: 0.0165
    platelet_count: 0.0283
    platelet_count_missing: 0.0222
    hemoglobin: 0.0170
    hemoglobin_missing: 0.0156
    wbc: 0.0344
    wbc_missing: 0.0173
    mchc: 0.0089
    mchc_missing: 0.0357
    mch: 0.0118
    mch_missing: 0.0143
    rbc: 0.0194
    rbc_missing: 0.0376
    mcv: 0.0184
    mcv_missing: 0.0278
    rdw: 0.0286
    rdw_missing: 0.0438
    glucose: 0.0081
    glucose_missing: 0.0301
    calcium: 0.0150
    calcium_missing: 0.0209
    magnesium: 0.0134
    magnesium_missing: 0.0408
    phosphate: 0.1132
    phosphate_missing: 0.0527

Analyzing GBSA model...
Train data path /home/minhn2/uiuc-kidney-failure/generated_data/rep5/twenty_features_heterogeneous_train_data.csv
Test data path /home/minhn2/uiuc-kidney-failure/generated_data/rep5/twenty_features_heterogeneous_test_data.csv
Number of patients: test 6521 and train 26080
Number of records: test 1613452 and train 6512638
get_last_observation_data(ExperimentScenario.TWENTY_FEATURES_HETEROGENEOUS): train 6512638 rows/26080 subjects -> 26080 rows; test 1613452 rows/6521 subjects -> 6521 rows
Loading model from /home/minhn2/uiuc-kidney-failure/generated_data/rep5/twenty_features_heterogeneous_gbsa_model.dill
  GBSA Feature Importance:
    egfr: 0.1546
    egfr_missing: 0.0006
    potassium: 0.0190
    potassium_missing: 0.0000
    urea_nitrogen: 0.0268
    urea_nitrogen_missing: 0.0005
    sodium: 0.0113
    sodium_missing: 0.0001
    chloride: 0.0131
    chloride_missing: 0.0001
    bicarbonate: 0.0002
    bicarbonate_missing: 0.0000
    anion_gap: 0.0565
    anion_gap_missing: 0.0001
    hematocrit: 0.0741
    hematocrit_missing: 0.0000
    platelet_count: 0.0502
    platelet_count_missing: 0.0005
    hemoglobin: 0.0392
    hemoglobin_missing: 0.0000
    wbc: 0.0046
    wbc_missing: 0.0003
    mchc: 0.0006
    mchc_missing: 0.0000
    mch: 0.0000
    mch_missing: 0.0000
    rbc: 0.0000
    rbc_missing: 0.0000
    mcv: 0.0007
    mcv_missing: 0.0003
    rdw: 0.0971
    rdw_missing: 0.0002
    glucose: 0.2084
    glucose_missing: 0.0000
    calcium: 0.0560
    calcium_missing: 0.0001
    magnesium: 0.0269
    magnesium_missing: 0.0000
    phosphate: 0.1575
    phosphate_missing: 0.0004

Analyzing SRF model...
Train data path /home/minhn2/uiuc-kidney-failure/generated_data/rep5/twenty_features_heterogeneous_train_data.csv
Test data path /home/minhn2/uiuc-kidney-failure/generated_data/rep5/twenty_features_heterogeneous_test_data.csv
Number of patients: test 6521 and train 26080
Number of records: test 1613452 and train 6512638
get_last_observation_data(ExperimentScenario.TWENTY_FEATURES_HETEROGENEOUS): train 6512638 rows/26080 subjects -> 26080 rows; test 1613452 rows/6521 subjects -> 6521 rows
Loading model from /home/minhn2/uiuc-kidney-failure/generated_data/rep5/twenty_features_heterogeneous_srf_model.dill
[Parallel(n_jobs=2)]: Using backend ThreadingBackend with 2 concurrent workers.
[Parallel(n_jobs=2)]: Done  37 tasks      | elapsed:   10.2s
[Parallel(n_jobs=2)]: Done 100 out of 100 | elapsed:   27.8s finished
[Parallel(n_jobs=2)]: Using backend ThreadingBackend with 2 concurrent workers.
[Parallel(n_jobs=2)]: Done  37 tasks      | elapsed:   10.3s
[Parallel(n_jobs=2)]: Done 100 out of 100 | elapsed:   27.7s finished
[Parallel(n_jobs=2)]: Using backend ThreadingBackend with 2 concurrent workers.
[Parallel(n_jobs=2)]: Done  37 tasks      | elapsed:   10.2s
[Parallel(n_jobs=2)]: Done 100 out of 100 | elapsed:   27.7s finished
[Parallel(n_jobs=2)]: Using backend ThreadingBackend with 2 concurrent workers.
[Parallel(n_jobs=2)]: Done  37 tasks      | elapsed:   10.2s
[Parallel(n_jobs=2)]: Done 100 out of 100 | elapsed:   27.6s finished
[Parallel(n_jobs=2)]: Using backend ThreadingBackend with 2 concurrent workers.
[Parallel(n_jobs=2)]: Done  37 tasks      | elapsed:   10.4s
[Parallel(n_jobs=2)]: Done 100 out of 100 | elapsed:   27.6s finished
[Parallel(n_jobs=2)]: Using backend ThreadingBackend with 2 concurrent workers.
[Parallel(n_jobs=2)]: Done  37 tasks      | elapsed:   10.2s
[Parallel(n_jobs=2)]: Done 100 out of 100 | elapsed:   27.7s finished
[Parallel(n_jobs=2)]: Using backend ThreadingBackend with 2 concurrent workers.
[Parallel(n_jobs=2)]: Done  37 tasks      | elapsed:   10.2s
[Parallel(n_jobs=2)]: Done 100 out of 100 | elapsed:   27.4s finished
[Parallel(n_jobs=2)]: Using backend ThreadingBackend with 2 concurrent workers.
[Parallel(n_jobs=2)]: Done  37 tasks      | elapsed:   10.3s
[Parallel(n_jobs=2)]: Done 100 out of 100 | elapsed:   28.1s finished
[Parallel(n_jobs=2)]: Using backend ThreadingBackend with 2 concurrent workers.
[Parallel(n_jobs=2)]: Done  37 tasks      | elapsed:   10.5s
[Parallel(n_jobs=2)]: Done 100 out of 100 | elapsed:   28.2s finished
[Parallel(n_jobs=2)]: Using backend ThreadingBackend with 2 concurrent workers.
[Parallel(n_jobs=2)]: Done  37 tasks      | elapsed:   10.4s
[Parallel(n_jobs=2)]: Done 100 out of 100 | elapsed:   28.1s finished
[Parallel(n_jobs=2)]: Using backend ThreadingBackend with 2 concurrent workers.
[Parallel(n_jobs=2)]: Done  37 tasks      | elapsed:   10.4s
[Parallel(n_jobs=2)]: Done 100 out of 100 | elapsed:   28.2s finished
[Parallel(n_jobs=2)]: Using backend ThreadingBackend with 2 concurrent workers.
[Parallel(n_jobs=2)]: Done  37 tasks      | elapsed:   10.1s
[Parallel(n_jobs=2)]: Done 100 out of 100 | elapsed:   27.8s finished
[Parallel(n_jobs=2)]: Using backend ThreadingBackend with 2 concurrent workers.
[Parallel(n_jobs=2)]: Done  37 tasks      | elapsed:   10.1s
[Parallel(n_jobs=2)]: Done 100 out of 100 | elapsed:   27.1s finished
[Parallel(n_jobs=2)]: Using backend ThreadingBackend with 2 concurrent workers.
[Parallel(n_jobs=2)]: Done  37 tasks      | elapsed:   10.2s
[Parallel(n_jobs=2)]: Done 100 out of 100 | elapsed:   27.1s finished
[Parallel(n_jobs=2)]: Using backend ThreadingBackend with 2 concurrent workers.
[Parallel(n_jobs=2)]: Done  37 tasks      | elapsed:   10.5s
[Parallel(n_jobs=2)]: Done 100 out of 100 | elapsed:   27.6s finished
[Parallel(n_jobs=2)]: Using backend ThreadingBackend with 2 concurrent workers.
[Parallel(n_jobs=2)]: Done  37 tasks      | elapsed:   10.1s
[Parallel(n_jobs=2)]: Done 100 out of 100 | elapsed:   27.7s finished
[Parallel(n_jobs=2)]: Using backend ThreadingBackend with 2 concurrent workers.
[Parallel(n_jobs=2)]: Done  37 tasks      | elapsed:   10.1s
[Parallel(n_jobs=2)]: Done 100 out of 100 | elapsed:   28.1s finished
[Parallel(n_jobs=2)]: Using backend ThreadingBackend with 2 concurrent workers.
[Parallel(n_jobs=2)]: Done  37 tasks      | elapsed:   10.3s
[Parallel(n_jobs=2)]: Done 100 out of 100 | elapsed:   27.6s finished
[Parallel(n_jobs=2)]: Using backend ThreadingBackend with 2 concurrent workers.
[Parallel(n_jobs=2)]: Done  37 tasks      | elapsed:   10.2s
[Parallel(n_jobs=2)]: Done 100 out of 100 | elapsed:   27.6s finished
[Parallel(n_jobs=2)]: Using backend ThreadingBackend with 2 concurrent workers.
[Parallel(n_jobs=2)]: Done  37 tasks      | elapsed:   10.4s
[Parallel(n_jobs=2)]: Done 100 out of 100 | elapsed:   28.1s finished
[Parallel(n_jobs=2)]: Using backend ThreadingBackend with 2 concurrent workers.
[Parallel(n_jobs=2)]: Done  37 tasks      | elapsed:   10.5s
[Parallel(n_jobs=2)]: Done 100 out of 100 | elapsed:   28.7s finished
[Parallel(n_jobs=2)]: Using backend ThreadingBackend with 2 concurrent workers.
[Parallel(n_jobs=2)]: Done  37 tasks      | elapsed:   10.2s
[Parallel(n_jobs=2)]: Done 100 out of 100 | elapsed:   27.9s finished
[Parallel(n_jobs=2)]: Using backend ThreadingBackend with 2 concurrent workers.
[Parallel(n_jobs=2)]: Done  37 tasks      | elapsed:   10.3s
[Parallel(n_jobs=2)]: Done 100 out of 100 | elapsed:   27.7s finished
[Parallel(n_jobs=2)]: Using backend ThreadingBackend with 2 concurrent workers.
[Parallel(n_jobs=2)]: Done  37 tasks      | elapsed:   10.2s
[Parallel(n_jobs=2)]: Done 100 out of 100 | elapsed:   27.9s finished
[Parallel(n_jobs=2)]: Using backend ThreadingBackend with 2 concurrent workers.
[Parallel(n_jobs=2)]: Done  37 tasks      | elapsed:   10.1s
[Parallel(n_jobs=2)]: Done 100 out of 100 | elapsed:   27.9s finished
[Parallel(n_jobs=2)]: Using backend ThreadingBackend with 2 concurrent workers.
[Parallel(n_jobs=2)]: Done  37 tasks      | elapsed:   10.6s
[Parallel(n_jobs=2)]: Done 100 out of 100 | elapsed:   27.8s finished
[Parallel(n_jobs=2)]: Using backend ThreadingBackend with 2 concurrent workers.
[Parallel(n_jobs=2)]: Done  37 tasks      | elapsed:   10.2s
[Parallel(n_jobs=2)]: Done 100 out of 100 | elapsed:   27.3s finished
[Parallel(n_jobs=2)]: Using backend ThreadingBackend with 2 concurrent workers.
[Parallel(n_jobs=2)]: Done  37 tasks      | elapsed:   10.2s
[Parallel(n_jobs=2)]: Done 100 out of 100 | elapsed:   27.6s finished
[Parallel(n_jobs=2)]: Using backend ThreadingBackend with 2 concurrent workers.
[Parallel(n_jobs=2)]: Done  37 tasks      | elapsed:   10.3s
[Parallel(n_jobs=2)]: Done 100 out of 100 | elapsed:   27.6s finished
[Parallel(n_jobs=2)]: Using backend ThreadingBackend with 2 concurrent workers.
[Parallel(n_jobs=2)]: Done  37 tasks      | elapsed:   10.1s
[Parallel(n_jobs=2)]: Done 100 out of 100 | elapsed:   27.4s finished
[Parallel(n_jobs=2)]: Using backend ThreadingBackend with 2 concurrent workers.
[Parallel(n_jobs=2)]: Done  37 tasks      | elapsed:   10.2s
[Parallel(n_jobs=2)]: Done 100 out of 100 | elapsed:   27.4s finished
[Parallel(n_jobs=2)]: Using backend ThreadingBackend with 2 concurrent workers.
[Parallel(n_jobs=2)]: Done  37 tasks      | elapsed:   10.5s
[Parallel(n_jobs=2)]: Done 100 out of 100 | elapsed:   28.3s finished
[Parallel(n_jobs=2)]: Using backend ThreadingBackend with 2 concurrent workers.
[Parallel(n_jobs=2)]: Done  37 tasks      | elapsed:   10.4s
[Parallel(n_jobs=2)]: Done 100 out of 100 | elapsed:   28.2s finished
[Parallel(n_jobs=2)]: Using backend ThreadingBackend with 2 concurrent workers.
[Parallel(n_jobs=2)]: Done  37 tasks      | elapsed:   10.3s
[Parallel(n_jobs=2)]: Done 100 out of 100 | elapsed:   27.4s finished
[Parallel(n_jobs=2)]: Using backend ThreadingBackend with 2 concurrent workers.
[Parallel(n_jobs=2)]: Done  37 tasks      | elapsed:   10.1s
[Parallel(n_jobs=2)]: Done 100 out of 100 | elapsed:   27.0s finished
[Parallel(n_jobs=2)]: Using backend ThreadingBackend with 2 concurrent workers.
[Parallel(n_jobs=2)]: Done  37 tasks      | elapsed:   10.3s
[Parallel(n_jobs=2)]: Done 100 out of 100 | elapsed:   28.0s finished
[Parallel(n_jobs=2)]: Using backend ThreadingBackend with 2 concurrent workers.
[Parallel(n_jobs=2)]: Done  37 tasks      | elapsed:   10.2s
[Parallel(n_jobs=2)]: Done 100 out of 100 | elapsed:   27.7s finished
[Parallel(n_jobs=2)]: Using backend ThreadingBackend with 2 concurrent workers.
[Parallel(n_jobs=2)]: Done  37 tasks      | elapsed:   10.1s
[Parallel(n_jobs=2)]: Done 100 out of 100 | elapsed:   27.5s finished
[Parallel(n_jobs=2)]: Using backend ThreadingBackend with 2 concurrent workers.
[Parallel(n_jobs=2)]: Done  37 tasks      | elapsed:   10.3s
[Parallel(n_jobs=2)]: Done 100 out of 100 | elapsed:   27.3s finished
[Parallel(n_jobs=2)]: Using backend ThreadingBackend with 2 concurrent workers.
[Parallel(n_jobs=2)]: Done  37 tasks      | elapsed:   10.4s
[Parallel(n_jobs=2)]: Done 100 out of 100 | elapsed:   27.6s finished
[Parallel(n_jobs=2)]: Using backend ThreadingBackend with 2 concurrent workers.
[Parallel(n_jobs=2)]: Done  37 tasks      | elapsed:   10.3s
[Parallel(n_jobs=2)]: Done 100 out of 100 | elapsed:   27.7s finished
  SRF Feature Importance:
    egfr: 0.0000
    egfr_missing: 0.0000
    potassium: 0.0000
    potassium_missing: 0.0000
    urea_nitrogen: 0.0003
    urea_nitrogen_missing: 0.0000
    sodium: 0.0000
    sodium_missing: 0.0000
    chloride: 0.0000
    chloride_missing: 0.0002
    bicarbonate: 0.0000
    bicarbonate_missing: 0.0000
    anion_gap: 0.0000
    anion_gap_missing: 0.0006
    hematocrit: 0.0000
    hematocrit_missing: 0.0000
    platelet_count: 0.0000
    platelet_count_missing: 0.0000
    hemoglobin: 0.0000
    hemoglobin_missing: 0.0000
    wbc: 0.0000
    wbc_missing: 0.0000
    mchc: 0.0000
    mchc_missing: 0.0000
    mch: 0.0000
    mch_missing: 0.0000
    rbc: 0.0000
    rbc_missing: 0.0000
    mcv: 0.0000
    mcv_missing: 0.0000
    rdw: 0.0012
    rdw_missing: 0.0030
    glucose: 0.0043
    glucose_missing: 0.0000
    calcium: 0.0018
    calcium_missing: 0.0007
    magnesium: 0.0007
    magnesium_missing: 0.0003
    phosphate: 0.0066
    phosphate_missing: 0.0029

Analyzing SURVIVAL_SVM model...
Train data path /home/minhn2/uiuc-kidney-failure/generated_data/rep5/twenty_features_heterogeneous_train_data.csv
Test data path /home/minhn2/uiuc-kidney-failure/generated_data/rep5/twenty_features_heterogeneous_test_data.csv
Number of patients: test 6521 and train 26080
Number of records: test 1613452 and train 6512638
get_last_observation_data(ExperimentScenario.TWENTY_FEATURES_HETEROGENEOUS): train 6512638 rows/26080 subjects -> 26080 rows; test 1613452 rows/6521 subjects -> 6521 rows
Loading model from /home/minhn2/uiuc-kidney-failure/generated_data/rep5/twenty_features_heterogeneous_survival_svm_model.dill
  SURVIVAL_SVM Feature Importance:
    egfr: 0.0012
    egfr_missing: 0.2372
    potassium: 0.0343
    potassium_missing: 0.6793
    urea_nitrogen: 0.0063
    urea_nitrogen_missing: 0.0519
    sodium: 0.0078
    sodium_missing: 0.6864
    chloride: 0.0019
    chloride_missing: 0.2087
    bicarbonate: 0.1625
    bicarbonate_missing: 2.9621
    anion_gap: 0.0213
    anion_gap_missing: 0.4181
    hematocrit: 0.0042
    hematocrit_missing: 0.3776
    platelet_count: 0.0006
    platelet_count_missing: 0.2964
    hemoglobin: 0.0725
    hemoglobin_missing: 0.9401
    wbc: 0.0091
    wbc_missing: 0.5890
    mchc: 0.0360
    mchc_missing: 0.5709
    mch: 0.0000
    mch_missing: 0.0000
    rbc: 0.0000
    rbc_missing: 0.0000
    mcv: 0.0028
    mcv_missing: 1.0409
    rdw: 0.0213
    rdw_missing: 0.0380
    glucose: 0.0000
    glucose_missing: 0.1355
    calcium: 0.0068
    calcium_missing: 0.0088
    magnesium: 0.1372
    magnesium_missing: 0.0291
    phosphate: 0.0336
    phosphate_missing: 0.1569

Analyzing WEIBUL model...
Train data path /home/minhn2/uiuc-kidney-failure/generated_data/rep5/twenty_features_heterogeneous_train_data.csv
Test data path /home/minhn2/uiuc-kidney-failure/generated_data/rep5/twenty_features_heterogeneous_test_data.csv
Number of patients: test 6521 and train 26080
Number of records: test 1613452 and train 6512638
get_last_observation_data(ExperimentScenario.TWENTY_FEATURES_HETEROGENEOUS): train 6512638 rows/26080 subjects -> 26080 rows; test 1613452 rows/6521 subjects -> 6521 rows
Loading model from /home/minhn2/uiuc-kidney-failure/generated_data/rep5/twenty_features_heterogeneous_weibul_model.dill
  WEIBUL Feature Importance:
    egfr: 0.0041
    egfr_missing: 0.2932
    potassium: 0.0255
    potassium_missing: 0.1420
    urea_nitrogen: 0.0024
    urea_nitrogen_missing: 0.3238
    sodium: 0.0001
    sodium_missing: 0.0301
    chloride: 0.0002
    chloride_missing: 0.0277
    bicarbonate: 0.0109
    bicarbonate_missing: 0.2379
    anion_gap: 0.0570
    anion_gap_missing: 0.9290
    hematocrit: 0.0053
    hematocrit_missing: 0.1522
    platelet_count: 0.0003
    platelet_count_missing: 0.1062
    hemoglobin: 0.0455
    hemoglobin_missing: 0.3842
    wbc: 0.0069
    wbc_missing: 0.3777
    mchc: 0.0107
    mchc_missing: 0.3566
    mch: 4.8977
    mch_missing: 2.1671
    rbc: 0.0000
    rbc_missing: 2.1671
    mcv: 0.0045
    mcv_missing: 0.4867
    rdw: 0.0068
    rdw_missing: 0.1308
    glucose: 0.0000
    glucose_missing: 0.0147
    calcium: 0.0450
    calcium_missing: 0.4229
    magnesium: 0.0476
    magnesium_missing: 0.1220
    phosphate: 0.0347
    phosphate_missing: 0.0685
Consolidated feature importance plot saved to: /home/minhn2/uiuc-kidney-failure/generated_data/rep5/twenty_features_heterogeneous_all_models_feature_importance.png
Scenario report saved to: /home/minhn2/uiuc-kidney-failure/generated_data/rep5/twenty_features_heterogeneous_shap_analysis_report.txt
COMPLETE
