rep3 analyze: four_features, eight_features; output=/home/minhn2/uiuc-kidney-failure/generated_data/rep_3
Train data path /home/minhn2/uiuc-kidney-failure/generated_data/rep_3/four_features_train_data.csv
Test data path /home/minhn2/uiuc-kidney-failure/generated_data/rep_3/four_features_test_data.csv
Number of patients: test 270 and train 1079
Number of records: test 2304 and train 9363
================================================================================
SUBGROUP PERFORMANCE ANALYSIS - FOUR_FEATURES
================================================================================
Subgroup PERFORMANCE, not a fairness evaluation — see this module's docstring.

train: 9363 lab-event rows -> 1079 patients, 812 events (patient-level event rate 0.7525)
test: 2304 lab-event rows -> 270 patients, 203 events (patient-level event rate 0.7519)
IPCW censoring reference: the full training cohort (1079 patients), not a per-group one; evaluation capped at 4333.0 days (training follow-up 4333.0 days).

Patient metadata join:
  270 held-out patients; 0 with no patients.csv row
  Age variable — anchor_age from patients.csv — the patient's age in their MIMIC anchor year, NOT their age at the prediction landmark; the exported scenario CSVs carry no absolute timestamp, so landmark age is not derivable here
  Time from each patient's first lab record to their prediction landmark: median 0.021 y, p90 4.349 y, max 10.068 y — the landmark can sit this far from the anchor year the age is measured at.
  Race — most frequently recorded race across the patient's admissions, ties broken by earliest admission; patients with no recorded value are kept as UNKNOWN/NOT RECORDED
    269/270 patients have a recorded race; 1 retained as unknown; 15 have more than one recorded value across admissions; 15 admission rows carry declined/unobtainable/unknown.
Loading model from /home/minhn2/uiuc-kidney-failure/generated_data/rep_3/four_features_cox_model.dill
Train data path /home/minhn2/uiuc-kidney-failure/generated_data/rep_3/four_features_train_data.csv
Test data path /home/minhn2/uiuc-kidney-failure/generated_data/rep_3/four_features_test_data.csv
Number of patients: test 270 and train 1079
Number of records: test 2304 and train 9363
get_last_observation_data(ExperimentScenario.FOUR_FEATURES): train 9363 rows/1079 subjects -> 1079 rows; test 2304 rows/270 subjects -> 270 rows
Loading model from /home/minhn2/uiuc-kidney-failure/generated_data/rep_3/four_features_cox_model.dill
Train data path /home/minhn2/uiuc-kidney-failure/generated_data/rep_3/four_features_train_data.csv
Test data path /home/minhn2/uiuc-kidney-failure/generated_data/rep_3/four_features_test_data.csv
Number of patients: test 270 and train 1079
Number of records: test 2304 and train 9363
get_last_observation_data(ExperimentScenario.FOUR_FEATURES): train 9363 rows/1079 subjects -> 1079 rows; test 2304 rows/270 subjects -> 270 rows
Train data path /home/minhn2/uiuc-kidney-failure/generated_data/rep_3/four_features_train_data.csv
Test data path /home/minhn2/uiuc-kidney-failure/generated_data/rep_3/four_features_test_data.csv
Number of patients: test 270 and train 1079
Number of records: test 2304 and train 9363
Train data path /home/minhn2/uiuc-kidney-failure/generated_data/rep_3/four_features_train_data.csv
Test data path /home/minhn2/uiuc-kidney-failure/generated_data/rep_3/four_features_test_data.csv
Number of patients: test 270 and train 1079
Number of records: test 2304 and train 9363
Train data path /home/minhn2/uiuc-kidney-failure/generated_data/rep_3/four_features_train_data.csv
Test data path /home/minhn2/uiuc-kidney-failure/generated_data/rep_3/four_features_test_data.csv
Number of patients: test 270 and train 1079
Number of records: test 2304 and train 9363
Train data path /home/minhn2/uiuc-kidney-failure/generated_data/rep_3/four_features_train_data.csv
Test data path /home/minhn2/uiuc-kidney-failure/generated_data/rep_3/four_features_test_data.csv
Number of patients: test 270 and train 1079
Number of records: test 2304 and train 9363
Train data path /home/minhn2/uiuc-kidney-failure/generated_data/rep_3/four_features_train_data.csv
Test data path /home/minhn2/uiuc-kidney-failure/generated_data/rep_3/four_features_test_data.csv
Number of patients: test 270 and train 1079
Number of records: test 2304 and train 9363
Train data path /home/minhn2/uiuc-kidney-failure/generated_data/rep_3/four_features_train_data.csv
Test data path /home/minhn2/uiuc-kidney-failure/generated_data/rep_3/four_features_test_data.csv
Number of patients: test 270 and train 1079
Number of records: test 2304 and train 9363
Train data path /home/minhn2/uiuc-kidney-failure/generated_data/rep_3/four_features_train_data.csv
Test data path /home/minhn2/uiuc-kidney-failure/generated_data/rep_3/four_features_test_data.csv
Number of patients: test 270 and train 1079
Number of records: test 2304 and train 9363
get_last_observation_data(ExperimentScenario.FOUR_FEATURES): train 9363 rows/1079 subjects -> 1079 rows; test 2304 rows/270 subjects -> 270 rows
Train data path /home/minhn2/uiuc-kidney-failure/generated_data/rep_3/four_features_train_data.csv
Test data path /home/minhn2/uiuc-kidney-failure/generated_data/rep_3/four_features_test_data.csv
Number of patients: test 270 and train 1079
Number of records: test 2304 and train 9363
get_last_observation_data(ExperimentScenario.FOUR_FEATURES): train 9363 rows/1079 subjects -> 1079 rows; test 2304 rows/270 subjects -> 270 rows
Train data path /home/minhn2/uiuc-kidney-failure/generated_data/rep_3/four_features_train_data.csv
Test data path /home/minhn2/uiuc-kidney-failure/generated_data/rep_3/four_features_test_data.csv
Number of patients: test 270 and train 1079
Number of records: test 2304 and train 9363
get_last_observation_data(ExperimentScenario.FOUR_FEATURES): train 9363 rows/1079 subjects -> 1079 rows; test 2304 rows/270 subjects -> 270 rows
Train data path /home/minhn2/uiuc-kidney-failure/generated_data/rep_3/four_features_train_data.csv
Test data path /home/minhn2/uiuc-kidney-failure/generated_data/rep_3/four_features_test_data.csv
Number of patients: test 270 and train 1079
Number of records: test 2304 and train 9363
get_last_observation_data(ExperimentScenario.FOUR_FEATURES): train 9363 rows/1079 subjects -> 1079 rows; test 2304 rows/270 subjects -> 270 rows
Loading model from /home/minhn2/uiuc-kidney-failure/generated_data/rep_3/four_features_gbsa_model.dill
Train data path /home/minhn2/uiuc-kidney-failure/generated_data/rep_3/four_features_train_data.csv
Test data path /home/minhn2/uiuc-kidney-failure/generated_data/rep_3/four_features_test_data.csv
Number of patients: test 270 and train 1079
Number of records: test 2304 and train 9363
get_last_observation_data(ExperimentScenario.FOUR_FEATURES): train 9363 rows/1079 subjects -> 1079 rows; test 2304 rows/270 subjects -> 270 rows
Loading model from /home/minhn2/uiuc-kidney-failure/generated_data/rep_3/four_features_gbsa_model.dill
Train data path /home/minhn2/uiuc-kidney-failure/generated_data/rep_3/four_features_train_data.csv
Test data path /home/minhn2/uiuc-kidney-failure/generated_data/rep_3/four_features_test_data.csv
Number of patients: test 270 and train 1079
Number of records: test 2304 and train 9363
get_last_observation_data(ExperimentScenario.FOUR_FEATURES): train 9363 rows/1079 subjects -> 1079 rows; test 2304 rows/270 subjects -> 270 rows
Loading model from /home/minhn2/uiuc-kidney-failure/generated_data/rep_3/four_features_srf_model.dill
Train data path /home/minhn2/uiuc-kidney-failure/generated_data/rep_3/four_features_train_data.csv
Test data path /home/minhn2/uiuc-kidney-failure/generated_data/rep_3/four_features_test_data.csv
Number of patients: test 270 and train 1079
Number of records: test 2304 and train 9363
get_last_observation_data(ExperimentScenario.FOUR_FEATURES): train 9363 rows/1079 subjects -> 1079 rows; test 2304 rows/270 subjects -> 270 rows
[Parallel(n_jobs=2)]: Using backend ThreadingBackend with 2 concurrent workers.
[Parallel(n_jobs=2)]: Done  37 tasks      | elapsed:    0.0s
[Parallel(n_jobs=2)]: Done 100 out of 100 | elapsed:    0.0s finished
[Parallel(n_jobs=2)]: Using backend ThreadingBackend with 2 concurrent workers.
[Parallel(n_jobs=2)]: Done  37 tasks      | elapsed:    0.0s
[Parallel(n_jobs=2)]: Done 100 out of 100 | elapsed:    0.0s finished
Loading model from /home/minhn2/uiuc-kidney-failure/generated_data/rep_3/four_features_srf_model.dill
Train data path /home/minhn2/uiuc-kidney-failure/generated_data/rep_3/four_features_train_data.csv
Test data path /home/minhn2/uiuc-kidney-failure/generated_data/rep_3/four_features_test_data.csv
Number of patients: test 270 and train 1079
Number of records: test 2304 and train 9363
get_last_observation_data(ExperimentScenario.FOUR_FEATURES): train 9363 rows/1079 subjects -> 1079 rows; test 2304 rows/270 subjects -> 270 rows
[Parallel(n_jobs=2)]: Using backend ThreadingBackend with 2 concurrent workers.
[Parallel(n_jobs=2)]: Done  37 tasks      | elapsed:    0.1s
[Parallel(n_jobs=2)]: Done 100 out of 100 | elapsed:    0.3s finished
[Parallel(n_jobs=2)]: Using backend ThreadingBackend with 2 concurrent workers.
[Parallel(n_jobs=2)]: Done  37 tasks      | elapsed:    0.1s
[Parallel(n_jobs=2)]: Done 100 out of 100 | elapsed:    0.2s finished
Loading model from /home/minhn2/uiuc-kidney-failure/generated_data/rep_3/four_features_survival_svm_model.dill
Train data path /home/minhn2/uiuc-kidney-failure/generated_data/rep_3/four_features_train_data.csv
Test data path /home/minhn2/uiuc-kidney-failure/generated_data/rep_3/four_features_test_data.csv
Number of patients: test 270 and train 1079
Number of records: test 2304 and train 9363
get_last_observation_data(ExperimentScenario.FOUR_FEATURES): train 9363 rows/1079 subjects -> 1079 rows; test 2304 rows/270 subjects -> 270 rows
Loading model from /home/minhn2/uiuc-kidney-failure/generated_data/rep_3/four_features_survival_svm_model.dill
Train data path /home/minhn2/uiuc-kidney-failure/generated_data/rep_3/four_features_train_data.csv
Test data path /home/minhn2/uiuc-kidney-failure/generated_data/rep_3/four_features_test_data.csv
Number of patients: test 270 and train 1079
Number of records: test 2304 and train 9363
get_last_observation_data(ExperimentScenario.FOUR_FEATURES): train 9363 rows/1079 subjects -> 1079 rows; test 2304 rows/270 subjects -> 270 rows
Loading model from /home/minhn2/uiuc-kidney-failure/generated_data/rep_3/four_features_weibul_model.dill
Train data path /home/minhn2/uiuc-kidney-failure/generated_data/rep_3/four_features_train_data.csv
Test data path /home/minhn2/uiuc-kidney-failure/generated_data/rep_3/four_features_test_data.csv
Number of patients: test 270 and train 1079
Number of records: test 2304 and train 9363
get_last_observation_data(ExperimentScenario.FOUR_FEATURES): train 9363 rows/1079 subjects -> 1079 rows; test 2304 rows/270 subjects -> 270 rows
Loading model from /home/minhn2/uiuc-kidney-failure/generated_data/rep_3/four_features_weibul_model.dill
Train data path /home/minhn2/uiuc-kidney-failure/generated_data/rep_3/four_features_train_data.csv
Test data path /home/minhn2/uiuc-kidney-failure/generated_data/rep_3/four_features_test_data.csv
Number of patients: test 270 and train 1079
Number of records: test 2304 and train 9363
get_last_observation_data(ExperimentScenario.FOUR_FEATURES): train 9363 rows/1079 subjects -> 1079 rows; test 2304 rows/270 subjects -> 270 rows
Train data path /home/minhn2/uiuc-kidney-failure/generated_data/rep_3/four_features_train_data.csv
Test data path /home/minhn2/uiuc-kidney-failure/generated_data/rep_3/four_features_test_data.csv
Number of patients: test 270 and train 1079
Number of records: test 2304 and train 9363
get_last_observation_data(ExperimentScenario.FOUR_FEATURES): train 9363 rows/1079 subjects -> 1079 rows; test 2304 rows/270 subjects -> 270 rows
Train data path /home/minhn2/uiuc-kidney-failure/generated_data/rep_3/four_features_train_data.csv
Test data path /home/minhn2/uiuc-kidney-failure/generated_data/rep_3/four_features_test_data.csv
Number of patients: test 270 and train 1079
Number of records: test 2304 and train 9363
get_last_observation_data(ExperimentScenario.FOUR_FEATURES): train 9363 rows/1079 subjects -> 1079 rows; test 2304 rows/270 subjects -> 270 rows

Group composition (patients / events / event proportion):

--- Age group (anchor_age bins — see patient_metadata: NOT landmark age) ---
  18-45                    n=27    events=25    event_rate=0.9259
  46-65                    n=103   events=79    event_rate=0.7670
  66-85                    n=129   events=93    event_rate=0.7209
  >85                      n=11    events=6     event_rate=0.5455   [metrics not computed: needs >= 20 patients and >= 5 events]

--- Sex as recorded in patients.csv ---
  F                        n=113   events=90    event_rate=0.7965
  M                        n=157   events=113   event_rate=0.7197

--- Race (collapsed from admissions.csv ethnicity; unknown retained) ---
  ASIAN                    n=19    events=16    event_rate=0.8421   [metrics not computed: needs >= 20 patients and >= 5 events]
  BLACK                    n=70    events=56    event_rate=0.8000
  HISPANIC/LATINO          n=22    events=14    event_rate=0.6364
  MULTIPLE RACE/ETHNICITY  n=1     events=0     event_rate=0.0000   [metrics not computed: needs >= 20 patients and >= 5 events]
  OTHER                    n=2     events=2     event_rate=1.0000   [metrics not computed: needs >= 20 patients and >= 5 events]
  SOUTH AMERICAN           n=1     events=1     event_rate=1.0000   [metrics not computed: needs >= 20 patients and >= 5 events]
  UNKNOWN/NOT RECORDED     n=1     events=1     event_rate=1.0000   [metrics not computed: needs >= 20 patients and >= 5 events]
  WHITE                    n=154   events=113   event_rate=0.7338

Per-group performance, 1000 within-group bootstrap resamples, 95% percentile intervals:
  C-index and mean time-dependent AUC: higher is better. Integrated Brier (0-730d): lower is better.

=== Age group (anchor_age bins — see patient_metadata: NOT landmark age) ===

  [18-45] n=27 events=25
    Cox                  c_index=0.5532 [0.4079, 0.6937]  brier=0.2104 [0.166, 0.2694] [native]  auc=0.5612 [0.3694, 0.7682]
    Dynamic DeepHit      c_index=0.9149 [0.8434, 0.9777]  brier=0.0799 [0.047, 0.1192] [native]  auc=0.9642 [0.8891, 0.9982]
    Hazard Transformer   c_index=0.5603 [0.4047, 0.7132]  brier=0.2112 [0.1449, 0.3033] [native]  auc=0.5955 [0.3584, 0.8066]
    Logistic Hazard      c_index=0.539 [0.4084, 0.6615]  brier=0.2457 [0.1889, 0.3129] [native]  auc=0.5436 [0.3545, 0.7359]
    RNN-Surv             c_index=0.4574 [0.3094, 0.6255]  brier=0.6351 [0.5042, 0.7471] [native]  auc=0.3718 [0.1825, 0.5826]
    DeepSurv             c_index=0.3936 [0.2167, 0.5804]  brier=0.2533 [0.2255, 0.2798] [fitted-conversion]  auc=0.3876 [0.1644, 0.6014]
    GBSA                 c_index=0.5443 [0.3992, 0.6901]  brier=0.2368 [0.2077, 0.2686] [native]  auc=0.5418 [0.3169, 0.7415]
    Survival RF          c_index=0.5532 [0.41, 0.6901]  brier=0.2272 [0.1905, 0.2668] [native]  auc=0.5597 [0.3558, 0.7499]
    Survival SVM         c_index=0.5284 [0.3939, 0.6561]  brier=0.2331 [0.1818, 0.2937] [fitted-conversion]  auc=0.5495 [0.3547, 0.7473]
    Weibull AFT          c_index=0.5319 [0.3985, 0.6621]  brier=0.2104 [0.1593, 0.2777] [native]  auc=0.5457 [0.3493, 0.7433]
    KFRE                 c_index=0.5851 [0.4346, 0.7299]  brier=0.4332 [0.2735, 0.6] [fitted-conversion]  auc=0.5841 [0.3874, 0.7898]

  [46-65] n=103 events=79
    Cox                  c_index=0.5036 [0.428, 0.5799]  brier=0.2846 [0.2467, 0.3237] [native]  auc=0.5127 [0.403, 0.6198]
    Dynamic DeepHit      c_index=0.8177 [0.7588, 0.8654]  brier=0.1433 [0.1055, 0.1868] [native]  auc=0.9406 [0.8841, 0.9723]
    Hazard Transformer   c_index=0.5313 [0.4595, 0.5966]  brier=0.3299 [0.2756, 0.3862] [native]  auc=0.5682 [0.4547, 0.6693]
    Logistic Hazard      c_index=0.5464 [0.4765, 0.6205]  brier=0.2956 [0.2522, 0.3401] [native]  auc=0.5731 [0.4609, 0.6759]
    RNN-Surv             c_index=0.5689 [0.4917, 0.6405]  brier=0.387 [0.3181, 0.458] [native]  auc=0.5689 [0.4539, 0.6651]
    DeepSurv             c_index=0.5648 [0.4792, 0.6393]  brier=0.2586 [0.2379, 0.2777] [fitted-conversion]  auc=0.5707 [0.4518, 0.6717]
    GBSA                 c_index=0.4863 [0.4121, 0.5652]  brier=0.2599 [0.2367, 0.2818] [native]  auc=0.4799 [0.3718, 0.5928]
    Survival RF          c_index=0.5129 [0.4351, 0.5925]  brier=0.263 [0.2366, 0.2885] [native]  auc=0.5086 [0.4032, 0.6179]
    Survival SVM         c_index=0.5133 [0.4365, 0.5976]  brier=0.2787 [0.2428, 0.312] [fitted-conversion]  auc=0.5177 [0.402, 0.6266]
    Weibull AFT          c_index=0.5163 [0.4398, 0.5976]  brier=0.2888 [0.2482, 0.3308] [native]  auc=0.5223 [0.4065, 0.6294]
    KFRE                 c_index=0.4871 [0.4135, 0.5623]  brier=0.4943 [0.405, 0.5809] [fitted-conversion]  auc=0.4947 [0.3851, 0.6027]

  [66-85] n=129 events=93
    Cox                  c_index=0.5803 [0.5047, 0.6536]  brier=0.2374 [0.2046, 0.271] [native]  auc=0.5929 [0.4908, 0.694]
    Dynamic DeepHit      c_index=0.8711 [0.8332, 0.9066]  brier=0.1087 [0.0796, 0.1418] [native]  auc=0.9629 [0.929, 0.9813]
    Hazard Transformer   c_index=0.6167 [0.5412, 0.6879]  brier=0.2682 [0.2212, 0.3162] [native]  auc=0.6873 [0.5834, 0.7799]
    Logistic Hazard      c_index=0.5991 [0.526, 0.6671]  brier=0.235 [0.2044, 0.2677] [native]  auc=0.6159 [0.509, 0.7141]
    RNN-Surv             c_index=0.557 [0.4872, 0.6248]  brier=0.4245 [0.3605, 0.4852] [native]  auc=0.5425 [0.4481, 0.6392]
    DeepSurv             c_index=0.5421 [0.4732, 0.6167]  brier=0.235 [0.2136, 0.2531] [fitted-conversion]  auc=0.5456 [0.4468, 0.6439]
    GBSA                 c_index=0.5456 [0.4653, 0.6213]  brier=0.2337 [0.2134, 0.254] [native]  auc=0.5566 [0.4513, 0.6605]
    Survival RF          c_index=0.5556 [0.473, 0.6359]  brier=0.2273 [0.2054, 0.2494] [native]  auc=0.5638 [0.4657, 0.6705]
    Survival SVM         c_index=0.5741 [0.4992, 0.6502]  brier=0.234 [0.2086, 0.2605] [fitted-conversion]  auc=0.5919 [0.491, 0.6898]
    Weibull AFT          c_index=0.5635 [0.4902, 0.6401]  brier=0.2395 [0.2047, 0.2745] [native]  auc=0.584 [0.4843, 0.6808]
    KFRE                 c_index=0.5721 [0.4972, 0.6463]  brier=0.3987 [0.3279, 0.4727] [fitted-conversion]  auc=0.5828 [0.4765, 0.6884]

=== Sex as recorded in patients.csv ===

  [F] n=113 events=90
    Cox                  c_index=0.5554 [0.482, 0.6284]  brier=0.2608 [0.2227, 0.2991] [native]  auc=0.56 [0.4546, 0.6596]
    Dynamic DeepHit      c_index=0.8446 [0.7962, 0.8868]  brier=0.137 [0.1026, 0.1732] [native]  auc=0.947 [0.9016, 0.9708]
    Hazard Transformer   c_index=0.605 [0.5366, 0.6685]  brier=0.297 [0.2434, 0.3528] [native]  auc=0.6703 [0.5658, 0.7623]
    Logistic Hazard      c_index=0.5454 [0.4773, 0.6142]  brier=0.2687 [0.2296, 0.3085] [native]  auc=0.543 [0.4351, 0.6424]
    RNN-Surv             c_index=0.522 [0.4507, 0.5905]  brier=0.4168 [0.349, 0.4865] [native]  auc=0.5025 [0.4025, 0.6033]
    DeepSurv             c_index=0.5357 [0.4615, 0.608]  brier=0.251 [0.2303, 0.2707] [fitted-conversion]  auc=0.5323 [0.4272, 0.6301]
    GBSA                 c_index=0.5399 [0.4686, 0.6111]  brier=0.2504 [0.2286, 0.2709] [native]  auc=0.5399 [0.441, 0.6436]
    Survival RF          c_index=0.5571 [0.4849, 0.6325]  brier=0.2465 [0.2223, 0.2702] [native]  auc=0.5498 [0.4533, 0.6531]
    Survival SVM         c_index=0.5406 [0.4631, 0.6179]  brier=0.2603 [0.2283, 0.2919] [fitted-conversion]  auc=0.5348 [0.4265, 0.6364]
    Weibull AFT          c_index=0.5412 [0.4643, 0.6173]  brier=0.2653 [0.2247, 0.3066] [native]  auc=0.5383 [0.4269, 0.6418]
    KFRE                 c_index=0.5412 [0.4709, 0.6163]  brier=0.4545 [0.3767, 0.5361] [fitted-conversion]  auc=0.5453 [0.445, 0.6475]

  [M] n=157 events=113
    Cox                  c_index=0.5291 [0.464, 0.5936]  brier=0.2389 [0.2075, 0.2708] [native]  auc=0.534 [0.4435, 0.6222]
    Dynamic DeepHit      c_index=0.8635 [0.8304, 0.8955]  brier=0.107 [0.0836, 0.1324] [native]  auc=0.9603 [0.9316, 0.9767]
    Hazard Transformer   c_index=0.5611 [0.4936, 0.6286]  brier=0.2666 [0.2232, 0.3115] [native]  auc=0.5961 [0.504, 0.6868]
    Logistic Hazard      c_index=0.5803 [0.5165, 0.6385]  brier=0.2442 [0.2118, 0.2781] [native]  auc=0.6152 [0.5305, 0.6956]
    RNN-Surv             c_index=0.5354 [0.4721, 0.5916]  brier=0.4436 [0.3827, 0.5013] [native]  auc=0.5131 [0.4226, 0.5971]
    DeepSurv             c_index=0.5281 [0.4554, 0.5899]  brier=0.2366 [0.2174, 0.2539] [fitted-conversion]  auc=0.533 [0.4399, 0.6163]
    GBSA                 c_index=0.5211 [0.4522, 0.5843]  brier=0.2352 [0.2159, 0.2536] [native]  auc=0.529 [0.4384, 0.6225]
    Survival RF          c_index=0.5262 [0.4593, 0.5928]  brier=0.2336 [0.2116, 0.2544] [native]  auc=0.5348 [0.4426, 0.6208]
    Survival SVM         c_index=0.551 [0.4861, 0.6184]  brier=0.2445 [0.2189, 0.2685] [fitted-conversion]  auc=0.5624 [0.4753, 0.6465]
    Weibull AFT          c_index=0.5481 [0.4826, 0.613]  brier=0.24 [0.2072, 0.2731] [native]  auc=0.5593 [0.4722, 0.6421]
    KFRE                 c_index=0.5275 [0.4671, 0.5916]  brier=0.4349 [0.3651, 0.5044] [fitted-conversion]  auc=0.5337 [0.447, 0.6206]

=== Race (collapsed from admissions.csv ethnicity; unknown retained) ===

  [BLACK] n=70 events=56
    Cox                  c_index=0.4541 [0.3593, 0.554]  brier=0.2788 [0.2326, 0.3285] [native]  auc=0.4558 [0.3183, 0.5882]
    Dynamic DeepHit      c_index=0.8297 [0.7638, 0.8808]  brier=0.1455 [0.1019, 0.2026] [native]  auc=0.9429 [0.8802, 0.9783]
    Hazard Transformer   c_index=0.556 [0.4709, 0.6421]  brier=0.3152 [0.2474, 0.3858] [native]  auc=0.6111 [0.4799, 0.7333]
    Logistic Hazard      c_index=0.5134 [0.4224, 0.6085]  brier=0.2972 [0.2472, 0.3526] [native]  auc=0.5338 [0.3965, 0.6639]
    RNN-Surv             c_index=0.5408 [0.4428, 0.637]  brier=0.4264 [0.3431, 0.5231] [native]  auc=0.5172 [0.3857, 0.6575]
    DeepSurv             c_index=0.5879 [0.4924, 0.6771]  brier=0.2578 [0.2355, 0.2798] [fitted-conversion]  auc=0.5837 [0.456, 0.7062]
    GBSA                 c_index=0.519 [0.4259, 0.6181]  brier=0.262 [0.2375, 0.2886] [native]  auc=0.5128 [0.3767, 0.6553]
    Survival RF          c_index=0.519 [0.4141, 0.6248]  brier=0.2618 [0.2333, 0.2937] [native]  auc=0.5154 [0.3818, 0.6489]
    Survival SVM         c_index=0.4947 [0.4035, 0.59]  brier=0.2886 [0.247, 0.3357] [fitted-conversion]  auc=0.4975 [0.3627, 0.6263]
    Weibull AFT          c_index=0.4967 [0.4028, 0.5916]  brier=0.2815 [0.233, 0.333] [native]  auc=0.4936 [0.3527, 0.6304]
    KFRE                 c_index=0.4445 [0.3494, 0.548]  brier=0.5359 [0.4299, 0.6529] [fitted-conversion]  auc=0.4444 [0.3119, 0.5753]

  [HISPANIC/LATINO] n=22 events=14
    Cox                  c_index=0.462 [0.2624, 0.6801]  brier=0.2087 [0.1412, 0.29] [native]  auc=0.473 [0.209, 0.7646]
    Dynamic DeepHit      c_index=0.8797 [0.7656, 0.971]  brier=0.0867 [0.0368, 0.142] [native]  auc=0.9572 [0.8424, 1.0]
    Hazard Transformer   c_index=0.5696 [0.388, 0.7501]  brier=0.2251 [0.1315, 0.3435] [native]  auc=0.6658 [0.4108, 0.8563]
    Logistic Hazard      c_index=0.4367 [0.2269, 0.6364]  brier=0.2029 [0.1335, 0.2898] [native]  auc=0.4713 [0.2196, 0.7229]
    RNN-Surv             c_index=0.4241 [0.25, 0.6087]  brier=0.4055 [0.2466, 0.562] [native]  auc=0.3455 [0.1432, 0.6218]
    DeepSurv             c_index=0.4494 [0.2721, 0.633]  brier=0.2113 [0.1606, 0.2598] [fitted-conversion]  auc=0.4152 [0.1873, 0.6825]
    GBSA                 c_index=0.4778 [0.2842, 0.6923]  brier=0.2071 [0.1534, 0.2582] [native]  auc=0.5261 [0.2767, 0.7767]
    Survival RF          c_index=0.5127 [0.3088, 0.7296]  brier=0.2052 [0.1494, 0.2628] [native]  auc=0.5493 [0.2924, 0.7938]
    Survival SVM         c_index=0.5253 [0.3046, 0.7501]  brier=0.1994 [0.1409, 0.2621] [fitted-conversion]  auc=0.576 [0.3168, 0.844]
    Weibull AFT          c_index=0.462 [0.2657, 0.687]  brier=0.2108 [0.1388, 0.2961] [native]  auc=0.4941 [0.2398, 0.7743]
    KFRE                 c_index=0.4747 [0.2761, 0.6952]  brier=0.3822 [0.2176, 0.5574] [fitted-conversion]  auc=0.5086 [0.2373, 0.7855]

  [WHITE] n=154 events=113
    Cox                  c_index=0.5846 [0.5234, 0.6518]  brier=0.2326 [0.2014, 0.2645] [native]  auc=0.6018 [0.5145, 0.693]
    Dynamic DeepHit      c_index=0.866 [0.8263, 0.8985]  brier=0.1108 [0.0844, 0.1409] [native]  auc=0.9583 [0.9227, 0.9766]
    Hazard Transformer   c_index=0.5856 [0.5239, 0.6573]  brier=0.2606 [0.2158, 0.3076] [native]  auc=0.6295 [0.5384, 0.7181]
    Logistic Hazard      c_index=0.6069 [0.5439, 0.664]  brier=0.2329 [0.2037, 0.2662] [native]  auc=0.6386 [0.544, 0.7233]
    RNN-Surv             c_index=0.5158 [0.4532, 0.5778]  brier=0.4326 [0.3655, 0.4937] [native]  auc=0.5121 [0.4271, 0.5973]
    DeepSurv             c_index=0.5095 [0.4461, 0.5766]  brier=0.2338 [0.2149, 0.2512] [fitted-conversion]  auc=0.5232 [0.4365, 0.6158]
    GBSA                 c_index=0.5356 [0.4712, 0.6058]  brier=0.2319 [0.2123, 0.2505] [native]  auc=0.5411 [0.4589, 0.634]
    Survival RF          c_index=0.5342 [0.4658, 0.6079]  brier=0.2302 [0.2093, 0.2507] [native]  auc=0.5298 [0.4445, 0.6212]
    Survival SVM         c_index=0.5697 [0.5023, 0.6428]  brier=0.2386 [0.2151, 0.2634] [fitted-conversion]  auc=0.5733 [0.4862, 0.6648]
    Weibull AFT          c_index=0.5611 [0.4909, 0.6355]  brier=0.2352 [0.2018, 0.2692] [native]  auc=0.5698 [0.4786, 0.6632]
    KFRE                 c_index=0.5765 [0.516, 0.6414]  brier=0.4066 [0.3296, 0.4799] [fitted-conversion]  auc=0.5877 [0.4946, 0.6803]
Subgroup report saved to: /home/minhn2/uiuc-kidney-failure/generated_data/rep_3/four_features_subgroup_performance_report.txt
Train data path /home/minhn2/uiuc-kidney-failure/generated_data/rep_3/eight_features_train_data.csv
Test data path /home/minhn2/uiuc-kidney-failure/generated_data/rep_3/eight_features_test_data.csv
Number of patients: test 107 and train 425
Number of records: test 416 and train 1498
================================================================================
SUBGROUP PERFORMANCE ANALYSIS - EIGHT_FEATURES
================================================================================
Subgroup PERFORMANCE, not a fairness evaluation — see this module's docstring.

train: 1498 lab-event rows -> 425 patients, 327 events (patient-level event rate 0.7694)
test: 416 lab-event rows -> 107 patients, 82 events (patient-level event rate 0.7664)
IPCW censoring reference: the full training cohort (425 patients), not a per-group one; evaluation capped at 3164.4 days (training follow-up 3164.4 days).

Patient metadata join:
  107 held-out patients; 0 with no patients.csv row
  Age variable — anchor_age from patients.csv — the patient's age in their MIMIC anchor year, NOT their age at the prediction landmark; the exported scenario CSVs carry no absolute timestamp, so landmark age is not derivable here
  Time from each patient's first lab record to their prediction landmark: median 0.002 y, p90 2.023 y, max 6.949 y — the landmark can sit this far from the anchor year the age is measured at.
  Race — most frequently recorded race across the patient's admissions, ties broken by earliest admission; patients with no recorded value are kept as UNKNOWN/NOT RECORDED
    107/107 patients have a recorded race; 0 retained as unknown; 10 have more than one recorded value across admissions; 3 admission rows carry declined/unobtainable/unknown.
Loading model from /home/minhn2/uiuc-kidney-failure/generated_data/rep_3/eight_features_cox_model.dill
Train data path /home/minhn2/uiuc-kidney-failure/generated_data/rep_3/eight_features_train_data.csv
Test data path /home/minhn2/uiuc-kidney-failure/generated_data/rep_3/eight_features_test_data.csv
Number of patients: test 107 and train 425
Number of records: test 416 and train 1498
get_last_observation_data(ExperimentScenario.EIGHT_FEATURES): train 1498 rows/425 subjects -> 425 rows; test 416 rows/107 subjects -> 107 rows
Loading model from /home/minhn2/uiuc-kidney-failure/generated_data/rep_3/eight_features_cox_model.dill
Train data path /home/minhn2/uiuc-kidney-failure/generated_data/rep_3/eight_features_train_data.csv
Test data path /home/minhn2/uiuc-kidney-failure/generated_data/rep_3/eight_features_test_data.csv
Number of patients: test 107 and train 425
Number of records: test 416 and train 1498
get_last_observation_data(ExperimentScenario.EIGHT_FEATURES): train 1498 rows/425 subjects -> 425 rows; test 416 rows/107 subjects -> 107 rows
Train data path /home/minhn2/uiuc-kidney-failure/generated_data/rep_3/eight_features_train_data.csv
Test data path /home/minhn2/uiuc-kidney-failure/generated_data/rep_3/eight_features_test_data.csv
Number of patients: test 107 and train 425
Number of records: test 416 and train 1498
Train data path /home/minhn2/uiuc-kidney-failure/generated_data/rep_3/eight_features_train_data.csv
Test data path /home/minhn2/uiuc-kidney-failure/generated_data/rep_3/eight_features_test_data.csv
Number of patients: test 107 and train 425
Number of records: test 416 and train 1498
Train data path /home/minhn2/uiuc-kidney-failure/generated_data/rep_3/eight_features_train_data.csv
Test data path /home/minhn2/uiuc-kidney-failure/generated_data/rep_3/eight_features_test_data.csv
Number of patients: test 107 and train 425
Number of records: test 416 and train 1498
Train data path /home/minhn2/uiuc-kidney-failure/generated_data/rep_3/eight_features_train_data.csv
Test data path /home/minhn2/uiuc-kidney-failure/generated_data/rep_3/eight_features_test_data.csv
Number of patients: test 107 and train 425
Number of records: test 416 and train 1498
Train data path /home/minhn2/uiuc-kidney-failure/generated_data/rep_3/eight_features_train_data.csv
Test data path /home/minhn2/uiuc-kidney-failure/generated_data/rep_3/eight_features_test_data.csv
Number of patients: test 107 and train 425
Number of records: test 416 and train 1498
Train data path /home/minhn2/uiuc-kidney-failure/generated_data/rep_3/eight_features_train_data.csv
Test data path /home/minhn2/uiuc-kidney-failure/generated_data/rep_3/eight_features_test_data.csv
Number of patients: test 107 and train 425
Number of records: test 416 and train 1498
Train data path /home/minhn2/uiuc-kidney-failure/generated_data/rep_3/eight_features_train_data.csv
Test data path /home/minhn2/uiuc-kidney-failure/generated_data/rep_3/eight_features_test_data.csv
Number of patients: test 107 and train 425
Number of records: test 416 and train 1498
get_last_observation_data(ExperimentScenario.EIGHT_FEATURES): train 1498 rows/425 subjects -> 425 rows; test 416 rows/107 subjects -> 107 rows
Train data path /home/minhn2/uiuc-kidney-failure/generated_data/rep_3/eight_features_train_data.csv
Test data path /home/minhn2/uiuc-kidney-failure/generated_data/rep_3/eight_features_test_data.csv
Number of patients: test 107 and train 425
Number of records: test 416 and train 1498
get_last_observation_data(ExperimentScenario.EIGHT_FEATURES): train 1498 rows/425 subjects -> 425 rows; test 416 rows/107 subjects -> 107 rows
Train data path /home/minhn2/uiuc-kidney-failure/generated_data/rep_3/eight_features_train_data.csv
Test data path /home/minhn2/uiuc-kidney-failure/generated_data/rep_3/eight_features_test_data.csv
Number of patients: test 107 and train 425
Number of records: test 416 and train 1498
get_last_observation_data(ExperimentScenario.EIGHT_FEATURES): train 1498 rows/425 subjects -> 425 rows; test 416 rows/107 subjects -> 107 rows
Train data path /home/minhn2/uiuc-kidney-failure/generated_data/rep_3/eight_features_train_data.csv
Test data path /home/minhn2/uiuc-kidney-failure/generated_data/rep_3/eight_features_test_data.csv
Number of patients: test 107 and train 425
Number of records: test 416 and train 1498
get_last_observation_data(ExperimentScenario.EIGHT_FEATURES): train 1498 rows/425 subjects -> 425 rows; test 416 rows/107 subjects -> 107 rows
Loading model from /home/minhn2/uiuc-kidney-failure/generated_data/rep_3/eight_features_gbsa_model.dill
Train data path /home/minhn2/uiuc-kidney-failure/generated_data/rep_3/eight_features_train_data.csv
Test data path /home/minhn2/uiuc-kidney-failure/generated_data/rep_3/eight_features_test_data.csv
Number of patients: test 107 and train 425
Number of records: test 416 and train 1498
get_last_observation_data(ExperimentScenario.EIGHT_FEATURES): train 1498 rows/425 subjects -> 425 rows; test 416 rows/107 subjects -> 107 rows
Loading model from /home/minhn2/uiuc-kidney-failure/generated_data/rep_3/eight_features_gbsa_model.dill
Train data path /home/minhn2/uiuc-kidney-failure/generated_data/rep_3/eight_features_train_data.csv
Test data path /home/minhn2/uiuc-kidney-failure/generated_data/rep_3/eight_features_test_data.csv
Number of patients: test 107 and train 425
Number of records: test 416 and train 1498
get_last_observation_data(ExperimentScenario.EIGHT_FEATURES): train 1498 rows/425 subjects -> 425 rows; test 416 rows/107 subjects -> 107 rows
Loading model from /home/minhn2/uiuc-kidney-failure/generated_data/rep_3/eight_features_srf_model.dill
Train data path /home/minhn2/uiuc-kidney-failure/generated_data/rep_3/eight_features_train_data.csv
Test data path /home/minhn2/uiuc-kidney-failure/generated_data/rep_3/eight_features_test_data.csv
Number of patients: test 107 and train 425
Number of records: test 416 and train 1498
get_last_observation_data(ExperimentScenario.EIGHT_FEATURES): train 1498 rows/425 subjects -> 425 rows; test 416 rows/107 subjects -> 107 rows
[Parallel(n_jobs=2)]: Using backend ThreadingBackend with 2 concurrent workers.
[Parallel(n_jobs=2)]: Done  37 tasks      | elapsed:    0.0s
[Parallel(n_jobs=2)]: Done 100 out of 100 | elapsed:    0.0s finished
[Parallel(n_jobs=2)]: Using backend ThreadingBackend with 2 concurrent workers.
[Parallel(n_jobs=2)]: Done  37 tasks      | elapsed:    0.0s
[Parallel(n_jobs=2)]: Done 100 out of 100 | elapsed:    0.0s finished
Loading model from /home/minhn2/uiuc-kidney-failure/generated_data/rep_3/eight_features_srf_model.dill
Train data path /home/minhn2/uiuc-kidney-failure/generated_data/rep_3/eight_features_train_data.csv
Test data path /home/minhn2/uiuc-kidney-failure/generated_data/rep_3/eight_features_test_data.csv
Number of patients: test 107 and train 425
Number of records: test 416 and train 1498
get_last_observation_data(ExperimentScenario.EIGHT_FEATURES): train 1498 rows/425 subjects -> 425 rows; test 416 rows/107 subjects -> 107 rows
[Parallel(n_jobs=2)]: Using backend ThreadingBackend with 2 concurrent workers.
[Parallel(n_jobs=2)]: Done  37 tasks      | elapsed:    0.0s
[Parallel(n_jobs=2)]: Done 100 out of 100 | elapsed:    0.0s finished
[Parallel(n_jobs=2)]: Using backend ThreadingBackend with 2 concurrent workers.
[Parallel(n_jobs=2)]: Done  37 tasks      | elapsed:    0.0s
[Parallel(n_jobs=2)]: Done 100 out of 100 | elapsed:    0.0s finished
Loading model from /home/minhn2/uiuc-kidney-failure/generated_data/rep_3/eight_features_survival_svm_model.dill
Train data path /home/minhn2/uiuc-kidney-failure/generated_data/rep_3/eight_features_train_data.csv
Test data path /home/minhn2/uiuc-kidney-failure/generated_data/rep_3/eight_features_test_data.csv
Number of patients: test 107 and train 425
Number of records: test 416 and train 1498
get_last_observation_data(ExperimentScenario.EIGHT_FEATURES): train 1498 rows/425 subjects -> 425 rows; test 416 rows/107 subjects -> 107 rows
Loading model from /home/minhn2/uiuc-kidney-failure/generated_data/rep_3/eight_features_survival_svm_model.dill
Train data path /home/minhn2/uiuc-kidney-failure/generated_data/rep_3/eight_features_train_data.csv
Test data path /home/minhn2/uiuc-kidney-failure/generated_data/rep_3/eight_features_test_data.csv
Number of patients: test 107 and train 425
Number of records: test 416 and train 1498
get_last_observation_data(ExperimentScenario.EIGHT_FEATURES): train 1498 rows/425 subjects -> 425 rows; test 416 rows/107 subjects -> 107 rows
Loading model from /home/minhn2/uiuc-kidney-failure/generated_data/rep_3/eight_features_weibul_model.dill
Train data path /home/minhn2/uiuc-kidney-failure/generated_data/rep_3/eight_features_train_data.csv
Test data path /home/minhn2/uiuc-kidney-failure/generated_data/rep_3/eight_features_test_data.csv
Number of patients: test 107 and train 425
Number of records: test 416 and train 1498
get_last_observation_data(ExperimentScenario.EIGHT_FEATURES): train 1498 rows/425 subjects -> 425 rows; test 416 rows/107 subjects -> 107 rows
Loading model from /home/minhn2/uiuc-kidney-failure/generated_data/rep_3/eight_features_weibul_model.dill
Train data path /home/minhn2/uiuc-kidney-failure/generated_data/rep_3/eight_features_train_data.csv
Test data path /home/minhn2/uiuc-kidney-failure/generated_data/rep_3/eight_features_test_data.csv
Number of patients: test 107 and train 425
Number of records: test 416 and train 1498
get_last_observation_data(ExperimentScenario.EIGHT_FEATURES): train 1498 rows/425 subjects -> 425 rows; test 416 rows/107 subjects -> 107 rows
Train data path /home/minhn2/uiuc-kidney-failure/generated_data/rep_3/eight_features_train_data.csv
Test data path /home/minhn2/uiuc-kidney-failure/generated_data/rep_3/eight_features_test_data.csv
Number of patients: test 107 and train 425
Number of records: test 416 and train 1498
get_last_observation_data(ExperimentScenario.EIGHT_FEATURES): train 1498 rows/425 subjects -> 425 rows; test 416 rows/107 subjects -> 107 rows
Train data path /home/minhn2/uiuc-kidney-failure/generated_data/rep_3/eight_features_train_data.csv
Test data path /home/minhn2/uiuc-kidney-failure/generated_data/rep_3/eight_features_test_data.csv
Number of patients: test 107 and train 425
Number of records: test 416 and train 1498
get_last_observation_data(ExperimentScenario.EIGHT_FEATURES): train 1498 rows/425 subjects -> 425 rows; test 416 rows/107 subjects -> 107 rows

Group composition (patients / events / event proportion):

--- Age group (anchor_age bins — see patient_metadata: NOT landmark age) ---
  18-45                    n=18    events=15    event_rate=0.8333   [metrics not computed: needs >= 20 patients and >= 5 events]
  46-65                    n=41    events=33    event_rate=0.8049
  66-85                    n=40    events=31    event_rate=0.7750
  >85                      n=8     events=3     event_rate=0.3750   [metrics not computed: needs >= 20 patients and >= 5 events]

--- Sex as recorded in patients.csv ---
  F                        n=50    events=38    event_rate=0.7600
  M                        n=57    events=44    event_rate=0.7719

--- Race (collapsed from admissions.csv ethnicity; unknown retained) ---
  ASIAN                    n=6     events=5     event_rate=0.8333   [metrics not computed: needs >= 20 patients and >= 5 events]
  BLACK                    n=29    events=25    event_rate=0.8621
  HISPANIC/LATINO          n=5     events=4     event_rate=0.8000   [metrics not computed: needs >= 20 patients and >= 5 events]
  OTHER                    n=4     events=3     event_rate=0.7500   [metrics not computed: needs >= 20 patients and >= 5 events]
  PORTUGUESE               n=1     events=1     event_rate=1.0000   [metrics not computed: needs >= 20 patients and >= 5 events]
  WHITE                    n=62    events=44    event_rate=0.7097

Per-group performance, 1000 within-group bootstrap resamples, 95% percentile intervals:
  C-index and mean time-dependent AUC: higher is better. Integrated Brier (0-730d): lower is better.

=== Age group (anchor_age bins — see patient_metadata: NOT landmark age) ===

  [46-65] n=41 events=33
    Cox                  c_index=0.5357 [0.3967, 0.6728]  brier=0.443 [0.2566, 0.6269] [native]  auc=0.5093 [0.3461, 0.6913]
    Dynamic DeepHit      c_index=0.8108 [0.7103, 0.8952]  brier=0.2069 [0.124, 0.2952] [native]  auc=0.877 [0.7475, 0.969]
    Hazard Transformer   c_index=0.615 [0.4845, 0.7451]  brier=0.4164 [0.2408, 0.5871] [native]  auc=0.6711 [0.4984, 0.8319]
    Logistic Hazard      c_index=0.4265 [0.2952, 0.5471]  brier=0.4322 [0.257, 0.6121] [native]  auc=0.3866 [0.2304, 0.5505]
    RNN-Surv             c_index=0.3639 [0.2299, 0.5075]  brier=0.3312 [0.2917, 0.3676] [native]  auc=0.2911 [0.1238, 0.4908]
    DeepSurv             c_index=0.5255 [0.3991, 0.659]  brier=0.3471 [0.2179, 0.4754] [fitted-conversion]  auc=0.4804 [0.3174, 0.6524]
    GBSA                 c_index=0.3945 [0.2661, 0.5101]  brier=0.3882 [0.2389, 0.5344] [native]  auc=0.3424 [0.1934, 0.5056]
    Survival RF          c_index=0.3697 [0.2477, 0.488]  brier=0.3829 [0.244, 0.5222] [native]  auc=0.3215 [0.1829, 0.4872]
    Survival SVM         c_index=0.5036 [0.36, 0.6479]  brier=0.5258 [0.3899, 0.6594] [fitted-conversion]  auc=0.5212 [0.3423, 0.698]
    Weibull AFT          c_index=0.4876 [0.3601, 0.6158]  brier=0.3968 [0.2352, 0.5544] [native]  auc=0.4589 [0.2982, 0.6283]
    KFRE                 c_index=0.5269 [0.3978, 0.6712]  brier=0.5477 [0.3789, 0.7178] [fitted-conversion]  auc=0.5173 [0.3486, 0.7094]

  [66-85] n=40 events=31
    Cox                  c_index=0.5866 [0.4446, 0.7246]  brier=0.137 [0.0668, 0.2717] [native]  auc=0.592 [0.4144, 0.7788]
    Dynamic DeepHit      c_index=0.8807 [0.8048, 0.9454]  brier=0.0703 [0.0392, 0.1127] [native]  auc=0.9825 [0.9295, 1.0]
    Hazard Transformer   c_index=0.5204 [0.3606, 0.6604]  brier=0.1334 [0.0696, 0.2604] [native]  auc=0.581 [0.3237, 0.8231]
    Logistic Hazard      c_index=0.6176 [0.4786, 0.745]  brier=0.1428 [0.0752, 0.2783] [native]  auc=0.5595 [0.393, 0.7533]
    RNN-Surv             c_index=0.6471 [0.4857, 0.794]  brier=0.2422 [0.2037, 0.2861] [native]  auc=0.5517 [0.3704, 0.7185]
    DeepSurv             c_index=0.4796 [0.3484, 0.6126]  brier=0.1321 [0.0841, 0.2278] [fitted-conversion]  auc=0.3566 [0.2114, 0.5826]
    GBSA                 c_index=0.567 [0.4146, 0.7002]  brier=0.1353 [0.082, 0.2374] [native]  auc=0.4959 [0.3087, 0.6797]
    Survival RF          c_index=0.6324 [0.4833, 0.7679]  brier=0.125 [0.0789, 0.2089] [native]  auc=0.6798 [0.4812, 0.8576]
    Survival SVM         c_index=0.4526 [0.3159, 0.5922]  brier=0.5092 [0.3797, 0.6429] [fitted-conversion]  auc=0.555 [0.386, 0.7608]
    Weibull AFT          c_index=0.5801 [0.4456, 0.7138]  brier=0.131 [0.07, 0.2481] [native]  auc=0.6043 [0.4369, 0.7901]
    KFRE                 c_index=0.5425 [0.4071, 0.6786]  brier=0.4511 [0.3158, 0.5794] [fitted-conversion]  auc=0.5343 [0.3742, 0.741]

=== Sex as recorded in patients.csv ===

  [F] n=50 events=38
    Cox                  c_index=0.495 [0.3764, 0.6146]  brier=0.2985 [0.1633, 0.4565] [native]  auc=0.4484 [0.3081, 0.6028]
    Dynamic DeepHit      c_index=0.8246 [0.7572, 0.8865]  brier=0.1708 [0.102, 0.2637] [native]  auc=0.9172 [0.8179, 0.9753]
    Hazard Transformer   c_index=0.4975 [0.378, 0.6206]  brier=0.2763 [0.1514, 0.4243] [native]  auc=0.5385 [0.365, 0.7027]
    Logistic Hazard      c_index=0.499 [0.3739, 0.6135]  brier=0.2949 [0.1611, 0.4467] [native]  auc=0.4532 [0.3042, 0.6055]
    RNN-Surv             c_index=0.4719 [0.3477, 0.602]  brier=0.2975 [0.2573, 0.3392] [native]  auc=0.4064 [0.2487, 0.5668]
    DeepSurv             c_index=0.5311 [0.4165, 0.6398]  brier=0.2389 [0.1446, 0.3501] [fitted-conversion]  auc=0.4542 [0.2804, 0.6168]
    GBSA                 c_index=0.497 [0.3831, 0.6112]  brier=0.2452 [0.1452, 0.3637] [native]  auc=0.4551 [0.3182, 0.6121]
    Survival RF          c_index=0.5391 [0.4183, 0.6516]  brier=0.2377 [0.1492, 0.3405] [native]  auc=0.5246 [0.3768, 0.6718]
    Survival SVM         c_index=0.4259 [0.3099, 0.5465]  brier=0.6266 [0.5011, 0.7532] [fitted-conversion]  auc=0.4562 [0.2945, 0.6343]
    Weibull AFT          c_index=0.498 [0.3841, 0.6138]  brier=0.2667 [0.15, 0.4026] [native]  auc=0.4606 [0.3277, 0.6054]
    KFRE                 c_index=0.4279 [0.3156, 0.5531]  brier=0.6394 [0.483, 0.7961] [fitted-conversion]  auc=0.3858 [0.2335, 0.5567]

  [M] n=57 events=44
    Cox                  c_index=0.5987 [0.4843, 0.7134]  brier=0.2629 [0.1423, 0.3994] [native]  auc=0.5856 [0.4127, 0.7589]
    Dynamic DeepHit      c_index=0.8738 [0.8052, 0.9335]  brier=0.1162 [0.0695, 0.1691] [native]  auc=0.923 [0.821, 0.9942]
    Hazard Transformer   c_index=0.6222 [0.5082, 0.7273]  brier=0.2518 [0.137, 0.3827] [native]  auc=0.6964 [0.515, 0.8528]
    Logistic Hazard      c_index=0.5138 [0.4032, 0.6347]  brier=0.2616 [0.1452, 0.3961] [native]  auc=0.4976 [0.3343, 0.6928]
    RNN-Surv             c_index=0.5607 [0.4304, 0.6779]  brier=0.2694 [0.2321, 0.304] [native]  auc=0.559 [0.3833, 0.7147]
    DeepSurv             c_index=0.4919 [0.378, 0.5995]  brier=0.2231 [0.1372, 0.3186] [fitted-conversion]  auc=0.4424 [0.2872, 0.5918]
    GBSA                 c_index=0.4531 [0.3443, 0.5798]  brier=0.2467 [0.1462, 0.3589] [native]  auc=0.4201 [0.2749, 0.5818]
    Survival RF          c_index=0.4604 [0.3515, 0.5806]  brier=0.2449 [0.1476, 0.3521] [native]  auc=0.4528 [0.3093, 0.6118]
    Survival SVM         c_index=0.5259 [0.3893, 0.6416]  brier=0.4649 [0.3482, 0.5823] [fitted-conversion]  auc=0.5361 [0.3556, 0.6903]
    Weibull AFT          c_index=0.5566 [0.4439, 0.6756]  brier=0.2414 [0.1351, 0.3619] [native]  auc=0.5514 [0.3888, 0.7202]
    KFRE                 c_index=0.6173 [0.5031, 0.7178]  brier=0.425 [0.2931, 0.5504] [fitted-conversion]  auc=0.627 [0.47, 0.783]

=== Race (collapsed from admissions.csv ethnicity; unknown retained) ===

  [BLACK] n=29 events=25
    Cox                  c_index=0.5923 [0.4454, 0.7285]  brier=0.2315 [0.1, 0.4444] [native]  auc=0.6164 [0.3594, 0.8426]
    Dynamic DeepHit      c_index=0.8512 [0.7727, 0.932]  brier=0.1124 [0.0565, 0.1872] [native]  auc=0.9696 [0.8483, 0.9977]
    Hazard Transformer   c_index=0.561 [0.3921, 0.6982]  brier=0.2201 [0.0993, 0.4173] [native]  auc=0.6564 [0.4064, 0.837]
    Logistic Hazard      c_index=0.5655 [0.3999, 0.7183]  brier=0.2265 [0.1084, 0.4256] [native]  auc=0.6246 [0.4023, 0.8404]
    RNN-Surv             c_index=0.4792 [0.3159, 0.6424]  brier=0.3306 [0.2783, 0.3798] [native]  auc=0.3478 [0.1306, 0.5418]
    DeepSurv             c_index=0.5387 [0.3909, 0.6875]  brier=0.2021 [0.1115, 0.3478] [fitted-conversion]  auc=0.4315 [0.2539, 0.6433]
    GBSA                 c_index=0.5595 [0.4176, 0.7113]  brier=0.2082 [0.1132, 0.3699] [native]  auc=0.5972 [0.3815, 0.7942]
    Survival RF          c_index=0.5357 [0.3813, 0.689]  brier=0.2164 [0.1191, 0.3774] [native]  auc=0.5391 [0.288, 0.7628]
    Survival SVM         c_index=0.4167 [0.2618, 0.5854]  brier=0.5613 [0.3813, 0.7079] [fitted-conversion]  auc=0.4564 [0.2949, 0.6578]
    Weibull AFT          c_index=0.5744 [0.4145, 0.724]  brier=0.2145 [0.1002, 0.3979] [native]  auc=0.6037 [0.3522, 0.8335]
    KFRE                 c_index=0.5655 [0.3945, 0.7129]  brier=0.5769 [0.3683, 0.7786] [fitted-conversion]  auc=0.6092 [0.3644, 0.815]

  [WHITE] n=62 events=44
    Cox                  c_index=0.549 [0.4313, 0.6543]  brier=0.274 [0.1447, 0.4103] [native]  auc=0.5385 [0.3889, 0.6858]
    Dynamic DeepHit      c_index=0.8457 [0.7848, 0.9039]  brier=0.1285 [0.0716, 0.1904] [native]  auc=0.9295 [0.8518, 0.986]
    Hazard Transformer   c_index=0.5321 [0.4105, 0.6383]  brier=0.263 [0.1395, 0.394] [native]  auc=0.5988 [0.4234, 0.7464]
    Logistic Hazard      c_index=0.5497 [0.4435, 0.6588]  brier=0.2734 [0.1448, 0.4101] [native]  auc=0.4941 [0.346, 0.6533]
    RNN-Surv             c_index=0.5765 [0.4467, 0.6993]  brier=0.2468 [0.2089, 0.2848] [native]  auc=0.5969 [0.4451, 0.756]
    DeepSurv             c_index=0.5451 [0.4391, 0.6592]  brier=0.2268 [0.1354, 0.3255] [fitted-conversion]  auc=0.4788 [0.3319, 0.6409]
    GBSA                 c_index=0.4482 [0.333, 0.5627]  brier=0.2474 [0.1423, 0.3635] [native]  auc=0.406 [0.2585, 0.548]
    Survival RF          c_index=0.463 [0.3443, 0.5734]  brier=0.2363 [0.1401, 0.3433] [native]  auc=0.485 [0.3293, 0.6329]
    Survival SVM         c_index=0.5116 [0.4031, 0.6237]  brier=0.5078 [0.4029, 0.6191] [fitted-conversion]  auc=0.5097 [0.3485, 0.6833]
    Weibull AFT          c_index=0.5144 [0.4013, 0.6257]  brier=0.2487 [0.136, 0.3679] [native]  auc=0.5144 [0.3693, 0.6576]
    KFRE                 c_index=0.5377 [0.4235, 0.6547]  brier=0.4379 [0.3182, 0.5608] [fitted-conversion]  auc=0.5261 [0.3722, 0.6863]
Subgroup report saved to: /home/minhn2/uiuc-kidney-failure/generated_data/rep_3/eight_features_subgroup_performance_report.txt
COMPLETE
