rep2 analyze: four_features, eight_features, twenty_features_heterogeneous; output=/home/minhn2/uiuc-kidney-failure/generated_data/rep2
================================================================================
FEATURE IMPORTANCE ANALYSIS - FOUR_FEATURES SCENARIO
================================================================================

Training samples: 21318
Test samples: 5511
Features: ['Unnamed: 0', 'subject_id', 'duration_in_days', 'start', 'stop', 'age', 'gender', 'egfr', 'uacr', 'has_esrd']

FEATURE OVERVIEW:
----------------------------------------
  age: mean=62.424, std=15.019
  gender: mean=0.572, std=0.495
  egfr: mean=63.770, std=34.371
  uacr: mean=548.507, std=1410.205

ANALYZING ALL MODELS FOR FOUR_FEATURES
------------------------------------------------------------

Analyzing COX model...
Loading model from /home/minhn2/uiuc-kidney-failure/generated_data/rep2/four_features_cox_model.dill
  COX Feature Importance:
    age: 0.0012 (coeff=-0.0012, HR=0.999)
    gender: 0.0020 (coeff=0.0020, HR=1.002)
    egfr: 0.0018 (coeff=-0.0018, HR=0.998)
    uacr: 0.0000 (coeff=0.0000, HR=1.000)

Analyzing DDH model...
Traceback (most recent call last):
  File "/home/minhn2/uiuc-kidney-failure/pkgs/data_analysis/feature_importance_analysis.py", line 573, in extract_gradient_based_importance
    output = model(X_tensor)
             ^^^^^^^^^^^^^^^
  File "/home/minhn2/miniconda3/envs/minhn2/lib/python3.12/site-packages/torch/nn/modules/module.py", line 1736, in _wrapped_call_impl
    return self._call_impl(*args, **kwargs)
           ^^^^^^^^^^^^^^^^^^^^^^^^^^^^^^^^
  File "/home/minhn2/miniconda3/envs/minhn2/lib/python3.12/site-packages/torch/nn/modules/module.py", line 1747, in _call_impl
    return forward_call(*args, **kwargs)
           ^^^^^^^^^^^^^^^^^^^^^^^^^^^^^
TypeError: DynamicDeepHit.forward() missing 1 required positional argument: 'mask'

During handling of the above exception, another exception occurred:

Traceback (most recent call last):
  File "<frozen runpy>", line 198, in _run_module_as_main
  File "<frozen runpy>", line 88, in _run_code
  File "/home/minhn2/uiuc-kidney-failure/pkgs/scripts/run_experiments.py", line 261, in <module>
    sys.exit(main())
             ^^^^^^
  File "/home/minhn2/uiuc-kidney-failure/pkgs/scripts/run_experiments.py", line 240, in main
    return run_worker(args)
           ^^^^^^^^^^^^^^^^
  File "/home/minhn2/uiuc-kidney-failure/pkgs/scripts/run_experiments.py", line 179, in run_worker
    getattr(analyzer, SCENARIOS[scenario])()
  File "/home/minhn2/uiuc-kidney-failure/pkgs/data_analysis/feature_importance_analysis.py", line 252, in analyze_four_features
    self.analyze_all_models('four_features', test_data, feature_cols)
  File "/home/minhn2/uiuc-kidney-failure/pkgs/data_analysis/feature_importance_analysis.py", line 389, in analyze_all_models
    importance_data = self.get_model_feature_importance(
                      ^^^^^^^^^^^^^^^^^^^^^^^^^^^^^^^^^^
  File "/home/minhn2/uiuc-kidney-failure/pkgs/data_analysis/feature_importance_analysis.py", line 516, in get_model_feature_importance
    importance_data['importance'] = self.extract_nn_feature_importance(model_path, test_data, feature_cols)
                                    ^^^^^^^^^^^^^^^^^^^^^^^^^^^^^^^^^^^^^^^^^^^^^^^^^^^^^^^^^^^^^^^^^^^^^^^
  File "/home/minhn2/uiuc-kidney-failure/pkgs/data_analysis/feature_importance_analysis.py", line 533, in extract_nn_feature_importance
    return self.extract_gradient_based_importance(model, X_sample, feature_cols)
           ^^^^^^^^^^^^^^^^^^^^^^^^^^^^^^^^^^^^^^^^^^^^^^^^^^^^^^^^^^^^^^^^^^^^^
  File "/home/minhn2/uiuc-kidney-failure/pkgs/data_analysis/feature_importance_analysis.py", line 668, in extract_gradient_based_importance
    output = model(X_tensor, mask)
             ^^^^^^^^^^^^^^^^^^^^^
  File "/home/minhn2/miniconda3/envs/minhn2/lib/python3.12/site-packages/torch/nn/modules/module.py", line 1736, in _wrapped_call_impl
    return self._call_impl(*args, **kwargs)
           ^^^^^^^^^^^^^^^^^^^^^^^^^^^^^^^^
  File "/home/minhn2/miniconda3/envs/minhn2/lib/python3.12/site-packages/torch/nn/modules/module.py", line 1747, in _call_impl
    return forward_call(*args, **kwargs)
           ^^^^^^^^^^^^^^^^^^^^^^^^^^^^^
  File "/home/minhn2/uiuc-kidney-failure/pkgs/models/dynamicdeephit.py", line 262, in forward
    lstm_output, _ = self.lstm(x)
                     ^^^^^^^^^^^^
  File "/home/minhn2/miniconda3/envs/minhn2/lib/python3.12/site-packages/torch/nn/modules/module.py", line 1736, in _wrapped_call_impl
    return self._call_impl(*args, **kwargs)
           ^^^^^^^^^^^^^^^^^^^^^^^^^^^^^^^^
  File "/home/minhn2/miniconda3/envs/minhn2/lib/python3.12/site-packages/torch/nn/modules/module.py", line 1747, in _call_impl
    return forward_call(*args, **kwargs)
           ^^^^^^^^^^^^^^^^^^^^^^^^^^^^^
  File "/home/minhn2/miniconda3/envs/minhn2/lib/python3.12/site-packages/torch/nn/modules/rnn.py", line 1123, in forward
    result = _VF.lstm(
             ^^^^^^^^^
KeyboardInterrupt
