rep99 analyze: four_features, eight_features, twenty_features_heterogeneous; output=/home/minhn2/uiuc-kidney-failure/generated_data/rep99
================================================================================
FEATURE IMPORTANCE ANALYSIS - FOUR_FEATURES SCENARIO
================================================================================

Training samples: 5806
Test samples: 3667
Features: ['Unnamed: 0', 'subject_id', 'duration_in_days', 'start', 'stop', 'age', 'gender', 'egfr', 'uacr', 'has_esrd']

FEATURE OVERVIEW:
----------------------------------------
  age: mean=65.705, std=14.519
  gender: mean=0.549, std=0.498
  egfr: mean=55.284, std=33.892
  uacr: mean=629.029, std=1398.494

ANALYZING ALL MODELS FOR FOUR_FEATURES
------------------------------------------------------------

Analyzing COX model...
Loading model from /home/minhn2/uiuc-kidney-failure/generated_data/rep99/four_features_cox_model.dill
  COX Feature Importance:
    age: 0.0013 (coeff=-0.0013, HR=0.999)
    gender: 0.0045 (coeff=-0.0045, HR=0.996)
    egfr: 0.0006 (coeff=-0.0006, HR=0.999)
    uacr: 0.0000 (coeff=0.0000, HR=1.000)
Consolidated feature importance plot saved to: /home/minhn2/uiuc-kidney-failure/generated_data/rep99/four_features_all_models_feature_importance.png
Scenario report saved to: /home/minhn2/uiuc-kidney-failure/generated_data/rep99/four_features_shap_analysis_report.txt
================================================================================
FEATURE IMPORTANCE ANALYSIS - EIGHT_FEATURES SCENARIO
================================================================================

Training samples: 1856
Test samples: 1100
Features: ['Unnamed: 0', 'subject_id', 'duration_in_days', 'start', 'stop', 'age', 'gender', 'egfr', 'uacr', 'calcium', 'phosphate', 'bicarbonate', 'serum_albumin', 'has_esrd']

FEATURE OVERVIEW:
----------------------------------------
  age: mean=61.052, std=15.866
  gender: mean=0.606, std=0.489
  egfr: mean=59.458, std=38.502
  uacr: mean=1037.235, std=2357.756
  calcium: mean=8.494, std=0.990
  phosphate: mean=3.671, std=1.402
  bicarbonate: mean=23.668, std=4.837
  serum_albumin: mean=3.171, std=0.712

ANALYZING ALL MODELS FOR EIGHT_FEATURES
------------------------------------------------------------

Analyzing COX model...
Loading model from /home/minhn2/uiuc-kidney-failure/generated_data/rep99/eight_features_cox_model.dill
  COX Feature Importance:
    age: 0.0022 (coeff=-0.0022, HR=0.998)
    gender: 0.0218 (coeff=0.0218, HR=1.022)
    egfr: 0.0012 (coeff=-0.0012, HR=0.999)
    uacr: 0.0000 (coeff=0.0000, HR=1.000)
    calcium: 0.0345 (coeff=-0.0345, HR=0.966)
    phosphate: 0.0070 (coeff=0.0070, HR=1.007)
    bicarbonate: 0.0168 (coeff=-0.0168, HR=0.983)
    serum_albumin: 0.0373 (coeff=-0.0373, HR=0.963)
Consolidated feature importance plot saved to: /home/minhn2/uiuc-kidney-failure/generated_data/rep99/eight_features_all_models_feature_importance.png
Scenario report saved to: /home/minhn2/uiuc-kidney-failure/generated_data/rep99/eight_features_shap_analysis_report.txt
================================================================================
FEATURE IMPORTANCE ANALYSIS - TWENTY_FEATURES_HETEROGENEOUS SCENARIO
================================================================================

Training samples: 4575
Test samples: 9115
Features: ['Unnamed: 0', 'subject_id', 'duration_in_days', 'start', 'stop', 'egfr', 'egfr_missing', 'potassium', 'potassium_missing', 'urea_nitrogen', 'urea_nitrogen_missing', 'sodium', 'sodium_missing', 'chloride', 'chloride_missing', 'bicarbonate', 'bicarbonate_missing', 'anion_gap', 'anion_gap_missing', 'hematocrit', 'hematocrit_missing', 'platelet_count', 'platelet_count_missing', 'hemoglobin', 'hemoglobin_missing', 'wbc', 'wbc_missing', 'mchc', 'mchc_missing', 'mch', 'mch_missing', 'rbc', 'rbc_missing', 'mcv', 'mcv_missing', 'rdw', 'rdw_missing', 'glucose', 'glucose_missing', 'calcium', 'calcium_missing', 'magnesium', 'magnesium_missing', 'phosphate', 'phosphate_missing', 'has_esrd']

FEATURE OVERVIEW:
----------------------------------------
  egfr: mean=3.507, std=15.838
  egfr_missing: mean=0.940, std=0.238 (missing_flag rate=94.0%)
  potassium: mean=0.244, std=1.004
  potassium_missing: mean=0.943, std=0.232 (missing_flag rate=94.3%)
  urea_nitrogen: mean=2.057, std=10.776
  urea_nitrogen_missing: mean=0.943, std=0.232 (missing_flag rate=94.3%)
  sodium: mean=7.767, std=32.052
  sodium_missing: mean=0.944, std=0.229 (missing_flag rate=94.4%)
  chloride: mean=5.675, std=23.441
  chloride_missing: mean=0.944, std=0.229 (missing_flag rate=94.4%)
  bicarbonate: mean=1.431, std=6.070
  bicarbonate_missing: mean=0.946, std=0.227 (missing_flag rate=94.6%)
  anion_gap: mean=0.834, std=3.559
  anion_gap_missing: mean=0.946, std=0.227 (missing_flag rate=94.6%)
  hematocrit: mean=1.832, std=7.811
  hematocrit_missing: mean=0.946, std=0.226 (missing_flag rate=94.6%)
  platelet_count: mean=14.038, std=63.483
  platelet_count_missing: mean=0.948, std=0.223 (missing_flag rate=94.8%)
  hemoglobin: mean=0.563, std=2.485
  hemoglobin_missing: mean=0.949, std=0.220 (missing_flag rate=94.9%)
  wbc: mean=0.498, std=2.453
  wbc_missing: mean=0.950, std=0.219 (missing_flag rate=95.0%)
  mchc: mean=1.637, std=7.121
  mchc_missing: mean=0.950, std=0.219 (missing_flag rate=95.0%)
  mch: mean=1.473, std=6.444
  mch_missing: mean=0.950, std=0.219 (missing_flag rate=95.0%)
  rbc: mean=0.190, std=0.842
  rbc_missing: mean=0.950, std=0.219 (missing_flag rate=95.0%)
  mcv: mean=4.523, std=19.760
  mcv_missing: mean=0.950, std=0.219 (missing_flag rate=95.0%)
  rdw: mean=0.763, std=3.352
  rdw_missing: mean=0.950, std=0.219 (missing_flag rate=95.0%)
  glucose: mean=6.897, std=33.812
  glucose_missing: mean=0.952, std=0.214 (missing_flag rate=95.2%)
  calcium: mean=0.299, std=1.613
  calcium_missing: mean=0.967, std=0.180 (missing_flag rate=96.7%)
  magnesium: mean=0.070, std=0.388
  magnesium_missing: mean=0.967, std=0.178 (missing_flag rate=96.7%)
  phosphate: mean=0.117, std=0.665
  phosphate_missing: mean=0.968, std=0.176 (missing_flag rate=96.8%)

ANALYZING ALL MODELS FOR TWENTY_FEATURES_HETEROGENEOUS
------------------------------------------------------------

Analyzing COX model...
Loading model from /home/minhn2/uiuc-kidney-failure/generated_data/rep99/twenty_features_heterogeneous_cox_model.dill
  COX Feature Importance:
    egfr: 0.0000 (coeff=-0.0000, HR=1.000)
    egfr_missing: 0.0027 (coeff=0.0027, HR=1.003)
    potassium: 0.0019 (coeff=0.0019, HR=1.002)
    potassium_missing: 0.0102 (coeff=-0.0102, HR=0.990)
    urea_nitrogen: 0.0000 (coeff=-0.0000, HR=1.000)
    urea_nitrogen_missing: 0.0031 (coeff=-0.0031, HR=0.997)
    sodium: 0.0001 (coeff=0.0001, HR=1.000)
    sodium_missing: 0.0117 (coeff=-0.0117, HR=0.988)
    chloride: 0.0001 (coeff=0.0001, HR=1.000)
    chloride_missing: 0.0117 (coeff=-0.0117, HR=0.988)
    bicarbonate: 0.0004 (coeff=0.0004, HR=1.000)
    bicarbonate_missing: 0.0120 (coeff=-0.0120, HR=0.988)
    anion_gap: 0.0008 (coeff=0.0008, HR=1.001)
    anion_gap_missing: 0.0119 (coeff=-0.0119, HR=0.988)
    hematocrit: 0.0002 (coeff=0.0002, HR=1.000)
    hematocrit_missing: 0.0072 (coeff=-0.0072, HR=0.993)
    platelet_count: 0.0001 (coeff=-0.0001, HR=1.000)
    platelet_count_missing: 0.0218 (coeff=0.0218, HR=1.022)
    hemoglobin: 0.0013 (coeff=0.0013, HR=1.001)
    hemoglobin_missing: 0.0141 (coeff=-0.0141, HR=0.986)
    wbc: 0.0014 (coeff=0.0014, HR=1.001)
    wbc_missing: 0.0145 (coeff=-0.0145, HR=0.986)
    mchc: 0.0004 (coeff=0.0004, HR=1.000)
    mchc_missing: 0.0143 (coeff=-0.0143, HR=0.986)
    mch: 0.0006 (coeff=0.0006, HR=1.001)
    mch_missing: 0.0142 (coeff=-0.0142, HR=0.986)
    rbc: 0.0032 (coeff=0.0032, HR=1.003)
    rbc_missing: 0.0144 (coeff=-0.0144, HR=0.986)
    mcv: 0.0002 (coeff=0.0002, HR=1.000)
    mcv_missing: 0.0142 (coeff=-0.0142, HR=0.986)
    rdw: 0.0021 (coeff=-0.0021, HR=0.998)
    rdw_missing: 0.0342 (coeff=0.0342, HR=1.035)
    glucose: 0.0003 (coeff=-0.0003, HR=1.000)
    glucose_missing: 0.0665 (coeff=0.0665, HR=1.069)
    calcium: 0.0002 (coeff=0.0002, HR=1.000)
    calcium_missing: 0.0035 (coeff=-0.0035, HR=0.996)
    magnesium: 0.0017 (coeff=0.0017, HR=1.002)
    magnesium_missing: 0.0059 (coeff=-0.0059, HR=0.994)
    phosphate: 0.0170 (coeff=-0.0170, HR=0.983)
    phosphate_missing: 0.0656 (coeff=0.0656, HR=1.068)
Consolidated feature importance plot saved to: /home/minhn2/uiuc-kidney-failure/generated_data/rep99/twenty_features_heterogeneous_all_models_feature_importance.png
Scenario report saved to: /home/minhn2/uiuc-kidney-failure/generated_data/rep99/twenty_features_heterogeneous_shap_analysis_report.txt
COMPLETE
