rep2 analyze: four_features, eight_features; output=/home/minhn2/uiuc-kidney-failure/generated_data/rep_2
Train data path /home/minhn2/uiuc-kidney-failure/generated_data/rep_2/four_features_train_data.csv
Test data path /home/minhn2/uiuc-kidney-failure/generated_data/rep_2/four_features_test_data.csv
Number of patients: test 270 and train 1079
Number of records: test 2287 and train 9173
================================================================================
SUBGROUP PERFORMANCE ANALYSIS - FOUR_FEATURES
================================================================================
Subgroup PERFORMANCE, not a fairness evaluation — see this module's docstring.

train: 9173 lab-event rows -> 1079 patients, 812 events (patient-level event rate 0.7525)
test: 2287 lab-event rows -> 270 patients, 203 events (patient-level event rate 0.7519)
IPCW censoring reference: the full training cohort (1079 patients), not a per-group one; evaluation capped at 4333.0 days (training follow-up 4333.0 days).

Patient metadata join:
  270 held-out patients; 0 with no patients.csv row
  Age variable — anchor_age from patients.csv — the patient's age in their MIMIC anchor year, NOT their age at the prediction landmark; the exported scenario CSVs carry no absolute timestamp, so landmark age is not derivable here
  Time from each patient's first lab record to their prediction landmark: median 0.059 y, p90 4.808 y, max 11.544 y — the landmark can sit this far from the anchor year the age is measured at.
  Race — most frequently recorded race across the patient's admissions, ties broken by earliest admission; patients with no recorded value are kept as UNKNOWN/NOT RECORDED
    269/270 patients have a recorded race; 1 retained as unknown; 20 have more than one recorded value across admissions; 7 admission rows carry declined/unobtainable/unknown.
Loading model from /home/minhn2/uiuc-kidney-failure/generated_data/rep_2/four_features_cox_model.dill
Train data path /home/minhn2/uiuc-kidney-failure/generated_data/rep_2/four_features_train_data.csv
Test data path /home/minhn2/uiuc-kidney-failure/generated_data/rep_2/four_features_test_data.csv
Number of patients: test 270 and train 1079
Number of records: test 2287 and train 9173
get_last_observation_data(ExperimentScenario.FOUR_FEATURES): train 9173 rows/1079 subjects -> 1079 rows; test 2287 rows/270 subjects -> 270 rows
Loading model from /home/minhn2/uiuc-kidney-failure/generated_data/rep_2/four_features_cox_model.dill
Train data path /home/minhn2/uiuc-kidney-failure/generated_data/rep_2/four_features_train_data.csv
Test data path /home/minhn2/uiuc-kidney-failure/generated_data/rep_2/four_features_test_data.csv
Number of patients: test 270 and train 1079
Number of records: test 2287 and train 9173
get_last_observation_data(ExperimentScenario.FOUR_FEATURES): train 9173 rows/1079 subjects -> 1079 rows; test 2287 rows/270 subjects -> 270 rows
Train data path /home/minhn2/uiuc-kidney-failure/generated_data/rep_2/four_features_train_data.csv
Test data path /home/minhn2/uiuc-kidney-failure/generated_data/rep_2/four_features_test_data.csv
Number of patients: test 270 and train 1079
Number of records: test 2287 and train 9173
Train data path /home/minhn2/uiuc-kidney-failure/generated_data/rep_2/four_features_train_data.csv
Test data path /home/minhn2/uiuc-kidney-failure/generated_data/rep_2/four_features_test_data.csv
Number of patients: test 270 and train 1079
Number of records: test 2287 and train 9173
Train data path /home/minhn2/uiuc-kidney-failure/generated_data/rep_2/four_features_train_data.csv
Test data path /home/minhn2/uiuc-kidney-failure/generated_data/rep_2/four_features_test_data.csv
Number of patients: test 270 and train 1079
Number of records: test 2287 and train 9173
Train data path /home/minhn2/uiuc-kidney-failure/generated_data/rep_2/four_features_train_data.csv
Test data path /home/minhn2/uiuc-kidney-failure/generated_data/rep_2/four_features_test_data.csv
Number of patients: test 270 and train 1079
Number of records: test 2287 and train 9173
Train data path /home/minhn2/uiuc-kidney-failure/generated_data/rep_2/four_features_train_data.csv
Test data path /home/minhn2/uiuc-kidney-failure/generated_data/rep_2/four_features_test_data.csv
Number of patients: test 270 and train 1079
Number of records: test 2287 and train 9173
Train data path /home/minhn2/uiuc-kidney-failure/generated_data/rep_2/four_features_train_data.csv
Test data path /home/minhn2/uiuc-kidney-failure/generated_data/rep_2/four_features_test_data.csv
Number of patients: test 270 and train 1079
Number of records: test 2287 and train 9173
Train data path /home/minhn2/uiuc-kidney-failure/generated_data/rep_2/four_features_train_data.csv
Test data path /home/minhn2/uiuc-kidney-failure/generated_data/rep_2/four_features_test_data.csv
Number of patients: test 270 and train 1079
Number of records: test 2287 and train 9173
get_last_observation_data(ExperimentScenario.FOUR_FEATURES): train 9173 rows/1079 subjects -> 1079 rows; test 2287 rows/270 subjects -> 270 rows
Train data path /home/minhn2/uiuc-kidney-failure/generated_data/rep_2/four_features_train_data.csv
Test data path /home/minhn2/uiuc-kidney-failure/generated_data/rep_2/four_features_test_data.csv
Number of patients: test 270 and train 1079
Number of records: test 2287 and train 9173
get_last_observation_data(ExperimentScenario.FOUR_FEATURES): train 9173 rows/1079 subjects -> 1079 rows; test 2287 rows/270 subjects -> 270 rows
Train data path /home/minhn2/uiuc-kidney-failure/generated_data/rep_2/four_features_train_data.csv
Test data path /home/minhn2/uiuc-kidney-failure/generated_data/rep_2/four_features_test_data.csv
Number of patients: test 270 and train 1079
Number of records: test 2287 and train 9173
get_last_observation_data(ExperimentScenario.FOUR_FEATURES): train 9173 rows/1079 subjects -> 1079 rows; test 2287 rows/270 subjects -> 270 rows
Train data path /home/minhn2/uiuc-kidney-failure/generated_data/rep_2/four_features_train_data.csv
Test data path /home/minhn2/uiuc-kidney-failure/generated_data/rep_2/four_features_test_data.csv
Number of patients: test 270 and train 1079
Number of records: test 2287 and train 9173
get_last_observation_data(ExperimentScenario.FOUR_FEATURES): train 9173 rows/1079 subjects -> 1079 rows; test 2287 rows/270 subjects -> 270 rows
Loading model from /home/minhn2/uiuc-kidney-failure/generated_data/rep_2/four_features_gbsa_model.dill
Train data path /home/minhn2/uiuc-kidney-failure/generated_data/rep_2/four_features_train_data.csv
Test data path /home/minhn2/uiuc-kidney-failure/generated_data/rep_2/four_features_test_data.csv
Number of patients: test 270 and train 1079
Number of records: test 2287 and train 9173
get_last_observation_data(ExperimentScenario.FOUR_FEATURES): train 9173 rows/1079 subjects -> 1079 rows; test 2287 rows/270 subjects -> 270 rows
Loading model from /home/minhn2/uiuc-kidney-failure/generated_data/rep_2/four_features_gbsa_model.dill
Train data path /home/minhn2/uiuc-kidney-failure/generated_data/rep_2/four_features_train_data.csv
Test data path /home/minhn2/uiuc-kidney-failure/generated_data/rep_2/four_features_test_data.csv
Number of patients: test 270 and train 1079
Number of records: test 2287 and train 9173
get_last_observation_data(ExperimentScenario.FOUR_FEATURES): train 9173 rows/1079 subjects -> 1079 rows; test 2287 rows/270 subjects -> 270 rows
Loading model from /home/minhn2/uiuc-kidney-failure/generated_data/rep_2/four_features_srf_model.dill
Train data path /home/minhn2/uiuc-kidney-failure/generated_data/rep_2/four_features_train_data.csv
Test data path /home/minhn2/uiuc-kidney-failure/generated_data/rep_2/four_features_test_data.csv
Number of patients: test 270 and train 1079
Number of records: test 2287 and train 9173
get_last_observation_data(ExperimentScenario.FOUR_FEATURES): train 9173 rows/1079 subjects -> 1079 rows; test 2287 rows/270 subjects -> 270 rows
[Parallel(n_jobs=2)]: Using backend ThreadingBackend with 2 concurrent workers.
[Parallel(n_jobs=2)]: Done  37 tasks      | elapsed:    0.0s
[Parallel(n_jobs=2)]: Done  50 out of  50 | elapsed:    0.1s finished
[Parallel(n_jobs=2)]: Using backend ThreadingBackend with 2 concurrent workers.
[Parallel(n_jobs=2)]: Done  37 tasks      | elapsed:    0.0s
[Parallel(n_jobs=2)]: Done  50 out of  50 | elapsed:    0.0s finished
Loading model from /home/minhn2/uiuc-kidney-failure/generated_data/rep_2/four_features_srf_model.dill
Train data path /home/minhn2/uiuc-kidney-failure/generated_data/rep_2/four_features_train_data.csv
Test data path /home/minhn2/uiuc-kidney-failure/generated_data/rep_2/four_features_test_data.csv
Number of patients: test 270 and train 1079
Number of records: test 2287 and train 9173
get_last_observation_data(ExperimentScenario.FOUR_FEATURES): train 9173 rows/1079 subjects -> 1079 rows; test 2287 rows/270 subjects -> 270 rows
[Parallel(n_jobs=2)]: Using backend ThreadingBackend with 2 concurrent workers.
[Parallel(n_jobs=2)]: Done  37 tasks      | elapsed:    0.1s
[Parallel(n_jobs=2)]: Done  50 out of  50 | elapsed:    0.2s finished
[Parallel(n_jobs=2)]: Using backend ThreadingBackend with 2 concurrent workers.
[Parallel(n_jobs=2)]: Done  37 tasks      | elapsed:    0.1s
[Parallel(n_jobs=2)]: Done  50 out of  50 | elapsed:    0.1s finished
Loading model from /home/minhn2/uiuc-kidney-failure/generated_data/rep_2/four_features_survival_svm_model.dill
Train data path /home/minhn2/uiuc-kidney-failure/generated_data/rep_2/four_features_train_data.csv
Test data path /home/minhn2/uiuc-kidney-failure/generated_data/rep_2/four_features_test_data.csv
Number of patients: test 270 and train 1079
Number of records: test 2287 and train 9173
get_last_observation_data(ExperimentScenario.FOUR_FEATURES): train 9173 rows/1079 subjects -> 1079 rows; test 2287 rows/270 subjects -> 270 rows
Loading model from /home/minhn2/uiuc-kidney-failure/generated_data/rep_2/four_features_survival_svm_model.dill
Train data path /home/minhn2/uiuc-kidney-failure/generated_data/rep_2/four_features_train_data.csv
Test data path /home/minhn2/uiuc-kidney-failure/generated_data/rep_2/four_features_test_data.csv
Number of patients: test 270 and train 1079
Number of records: test 2287 and train 9173
get_last_observation_data(ExperimentScenario.FOUR_FEATURES): train 9173 rows/1079 subjects -> 1079 rows; test 2287 rows/270 subjects -> 270 rows
Loading model from /home/minhn2/uiuc-kidney-failure/generated_data/rep_2/four_features_weibul_model.dill
Train data path /home/minhn2/uiuc-kidney-failure/generated_data/rep_2/four_features_train_data.csv
Test data path /home/minhn2/uiuc-kidney-failure/generated_data/rep_2/four_features_test_data.csv
Number of patients: test 270 and train 1079
Number of records: test 2287 and train 9173
get_last_observation_data(ExperimentScenario.FOUR_FEATURES): train 9173 rows/1079 subjects -> 1079 rows; test 2287 rows/270 subjects -> 270 rows
Loading model from /home/minhn2/uiuc-kidney-failure/generated_data/rep_2/four_features_weibul_model.dill
Train data path /home/minhn2/uiuc-kidney-failure/generated_data/rep_2/four_features_train_data.csv
Test data path /home/minhn2/uiuc-kidney-failure/generated_data/rep_2/four_features_test_data.csv
Number of patients: test 270 and train 1079
Number of records: test 2287 and train 9173
get_last_observation_data(ExperimentScenario.FOUR_FEATURES): train 9173 rows/1079 subjects -> 1079 rows; test 2287 rows/270 subjects -> 270 rows
Train data path /home/minhn2/uiuc-kidney-failure/generated_data/rep_2/four_features_train_data.csv
Test data path /home/minhn2/uiuc-kidney-failure/generated_data/rep_2/four_features_test_data.csv
Number of patients: test 270 and train 1079
Number of records: test 2287 and train 9173
get_last_observation_data(ExperimentScenario.FOUR_FEATURES): train 9173 rows/1079 subjects -> 1079 rows; test 2287 rows/270 subjects -> 270 rows
Train data path /home/minhn2/uiuc-kidney-failure/generated_data/rep_2/four_features_train_data.csv
Test data path /home/minhn2/uiuc-kidney-failure/generated_data/rep_2/four_features_test_data.csv
Number of patients: test 270 and train 1079
Number of records: test 2287 and train 9173
get_last_observation_data(ExperimentScenario.FOUR_FEATURES): train 9173 rows/1079 subjects -> 1079 rows; test 2287 rows/270 subjects -> 270 rows

Group composition (patients / events / event proportion):

--- Age group (anchor_age bins — see patient_metadata: NOT landmark age) ---
  18-45                    n=33    events=28    event_rate=0.8485
  46-65                    n=88    events=71    event_rate=0.8068
  66-85                    n=133   events=95    event_rate=0.7143
  >85                      n=16    events=9     event_rate=0.5625   [metrics not computed: needs >= 20 patients and >= 5 events]

--- Sex as recorded in patients.csv ---
  F                        n=108   events=89    event_rate=0.8241
  M                        n=162   events=114   event_rate=0.7037

--- Race (collapsed from admissions.csv ethnicity; unknown retained) ---
  AMERICAN INDIAN/ALASKA NATIVE n=1     events=1     event_rate=1.0000   [metrics not computed: needs >= 20 patients and >= 5 events]
  ASIAN                    n=15    events=13    event_rate=0.8667   [metrics not computed: needs >= 20 patients and >= 5 events]
  BLACK                    n=71    events=62    event_rate=0.8732
  HISPANIC/LATINO          n=16    events=11    event_rate=0.6875   [metrics not computed: needs >= 20 patients and >= 5 events]
  NATIVE HAWAIIAN OR OTHER PACIFIC ISLANDER n=1     events=0     event_rate=0.0000   [metrics not computed: needs >= 20 patients and >= 5 events]
  OTHER                    n=8     events=5     event_rate=0.6250   [metrics not computed: needs >= 20 patients and >= 5 events]
  SOUTH AMERICAN           n=1     events=1     event_rate=1.0000   [metrics not computed: needs >= 20 patients and >= 5 events]
  UNKNOWN/NOT RECORDED     n=1     events=1     event_rate=1.0000   [metrics not computed: needs >= 20 patients and >= 5 events]
  WHITE                    n=156   events=109   event_rate=0.6987

Per-group performance, 1000 within-group bootstrap resamples, 95% percentile intervals:
  C-index and mean time-dependent AUC: higher is better. Integrated Brier (0-730d): lower is better.

=== Age group (anchor_age bins — see patient_metadata: NOT landmark age) ===

  [18-45] n=33 events=28
    Cox                  c_index=0.6236 [0.4585, 0.7674]  brier=0.2673 [0.2054, 0.3338] [native]  auc=0.6649 [0.456, 0.8474]
    Dynamic DeepHit      c_index=0.8435 [0.7381, 0.9226]  brier=0.1538 [0.1002, 0.2067] [native]  auc=0.9385 [0.8411, 0.9834]
    Hazard Transformer   c_index=0.6145 [0.4704, 0.7429]  brier=0.3058 [0.2081, 0.4117] [native]  auc=0.6825 [0.4739, 0.8501]
    Logistic Hazard      c_index=0.5941 [0.4468, 0.7342]  brier=0.2648 [0.224, 0.3075] [native]  auc=0.6269 [0.4012, 0.8152]
    RNN-Surv             c_index=0.4853 [0.3672, 0.6173]  brier=0.4 [0.2966, 0.5041] [native]  auc=0.4764 [0.2938, 0.6603]
    DeepSurv             c_index=0.4694 [0.3491, 0.6041]  brier=0.2734 [0.2384, 0.3074] [fitted-conversion]  auc=0.4414 [0.2672, 0.6285]
    GBSA                 c_index=0.6281 [0.4767, 0.7634]  brier=0.2525 [0.2165, 0.2878] [native]  auc=0.6906 [0.476, 0.854]
    Survival RF          c_index=0.6327 [0.5084, 0.7662]  brier=0.2459 [0.2009, 0.2956] [native]  auc=0.6564 [0.4699, 0.8284]
    Survival SVM         c_index=0.5601 [0.3901, 0.7223]  brier=0.2672 [0.2039, 0.3337] [fitted-conversion]  auc=0.5761 [0.3442, 0.7833]
    Weibull AFT          c_index=0.5533 [0.3958, 0.7123]  brier=0.2737 [0.2048, 0.3477] [native]  auc=0.5613 [0.326, 0.7658]
    KFRE                 c_index=0.6054 [0.4431, 0.7453]  brier=0.3545 [0.2086, 0.5221] [fitted-conversion]  auc=0.6517 [0.4375, 0.8337]

  [46-65] n=88 events=71
    Cox                  c_index=0.4857 [0.4106, 0.5647]  brier=0.2878 [0.2423, 0.3343] [native]  auc=0.4739 [0.3612, 0.5929]
    Dynamic DeepHit      c_index=0.8342 [0.7792, 0.8811]  brier=0.1055 [0.0804, 0.134] [native]  auc=0.9589 [0.9155, 0.9834]
    Hazard Transformer   c_index=0.545 [0.4731, 0.6256]  brier=0.3452 [0.2771, 0.4156] [native]  auc=0.5915 [0.4766, 0.6924]
    Logistic Hazard      c_index=0.5052 [0.4247, 0.5835]  brier=0.2654 [0.2344, 0.2935] [native]  auc=0.5196 [0.3958, 0.6323]
    RNN-Surv             c_index=0.5086 [0.4293, 0.5897]  brier=0.3321 [0.2701, 0.3911] [native]  auc=0.5238 [0.4045, 0.6325]
    DeepSurv             c_index=0.4816 [0.3978, 0.5678]  brier=0.2508 [0.2243, 0.2742] [fitted-conversion]  auc=0.5031 [0.3704, 0.6261]
    GBSA                 c_index=0.515 [0.4357, 0.597]  brier=0.2556 [0.2286, 0.2805] [native]  auc=0.527 [0.4183, 0.6441]
    Survival RF          c_index=0.5039 [0.4202, 0.5891]  brier=0.2584 [0.2278, 0.2864] [native]  auc=0.5065 [0.3945, 0.6314]
    Survival SVM         c_index=0.5366 [0.4631, 0.6136]  brier=0.2584 [0.2254, 0.2898] [fitted-conversion]  auc=0.57 [0.457, 0.6854]
    Weibull AFT          c_index=0.5268 [0.4496, 0.606]  brier=0.289 [0.242, 0.3363] [native]  auc=0.5504 [0.4368, 0.6634]
    KFRE                 c_index=0.486 [0.4096, 0.573]  brier=0.4698 [0.371, 0.5627] [fitted-conversion]  auc=0.4719 [0.361, 0.5912]

  [66-85] n=133 events=95
    Cox                  c_index=0.6438 [0.5735, 0.7144]  brier=0.2213 [0.1903, 0.2565] [native]  auc=0.6991 [0.6066, 0.7852]
    Dynamic DeepHit      c_index=0.8845 [0.8531, 0.9153]  brier=0.0878 [0.064, 0.1125] [native]  auc=0.9777 [0.9564, 0.9915]
    Hazard Transformer   c_index=0.6884 [0.624, 0.7467]  brier=0.2503 [0.2037, 0.2996] [native]  auc=0.7828 [0.7003, 0.8485]
    Logistic Hazard      c_index=0.6191 [0.5496, 0.6878]  brier=0.217 [0.1955, 0.2391] [native]  auc=0.6691 [0.5786, 0.7573]
    RNN-Surv             c_index=0.5555 [0.4873, 0.6311]  brier=0.3598 [0.3059, 0.4122] [native]  auc=0.5737 [0.4732, 0.6726]
    DeepSurv             c_index=0.506 [0.4316, 0.5784]  brier=0.228 [0.2072, 0.2505] [fitted-conversion]  auc=0.4958 [0.3943, 0.5919]
    GBSA                 c_index=0.6112 [0.5457, 0.6792]  brier=0.218 [0.1991, 0.238] [native]  auc=0.6379 [0.5495, 0.7276]
    Survival RF          c_index=0.6202 [0.5506, 0.6957]  brier=0.2124 [0.1931, 0.2314] [native]  auc=0.6544 [0.5669, 0.7466]
    Survival SVM         c_index=0.6043 [0.5291, 0.6795]  brier=0.2236 [0.2016, 0.2468] [fitted-conversion]  auc=0.6443 [0.5477, 0.7353]
    Weibull AFT          c_index=0.6112 [0.5361, 0.6865]  brier=0.224 [0.1927, 0.2595] [native]  auc=0.6528 [0.5569, 0.7466]
    KFRE                 c_index=0.6424 [0.5756, 0.7119]  brier=0.339 [0.2692, 0.415] [fitted-conversion]  auc=0.6948 [0.6063, 0.7801]

=== Sex as recorded in patients.csv ===

  [F] n=108 events=89
    Cox                  c_index=0.5541 [0.4774, 0.6295]  brier=0.2594 [0.2198, 0.3013] [native]  auc=0.5702 [0.4612, 0.6744]
    Dynamic DeepHit      c_index=0.8499 [0.8061, 0.8918]  brier=0.1111 [0.0858, 0.1359] [native]  auc=0.9632 [0.9311, 0.9839]
    Hazard Transformer   c_index=0.6119 [0.5406, 0.6837]  brier=0.2966 [0.2389, 0.3608] [native]  auc=0.687 [0.5905, 0.776]
    Logistic Hazard      c_index=0.5619 [0.4871, 0.6368]  brier=0.2483 [0.2223, 0.2748] [native]  auc=0.5845 [0.4785, 0.6878]
    RNN-Surv             c_index=0.5427 [0.4721, 0.6165]  brier=0.3731 [0.316, 0.4308] [native]  auc=0.5632 [0.4518, 0.6776]
    DeepSurv             c_index=0.5349 [0.4637, 0.6089]  brier=0.2503 [0.2301, 0.2704] [fitted-conversion]  auc=0.545 [0.4455, 0.6553]
    GBSA                 c_index=0.573 [0.4994, 0.6489]  brier=0.248 [0.228, 0.2696] [native]  auc=0.5914 [0.4908, 0.6941]
    Survival RF          c_index=0.5929 [0.5163, 0.6726]  brier=0.2401 [0.2174, 0.2641] [native]  auc=0.6155 [0.5104, 0.727]
    Survival SVM         c_index=0.4886 [0.4145, 0.5687]  brier=0.2639 [0.2359, 0.2925] [fitted-conversion]  auc=0.4745 [0.3767, 0.5834]
    Weibull AFT          c_index=0.4931 [0.4178, 0.5731]  brier=0.2611 [0.2215, 0.3041] [native]  auc=0.4822 [0.3869, 0.5882]
    KFRE                 c_index=0.5405 [0.4616, 0.6182]  brier=0.4429 [0.3607, 0.5276] [fitted-conversion]  auc=0.5574 [0.4546, 0.6596]

  [M] n=162 events=114
    Cox                  c_index=0.6005 [0.5376, 0.6581]  brier=0.2452 [0.2153, 0.2779] [native]  auc=0.6391 [0.5588, 0.7141]
    Dynamic DeepHit      c_index=0.8715 [0.8346, 0.9007]  brier=0.0997 [0.0789, 0.123] [native]  auc=0.9652 [0.9371, 0.9803]
    Hazard Transformer   c_index=0.6334 [0.5772, 0.6895]  brier=0.2878 [0.2424, 0.3376] [native]  auc=0.7105 [0.6322, 0.7796]
    Logistic Hazard      c_index=0.5923 [0.5322, 0.6515]  brier=0.2326 [0.212, 0.2528] [native]  auc=0.6364 [0.5565, 0.7164]
    RNN-Surv             c_index=0.4867 [0.4237, 0.5551]  brier=0.3384 [0.2885, 0.3908] [native]  auc=0.4901 [0.4023, 0.5739]
    DeepSurv             c_index=0.4196 [0.3571, 0.4876]  brier=0.2365 [0.2155, 0.2561] [fitted-conversion]  auc=0.3963 [0.306, 0.4833]
    GBSA                 c_index=0.5901 [0.5226, 0.6535]  brier=0.2259 [0.208, 0.2435] [native]  auc=0.6108 [0.5269, 0.6921]
    Survival RF          c_index=0.5824 [0.5205, 0.6466]  brier=0.2253 [0.2056, 0.2453] [native]  auc=0.5967 [0.5214, 0.6781]
    Survival SVM         c_index=0.5864 [0.5234, 0.648]  brier=0.2259 [0.2045, 0.248] [fitted-conversion]  auc=0.6171 [0.5379, 0.6942]
    Weibull AFT          c_index=0.5881 [0.5251, 0.651]  brier=0.2485 [0.2177, 0.2817] [native]  auc=0.6204 [0.5429, 0.6969]
    KFRE                 c_index=0.608 [0.5435, 0.6652]  brier=0.3352 [0.2704, 0.4032] [fitted-conversion]  auc=0.6472 [0.5613, 0.7258]

=== Race (collapsed from admissions.csv ethnicity; unknown retained) ===

  [BLACK] n=71 events=62
    Cox                  c_index=0.5574 [0.4483, 0.6601]  brier=0.3338 [0.2827, 0.3833] [native]  auc=0.5643 [0.429, 0.703]
    Dynamic DeepHit      c_index=0.8129 [0.7407, 0.8756]  brier=0.1195 [0.0894, 0.1548] [native]  auc=0.9773 [0.9303, 0.9943]
    Hazard Transformer   c_index=0.5676 [0.4637, 0.661]  brier=0.4145 [0.3362, 0.4903] [native]  auc=0.6116 [0.4724, 0.7425]
    Logistic Hazard      c_index=0.5846 [0.4902, 0.6775]  brier=0.2904 [0.2604, 0.3208] [native]  auc=0.5867 [0.4581, 0.7216]
    RNN-Surv             c_index=0.5836 [0.498, 0.669]  brier=0.3101 [0.2422, 0.3782] [native]  auc=0.5881 [0.4543, 0.7126]
    DeepSurv             c_index=0.5361 [0.4427, 0.6298]  brier=0.2759 [0.2508, 0.3002] [fitted-conversion]  auc=0.5316 [0.397, 0.6578]
    GBSA                 c_index=0.5589 [0.462, 0.6526]  brier=0.2814 [0.2571, 0.3042] [native]  auc=0.5313 [0.3836, 0.6672]
    Survival RF          c_index=0.573 [0.4752, 0.6747]  brier=0.2837 [0.2542, 0.312] [native]  auc=0.5671 [0.4337, 0.7063]
    Survival SVM         c_index=0.4973 [0.3959, 0.6049]  brier=0.2974 [0.2631, 0.3342] [fitted-conversion]  auc=0.4679 [0.3386, 0.6067]
    Weibull AFT          c_index=0.4915 [0.3936, 0.5989]  brier=0.3395 [0.2866, 0.389] [native]  auc=0.4598 [0.3312, 0.5939]
    KFRE                 c_index=0.5521 [0.4465, 0.6503]  brier=0.4463 [0.3338, 0.5544] [fitted-conversion]  auc=0.5586 [0.4231, 0.6961]

  [WHITE] n=156 events=109
    Cox                  c_index=0.6052 [0.535, 0.6684]  brier=0.2297 [0.1965, 0.2637] [native]  auc=0.6414 [0.551, 0.7239]
    Dynamic DeepHit      c_index=0.881 [0.8477, 0.9102]  brier=0.0972 [0.0766, 0.1207] [native]  auc=0.9665 [0.9412, 0.9822]
    Hazard Transformer   c_index=0.6473 [0.5867, 0.7012]  brier=0.2616 [0.2135, 0.3125] [native]  auc=0.7232 [0.6406, 0.7916]
    Logistic Hazard      c_index=0.591 [0.5204, 0.6524]  brier=0.223 [0.2008, 0.2433] [native]  auc=0.6317 [0.5386, 0.7129]
    RNN-Surv             c_index=0.4835 [0.4178, 0.5469]  brier=0.3547 [0.3078, 0.4002] [native]  auc=0.4908 [0.3994, 0.5738]
    DeepSurv             c_index=0.4555 [0.3911, 0.5171]  brier=0.2289 [0.2091, 0.2481] [fitted-conversion]  auc=0.4519 [0.3691, 0.5365]
    GBSA                 c_index=0.5946 [0.5243, 0.6618]  brier=0.2201 [0.2001, 0.2386] [native]  auc=0.6386 [0.5551, 0.723]
    Survival RF          c_index=0.5951 [0.5211, 0.6662]  brier=0.2151 [0.1936, 0.2345] [native]  auc=0.6271 [0.5378, 0.7144]
    Survival SVM         c_index=0.5694 [0.4957, 0.6396]  brier=0.2191 [0.1966, 0.2416] [fitted-conversion]  auc=0.6029 [0.5148, 0.6852]
    Weibull AFT          c_index=0.5783 [0.5061, 0.6486]  brier=0.2313 [0.1985, 0.2657] [native]  auc=0.6122 [0.5241, 0.695]
    KFRE                 c_index=0.6113 [0.5449, 0.6709]  brier=0.3491 [0.2863, 0.4166] [fitted-conversion]  auc=0.6455 [0.5523, 0.7276]
Subgroup report saved to: /home/minhn2/uiuc-kidney-failure/generated_data/rep_2/four_features_subgroup_performance_report.txt
Train data path /home/minhn2/uiuc-kidney-failure/generated_data/rep_2/eight_features_train_data.csv
Test data path /home/minhn2/uiuc-kidney-failure/generated_data/rep_2/eight_features_test_data.csv
Number of patients: test 107 and train 425
Number of records: test 472 and train 1584
================================================================================
SUBGROUP PERFORMANCE ANALYSIS - EIGHT_FEATURES
================================================================================
Subgroup PERFORMANCE, not a fairness evaluation — see this module's docstring.

train: 1584 lab-event rows -> 425 patients, 327 events (patient-level event rate 0.7694)
test: 472 lab-event rows -> 107 patients, 82 events (patient-level event rate 0.7664)
IPCW censoring reference: the full training cohort (425 patients), not a per-group one; evaluation capped at 3164.4 days (training follow-up 3164.4 days).

Patient metadata join:
  107 held-out patients; 0 with no patients.csv row
  Age variable — anchor_age from patients.csv — the patient's age in their MIMIC anchor year, NOT their age at the prediction landmark; the exported scenario CSVs carry no absolute timestamp, so landmark age is not derivable here
  Time from each patient's first lab record to their prediction landmark: median 0.002 y, p90 1.436 y, max 7.262 y — the landmark can sit this far from the anchor year the age is measured at.
  Race — most frequently recorded race across the patient's admissions, ties broken by earliest admission; patients with no recorded value are kept as UNKNOWN/NOT RECORDED
    105/107 patients have a recorded race; 2 retained as unknown; 6 have more than one recorded value across admissions; 8 admission rows carry declined/unobtainable/unknown.
Loading model from /home/minhn2/uiuc-kidney-failure/generated_data/rep_2/eight_features_cox_model.dill
Train data path /home/minhn2/uiuc-kidney-failure/generated_data/rep_2/eight_features_train_data.csv
Test data path /home/minhn2/uiuc-kidney-failure/generated_data/rep_2/eight_features_test_data.csv
Number of patients: test 107 and train 425
Number of records: test 472 and train 1584
get_last_observation_data(ExperimentScenario.EIGHT_FEATURES): train 1584 rows/425 subjects -> 425 rows; test 472 rows/107 subjects -> 107 rows
Loading model from /home/minhn2/uiuc-kidney-failure/generated_data/rep_2/eight_features_cox_model.dill
Train data path /home/minhn2/uiuc-kidney-failure/generated_data/rep_2/eight_features_train_data.csv
Test data path /home/minhn2/uiuc-kidney-failure/generated_data/rep_2/eight_features_test_data.csv
Number of patients: test 107 and train 425
Number of records: test 472 and train 1584
get_last_observation_data(ExperimentScenario.EIGHT_FEATURES): train 1584 rows/425 subjects -> 425 rows; test 472 rows/107 subjects -> 107 rows
Train data path /home/minhn2/uiuc-kidney-failure/generated_data/rep_2/eight_features_train_data.csv
Test data path /home/minhn2/uiuc-kidney-failure/generated_data/rep_2/eight_features_test_data.csv
Number of patients: test 107 and train 425
Number of records: test 472 and train 1584
Train data path /home/minhn2/uiuc-kidney-failure/generated_data/rep_2/eight_features_train_data.csv
Test data path /home/minhn2/uiuc-kidney-failure/generated_data/rep_2/eight_features_test_data.csv
Number of patients: test 107 and train 425
Number of records: test 472 and train 1584
Train data path /home/minhn2/uiuc-kidney-failure/generated_data/rep_2/eight_features_train_data.csv
Test data path /home/minhn2/uiuc-kidney-failure/generated_data/rep_2/eight_features_test_data.csv
Number of patients: test 107 and train 425
Number of records: test 472 and train 1584
Train data path /home/minhn2/uiuc-kidney-failure/generated_data/rep_2/eight_features_train_data.csv
Test data path /home/minhn2/uiuc-kidney-failure/generated_data/rep_2/eight_features_test_data.csv
Number of patients: test 107 and train 425
Number of records: test 472 and train 1584
Train data path /home/minhn2/uiuc-kidney-failure/generated_data/rep_2/eight_features_train_data.csv
Test data path /home/minhn2/uiuc-kidney-failure/generated_data/rep_2/eight_features_test_data.csv
Number of patients: test 107 and train 425
Number of records: test 472 and train 1584
Train data path /home/minhn2/uiuc-kidney-failure/generated_data/rep_2/eight_features_train_data.csv
Test data path /home/minhn2/uiuc-kidney-failure/generated_data/rep_2/eight_features_test_data.csv
Number of patients: test 107 and train 425
Number of records: test 472 and train 1584
Train data path /home/minhn2/uiuc-kidney-failure/generated_data/rep_2/eight_features_train_data.csv
Test data path /home/minhn2/uiuc-kidney-failure/generated_data/rep_2/eight_features_test_data.csv
Number of patients: test 107 and train 425
Number of records: test 472 and train 1584
get_last_observation_data(ExperimentScenario.EIGHT_FEATURES): train 1584 rows/425 subjects -> 425 rows; test 472 rows/107 subjects -> 107 rows
Train data path /home/minhn2/uiuc-kidney-failure/generated_data/rep_2/eight_features_train_data.csv
Test data path /home/minhn2/uiuc-kidney-failure/generated_data/rep_2/eight_features_test_data.csv
Number of patients: test 107 and train 425
Number of records: test 472 and train 1584
get_last_observation_data(ExperimentScenario.EIGHT_FEATURES): train 1584 rows/425 subjects -> 425 rows; test 472 rows/107 subjects -> 107 rows
Train data path /home/minhn2/uiuc-kidney-failure/generated_data/rep_2/eight_features_train_data.csv
Test data path /home/minhn2/uiuc-kidney-failure/generated_data/rep_2/eight_features_test_data.csv
Number of patients: test 107 and train 425
Number of records: test 472 and train 1584
get_last_observation_data(ExperimentScenario.EIGHT_FEATURES): train 1584 rows/425 subjects -> 425 rows; test 472 rows/107 subjects -> 107 rows
Train data path /home/minhn2/uiuc-kidney-failure/generated_data/rep_2/eight_features_train_data.csv
Test data path /home/minhn2/uiuc-kidney-failure/generated_data/rep_2/eight_features_test_data.csv
Number of patients: test 107 and train 425
Number of records: test 472 and train 1584
get_last_observation_data(ExperimentScenario.EIGHT_FEATURES): train 1584 rows/425 subjects -> 425 rows; test 472 rows/107 subjects -> 107 rows
Loading model from /home/minhn2/uiuc-kidney-failure/generated_data/rep_2/eight_features_gbsa_model.dill
Train data path /home/minhn2/uiuc-kidney-failure/generated_data/rep_2/eight_features_train_data.csv
Test data path /home/minhn2/uiuc-kidney-failure/generated_data/rep_2/eight_features_test_data.csv
Number of patients: test 107 and train 425
Number of records: test 472 and train 1584
get_last_observation_data(ExperimentScenario.EIGHT_FEATURES): train 1584 rows/425 subjects -> 425 rows; test 472 rows/107 subjects -> 107 rows
Loading model from /home/minhn2/uiuc-kidney-failure/generated_data/rep_2/eight_features_gbsa_model.dill
Train data path /home/minhn2/uiuc-kidney-failure/generated_data/rep_2/eight_features_train_data.csv
Test data path /home/minhn2/uiuc-kidney-failure/generated_data/rep_2/eight_features_test_data.csv
Number of patients: test 107 and train 425
Number of records: test 472 and train 1584
get_last_observation_data(ExperimentScenario.EIGHT_FEATURES): train 1584 rows/425 subjects -> 425 rows; test 472 rows/107 subjects -> 107 rows
Loading model from /home/minhn2/uiuc-kidney-failure/generated_data/rep_2/eight_features_srf_model.dill
Train data path /home/minhn2/uiuc-kidney-failure/generated_data/rep_2/eight_features_train_data.csv
Test data path /home/minhn2/uiuc-kidney-failure/generated_data/rep_2/eight_features_test_data.csv
Number of patients: test 107 and train 425
Number of records: test 472 and train 1584
get_last_observation_data(ExperimentScenario.EIGHT_FEATURES): train 1584 rows/425 subjects -> 425 rows; test 472 rows/107 subjects -> 107 rows
[Parallel(n_jobs=2)]: Using backend ThreadingBackend with 2 concurrent workers.
[Parallel(n_jobs=2)]: Done  37 tasks      | elapsed:    0.0s
[Parallel(n_jobs=2)]: Done  50 out of  50 | elapsed:    0.0s finished
[Parallel(n_jobs=2)]: Using backend ThreadingBackend with 2 concurrent workers.
[Parallel(n_jobs=2)]: Done  37 tasks      | elapsed:    0.1s
[Parallel(n_jobs=2)]: Done  50 out of  50 | elapsed:    0.1s finished
Loading model from /home/minhn2/uiuc-kidney-failure/generated_data/rep_2/eight_features_srf_model.dill
Train data path /home/minhn2/uiuc-kidney-failure/generated_data/rep_2/eight_features_train_data.csv
Test data path /home/minhn2/uiuc-kidney-failure/generated_data/rep_2/eight_features_test_data.csv
Number of patients: test 107 and train 425
Number of records: test 472 and train 1584
get_last_observation_data(ExperimentScenario.EIGHT_FEATURES): train 1584 rows/425 subjects -> 425 rows; test 472 rows/107 subjects -> 107 rows
[Parallel(n_jobs=2)]: Using backend ThreadingBackend with 2 concurrent workers.
[Parallel(n_jobs=2)]: Done  37 tasks      | elapsed:    0.0s
[Parallel(n_jobs=2)]: Done  50 out of  50 | elapsed:    0.0s finished
[Parallel(n_jobs=2)]: Using backend ThreadingBackend with 2 concurrent workers.
[Parallel(n_jobs=2)]: Done  37 tasks      | elapsed:    0.0s
[Parallel(n_jobs=2)]: Done  50 out of  50 | elapsed:    0.0s finished
Loading model from /home/minhn2/uiuc-kidney-failure/generated_data/rep_2/eight_features_survival_svm_model.dill
Train data path /home/minhn2/uiuc-kidney-failure/generated_data/rep_2/eight_features_train_data.csv
Test data path /home/minhn2/uiuc-kidney-failure/generated_data/rep_2/eight_features_test_data.csv
Number of patients: test 107 and train 425
Number of records: test 472 and train 1584
get_last_observation_data(ExperimentScenario.EIGHT_FEATURES): train 1584 rows/425 subjects -> 425 rows; test 472 rows/107 subjects -> 107 rows
Loading model from /home/minhn2/uiuc-kidney-failure/generated_data/rep_2/eight_features_survival_svm_model.dill
Train data path /home/minhn2/uiuc-kidney-failure/generated_data/rep_2/eight_features_train_data.csv
Test data path /home/minhn2/uiuc-kidney-failure/generated_data/rep_2/eight_features_test_data.csv
Number of patients: test 107 and train 425
Number of records: test 472 and train 1584
get_last_observation_data(ExperimentScenario.EIGHT_FEATURES): train 1584 rows/425 subjects -> 425 rows; test 472 rows/107 subjects -> 107 rows
Loading model from /home/minhn2/uiuc-kidney-failure/generated_data/rep_2/eight_features_weibul_model.dill
Train data path /home/minhn2/uiuc-kidney-failure/generated_data/rep_2/eight_features_train_data.csv
Test data path /home/minhn2/uiuc-kidney-failure/generated_data/rep_2/eight_features_test_data.csv
Number of patients: test 107 and train 425
Number of records: test 472 and train 1584
get_last_observation_data(ExperimentScenario.EIGHT_FEATURES): train 1584 rows/425 subjects -> 425 rows; test 472 rows/107 subjects -> 107 rows
Loading model from /home/minhn2/uiuc-kidney-failure/generated_data/rep_2/eight_features_weibul_model.dill
Train data path /home/minhn2/uiuc-kidney-failure/generated_data/rep_2/eight_features_train_data.csv
Test data path /home/minhn2/uiuc-kidney-failure/generated_data/rep_2/eight_features_test_data.csv
Number of patients: test 107 and train 425
Number of records: test 472 and train 1584
get_last_observation_data(ExperimentScenario.EIGHT_FEATURES): train 1584 rows/425 subjects -> 425 rows; test 472 rows/107 subjects -> 107 rows
Train data path /home/minhn2/uiuc-kidney-failure/generated_data/rep_2/eight_features_train_data.csv
Test data path /home/minhn2/uiuc-kidney-failure/generated_data/rep_2/eight_features_test_data.csv
Number of patients: test 107 and train 425
Number of records: test 472 and train 1584
get_last_observation_data(ExperimentScenario.EIGHT_FEATURES): train 1584 rows/425 subjects -> 425 rows; test 472 rows/107 subjects -> 107 rows
Train data path /home/minhn2/uiuc-kidney-failure/generated_data/rep_2/eight_features_train_data.csv
Test data path /home/minhn2/uiuc-kidney-failure/generated_data/rep_2/eight_features_test_data.csv
Number of patients: test 107 and train 425
Number of records: test 472 and train 1584
get_last_observation_data(ExperimentScenario.EIGHT_FEATURES): train 1584 rows/425 subjects -> 425 rows; test 472 rows/107 subjects -> 107 rows

Group composition (patients / events / event proportion):

--- Age group (anchor_age bins — see patient_metadata: NOT landmark age) ---
  18-45                    n=12    events=12    event_rate=1.0000   [metrics not computed: needs >= 20 patients and >= 5 events]
  46-65                    n=49    events=40    event_rate=0.8163
  66-85                    n=37    events=24    event_rate=0.6486
  >85                      n=9     events=6     event_rate=0.6667   [metrics not computed: needs >= 20 patients and >= 5 events]

--- Sex as recorded in patients.csv ---
  F                        n=47    events=37    event_rate=0.7872
  M                        n=60    events=45    event_rate=0.7500

--- Race (collapsed from admissions.csv ethnicity; unknown retained) ---
  ASIAN                    n=6     events=4     event_rate=0.6667   [metrics not computed: needs >= 20 patients and >= 5 events]
  BLACK                    n=19    events=17    event_rate=0.8947   [metrics not computed: needs >= 20 patients and >= 5 events]
  HISPANIC/LATINO          n=11    events=9     event_rate=0.8182   [metrics not computed: needs >= 20 patients and >= 5 events]
  NATIVE HAWAIIAN OR OTHER PACIFIC ISLANDER n=1     events=0     event_rate=0.0000   [metrics not computed: needs >= 20 patients and >= 5 events]
  OTHER                    n=2     events=2     event_rate=1.0000   [metrics not computed: needs >= 20 patients and >= 5 events]
  UNKNOWN/NOT RECORDED     n=2     events=2     event_rate=1.0000   [metrics not computed: needs >= 20 patients and >= 5 events]
  WHITE                    n=66    events=48    event_rate=0.7273

Per-group performance, 1000 within-group bootstrap resamples, 95% percentile intervals:
  C-index and mean time-dependent AUC: higher is better. Integrated Brier (0-730d): lower is better.

=== Age group (anchor_age bins — see patient_metadata: NOT landmark age) ===

  [46-65] n=49 events=40
    Cox                  c_index=0.6139 [0.4916, 0.7217]  brier=0.247 [0.1254, 0.3759] [native]  auc=0.6463 [0.472, 0.7955]
    Dynamic DeepHit      c_index=0.7722 [0.6976, 0.8414]  brier=0.1704 [0.0994, 0.2502] [native]  auc=0.8871 [0.7758, 0.9638]
    Hazard Transformer   c_index=0.5716 [0.4541, 0.6891]  brier=0.228 [0.144, 0.3214] [native]  auc=0.6595 [0.48, 0.8046]
    Logistic Hazard      c_index=0.6041 [0.4939, 0.724]  brier=0.2635 [0.1384, 0.3992] [native]  auc=0.5931 [0.4574, 0.7493]
    RNN-Surv             c_index=0.5054 [0.394, 0.6183]  brier=0.3509 [0.2976, 0.4046] [native]  auc=0.5202 [0.3644, 0.6899]
    DeepSurv             c_index=0.5054 [0.3827, 0.6334]  brier=0.2265 [0.1424, 0.3155] [fitted-conversion]  auc=0.4047 [0.2652, 0.5759]
    GBSA                 c_index=0.5466 [0.4384, 0.6515]  brier=0.2433 [0.1412, 0.35] [native]  auc=0.5267 [0.3701, 0.6841]
    Survival RF          c_index=0.5325 [0.415, 0.651]  brier=0.2474 [0.1529, 0.3492] [native]  auc=0.4809 [0.3293, 0.648]
    Survival SVM         c_index=0.5206 [0.3899, 0.6526]  brier=0.2257 [0.141, 0.3169] [fitted-conversion]  auc=0.514 [0.3513, 0.6841]
    Weibull AFT          c_index=0.5813 [0.4682, 0.6995]  brier=0.2359 [0.1259, 0.3534] [native]  auc=0.6114 [0.4466, 0.7729]
    KFRE                 c_index=0.5249 [0.3962, 0.6437]  brier=0.5468 [0.3961, 0.7066] [fitted-conversion]  auc=0.5541 [0.3912, 0.7054]

  [66-85] n=37 events=24
    Cox                  c_index=0.5135 [0.3431, 0.6728]  brier=0.1568 [0.0563, 0.2839] [native]  auc=0.5693 [0.3802, 0.8069]
    Dynamic DeepHit      c_index=0.7548 [0.6234, 0.8739]  brier=0.0794 [0.0305, 0.1578] [native]  auc=0.8713 [0.7017, 1.0]
    Hazard Transformer   c_index=0.5483 [0.3946, 0.6957]  brier=0.1697 [0.0957, 0.273] [native]  auc=0.5123 [0.2076, 0.7795]
    Logistic Hazard      c_index=0.5946 [0.4602, 0.7275]  brier=0.1888 [0.0719, 0.3434] [native]  auc=0.7604 [0.6164, 0.9064]
    RNN-Surv             c_index=0.5965 [0.4477, 0.7353]  brier=0.2674 [0.2152, 0.3216] [native]  auc=0.7479 [0.5561, 0.9315]
    DeepSurv             c_index=0.4131 [0.2937, 0.5541]  brier=0.15 [0.0797, 0.2465] [fitted-conversion]  auc=0.6077 [0.3648, 0.8312]
    GBSA                 c_index=0.4817 [0.3238, 0.6245]  brier=0.1688 [0.0787, 0.2856] [native]  auc=0.5124 [0.3073, 0.7312]
    Survival RF          c_index=0.5135 [0.3597, 0.6706]  brier=0.1709 [0.0901, 0.2792] [native]  auc=0.545 [0.3478, 0.7655]
    Survival SVM         c_index=0.5618 [0.3936, 0.7258]  brier=0.1464 [0.0797, 0.2353] [fitted-conversion]  auc=0.6331 [0.4358, 0.8503]
    Weibull AFT          c_index=0.4575 [0.303, 0.6101]  brier=0.1596 [0.0643, 0.2854] [native]  auc=0.5422 [0.34, 0.7885]
    KFRE                 c_index=0.6525 [0.4932, 0.7916]  brier=0.493 [0.3277, 0.6625] [fitted-conversion]  auc=0.4963 [0.235, 0.739]

=== Sex as recorded in patients.csv ===

  [F] n=47 events=37
    Cox                  c_index=0.6337 [0.517, 0.7398]  brier=0.1574 [0.0724, 0.2708] [native]  auc=0.6737 [0.5128, 0.8421]
    Dynamic DeepHit      c_index=0.7725 [0.6955, 0.8386]  brier=0.1541 [0.0864, 0.226] [native]  auc=0.9485 [0.8781, 0.9961]
    Hazard Transformer   c_index=0.566 [0.4518, 0.6733]  brier=0.1744 [0.1109, 0.2668] [native]  auc=0.5981 [0.3936, 0.7814]
    Logistic Hazard      c_index=0.5483 [0.442, 0.661]  brier=0.1837 [0.0938, 0.3114] [native]  auc=0.6247 [0.4595, 0.8105]
    RNN-Surv             c_index=0.596 [0.4711, 0.7184]  brier=0.3497 [0.2925, 0.4051] [native]  auc=0.6393 [0.4786, 0.7903]
    DeepSurv             c_index=0.4639 [0.3647, 0.5645]  brier=0.1928 [0.1165, 0.2888] [fitted-conversion]  auc=0.5098 [0.3272, 0.6878]
    GBSA                 c_index=0.6171 [0.5046, 0.732]  brier=0.1692 [0.0981, 0.2703] [native]  auc=0.639 [0.4829, 0.8118]
    Survival RF          c_index=0.6615 [0.5675, 0.7596]  brier=0.1698 [0.1045, 0.2635] [native]  auc=0.6617 [0.5126, 0.8245]
    Survival SVM         c_index=0.5305 [0.4281, 0.6355]  brier=0.1879 [0.1186, 0.2738] [fitted-conversion]  auc=0.5458 [0.3824, 0.7231]
    Weibull AFT          c_index=0.5838 [0.4734, 0.6897]  brier=0.1615 [0.0818, 0.2709] [native]  auc=0.6735 [0.4879, 0.8593]
    KFRE                 c_index=0.5594 [0.4463, 0.6751]  brier=0.5343 [0.387, 0.6738] [fitted-conversion]  auc=0.5841 [0.4115, 0.7551]

  [M] n=60 events=45
    Cox                  c_index=0.4985 [0.3859, 0.6144]  brier=0.22 [0.1134, 0.3464] [native]  auc=0.5381 [0.3684, 0.7027]
    Dynamic DeepHit      c_index=0.7508 [0.6555, 0.8418]  brier=0.1199 [0.062, 0.1916] [native]  auc=0.851 [0.7259, 0.9635]
    Hazard Transformer   c_index=0.4977 [0.3843, 0.6084]  brier=0.2049 [0.1274, 0.2933] [native]  auc=0.5007 [0.3431, 0.6584]
    Logistic Hazard      c_index=0.5533 [0.4484, 0.6687]  brier=0.2405 [0.1252, 0.3743] [native]  auc=0.5913 [0.464, 0.7502]
    RNN-Surv             c_index=0.515 [0.4119, 0.623]  brier=0.3099 [0.2675, 0.3565] [native]  auc=0.5549 [0.3968, 0.7241]
    DeepSurv             c_index=0.4805 [0.3748, 0.5973]  brier=0.2022 [0.1317, 0.2821] [fitted-conversion]  auc=0.4281 [0.2779, 0.5937]
    GBSA                 c_index=0.4752 [0.3647, 0.5789]  brier=0.2218 [0.1298, 0.3263] [native]  auc=0.4424 [0.2926, 0.5976]
    Survival RF          c_index=0.4827 [0.3825, 0.5783]  brier=0.2239 [0.1386, 0.3242] [native]  auc=0.4472 [0.2942, 0.602]
    Survival SVM         c_index=0.5225 [0.4085, 0.6398]  brier=0.1996 [0.1263, 0.2787] [fitted-conversion]  auc=0.4662 [0.3172, 0.6463]
    Weibull AFT          c_index=0.485 [0.377, 0.6004]  brier=0.2107 [0.1138, 0.323] [native]  auc=0.5021 [0.3308, 0.6678]
    KFRE                 c_index=0.5244 [0.4174, 0.6303]  brier=0.5374 [0.4051, 0.6749] [fitted-conversion]  auc=0.5437 [0.3926, 0.6828]

=== Race (collapsed from admissions.csv ethnicity; unknown retained) ===

  [WHITE] n=66 events=48
    Cox                  c_index=0.5851 [0.4571, 0.6891]  brier=0.1855 [0.1023, 0.2923] [native]  auc=0.6458 [0.4667, 0.7995]
    Dynamic DeepHit      c_index=0.7764 [0.6951, 0.8564]  brier=0.1196 [0.064, 0.1843] [native]  auc=0.8608 [0.7149, 0.9818]
    Hazard Transformer   c_index=0.5638 [0.4606, 0.6673]  brier=0.1858 [0.1229, 0.2671] [native]  auc=0.574 [0.3959, 0.7528]
    Logistic Hazard      c_index=0.5674 [0.4659, 0.664]  brier=0.2144 [0.1242, 0.3322] [native]  auc=0.6722 [0.5304, 0.8025]
    RNN-Surv             c_index=0.5352 [0.4251, 0.6299]  brier=0.3088 [0.2643, 0.354] [native]  auc=0.6464 [0.4917, 0.7844]
    DeepSurv             c_index=0.4471 [0.3449, 0.5648]  brier=0.1745 [0.1161, 0.2458] [fitted-conversion]  auc=0.5033 [0.3363, 0.6792]
    GBSA                 c_index=0.5459 [0.433, 0.6481]  brier=0.1848 [0.1105, 0.2754] [native]  auc=0.5976 [0.4385, 0.7568]
    Survival RF          c_index=0.5729 [0.4651, 0.6628]  brier=0.191 [0.1205, 0.2766] [native]  auc=0.6051 [0.4377, 0.7656]
    Survival SVM         c_index=0.5049 [0.3819, 0.6153]  brier=0.1772 [0.1185, 0.2467] [fitted-conversion]  auc=0.5175 [0.3442, 0.672]
    Weibull AFT          c_index=0.5152 [0.4017, 0.622]  brier=0.1834 [0.106, 0.2824] [native]  auc=0.6098 [0.4396, 0.774]
    KFRE                 c_index=0.5486 [0.4331, 0.6574]  brier=0.5405 [0.4195, 0.6656] [fitted-conversion]  auc=0.5058 [0.3423, 0.6598]
Subgroup report saved to: /home/minhn2/uiuc-kidney-failure/generated_data/rep_2/eight_features_subgroup_performance_report.txt
COMPLETE
