Train data path /home/minhn2/uiuc-kidney-failure/generated_data/rep5/ckd_fifty_features_heterogeneous_train_data.csv
Test data path /home/minhn2/uiuc-kidney-failure/generated_data/rep5/ckd_fifty_features_heterogeneous_test_data.csv
Sample patients with esrd: [10000764 10000980 10001338 10001401 10001877 10001884 10002013 10002131
 10002155 10002428]
Number of patients progressed from ckd stage 3-5 to esrd are 31542 over 34332, accounts for 91.873%
Number of patients who have not progressed to esrd are 2790 over 34332, accounts for 8.127%
Processing patients who have not progressed to ESRD:
Number of patients: 2790
Stats on patients:
Total patients: 2790
Dead patients: 2057
Alive patients: 733
number of patients with egfr: 2782
number of records with egfr: 55744
number of patients with urea_nitrogen: 2782
number of records with urea_nitrogen: 54226
number of patients with hemoglobin: 2778
number of records with hemoglobin: 51032
number of patients with serum_albumin: 1978
number of records with serum_albumin: 10831
number of patients with potassium: 2780
number of records with potassium: 54015
number of patients with sodium: 2777
number of records with sodium: 53144
number of patients with bicarbonate: 2773
number of records with bicarbonate: 50467
number of patients with phosphate: 2663
number of records with phosphate: 34836
number of patients with calcium: 2674
number of records with calcium: 36847
number of patients with glucose: 2769
number of records with glucose: 43992
number of patients with chloride: 2778
number of records with chloride: 52608
number of patients with anion_gap: 2773
number of records with anion_gap: 50362
number of patients with hematocrit: 2785
number of records with hematocrit: 53591
number of patients with platelet_count: 2785
number of records with platelet_count: 51284
number of patients with wbc: 2778
number of records with wbc: 50759
number of patients with rbc: 2778
number of records with rbc: 50451
number of patients with mcv: 2778
number of records with mcv: 50449
number of patients with mch: 2778
number of records with mch: 50451
number of patients with mchc: 2778
number of records with mchc: 50457
number of patients with rdw: 2778
number of records with rdw: 50440
number of patients with magnesium: 2687
number of records with magnesium: 35026
number of patients with uric_acid: 469
number of records with uric_acid: 1871
number of patients with bilirubin_total: 2112
number of records with bilirubin_total: 13863
number of patients with alt: 2178
number of records with alt: 16391
number of patients with ast: 2173
number of records with ast: 15934
number of patients with alkaline_phosphatase: 2133
number of records with alkaline_phosphatase: 13223
number of patients with ldh: 1302
number of records with ldh: 4600
number of patients with iron: 964
number of records with iron: 2459
number of patients with total_protein: 787
number of records with total_protein: 2216
number of patients with cholesterol_total: 1048
number of records with cholesterol_total: 4028
number of patients with triglycerides: 1058
number of records with triglycerides: 3810
number of patients with inr: 2597
number of records with inr: 24601
number of patients with ptt: 2565
number of records with ptt: 20743
number of patients with crp: 557
number of records with crp: 1371
number of patients with ferritin: 974
number of records with ferritin: 2633
number of patients with transferrin: 930
number of records with transferrin: 2270
number of patients with tibc: 930
number of records with tibc: 2269
number of patients with lactate: 1778
number of records with lactate: 7027
number of patients with base_excess: 1047
number of records with base_excess: 7204
number of patients with pco2: 1046
number of records with pco2: 7202
number of patients with po2: 1046
number of records with po2: 7204
number of patients with ph: 1123
number of records with ph: 8225
number of patients with bilirubin_direct: 315
number of records with bilirubin_direct: 818
number of patients with bilirubin_indirect: 348
number of records with bilirubin_indirect: 971
number of patients with ggt: 109
number of records with ggt: 165
number of patients with amylase: 514
number of records with amylase: 1098
number of patients with lipase: 1138
number of records with lipase: 2763
number of patients with ck: 1469
number of records with ck: 5602
number of patients with troponin: 986
number of records with troponin: 4572
number of patients with bnp: 836
number of records with bnp: 1541
Finished getting raw lab records for scenario: ExperimentScenario.CKD_FIFTY_FEATURES_HETEROGENEOUS
   labevent_id  subject_id     hadm_id  specimen_id  ... lipase   ck troponin  bnp
0      70444.0    10005012  28371912.0   72485582.0  ...    0.0  0.0      0.0  0.0
1      70477.0    10005012  28371912.0   64581869.0  ...    0.0  0.0      0.0  0.0
2      70489.0    10005012  28371912.0   34584042.0  ...    0.0  0.0      0.0  0.0
3      70517.0    10005012  28371912.0   60861854.0  ...    0.0  0.0      0.0  0.0
4      70525.0    10005012  28371912.0    7004773.0  ...    0.0  0.0      0.0  0.0

[5 rows x 122 columns]
['labevent_id', 'subject_id', 'hadm_id', 'specimen_id', 'itemid', 'order_provider_id', 'time', 'storetime', 'value', 'valuenum', 'valueuom', 'ref_range_lower', 'ref_range_upper', 'flag', 'priority', 'comments', 'gender', 'age', 'anchor_year', 'anchor_year_group', 'dod', 'egfr', 'serum_creatinine', 'egfr_missing', 'urea_nitrogen_missing', 'hemoglobin_missing', 'serum_albumin_missing', 'potassium_missing', 'sodium_missing', 'bicarbonate_missing', 'phosphate_missing', 'calcium_missing', 'glucose_missing', 'chloride_missing', 'anion_gap_missing', 'hematocrit_missing', 'platelet_count_missing', 'wbc_missing', 'rbc_missing', 'mcv_missing', 'mch_missing', 'mchc_missing', 'rdw_missing', 'magnesium_missing', 'uric_acid_missing', 'bilirubin_total_missing', 'alt_missing', 'ast_missing', 'alkaline_phosphatase_missing', 'ldh_missing', 'iron_missing', 'total_protein_missing', 'cholesterol_total_missing', 'triglycerides_missing', 'inr_missing', 'ptt_missing', 'crp_missing', 'ferritin_missing', 'transferrin_missing', 'tibc_missing', 'lactate_missing', 'base_excess_missing', 'pco2_missing', 'po2_missing', 'ph_missing', 'bilirubin_direct_missing', 'bilirubin_indirect_missing', 'ggt_missing', 'amylase_missing', 'lipase_missing', 'ck_missing', 'troponin_missing', 'bnp_missing', 'urea_nitrogen', 'hemoglobin', 'serum_albumin', 'potassium', 'sodium', 'bicarbonate', 'phosphate', 'calcium', 'glucose', 'chloride', 'anion_gap', 'hematocrit', 'platelet_count', 'wbc', 'rbc', 'mcv', 'mch', 'mchc', 'rdw', 'magnesium', 'uric_acid', 'bilirubin_total', 'alt', 'ast', 'alkaline_phosphatase', 'ldh', 'iron', 'total_protein', 'cholesterol_total', 'triglycerides', 'inr', 'ptt', 'crp', 'ferritin', 'transferrin', 'tibc', 'lactate', 'base_excess', 'pco2', 'po2', 'ph', 'bilirubin_direct', 'bilirubin_indirect', 'ggt', 'amylase', 'lipase', 'ck', 'troponin', 'bnp']
Number of patients after filtering out NaN duration_in_days: 2787
Records sample:
   subject_id                time  has_esrd
0    10005012 2169-10-23 20:00:00         0
1    10005012 2169-10-24 06:30:00         0
2    10005012 2169-10-25 12:45:00         0
3    10005012 2169-10-26 06:25:00         0
4    10005012 2169-10-27 06:05:00         0
Stats on eGFR:
Number of records: 1177686. Number of patients: 2787
mean 2.196 sd 11.187
Processing patients who have progressed to ESRD:
Number of patients: 31542
Number of patients with ESRD: 31542
first time having ESRD df:
    subject_id first_diagnose_esrd_time
0    10000764      2132-10-14 23:31:00
1    10000980      2191-04-03 18:48:00
2    10001338      2138-05-09 19:47:00
3    10001401      2131-06-19 21:32:00
4    10001877      2150-11-21 23:02:00
Number of patients: 31542
Number of patients after drop n/a: 31542
Stats on patients:
Total patients: 31542
Dead patients: 18351
Alive patients: 13191
number of patients with egfr: 31533
number of records with egfr: 1553436
number of patients with urea_nitrogen: 31532
number of records with urea_nitrogen: 1524437
number of patients with hemoglobin: 31527
number of records with hemoglobin: 1411678
number of patients with serum_albumin: 27848
number of records with serum_albumin: 362685
number of patients with potassium: 31531
number of records with potassium: 1531588
number of patients with sodium: 31531
number of records with sodium: 1517002
number of patients with bicarbonate: 31530
number of records with bicarbonate: 1458561
number of patients with phosphate: 31235
number of records with phosphate: 1127436
number of patients with calcium: 31288
number of records with calcium: 1165091
number of patients with glucose: 31530
number of records with glucose: 1325330
number of patients with chloride: 31531
number of records with chloride: 1503108
number of patients with anion_gap: 31530
number of records with anion_gap: 1455291
number of patients with hematocrit: 31527
number of records with hematocrit: 1469518
number of patients with platelet_count: 31527
number of records with platelet_count: 1426225
number of patients with wbc: 31527
number of records with wbc: 1409918
number of patients with rbc: 31527
number of records with rbc: 1399929
number of patients with mcv: 31527
number of records with mcv: 1399912
number of patients with mch: 31527
number of records with mch: 1399799
number of patients with mchc: 31527
number of records with mchc: 1400029
number of patients with rdw: 31527
number of records with rdw: 1398728
number of patients with magnesium: 31298
number of records with magnesium: 1162603
number of patients with uric_acid: 7580
number of records with uric_acid: 69429
number of patients with bilirubin_total: 28904
number of records with bilirubin_total: 571517
number of patients with alt: 29211
number of records with alt: 608251
number of patients with ast: 29204
number of records with ast: 606955
number of patients with alkaline_phosphatase: 28938
number of records with alkaline_phosphatase: 558080
number of patients with ldh: 23441
number of records with ldh: 272062
number of patients with iron: 17089
number of records with iron: 48554
number of patients with total_protein: 12827
number of records with total_protein: 65890
number of patients with cholesterol_total: 14818
number of records with cholesterol_total: 59151
number of patients with triglycerides: 16271
number of records with triglycerides: 64430
number of patients with inr: 30371
number of records with inr: 717327
number of patients with ptt: 30249
number of records with ptt: 653499
number of patients with crp: 9550
number of records with crp: 35728
number of patients with ferritin: 17209
number of records with ferritin: 54758
number of patients with transferrin: 16603
number of records with transferrin: 44655
number of patients with tibc: 16600
number of records with tibc: 44621
number of patients with lactate: 27381
number of records with lactate: 277750
number of patients with base_excess: 20502
number of records with base_excess: 301404
number of patients with pco2: 20497
number of records with pco2: 301352
number of patients with po2: 20499
number of records with po2: 301535
number of patients with ph: 21384
number of records with ph: 328969
number of patients with bilirubin_direct: 8831
number of records with bilirubin_direct: 39279
number of patients with bilirubin_indirect: 9397
number of records with bilirubin_indirect: 42136
number of patients with ggt: 3401
number of records with ggt: 6467
number of patients with amylase: 9611
number of records with amylase: 37133
number of patients with lipase: 20572
number of records with lipase: 85746
number of patients with ck: 22133
number of records with ck: 130365
number of patients with troponin: 15343
number of records with troponin: 96202
number of patients with bnp: 13026
number of records with bnp: 40979
Finished getting raw lab records for scenario: ExperimentScenario.CKD_FIFTY_FEATURES_HETEROGENEOUS
   labevent_id  subject_id     hadm_id  specimen_id  ... lipase   ck troponin  bnp
0       2491.0    10000764         NaN   76601642.0  ...    0.0  0.0      0.0  0.0
1       2521.0    10000764  27897940.0   42075698.0  ...    0.0  0.0      0.0  0.0
2       2571.0    10000764  27897940.0   43331822.0  ...    0.0  0.0      0.0  0.0
3       2599.0    10000764  27897940.0   24885655.0  ...    0.0  0.0      0.0  0.0
4       2622.0    10000764  27897940.0   79417058.0  ...    0.0  0.0      0.0  0.0

[5 rows x 122 columns]
['labevent_id', 'subject_id', 'hadm_id', 'specimen_id', 'itemid', 'order_provider_id', 'time', 'storetime', 'value', 'valuenum', 'valueuom', 'ref_range_lower', 'ref_range_upper', 'flag', 'priority', 'comments', 'gender', 'age', 'anchor_year', 'anchor_year_group', 'dod', 'egfr', 'serum_creatinine', 'egfr_missing', 'urea_nitrogen_missing', 'hemoglobin_missing', 'serum_albumin_missing', 'potassium_missing', 'sodium_missing', 'bicarbonate_missing', 'phosphate_missing', 'calcium_missing', 'glucose_missing', 'chloride_missing', 'anion_gap_missing', 'hematocrit_missing', 'platelet_count_missing', 'wbc_missing', 'rbc_missing', 'mcv_missing', 'mch_missing', 'mchc_missing', 'rdw_missing', 'magnesium_missing', 'uric_acid_missing', 'bilirubin_total_missing', 'alt_missing', 'ast_missing', 'alkaline_phosphatase_missing', 'ldh_missing', 'iron_missing', 'total_protein_missing', 'cholesterol_total_missing', 'triglycerides_missing', 'inr_missing', 'ptt_missing', 'crp_missing', 'ferritin_missing', 'transferrin_missing', 'tibc_missing', 'lactate_missing', 'base_excess_missing', 'pco2_missing', 'po2_missing', 'ph_missing', 'bilirubin_direct_missing', 'bilirubin_indirect_missing', 'ggt_missing', 'amylase_missing', 'lipase_missing', 'ck_missing', 'troponin_missing', 'bnp_missing', 'urea_nitrogen', 'hemoglobin', 'serum_albumin', 'potassium', 'sodium', 'bicarbonate', 'phosphate', 'calcium', 'glucose', 'chloride', 'anion_gap', 'hematocrit', 'platelet_count', 'wbc', 'rbc', 'mcv', 'mch', 'mchc', 'rdw', 'magnesium', 'uric_acid', 'bilirubin_total', 'alt', 'ast', 'alkaline_phosphatase', 'ldh', 'iron', 'total_protein', 'cholesterol_total', 'triglycerides', 'inr', 'ptt', 'crp', 'ferritin', 'transferrin', 'tibc', 'lactate', 'base_excess', 'pco2', 'po2', 'ph', 'bilirubin_direct', 'bilirubin_indirect', 'ggt', 'amylase', 'lipase', 'ck', 'troponin', 'bnp']
Number of patients after merging: 31533

Number of ESRD who have lab records at or prior to their esrd diagnose: 30060
Number of patients after filtering out records after the first 'has_esrd' == 1: 30060
Number of records: 9039159. Records sample:
         subject_id                time  has_esrd first_diagnose_esrd_time
0          10000764 2132-10-14 20:15:00         1      2132-10-14 23:31:00
1553436    10000764 2132-10-14 20:15:00         1      2132-10-14 23:31:00
3077873    10000764 2132-10-14 20:15:00         1      2132-10-14 23:31:00
4852236    10000764 2132-10-14 20:15:00         1      2132-10-14 23:31:00
6383824    10000764 2132-10-14 20:15:00         1      2132-10-14 23:31:00
Stats on eGFR:
Number of records: 9039159. Number of patients: 30060
mean 3.201 sd 16.109
After merge:
Total number of patients: 32847
Total number of records: 10216845
add_time_variant_support cols:  ['labevent_id', 'subject_id', 'hadm_id', 'specimen_id', 'itemid', 'order_provider_id', 'time', 'storetime', 'value', 'valuenum', 'valueuom', 'ref_range_lower', 'ref_range_upper', 'flag', 'priority', 'comments', 'gender', 'age', 'anchor_year', 'anchor_year_group', 'dod', 'egfr', 'serum_creatinine', 'egfr_missing', 'urea_nitrogen_missing', 'hemoglobin_missing', 'serum_albumin_missing', 'potassium_missing', 'sodium_missing', 'bicarbonate_missing', 'phosphate_missing', 'calcium_missing', 'glucose_missing', 'chloride_missing', 'anion_gap_missing', 'hematocrit_missing', 'platelet_count_missing', 'wbc_missing', 'rbc_missing', 'mcv_missing', 'mch_missing', 'mchc_missing', 'rdw_missing', 'magnesium_missing', 'uric_acid_missing', 'bilirubin_total_missing', 'alt_missing', 'ast_missing', 'alkaline_phosphatase_missing', 'ldh_missing', 'iron_missing', 'total_protein_missing', 'cholesterol_total_missing', 'triglycerides_missing', 'inr_missing', 'ptt_missing', 'crp_missing', 'ferritin_missing', 'transferrin_missing', 'tibc_missing', 'lactate_missing', 'base_excess_missing', 'pco2_missing', 'po2_missing', 'ph_missing', 'bilirubin_direct_missing', 'bilirubin_indirect_missing', 'ggt_missing', 'amylase_missing', 'lipase_missing', 'ck_missing', 'troponin_missing', 'bnp_missing', 'urea_nitrogen', 'hemoglobin', 'serum_albumin', 'potassium', 'sodium', 'bicarbonate', 'phosphate', 'calcium', 'glucose', 'chloride', 'anion_gap', 'hematocrit', 'platelet_count', 'wbc', 'rbc', 'mcv', 'mch', 'mchc', 'rdw', 'magnesium', 'uric_acid', 'bilirubin_total', 'alt', 'ast', 'alkaline_phosphatase', 'ldh', 'iron', 'total_protein', 'cholesterol_total', 'triglycerides', 'inr', 'ptt', 'crp', 'ferritin', 'transferrin', 'tibc', 'lactate', 'base_excess', 'pco2', 'po2', 'ph', 'bilirubin_direct', 'bilirubin_indirect', 'ggt', 'amylase', 'lipase', 'ck', 'troponin', 'bnp', 'has_esrd', 'duration_in_days', 'first_diagnose_esrd_time', 'start', 'stop']
No subjects found with 'stop' < 'start'.
Data: 
   subject_id  duration_in_days  start  ...  bnp  bnp_missing  has_esrd
0    10000764               0.0    0.0  ...  0.0            1         1
1    10000764               0.0    0.0  ...  0.0            1         1
2    10000764               0.0    0.0  ...  0.0            1         1
3    10000764               0.0    0.0  ...  0.0            1         1
4    10000764               0.0    0.0  ...  0.0            1         1

[5 rows x 105 columns]
Total number of patients: 32847
Total number of records: 10216845
Number of patients: test 6570 and train 26277
Number of records: test 2093304 and train 8123541
