=== Starting ExperimentScenario.FOUR_FEATURES ===
Train data path /home/minhn2/uiuc-kidney-failure/generated_data/rep1/four_features_train_data.csv
Test data path /home/minhn2/uiuc-kidney-failure/generated_data/rep1/four_features_test_data.csv
Number of patients: test 66 and train 262
Number of records: test 147 and train 663
=== Finished ExperimentScenario.FOUR_FEATURES in 0.0 s ===
=== Starting ExperimentScenario.EIGHT_FEATURES ===
Train data path /home/minhn2/uiuc-kidney-failure/generated_data/rep1/eight_features_train_data.csv
Test data path /home/minhn2/uiuc-kidney-failure/generated_data/rep1/eight_features_test_data.csv
Sample patients with esrd: [10000764 10000980 10001338 10001401 10001877 10001884 10002013 10002131
 10002155 10002428]
Number of patients progressed from ckd stage 3-5 to esrd are 31542 over 34332, accounts for 91.873%
Number of patients who have not progressed to esrd are 2790 over 34332, accounts for 8.127%
Processing patients who have not progressed to ESRD:
Number of patients: 2790
Stats on patients:
Total patients: 2790
Dead patients: 2057
Alive patients: 733
COHORT_FLOW|eight_features|source_population|patients=2790|records=2790
