rep99 analyze: four_features, eight_features, twenty_features_heterogeneous; output=/home/minhn2/uiuc-kidney-failure/generated_data/rep99
Train data path /home/minhn2/uiuc-kidney-failure/generated_data/rep99/four_features_train_data.csv
Test data path /home/minhn2/uiuc-kidney-failure/generated_data/rep99/four_features_test_data.csv
Number of patients: test 345 and train 500
Number of records: test 3667 and train 5806
================================================================================
SUBGROUP PERFORMANCE ANALYSIS - FOUR_FEATURES
================================================================================
Subgroup PERFORMANCE, not a fairness evaluation — see this module's docstring.

train: 5806 lab-event rows -> 500 patients, 250 events (patient-level event rate 0.5000)
test: 3667 lab-event rows -> 345 patients, 250 events (patient-level event rate 0.7246)
IPCW censoring reference: the full training cohort (500 patients), not a per-group one; evaluation capped at 4060.0 days (training follow-up 4112.3 days).

Patient metadata join:
  345 held-out patients; 0 with no patients.csv row
  Age variable — anchor_age from patients.csv — the patient's age in their MIMIC anchor year, NOT their age at the prediction landmark; the exported scenario CSVs carry no absolute timestamp, so landmark age is not derivable here
  Time from each patient's first lab record to their prediction landmark: median 0.418 y, p90 6.278 y, max 11.863 y — the landmark can sit this far from the anchor year the age is measured at.
  Race — most frequently recorded race across the patient's admissions, ties broken by earliest admission; patients with no recorded value are kept as UNKNOWN/NOT RECORDED
    342/345 patients have a recorded race; 3 retained as unknown; 15 have more than one recorded value across admissions; 17 admission rows carry declined/unobtainable/unknown.
Loading model from /home/minhn2/uiuc-kidney-failure/generated_data/rep99/four_features_cox_model.dill
Train data path /home/minhn2/uiuc-kidney-failure/generated_data/rep99/four_features_train_data.csv
Test data path /home/minhn2/uiuc-kidney-failure/generated_data/rep99/four_features_test_data.csv
Number of patients: test 345 and train 500
Number of records: test 3667 and train 5806
get_last_observation_data(ExperimentScenario.FOUR_FEATURES): train 5806 rows/500 subjects -> 500 rows; test 3667 rows/345 subjects -> 345 rows
Loading model from /home/minhn2/uiuc-kidney-failure/generated_data/rep99/four_features_cox_model.dill
Train data path /home/minhn2/uiuc-kidney-failure/generated_data/rep99/four_features_train_data.csv
Test data path /home/minhn2/uiuc-kidney-failure/generated_data/rep99/four_features_test_data.csv
Number of patients: test 345 and train 500
Number of records: test 3667 and train 5806
get_last_observation_data(ExperimentScenario.FOUR_FEATURES): train 5806 rows/500 subjects -> 500 rows; test 3667 rows/345 subjects -> 345 rows
Train data path /home/minhn2/uiuc-kidney-failure/generated_data/rep99/four_features_train_data.csv
Test data path /home/minhn2/uiuc-kidney-failure/generated_data/rep99/four_features_test_data.csv
Number of patients: test 345 and train 500
Number of records: test 3667 and train 5806
Train data path /home/minhn2/uiuc-kidney-failure/generated_data/rep99/four_features_train_data.csv
Test data path /home/minhn2/uiuc-kidney-failure/generated_data/rep99/four_features_test_data.csv
Number of patients: test 345 and train 500
Number of records: test 3667 and train 5806
Train data path /home/minhn2/uiuc-kidney-failure/generated_data/rep99/four_features_train_data.csv
Test data path /home/minhn2/uiuc-kidney-failure/generated_data/rep99/four_features_test_data.csv
Number of patients: test 345 and train 500
Number of records: test 3667 and train 5806
Train data path /home/minhn2/uiuc-kidney-failure/generated_data/rep99/four_features_train_data.csv
Test data path /home/minhn2/uiuc-kidney-failure/generated_data/rep99/four_features_test_data.csv
Number of patients: test 345 and train 500
Number of records: test 3667 and train 5806
Train data path /home/minhn2/uiuc-kidney-failure/generated_data/rep99/four_features_train_data.csv
Test data path /home/minhn2/uiuc-kidney-failure/generated_data/rep99/four_features_test_data.csv
Number of patients: test 345 and train 500
Number of records: test 3667 and train 5806
Train data path /home/minhn2/uiuc-kidney-failure/generated_data/rep99/four_features_train_data.csv
Test data path /home/minhn2/uiuc-kidney-failure/generated_data/rep99/four_features_test_data.csv
Number of patients: test 345 and train 500
Number of records: test 3667 and train 5806
Train data path /home/minhn2/uiuc-kidney-failure/generated_data/rep99/four_features_train_data.csv
Test data path /home/minhn2/uiuc-kidney-failure/generated_data/rep99/four_features_test_data.csv
Number of patients: test 345 and train 500
Number of records: test 3667 and train 5806
get_last_observation_data(ExperimentScenario.FOUR_FEATURES): train 5806 rows/500 subjects -> 500 rows; test 3667 rows/345 subjects -> 345 rows
Train data path /home/minhn2/uiuc-kidney-failure/generated_data/rep99/four_features_train_data.csv
Test data path /home/minhn2/uiuc-kidney-failure/generated_data/rep99/four_features_test_data.csv
Number of patients: test 345 and train 500
Number of records: test 3667 and train 5806
get_last_observation_data(ExperimentScenario.FOUR_FEATURES): train 5806 rows/500 subjects -> 500 rows; test 3667 rows/345 subjects -> 345 rows
Train data path /home/minhn2/uiuc-kidney-failure/generated_data/rep99/four_features_train_data.csv
Test data path /home/minhn2/uiuc-kidney-failure/generated_data/rep99/four_features_test_data.csv
Number of patients: test 345 and train 500
Number of records: test 3667 and train 5806
get_last_observation_data(ExperimentScenario.FOUR_FEATURES): train 5806 rows/500 subjects -> 500 rows; test 3667 rows/345 subjects -> 345 rows
Train data path /home/minhn2/uiuc-kidney-failure/generated_data/rep99/four_features_train_data.csv
Test data path /home/minhn2/uiuc-kidney-failure/generated_data/rep99/four_features_test_data.csv
Number of patients: test 345 and train 500
Number of records: test 3667 and train 5806
get_last_observation_data(ExperimentScenario.FOUR_FEATURES): train 5806 rows/500 subjects -> 500 rows; test 3667 rows/345 subjects -> 345 rows
Loading model from /home/minhn2/uiuc-kidney-failure/generated_data/rep99/four_features_gbsa_model.dill
Train data path /home/minhn2/uiuc-kidney-failure/generated_data/rep99/four_features_train_data.csv
Test data path /home/minhn2/uiuc-kidney-failure/generated_data/rep99/four_features_test_data.csv
Number of patients: test 345 and train 500
Number of records: test 3667 and train 5806
get_last_observation_data(ExperimentScenario.FOUR_FEATURES): train 5806 rows/500 subjects -> 500 rows; test 3667 rows/345 subjects -> 345 rows
Loading model from /home/minhn2/uiuc-kidney-failure/generated_data/rep99/four_features_gbsa_model.dill
Train data path /home/minhn2/uiuc-kidney-failure/generated_data/rep99/four_features_train_data.csv
Test data path /home/minhn2/uiuc-kidney-failure/generated_data/rep99/four_features_test_data.csv
Number of patients: test 345 and train 500
Number of records: test 3667 and train 5806
get_last_observation_data(ExperimentScenario.FOUR_FEATURES): train 5806 rows/500 subjects -> 500 rows; test 3667 rows/345 subjects -> 345 rows
Loading model from /home/minhn2/uiuc-kidney-failure/generated_data/rep99/four_features_srf_model.dill
Train data path /home/minhn2/uiuc-kidney-failure/generated_data/rep99/four_features_train_data.csv
Test data path /home/minhn2/uiuc-kidney-failure/generated_data/rep99/four_features_test_data.csv
Number of patients: test 345 and train 500
Number of records: test 3667 and train 5806
get_last_observation_data(ExperimentScenario.FOUR_FEATURES): train 5806 rows/500 subjects -> 500 rows; test 3667 rows/345 subjects -> 345 rows
[Parallel(n_jobs=2)]: Using backend ThreadingBackend with 2 concurrent workers.
[Parallel(n_jobs=2)]: Done  37 tasks      | elapsed:    0.0s
[Parallel(n_jobs=2)]: Done  50 out of  50 | elapsed:    0.0s finished
[Parallel(n_jobs=2)]: Using backend ThreadingBackend with 2 concurrent workers.
[Parallel(n_jobs=2)]: Done  37 tasks      | elapsed:    0.0s
[Parallel(n_jobs=2)]: Done  50 out of  50 | elapsed:    0.0s finished
Loading model from /home/minhn2/uiuc-kidney-failure/generated_data/rep99/four_features_srf_model.dill
Train data path /home/minhn2/uiuc-kidney-failure/generated_data/rep99/four_features_train_data.csv
Test data path /home/minhn2/uiuc-kidney-failure/generated_data/rep99/four_features_test_data.csv
Number of patients: test 345 and train 500
Number of records: test 3667 and train 5806
get_last_observation_data(ExperimentScenario.FOUR_FEATURES): train 5806 rows/500 subjects -> 500 rows; test 3667 rows/345 subjects -> 345 rows
[Parallel(n_jobs=2)]: Using backend ThreadingBackend with 2 concurrent workers.
[Parallel(n_jobs=2)]: Done  37 tasks      | elapsed:    0.0s
[Parallel(n_jobs=2)]: Done  50 out of  50 | elapsed:    0.0s finished
[Parallel(n_jobs=2)]: Using backend ThreadingBackend with 2 concurrent workers.
[Parallel(n_jobs=2)]: Done  37 tasks      | elapsed:    0.0s
[Parallel(n_jobs=2)]: Done  50 out of  50 | elapsed:    0.0s finished
Loading model from /home/minhn2/uiuc-kidney-failure/generated_data/rep99/four_features_survival_svm_model.dill
Train data path /home/minhn2/uiuc-kidney-failure/generated_data/rep99/four_features_train_data.csv
Test data path /home/minhn2/uiuc-kidney-failure/generated_data/rep99/four_features_test_data.csv
Number of patients: test 345 and train 500
Number of records: test 3667 and train 5806
get_last_observation_data(ExperimentScenario.FOUR_FEATURES): train 5806 rows/500 subjects -> 500 rows; test 3667 rows/345 subjects -> 345 rows
Loading model from /home/minhn2/uiuc-kidney-failure/generated_data/rep99/four_features_survival_svm_model.dill
Train data path /home/minhn2/uiuc-kidney-failure/generated_data/rep99/four_features_train_data.csv
Test data path /home/minhn2/uiuc-kidney-failure/generated_data/rep99/four_features_test_data.csv
Number of patients: test 345 and train 500
Number of records: test 3667 and train 5806
get_last_observation_data(ExperimentScenario.FOUR_FEATURES): train 5806 rows/500 subjects -> 500 rows; test 3667 rows/345 subjects -> 345 rows
Loading model from /home/minhn2/uiuc-kidney-failure/generated_data/rep99/four_features_weibul_model.dill
Train data path /home/minhn2/uiuc-kidney-failure/generated_data/rep99/four_features_train_data.csv
Test data path /home/minhn2/uiuc-kidney-failure/generated_data/rep99/four_features_test_data.csv
Number of patients: test 345 and train 500
Number of records: test 3667 and train 5806
get_last_observation_data(ExperimentScenario.FOUR_FEATURES): train 5806 rows/500 subjects -> 500 rows; test 3667 rows/345 subjects -> 345 rows
Loading model from /home/minhn2/uiuc-kidney-failure/generated_data/rep99/four_features_weibul_model.dill
Train data path /home/minhn2/uiuc-kidney-failure/generated_data/rep99/four_features_train_data.csv
Test data path /home/minhn2/uiuc-kidney-failure/generated_data/rep99/four_features_test_data.csv
Number of patients: test 345 and train 500
Number of records: test 3667 and train 5806
get_last_observation_data(ExperimentScenario.FOUR_FEATURES): train 5806 rows/500 subjects -> 500 rows; test 3667 rows/345 subjects -> 345 rows
Train data path /home/minhn2/uiuc-kidney-failure/generated_data/rep99/four_features_train_data.csv
Test data path /home/minhn2/uiuc-kidney-failure/generated_data/rep99/four_features_test_data.csv
Number of patients: test 345 and train 500
Number of records: test 3667 and train 5806
get_last_observation_data(ExperimentScenario.FOUR_FEATURES): train 5806 rows/500 subjects -> 500 rows; test 3667 rows/345 subjects -> 345 rows
Train data path /home/minhn2/uiuc-kidney-failure/generated_data/rep99/four_features_train_data.csv
Test data path /home/minhn2/uiuc-kidney-failure/generated_data/rep99/four_features_test_data.csv
Number of patients: test 345 and train 500
Number of records: test 3667 and train 5806
get_last_observation_data(ExperimentScenario.FOUR_FEATURES): train 5806 rows/500 subjects -> 500 rows; test 3667 rows/345 subjects -> 345 rows

Group composition (patients / events / event proportion):

--- Age group (anchor_age bins — see patient_metadata: NOT landmark age) ---
  <27                      n=6     events=6     event_rate=1.0000   [metrics not computed: needs >= 20 patients and >= 5 events]
  27-54                    n=76    events=67    event_rate=0.8816
  54-82                    n=219   events=145   event_rate=0.6621
  82+                      n=44    events=32    event_rate=0.7273

--- Sex as recorded in patients.csv ---
  F                        n=145   events=108   event_rate=0.7448
  M                        n=200   events=142   event_rate=0.7100

--- Race (collapsed from admissions.csv ethnicity; unknown retained) ---
  ASIAN                    n=17    events=14    event_rate=0.8235   [metrics not computed: needs >= 20 patients and >= 5 events]
  BLACK                    n=68    events=51    event_rate=0.7500
  HISPANIC/LATINO          n=27    events=21    event_rate=0.7778
  OTHER                    n=8     events=6     event_rate=0.7500   [metrics not computed: needs >= 20 patients and >= 5 events]
  PORTUGUESE               n=2     events=2     event_rate=1.0000   [metrics not computed: needs >= 20 patients and >= 5 events]
  UNKNOWN/NOT RECORDED     n=3     events=3     event_rate=1.0000   [metrics not computed: needs >= 20 patients and >= 5 events]
  WHITE                    n=220   events=153   event_rate=0.6955

Per-group performance, 1000 within-group bootstrap resamples, 95% percentile intervals:
  C-index and mean time-dependent AUC: higher is better. Integrated Brier (0-730d): lower is better.

=== Age group (anchor_age bins — see patient_metadata: NOT landmark age) ===

  [27-54] n=76 events=67
    Cox                  c_index=0.5294 [0.4348, 0.6241]  brier=0.2957 [0.2798, 0.3088] [native]  auc=0.5548 [0.4217, 0.6816]
    Dynamic DeepHit      c_index=0.8047 [0.7313, 0.8661]  brier=0.1756 [0.1247, 0.2361] [native]  auc=0.9281 [0.848, 0.9656]
    Hazard Transformer   c_index=0.6008 [0.5106, 0.6765]  brier=0.3441 [0.3132, 0.3768] [native]  auc=0.6698 [0.5385, 0.7782]
    Logistic Hazard      c_index=0.5223 [0.4279, 0.62]  brier=0.4903 [0.3751, 0.6126] [native]  auc=0.54 [0.4151, 0.6636]
    RNN-Surv             c_index=0.5422 [0.4607, 0.6227]  brier=0.4618 [0.3798, 0.5507] [native]  auc=0.564 [0.4448, 0.687]
    DeepSurv             c_index=0.5157 [0.4369, 0.6025]  brier=0.3495 [0.3059, 0.3918] [fitted-conversion]  auc=0.5261 [0.4177, 0.6435]
    GBSA                 c_index=0.4869 [0.4029, 0.5751]  brier=0.354 [0.2987, 0.4038] [native]  auc=0.4938 [0.3804, 0.6152]
    Survival RF          c_index=0.4113 [0.3164, 0.506]  brier=0.3471 [0.3073, 0.3877] [native]  auc=0.4138 [0.2861, 0.5408]
    Survival SVM         c_index=0.5549 [0.4654, 0.6417]  brier=0.2979 [0.2698, 0.3269] [fitted-conversion]  auc=0.5819 [0.4576, 0.7045]
    Weibull AFT          c_index=0.5378 [0.4497, 0.6232]  brier=0.3262 [0.2798, 0.3807] [native]  auc=0.5522 [0.4213, 0.6685]
    KFRE                 c_index=0.5362 [0.4452, 0.634]  brier=0.5373 [0.4362, 0.6412] [fitted-conversion]  auc=0.5593 [0.4346, 0.6885]

  [54-82] n=219 events=145
    Cox                  c_index=0.5487 [0.4922, 0.6063]  brier=0.2569 [0.242, 0.2717] [native]  auc=0.6044 [0.5249, 0.6829]
    Dynamic DeepHit      c_index=0.8286 [0.7884, 0.8659]  brier=0.1174 [0.0877, 0.1504] [native]  auc=0.9509 [0.9221, 0.9718]
    Hazard Transformer   c_index=0.5378 [0.4775, 0.5926]  brier=0.3376 [0.3139, 0.3627] [native]  auc=0.6097 [0.5239, 0.6834]
    Logistic Hazard      c_index=0.5333 [0.4726, 0.59]  brier=0.5511 [0.4795, 0.6265] [native]  auc=0.5531 [0.4691, 0.6333]
    RNN-Surv             c_index=0.5077 [0.4522, 0.5608]  brier=0.3341 [0.2809, 0.3882] [native]  auc=0.5253 [0.4445, 0.6025]
    DeepSurv             c_index=0.5564 [0.5025, 0.6113]  brier=0.2545 [0.2306, 0.2817] [fitted-conversion]  auc=0.5936 [0.5173, 0.6721]
    GBSA                 c_index=0.531 [0.4763, 0.5904]  brier=0.2895 [0.2549, 0.3275] [native]  auc=0.5696 [0.4916, 0.6485]
    Survival RF          c_index=0.5887 [0.5385, 0.6463]  brier=0.2429 [0.217, 0.2705] [native]  auc=0.6459 [0.5795, 0.7182]
    Survival SVM         c_index=0.5215 [0.4642, 0.5786]  brier=0.259 [0.2332, 0.287] [fitted-conversion]  auc=0.5723 [0.492, 0.6442]
    Weibull AFT          c_index=0.5294 [0.4738, 0.5862]  brier=0.2578 [0.2389, 0.2784] [native]  auc=0.584 [0.5058, 0.66]
    KFRE                 c_index=0.543 [0.4867, 0.601]  brier=0.3462 [0.2895, 0.4091] [fitted-conversion]  auc=0.5853 [0.5029, 0.6641]

  [82+] n=44 events=32
    Cox                  c_index=0.5308 [0.3952, 0.6649]  brier=0.2615 [0.2259, 0.2939] [native]  auc=0.4945 [0.3267, 0.6667]
    Dynamic DeepHit      c_index=0.8898 [0.8082, 0.9477]  brier=0.1156 [0.0722, 0.1688] [native]  auc=0.9722 [0.9002, 0.9971]
    Hazard Transformer   c_index=0.5486 [0.4118, 0.672]  brier=0.318 [0.2678, 0.3702] [native]  auc=0.5882 [0.4083, 0.7514]
    Logistic Hazard      c_index=0.4907 [0.3686, 0.6176]  brier=0.4908 [0.3341, 0.6572] [native]  auc=0.4441 [0.2833, 0.6249]
    RNN-Surv             c_index=0.4993 [0.3755, 0.6283]  brier=0.4015 [0.2894, 0.5253] [native]  auc=0.4775 [0.3139, 0.6476]
    DeepSurv             c_index=0.6137 [0.4722, 0.7441]  brier=0.2743 [0.2127, 0.3328] [fitted-conversion]  auc=0.6056 [0.4072, 0.7714]
    GBSA                 c_index=0.4764 [0.3559, 0.599]  brier=0.3257 [0.246, 0.409] [native]  auc=0.4729 [0.3113, 0.644]
    Survival RF          c_index=0.5007 [0.3638, 0.6299]  brier=0.3341 [0.254, 0.4252] [native]  auc=0.4497 [0.2898, 0.6205]
    Survival SVM         c_index=0.5179 [0.3902, 0.6453]  brier=0.3558 [0.2605, 0.4568] [fitted-conversion]  auc=0.4736 [0.3197, 0.6332]
    Weibull AFT          c_index=0.5165 [0.381, 0.6501]  brier=0.2814 [0.2298, 0.3342] [native]  auc=0.4876 [0.3183, 0.6599]
    KFRE                 c_index=0.5064 [0.3757, 0.6288]  brier=0.4119 [0.2881, 0.538] [fitted-conversion]  auc=0.4661 [0.2997, 0.6267]

=== Sex as recorded in patients.csv ===

  [F] n=145 events=108
    Cox                  c_index=0.5131 [0.4475, 0.5877]  brier=0.2751 [0.2589, 0.2905] [native]  auc=0.5254 [0.4362, 0.6233]
    Dynamic DeepHit      c_index=0.8371 [0.7888, 0.883]  brier=0.1211 [0.0899, 0.155] [native]  auc=0.9705 [0.9383, 0.9866]
    Hazard Transformer   c_index=0.5417 [0.4647, 0.6154]  brier=0.3532 [0.3238, 0.3817] [native]  auc=0.5801 [0.4742, 0.6823]
    Logistic Hazard      c_index=0.5166 [0.4535, 0.582]  brier=0.5693 [0.4837, 0.6554] [native]  auc=0.5683 [0.4758, 0.6609]
    RNN-Surv             c_index=0.454 [0.391, 0.5175]  brier=0.3698 [0.3053, 0.432] [native]  auc=0.4251 [0.3345, 0.5188]
    DeepSurv             c_index=0.5634 [0.4992, 0.6338]  brier=0.2797 [0.2476, 0.3113] [fitted-conversion]  auc=0.6023 [0.5047, 0.7043]
    GBSA                 c_index=0.4662 [0.4058, 0.5365]  brier=0.3464 [0.3059, 0.3899] [native]  auc=0.4927 [0.4046, 0.5829]
    Survival RF          c_index=0.5029 [0.4374, 0.5701]  brier=0.3053 [0.2692, 0.3405] [native]  auc=0.5411 [0.442, 0.636]
    Survival SVM         c_index=0.4973 [0.4311, 0.5659]  brier=0.3083 [0.2698, 0.3457] [fitted-conversion]  auc=0.4935 [0.4034, 0.5882]
    Weibull AFT          c_index=0.4967 [0.4329, 0.5666]  brier=0.3041 [0.275, 0.3347] [native]  auc=0.4958 [0.4067, 0.5923]
    KFRE                 c_index=0.5246 [0.453, 0.5995]  brier=0.3996 [0.325, 0.4707] [fitted-conversion]  auc=0.5752 [0.476, 0.6778]

  [M] n=200 events=142
    Cox                  c_index=0.5884 [0.5266, 0.6417]  brier=0.2607 [0.2448, 0.2761] [native]  auc=0.6412 [0.5543, 0.7164]
    Dynamic DeepHit      c_index=0.837 [0.8014, 0.8681]  brier=0.1381 [0.1055, 0.1745] [native]  auc=0.9399 [0.9069, 0.961]
    Hazard Transformer   c_index=0.547 [0.4878, 0.6002]  brier=0.326 [0.2998, 0.3512] [native]  auc=0.5887 [0.5071, 0.6754]
    Logistic Hazard      c_index=0.5141 [0.4562, 0.5697]  brier=0.4968 [0.415, 0.5722] [native]  auc=0.4948 [0.4158, 0.5708]
    RNN-Surv             c_index=0.5653 [0.5124, 0.6153]  brier=0.3791 [0.3199, 0.4419] [native]  auc=0.599 [0.5212, 0.6751]
    DeepSurv             c_index=0.5552 [0.5, 0.6046]  brier=0.2779 [0.2478, 0.3079] [fitted-conversion]  auc=0.5726 [0.4944, 0.6464]
    GBSA                 c_index=0.5564 [0.4953, 0.6128]  brier=0.2867 [0.2536, 0.3261] [native]  auc=0.5669 [0.4869, 0.6466]
    Survival RF          c_index=0.5882 [0.5297, 0.6392]  brier=0.2605 [0.2319, 0.2918] [native]  auc=0.6095 [0.5323, 0.6848]
    Survival SVM         c_index=0.5848 [0.5221, 0.6392]  brier=0.2578 [0.2323, 0.288] [fitted-conversion]  auc=0.6334 [0.5463, 0.7093]
    Weibull AFT          c_index=0.5865 [0.5236, 0.642]  brier=0.2531 [0.2327, 0.2774] [native]  auc=0.6358 [0.5481, 0.7113]
    KFRE                 c_index=0.5457 [0.4902, 0.5974]  brier=0.3946 [0.3292, 0.4618] [fitted-conversion]  auc=0.5621 [0.4799, 0.6326]

=== Race (collapsed from admissions.csv ethnicity; unknown retained) ===

  [BLACK] n=68 events=51
    Cox                  c_index=0.6347 [0.5322, 0.7272]  brier=0.2777 [0.2565, 0.2956] [native]  auc=0.709 [0.5787, 0.8295]
    Dynamic DeepHit      c_index=0.8225 [0.7608, 0.8836]  brier=0.1159 [0.0729, 0.1685] [native]  auc=0.9503 [0.8875, 0.9865]
    Hazard Transformer   c_index=0.5462 [0.443, 0.6453]  brier=0.3762 [0.3333, 0.4153] [native]  auc=0.5949 [0.4329, 0.7396]
    Logistic Hazard      c_index=0.5281 [0.4245, 0.6213]  brier=0.6403 [0.5049, 0.7688] [native]  auc=0.586 [0.4421, 0.7208]
    RNN-Surv             c_index=0.4654 [0.376, 0.5508]  brier=0.3397 [0.25, 0.4329] [native]  auc=0.4579 [0.3247, 0.6053]
    DeepSurv             c_index=0.6055 [0.5157, 0.6862]  brier=0.2647 [0.2233, 0.303] [fitted-conversion]  auc=0.6497 [0.5243, 0.7735]
    GBSA                 c_index=0.5672 [0.4666, 0.6623]  brier=0.3132 [0.2515, 0.3766] [native]  auc=0.5787 [0.4287, 0.7158]
    Survival RF          c_index=0.6188 [0.5212, 0.7135]  brier=0.2567 [0.211, 0.3051] [native]  auc=0.6761 [0.5338, 0.8025]
    Survival SVM         c_index=0.6171 [0.5173, 0.7173]  brier=0.2512 [0.216, 0.2888] [fitted-conversion]  auc=0.689 [0.5589, 0.8108]
    Weibull AFT          c_index=0.629 [0.5256, 0.7274]  brier=0.2791 [0.2396, 0.3206] [native]  auc=0.692 [0.5521, 0.8155]
    KFRE                 c_index=0.5803 [0.4822, 0.6743]  brier=0.3183 [0.2147, 0.4193] [fitted-conversion]  auc=0.6432 [0.491, 0.7796]

  [HISPANIC/LATINO] n=27 events=21
    Cox                  c_index=0.4469 [0.2747, 0.6454]  brier=0.2699 [0.2254, 0.3059] [native]  auc=0.4126 [0.1947, 0.6109]
    Dynamic DeepHit      c_index=0.7802 [0.6477, 0.8874]  brier=0.1769 [0.0794, 0.2877] [native]  auc=0.8734 [0.6986, 0.9758]
    Hazard Transformer   c_index=0.5586 [0.3856, 0.7268]  brier=0.315 [0.2436, 0.3802] [native]  auc=0.5757 [0.3029, 0.7946]
    Logistic Hazard      c_index=0.5092 [0.3286, 0.6751]  brier=0.483 [0.3044, 0.6791] [native]  auc=0.5271 [0.2987, 0.7431]
    RNN-Surv             c_index=0.4505 [0.2805, 0.6139]  brier=0.4171 [0.2709, 0.562] [native]  auc=0.4164 [0.1995, 0.5959]
    DeepSurv             c_index=0.4615 [0.307, 0.6174]  brier=0.3353 [0.2397, 0.4444] [fitted-conversion]  auc=0.4477 [0.2177, 0.6574]
    GBSA                 c_index=0.3919 [0.2419, 0.5407]  brier=0.3362 [0.2478, 0.429] [native]  auc=0.3543 [0.1778, 0.5682]
    Survival RF          c_index=0.3883 [0.2624, 0.517]  brier=0.328 [0.2453, 0.4094] [native]  auc=0.257 [0.1155, 0.4484]
    Survival SVM         c_index=0.5201 [0.3202, 0.7143]  brier=0.3041 [0.2318, 0.375] [fitted-conversion]  auc=0.4817 [0.2411, 0.6988]
    Weibull AFT          c_index=0.5018 [0.3264, 0.7026]  brier=0.3037 [0.2262, 0.3765] [native]  auc=0.4517 [0.2284, 0.6722]
    KFRE                 c_index=0.5201 [0.329, 0.7114]  brier=0.4062 [0.2469, 0.5718] [fitted-conversion]  auc=0.5425 [0.3159, 0.7375]

  [WHITE] n=220 events=153
    Cox                  c_index=0.5688 [0.5098, 0.6205]  brier=0.2619 [0.2464, 0.2757] [native]  auc=0.6078 [0.5261, 0.6769]
    Dynamic DeepHit      c_index=0.8382 [0.7975, 0.8765]  brier=0.1282 [0.0983, 0.1584] [native]  auc=0.954 [0.9261, 0.9729]
    Hazard Transformer   c_index=0.539 [0.4801, 0.5971]  brier=0.337 [0.3116, 0.3598] [native]  auc=0.5773 [0.4892, 0.656]
    Logistic Hazard      c_index=0.5296 [0.4709, 0.5843]  brier=0.5415 [0.4679, 0.6074] [native]  auc=0.5281 [0.4485, 0.6044]
    RNN-Surv             c_index=0.5379 [0.486, 0.5905]  brier=0.353 [0.3025, 0.409] [native]  auc=0.5563 [0.4763, 0.6346]
    DeepSurv             c_index=0.5667 [0.5168, 0.6205]  brier=0.2637 [0.2382, 0.2912] [fitted-conversion]  auc=0.5969 [0.5237, 0.6661]
    GBSA                 c_index=0.5295 [0.471, 0.5863]  brier=0.297 [0.2641, 0.3329] [native]  auc=0.5633 [0.4846, 0.6384]
    Survival RF          c_index=0.5583 [0.506, 0.6108]  brier=0.2717 [0.242, 0.3016] [native]  auc=0.5813 [0.5099, 0.6562]
    Survival SVM         c_index=0.5503 [0.491, 0.6031]  brier=0.2709 [0.2426, 0.2985] [fitted-conversion]  auc=0.5802 [0.4939, 0.6559]
    Weibull AFT          c_index=0.5524 [0.4935, 0.604]  brier=0.2671 [0.2455, 0.2898] [native]  auc=0.5851 [0.5033, 0.6604]
    KFRE                 c_index=0.5495 [0.4913, 0.606]  brier=0.381 [0.3227, 0.4416] [fitted-conversion]  auc=0.5724 [0.4994, 0.6424]
Subgroup report saved to: /home/minhn2/uiuc-kidney-failure/generated_data/rep99/four_features_subgroup_performance_report.txt
Train data path /home/minhn2/uiuc-kidney-failure/generated_data/rep99/eight_features_train_data.csv
Test data path /home/minhn2/uiuc-kidney-failure/generated_data/rep99/eight_features_test_data.csv
Number of patients: test 243 and train 400
Number of records: test 1100 and train 1856
================================================================================
SUBGROUP PERFORMANCE ANALYSIS - EIGHT_FEATURES
================================================================================
Subgroup PERFORMANCE, not a fairness evaluation — see this module's docstring.

train: 1856 lab-event rows -> 400 patients, 250 events (patient-level event rate 0.6250)
test: 1100 lab-event rows -> 243 patients, 212 events (patient-level event rate 0.8724)
IPCW censoring reference: the full training cohort (400 patients), not a per-group one; evaluation capped at 3351.5 days (training follow-up 3842.6 days).

Patient metadata join:
  243 held-out patients; 0 with no patients.csv row
  Age variable — anchor_age from patients.csv — the patient's age in their MIMIC anchor year, NOT their age at the prediction landmark; the exported scenario CSVs carry no absolute timestamp, so landmark age is not derivable here
  Time from each patient's first lab record to their prediction landmark: median 0.001 y, p90 2.857 y, max 8.729 y — the landmark can sit this far from the anchor year the age is measured at.
  Race — most frequently recorded race across the patient's admissions, ties broken by earliest admission; patients with no recorded value are kept as UNKNOWN/NOT RECORDED
    234/243 patients have a recorded race; 9 retained as unknown; 14 have more than one recorded value across admissions; 28 admission rows carry declined/unobtainable/unknown.
Loading model from /home/minhn2/uiuc-kidney-failure/generated_data/rep99/eight_features_cox_model.dill
Train data path /home/minhn2/uiuc-kidney-failure/generated_data/rep99/eight_features_train_data.csv
Test data path /home/minhn2/uiuc-kidney-failure/generated_data/rep99/eight_features_test_data.csv
Number of patients: test 243 and train 400
Number of records: test 1100 and train 1856
get_last_observation_data(ExperimentScenario.EIGHT_FEATURES): train 1856 rows/400 subjects -> 400 rows; test 1100 rows/243 subjects -> 243 rows
Loading model from /home/minhn2/uiuc-kidney-failure/generated_data/rep99/eight_features_cox_model.dill
Train data path /home/minhn2/uiuc-kidney-failure/generated_data/rep99/eight_features_train_data.csv
Test data path /home/minhn2/uiuc-kidney-failure/generated_data/rep99/eight_features_test_data.csv
Number of patients: test 243 and train 400
Number of records: test 1100 and train 1856
get_last_observation_data(ExperimentScenario.EIGHT_FEATURES): train 1856 rows/400 subjects -> 400 rows; test 1100 rows/243 subjects -> 243 rows
Train data path /home/minhn2/uiuc-kidney-failure/generated_data/rep99/eight_features_train_data.csv
Test data path /home/minhn2/uiuc-kidney-failure/generated_data/rep99/eight_features_test_data.csv
Number of patients: test 243 and train 400
Number of records: test 1100 and train 1856
Train data path /home/minhn2/uiuc-kidney-failure/generated_data/rep99/eight_features_train_data.csv
Test data path /home/minhn2/uiuc-kidney-failure/generated_data/rep99/eight_features_test_data.csv
Number of patients: test 243 and train 400
Number of records: test 1100 and train 1856
Train data path /home/minhn2/uiuc-kidney-failure/generated_data/rep99/eight_features_train_data.csv
Test data path /home/minhn2/uiuc-kidney-failure/generated_data/rep99/eight_features_test_data.csv
Number of patients: test 243 and train 400
Number of records: test 1100 and train 1856
Train data path /home/minhn2/uiuc-kidney-failure/generated_data/rep99/eight_features_train_data.csv
Test data path /home/minhn2/uiuc-kidney-failure/generated_data/rep99/eight_features_test_data.csv
Number of patients: test 243 and train 400
Number of records: test 1100 and train 1856
Train data path /home/minhn2/uiuc-kidney-failure/generated_data/rep99/eight_features_train_data.csv
Test data path /home/minhn2/uiuc-kidney-failure/generated_data/rep99/eight_features_test_data.csv
Number of patients: test 243 and train 400
Number of records: test 1100 and train 1856
Train data path /home/minhn2/uiuc-kidney-failure/generated_data/rep99/eight_features_train_data.csv
Test data path /home/minhn2/uiuc-kidney-failure/generated_data/rep99/eight_features_test_data.csv
Number of patients: test 243 and train 400
Number of records: test 1100 and train 1856
Train data path /home/minhn2/uiuc-kidney-failure/generated_data/rep99/eight_features_train_data.csv
Test data path /home/minhn2/uiuc-kidney-failure/generated_data/rep99/eight_features_test_data.csv
Number of patients: test 243 and train 400
Number of records: test 1100 and train 1856
get_last_observation_data(ExperimentScenario.EIGHT_FEATURES): train 1856 rows/400 subjects -> 400 rows; test 1100 rows/243 subjects -> 243 rows
Train data path /home/minhn2/uiuc-kidney-failure/generated_data/rep99/eight_features_train_data.csv
Test data path /home/minhn2/uiuc-kidney-failure/generated_data/rep99/eight_features_test_data.csv
Number of patients: test 243 and train 400
Number of records: test 1100 and train 1856
get_last_observation_data(ExperimentScenario.EIGHT_FEATURES): train 1856 rows/400 subjects -> 400 rows; test 1100 rows/243 subjects -> 243 rows
Train data path /home/minhn2/uiuc-kidney-failure/generated_data/rep99/eight_features_train_data.csv
Test data path /home/minhn2/uiuc-kidney-failure/generated_data/rep99/eight_features_test_data.csv
Number of patients: test 243 and train 400
Number of records: test 1100 and train 1856
get_last_observation_data(ExperimentScenario.EIGHT_FEATURES): train 1856 rows/400 subjects -> 400 rows; test 1100 rows/243 subjects -> 243 rows
Train data path /home/minhn2/uiuc-kidney-failure/generated_data/rep99/eight_features_train_data.csv
Test data path /home/minhn2/uiuc-kidney-failure/generated_data/rep99/eight_features_test_data.csv
Number of patients: test 243 and train 400
Number of records: test 1100 and train 1856
get_last_observation_data(ExperimentScenario.EIGHT_FEATURES): train 1856 rows/400 subjects -> 400 rows; test 1100 rows/243 subjects -> 243 rows
Loading model from /home/minhn2/uiuc-kidney-failure/generated_data/rep99/eight_features_gbsa_model.dill
Train data path /home/minhn2/uiuc-kidney-failure/generated_data/rep99/eight_features_train_data.csv
Test data path /home/minhn2/uiuc-kidney-failure/generated_data/rep99/eight_features_test_data.csv
Number of patients: test 243 and train 400
Number of records: test 1100 and train 1856
get_last_observation_data(ExperimentScenario.EIGHT_FEATURES): train 1856 rows/400 subjects -> 400 rows; test 1100 rows/243 subjects -> 243 rows
Loading model from /home/minhn2/uiuc-kidney-failure/generated_data/rep99/eight_features_gbsa_model.dill
Train data path /home/minhn2/uiuc-kidney-failure/generated_data/rep99/eight_features_train_data.csv
Test data path /home/minhn2/uiuc-kidney-failure/generated_data/rep99/eight_features_test_data.csv
Number of patients: test 243 and train 400
Number of records: test 1100 and train 1856
get_last_observation_data(ExperimentScenario.EIGHT_FEATURES): train 1856 rows/400 subjects -> 400 rows; test 1100 rows/243 subjects -> 243 rows
Loading model from /home/minhn2/uiuc-kidney-failure/generated_data/rep99/eight_features_srf_model.dill
Train data path /home/minhn2/uiuc-kidney-failure/generated_data/rep99/eight_features_train_data.csv
Test data path /home/minhn2/uiuc-kidney-failure/generated_data/rep99/eight_features_test_data.csv
Number of patients: test 243 and train 400
Number of records: test 1100 and train 1856
get_last_observation_data(ExperimentScenario.EIGHT_FEATURES): train 1856 rows/400 subjects -> 400 rows; test 1100 rows/243 subjects -> 243 rows
[Parallel(n_jobs=2)]: Using backend ThreadingBackend with 2 concurrent workers.
[Parallel(n_jobs=2)]: Done  37 tasks      | elapsed:    0.0s
[Parallel(n_jobs=2)]: Done  50 out of  50 | elapsed:    0.0s finished
[Parallel(n_jobs=2)]: Using backend ThreadingBackend with 2 concurrent workers.
[Parallel(n_jobs=2)]: Done  37 tasks      | elapsed:    0.0s
[Parallel(n_jobs=2)]: Done  50 out of  50 | elapsed:    0.0s finished
Loading model from /home/minhn2/uiuc-kidney-failure/generated_data/rep99/eight_features_srf_model.dill
Train data path /home/minhn2/uiuc-kidney-failure/generated_data/rep99/eight_features_train_data.csv
Test data path /home/minhn2/uiuc-kidney-failure/generated_data/rep99/eight_features_test_data.csv
Number of patients: test 243 and train 400
Number of records: test 1100 and train 1856
get_last_observation_data(ExperimentScenario.EIGHT_FEATURES): train 1856 rows/400 subjects -> 400 rows; test 1100 rows/243 subjects -> 243 rows
[Parallel(n_jobs=2)]: Using backend ThreadingBackend with 2 concurrent workers.
[Parallel(n_jobs=2)]: Done  37 tasks      | elapsed:    0.0s
[Parallel(n_jobs=2)]: Done  50 out of  50 | elapsed:    0.0s finished
[Parallel(n_jobs=2)]: Using backend ThreadingBackend with 2 concurrent workers.
[Parallel(n_jobs=2)]: Done  37 tasks      | elapsed:    0.0s
[Parallel(n_jobs=2)]: Done  50 out of  50 | elapsed:    0.0s finished
Loading model from /home/minhn2/uiuc-kidney-failure/generated_data/rep99/eight_features_survival_svm_model.dill
Train data path /home/minhn2/uiuc-kidney-failure/generated_data/rep99/eight_features_train_data.csv
Test data path /home/minhn2/uiuc-kidney-failure/generated_data/rep99/eight_features_test_data.csv
Number of patients: test 243 and train 400
Number of records: test 1100 and train 1856
get_last_observation_data(ExperimentScenario.EIGHT_FEATURES): train 1856 rows/400 subjects -> 400 rows; test 1100 rows/243 subjects -> 243 rows
Loading model from /home/minhn2/uiuc-kidney-failure/generated_data/rep99/eight_features_survival_svm_model.dill
Train data path /home/minhn2/uiuc-kidney-failure/generated_data/rep99/eight_features_train_data.csv
Test data path /home/minhn2/uiuc-kidney-failure/generated_data/rep99/eight_features_test_data.csv
Number of patients: test 243 and train 400
Number of records: test 1100 and train 1856
get_last_observation_data(ExperimentScenario.EIGHT_FEATURES): train 1856 rows/400 subjects -> 400 rows; test 1100 rows/243 subjects -> 243 rows
Loading model from /home/minhn2/uiuc-kidney-failure/generated_data/rep99/eight_features_weibul_model.dill
Train data path /home/minhn2/uiuc-kidney-failure/generated_data/rep99/eight_features_train_data.csv
Test data path /home/minhn2/uiuc-kidney-failure/generated_data/rep99/eight_features_test_data.csv
Number of patients: test 243 and train 400
Number of records: test 1100 and train 1856
get_last_observation_data(ExperimentScenario.EIGHT_FEATURES): train 1856 rows/400 subjects -> 400 rows; test 1100 rows/243 subjects -> 243 rows
Loading model from /home/minhn2/uiuc-kidney-failure/generated_data/rep99/eight_features_weibul_model.dill
Train data path /home/minhn2/uiuc-kidney-failure/generated_data/rep99/eight_features_train_data.csv
Test data path /home/minhn2/uiuc-kidney-failure/generated_data/rep99/eight_features_test_data.csv
Number of patients: test 243 and train 400
Number of records: test 1100 and train 1856
get_last_observation_data(ExperimentScenario.EIGHT_FEATURES): train 1856 rows/400 subjects -> 400 rows; test 1100 rows/243 subjects -> 243 rows
Train data path /home/minhn2/uiuc-kidney-failure/generated_data/rep99/eight_features_train_data.csv
Test data path /home/minhn2/uiuc-kidney-failure/generated_data/rep99/eight_features_test_data.csv
Number of patients: test 243 and train 400
Number of records: test 1100 and train 1856
get_last_observation_data(ExperimentScenario.EIGHT_FEATURES): train 1856 rows/400 subjects -> 400 rows; test 1100 rows/243 subjects -> 243 rows
Train data path /home/minhn2/uiuc-kidney-failure/generated_data/rep99/eight_features_train_data.csv
Test data path /home/minhn2/uiuc-kidney-failure/generated_data/rep99/eight_features_test_data.csv
Number of patients: test 243 and train 400
Number of records: test 1100 and train 1856
get_last_observation_data(ExperimentScenario.EIGHT_FEATURES): train 1856 rows/400 subjects -> 400 rows; test 1100 rows/243 subjects -> 243 rows

Group composition (patients / events / event proportion):

--- Age group (anchor_age bins — see patient_metadata: NOT landmark age) ---
  <27                      n=7     events=7     event_rate=1.0000   [metrics not computed: needs >= 20 patients and >= 5 events]
  27-54                    n=59    events=52    event_rate=0.8814
  54-82                    n=150   events=132   event_rate=0.8800
  82+                      n=27    events=21    event_rate=0.7778

--- Sex as recorded in patients.csv ---
  F                        n=101   events=88    event_rate=0.8713
  M                        n=142   events=124   event_rate=0.8732

--- Race (collapsed from admissions.csv ethnicity; unknown retained) ---
  ASIAN                    n=11    events=10    event_rate=0.9091   [metrics not computed: needs >= 20 patients and >= 5 events]
  BLACK                    n=56    events=50    event_rate=0.8929
  HISPANIC/LATINO          n=16    events=14    event_rate=0.8750   [metrics not computed: needs >= 20 patients and >= 5 events]
  OTHER                    n=8     events=7     event_rate=0.8750   [metrics not computed: needs >= 20 patients and >= 5 events]
  PORTUGUESE               n=1     events=1     event_rate=1.0000   [metrics not computed: needs >= 20 patients and >= 5 events]
  UNKNOWN/NOT RECORDED     n=9     events=9     event_rate=1.0000   [metrics not computed: needs >= 20 patients and >= 5 events]
  WHITE                    n=142   events=121   event_rate=0.8521

Per-group performance, 1000 within-group bootstrap resamples, 95% percentile intervals:
  C-index and mean time-dependent AUC: higher is better. Integrated Brier (0-730d): lower is better.

=== Age group (anchor_age bins — see patient_metadata: NOT landmark age) ===

  [27-54] n=59 events=52
    Cox                  c_index=0.5817 [0.4818, 0.6877]  brier=0.3684 [0.2423, 0.4963] [native]  auc=0.634 [0.4848, 0.7693]
    Dynamic DeepHit      c_index=0.8409 [0.7786, 0.8976]  brier=0.1952 [0.1229, 0.2757] [native]  auc=0.921 [0.8367, 0.9746]
    Hazard Transformer   c_index=0.5007 [0.3894, 0.6088]  brier=0.3854 [0.305, 0.4656] [native]  auc=0.5084 [0.3356, 0.6612]
    Logistic Hazard      c_index=0.5806 [0.4685, 0.6818]  brier=0.4362 [0.2885, 0.5758] [native]  auc=0.5882 [0.4346, 0.7308]
    RNN-Surv             c_index=0.5114 [0.412, 0.6159]  brier=0.5973 [0.5045, 0.685] [native]  auc=0.5273 [0.3805, 0.6615]
    DeepSurv             c_index=0.5227 [0.4138, 0.6172]  brier=0.3823 [0.2725, 0.489] [fitted-conversion]  auc=0.5783 [0.4229, 0.7194]
    GBSA                 c_index=0.5476 [0.4478, 0.6507]  brier=0.3958 [0.2644, 0.5329] [native]  auc=0.5373 [0.3949, 0.6805]
    Survival RF          c_index=0.5348 [0.4239, 0.6435]  brier=0.335 [0.2405, 0.4237] [native]  auc=0.535 [0.386, 0.6734]
    Survival SVM         c_index=0.5298 [0.4202, 0.6357]  brier=0.3455 [0.253, 0.4432] [fitted-conversion]  auc=0.6066 [0.4609, 0.7484]
    Weibull AFT          c_index=0.5483 [0.4345, 0.6517]  brier=0.3678 [0.2463, 0.4951] [native]  auc=0.6377 [0.4958, 0.7738]
    KFRE                 c_index=0.5668 [0.4601, 0.6669]  brier=0.6165 [0.4566, 0.7815] [fitted-conversion]  auc=0.6164 [0.4631, 0.7534]

  [54-82] n=150 events=132
    Cox                  c_index=0.5663 [0.5062, 0.624]  brier=0.2841 [0.2192, 0.3504] [native]  auc=0.6123 [0.5142, 0.6946]
    Dynamic DeepHit      c_index=0.818 [0.7779, 0.855]  brier=0.1923 [0.1527, 0.2354] [native]  auc=0.9331 [0.8887, 0.9669]
    Hazard Transformer   c_index=0.4894 [0.4255, 0.5509]  brier=0.3345 [0.2889, 0.3807] [native]  auc=0.4439 [0.3551, 0.5298]
    Logistic Hazard      c_index=0.4365 [0.374, 0.4984]  brier=0.3543 [0.2813, 0.4292] [native]  auc=0.4008 [0.3023, 0.4958]
    RNN-Surv             c_index=0.5147 [0.4525, 0.5813]  brier=0.5828 [0.53, 0.6367] [native]  auc=0.5491 [0.4614, 0.6426]
    DeepSurv             c_index=0.4645 [0.3958, 0.5338]  brier=0.3665 [0.3096, 0.4272] [fitted-conversion]  auc=0.4626 [0.3647, 0.56]
    GBSA                 c_index=0.4726 [0.406, 0.5372]  brier=0.3313 [0.2473, 0.4247] [native]  auc=0.4638 [0.3639, 0.5646]
    Survival RF          c_index=0.4775 [0.4142, 0.5426]  brier=0.2953 [0.2492, 0.3428] [native]  auc=0.5402 [0.4518, 0.6355]
    Survival SVM         c_index=0.502 [0.4415, 0.5608]  brier=0.289 [0.249, 0.3333] [fitted-conversion]  auc=0.5638 [0.4676, 0.6556]
    Weibull AFT          c_index=0.4946 [0.4347, 0.5529]  brier=0.2845 [0.2303, 0.3408] [native]  auc=0.5468 [0.45, 0.6394]
    KFRE                 c_index=0.5156 [0.4546, 0.5776]  brier=0.609 [0.5157, 0.703] [fitted-conversion]  auc=0.57 [0.4726, 0.6569]

  [82+] n=27 events=21
Warning: Could not compute Brier Score: all times must be within follow-up time of test data: [0.0; 346.4402777777778[
Warning: Could not compute Brier Score: all times must be within follow-up time of test data: [0.0; 346.4402777777778[
    Cox                  c_index=0.6154 [0.4307, 0.8041]  brier=n/a [native]  auc=0.6368 [CI unavailable]
Warning: Could not compute Brier Score: all times must be within follow-up time of test data: [0.0; 346.4402777777778[
Warning: Could not compute Brier Score: all times must be within follow-up time of test data: [0.0; 346.4402777777778[
    Dynamic DeepHit      c_index=0.8498 [0.7323, 0.9472]  brier=n/a [native]  auc=0.9502 [CI unavailable]
Warning: Could not compute Brier Score: all times must be within follow-up time of test data: [0.0; 346.4402777777778[
Warning: Could not compute Brier Score: all times must be within follow-up time of test data: [0.0; 346.4402777777778[
    Hazard Transformer   c_index=0.5604 [0.3694, 0.7358]  brier=n/a [native]  auc=0.5239 [CI unavailable]
Warning: Could not compute Brier Score: all times must be within follow-up time of test data: [0.0; 346.4402777777778[
Warning: Could not compute Brier Score: all times must be within follow-up time of test data: [0.0; 346.4402777777778[
    Logistic Hazard      c_index=0.5531 [0.3793, 0.7158]  brier=n/a [native]  auc=0.6276 [CI unavailable]
Warning: Could not compute Brier Score: all times must be within follow-up time of test data: [0.0; 346.4402777777778[
Warning: Could not compute Brier Score: all times must be within follow-up time of test data: [0.0; 346.4402777777778[
    RNN-Surv             c_index=0.3553 [0.2038, 0.5146]  brier=n/a [native]  auc=0.3467 [CI unavailable]
Warning: Could not compute Brier Score: all times must be within follow-up time of test data: [0.0; 346.4402777777778[
    DeepSurv             c_index=0.5275 [0.3737, 0.7047]  brier=n/a [fitted-conversion]  auc=0.5428 [CI unavailable]
Warning: Could not compute Brier Score: all times must be within follow-up time of test data: [0.0; 346.4402777777778[
Warning: Could not compute Brier Score: all times must be within follow-up time of test data: [0.0; 346.4402777777778[
    GBSA                 c_index=0.5824 [0.413, 0.7439]  brier=n/a [native]  auc=0.5334 [CI unavailable]
Warning: Could not compute Brier Score: all times must be within follow-up time of test data: [0.0; 346.4402777777778[
Warning: Could not compute Brier Score: all times must be within follow-up time of test data: [0.0; 346.4402777777778[
    Survival RF          c_index=0.5861 [0.4229, 0.7529]  brier=n/a [native]  auc=0.6355 [CI unavailable]
Warning: Could not compute Brier Score: all times must be within follow-up time of test data: [0.0; 346.4402777777778[
    Survival SVM         c_index=0.6813 [0.5372, 0.8279]  brier=n/a [fitted-conversion]  auc=0.7807 [CI unavailable]
Warning: Could not compute Brier Score: all times must be within follow-up time of test data: [0.0; 346.4402777777778[
Warning: Could not compute Brier Score: all times must be within follow-up time of test data: [0.0; 346.4402777777778[
    Weibull AFT          c_index=0.685 [0.5316, 0.8304]  brier=n/a [native]  auc=0.7318 [CI unavailable]
Warning: Could not compute Brier Score: all times must be within follow-up time of test data: [0.0; 346.4402777777778[
    KFRE                 c_index=0.5897 [0.421, 0.7846]  brier=n/a [fitted-conversion]  auc=0.6045 [CI unavailable]

=== Sex as recorded in patients.csv ===

  [F] n=101 events=88
    Cox                  c_index=0.5647 [0.4967, 0.6386]  brier=0.309 [0.218, 0.4092] [native]  auc=0.604 [0.4813, 0.7189]
    Dynamic DeepHit      c_index=0.8111 [0.7639, 0.862]  brier=0.1997 [0.1469, 0.2582] [native]  auc=0.9216 [0.8605, 0.9712]
    Hazard Transformer   c_index=0.5072 [0.4274, 0.5818]  brier=0.3564 [0.2987, 0.4226] [native]  auc=0.4671 [0.3491, 0.5794]
    Logistic Hazard      c_index=0.475 [0.4003, 0.5598]  brier=0.4046 [0.3069, 0.5121] [native]  auc=0.469 [0.3598, 0.598]
    RNN-Surv             c_index=0.4841 [0.4093, 0.55]  brier=0.5799 [0.5111, 0.6504] [native]  auc=0.4984 [0.3888, 0.6019]
    DeepSurv             c_index=0.4865 [0.4045, 0.5735]  brier=0.3611 [0.2903, 0.4316] [fitted-conversion]  auc=0.4831 [0.3759, 0.6048]
    GBSA                 c_index=0.4703 [0.387, 0.553]  brier=0.3737 [0.2621, 0.4891] [native]  auc=0.5142 [0.3929, 0.6237]
    Survival RF          c_index=0.5023 [0.4284, 0.5795]  brier=0.3065 [0.2464, 0.3744] [native]  auc=0.5657 [0.4504, 0.6739]
    Survival SVM         c_index=0.5187 [0.4451, 0.5999]  brier=0.2989 [0.247, 0.3584] [fitted-conversion]  auc=0.5877 [0.4677, 0.698]
    Weibull AFT          c_index=0.5163 [0.4459, 0.5897]  brier=0.3054 [0.2263, 0.391] [native]  auc=0.5635 [0.4397, 0.6786]
    KFRE                 c_index=0.5322 [0.456, 0.6066]  brier=0.6122 [0.4978, 0.7331] [fitted-conversion]  auc=0.577 [0.4709, 0.6859]

  [M] n=142 events=124
    Cox                  c_index=0.5665 [0.5045, 0.6328]  brier=0.2518 [0.183, 0.3258] [native]  auc=0.5942 [0.4952, 0.6833]
    Dynamic DeepHit      c_index=0.8184 [0.7719, 0.8631]  brier=0.1844 [0.143, 0.2286] [native]  auc=0.9126 [0.8581, 0.9522]
    Hazard Transformer   c_index=0.4974 [0.4395, 0.5597]  brier=0.3069 [0.2646, 0.3531] [native]  auc=0.4632 [0.3787, 0.5642]
    Logistic Hazard      c_index=0.5002 [0.4326, 0.5704]  brier=0.3212 [0.2451, 0.4044] [native]  auc=0.4443 [0.3455, 0.5513]
    RNN-Surv             c_index=0.5153 [0.4487, 0.5812]  brier=0.6059 [0.5541, 0.6615] [native]  auc=0.547 [0.4523, 0.6428]
    DeepSurv             c_index=0.4792 [0.4123, 0.55]  brier=0.3619 [0.3029, 0.4344] [fitted-conversion]  auc=0.487 [0.384, 0.5869]
    GBSA                 c_index=0.5223 [0.4582, 0.583]  brier=0.2865 [0.2095, 0.3757] [native]  auc=0.4805 [0.3802, 0.5778]
    Survival RF          c_index=0.4851 [0.4208, 0.5479]  brier=0.2835 [0.2374, 0.3354] [native]  auc=0.4866 [0.392, 0.5775]
    Survival SVM         c_index=0.5099 [0.4441, 0.5801]  brier=0.2793 [0.233, 0.3324] [fitted-conversion]  auc=0.5485 [0.4449, 0.6418]
    Weibull AFT          c_index=0.5026 [0.4409, 0.571]  brier=0.2651 [0.2027, 0.3316] [native]  auc=0.5318 [0.4306, 0.6279]
    KFRE                 c_index=0.5438 [0.4764, 0.6077]  brier=0.6202 [0.533, 0.7175] [fitted-conversion]  auc=0.5784 [0.4739, 0.6704]

=== Race (collapsed from admissions.csv ethnicity; unknown retained) ===

  [BLACK] n=56 events=50
    Cox                  c_index=0.5788 [0.4767, 0.6807]  brier=0.3245 [0.1962, 0.4508] [native]  auc=0.6225 [0.4672, 0.7485]
    Dynamic DeepHit      c_index=0.8273 [0.7656, 0.8924]  brier=0.2361 [0.1564, 0.3296] [native]  auc=0.9293 [0.8402, 0.9782]
    Hazard Transformer   c_index=0.5038 [0.3923, 0.6079]  brier=0.3587 [0.2811, 0.4377] [native]  auc=0.4875 [0.3276, 0.6477]
    Logistic Hazard      c_index=0.5598 [0.4449, 0.6755]  brier=0.4787 [0.3394, 0.628] [native]  auc=0.6086 [0.4442, 0.7621]
    RNN-Surv             c_index=0.4856 [0.3801, 0.5884]  brier=0.6061 [0.5029, 0.704] [native]  auc=0.5029 [0.343, 0.6537]
    DeepSurv             c_index=0.4659 [0.3518, 0.5788]  brier=0.402 [0.2953, 0.5074] [fitted-conversion]  auc=0.4206 [0.2782, 0.5665]
    GBSA                 c_index=0.5295 [0.4243, 0.6526]  brier=0.3847 [0.2367, 0.5234] [native]  auc=0.5347 [0.4031, 0.6799]
    Survival RF          c_index=0.5023 [0.3982, 0.6155]  brier=0.3311 [0.2417, 0.4204] [native]  auc=0.5051 [0.3634, 0.6501]
    Survival SVM         c_index=0.5386 [0.4377, 0.6461]  brier=0.3346 [0.2426, 0.435] [fitted-conversion]  auc=0.5866 [0.4202, 0.7277]
    Weibull AFT          c_index=0.5326 [0.4331, 0.6306]  brier=0.338 [0.2168, 0.466] [native]  auc=0.5801 [0.4157, 0.7104]
    KFRE                 c_index=0.5909 [0.4895, 0.6921]  brier=0.6507 [0.5004, 0.8093] [fitted-conversion]  auc=0.6134 [0.4536, 0.7535]

  [WHITE] n=142 events=121
    Cox                  c_index=0.5758 [0.5133, 0.6383]  brier=0.2611 [0.1914, 0.3369] [native]  auc=0.6095 [0.5098, 0.7021]
    Dynamic DeepHit      c_index=0.8278 [0.7824, 0.8692]  brier=0.1588 [0.1265, 0.1936] [native]  auc=0.9189 [0.8658, 0.9613]
    Hazard Transformer   c_index=0.5123 [0.446, 0.571]  brier=0.3168 [0.2727, 0.3687] [native]  auc=0.4796 [0.3772, 0.5799]
    Logistic Hazard      c_index=0.4713 [0.3992, 0.5359]  brier=0.2936 [0.2187, 0.3766] [native]  auc=0.4452 [0.3403, 0.5561]
    RNN-Surv             c_index=0.5069 [0.4375, 0.573]  brier=0.5752 [0.5203, 0.632] [native]  auc=0.5447 [0.4459, 0.6491]
    DeepSurv             c_index=0.496 [0.4291, 0.565]  brier=0.323 [0.2648, 0.3855] [fitted-conversion]  auc=0.535 [0.4457, 0.6347]
    GBSA                 c_index=0.4918 [0.4268, 0.5548]  brier=0.3057 [0.2234, 0.4065] [native]  auc=0.4662 [0.3629, 0.5625]
    Survival RF          c_index=0.497 [0.4318, 0.557]  brier=0.2832 [0.2373, 0.3385] [native]  auc=0.5466 [0.4416, 0.6349]
    Survival SVM         c_index=0.5171 [0.4466, 0.5836]  brier=0.2638 [0.2217, 0.3119] [fitted-conversion]  auc=0.5849 [0.4779, 0.6784]
    Weibull AFT          c_index=0.5165 [0.4466, 0.5835]  brier=0.2589 [0.1998, 0.323] [native]  auc=0.57 [0.4629, 0.6631]
    KFRE                 c_index=0.525 [0.4567, 0.5908]  brier=0.5635 [0.4697, 0.6555] [fitted-conversion]  auc=0.5735 [0.4769, 0.6705]
Subgroup report saved to: /home/minhn2/uiuc-kidney-failure/generated_data/rep99/eight_features_subgroup_performance_report.txt
Train data path /home/minhn2/uiuc-kidney-failure/generated_data/rep99/twenty_features_heterogeneous_train_data.csv
Test data path /home/minhn2/uiuc-kidney-failure/generated_data/rep99/twenty_features_heterogeneous_test_data.csv
Number of patients: test 20 and train 20
Number of records: test 9115 and train 4575
================================================================================
SUBGROUP PERFORMANCE ANALYSIS - TWENTY_FEATURES_HETEROGENEOUS
================================================================================
Subgroup PERFORMANCE, not a fairness evaluation — see this module's docstring.

train: 4575 lab-event rows -> 20 patients, 10 events (patient-level event rate 0.5000)
test: 9115 lab-event rows -> 20 patients, 10 events (patient-level event rate 0.5000)
IPCW censoring reference: the full training cohort (20 patients), not a per-group one; evaluation capped at 4449.4 days (training follow-up 4449.4 days).

Patient metadata join:
  20 held-out patients; 0 with no patients.csv row
  Age variable — anchor_age from patients.csv — the patient's age in their MIMIC anchor year, NOT their age at the prediction landmark; the exported scenario CSVs carry no absolute timestamp, so landmark age is not derivable here
  Time from each patient's first lab record to their prediction landmark: median 2.882 y, p90 8.192 y, max 12.679 y — the landmark can sit this far from the anchor year the age is measured at.
  Race — most frequently recorded race across the patient's admissions, ties broken by earliest admission; patients with no recorded value are kept as UNKNOWN/NOT RECORDED
    20/20 patients have a recorded race; 0 retained as unknown; 0 have more than one recorded value across admissions; 3 admission rows carry declined/unobtainable/unknown.
Loading model from /home/minhn2/uiuc-kidney-failure/generated_data/rep99/twenty_features_heterogeneous_cox_model.dill
Train data path /home/minhn2/uiuc-kidney-failure/generated_data/rep99/twenty_features_heterogeneous_train_data.csv
Test data path /home/minhn2/uiuc-kidney-failure/generated_data/rep99/twenty_features_heterogeneous_test_data.csv
Number of patients: test 20 and train 20
Number of records: test 9115 and train 4575
get_last_observation_data(ExperimentScenario.TWENTY_FEATURES_HETEROGENEOUS): train 4575 rows/20 subjects -> 20 rows; test 9115 rows/20 subjects -> 20 rows
Loading model from /home/minhn2/uiuc-kidney-failure/generated_data/rep99/twenty_features_heterogeneous_cox_model.dill
Train data path /home/minhn2/uiuc-kidney-failure/generated_data/rep99/twenty_features_heterogeneous_train_data.csv
Test data path /home/minhn2/uiuc-kidney-failure/generated_data/rep99/twenty_features_heterogeneous_test_data.csv
Number of patients: test 20 and train 20
Number of records: test 9115 and train 4575
get_last_observation_data(ExperimentScenario.TWENTY_FEATURES_HETEROGENEOUS): train 4575 rows/20 subjects -> 20 rows; test 9115 rows/20 subjects -> 20 rows
Train data path /home/minhn2/uiuc-kidney-failure/generated_data/rep99/twenty_features_heterogeneous_train_data.csv
Test data path /home/minhn2/uiuc-kidney-failure/generated_data/rep99/twenty_features_heterogeneous_test_data.csv
Number of patients: test 20 and train 20
Number of records: test 9115 and train 4575
Train data path /home/minhn2/uiuc-kidney-failure/generated_data/rep99/twenty_features_heterogeneous_train_data.csv
Test data path /home/minhn2/uiuc-kidney-failure/generated_data/rep99/twenty_features_heterogeneous_test_data.csv
Number of patients: test 20 and train 20
Number of records: test 9115 and train 4575
Train data path /home/minhn2/uiuc-kidney-failure/generated_data/rep99/twenty_features_heterogeneous_train_data.csv
Test data path /home/minhn2/uiuc-kidney-failure/generated_data/rep99/twenty_features_heterogeneous_test_data.csv
Number of patients: test 20 and train 20
Number of records: test 9115 and train 4575
Train data path /home/minhn2/uiuc-kidney-failure/generated_data/rep99/twenty_features_heterogeneous_train_data.csv
Test data path /home/minhn2/uiuc-kidney-failure/generated_data/rep99/twenty_features_heterogeneous_test_data.csv
Number of patients: test 20 and train 20
Number of records: test 9115 and train 4575
Train data path /home/minhn2/uiuc-kidney-failure/generated_data/rep99/twenty_features_heterogeneous_train_data.csv
Test data path /home/minhn2/uiuc-kidney-failure/generated_data/rep99/twenty_features_heterogeneous_test_data.csv
Number of patients: test 20 and train 20
Number of records: test 9115 and train 4575
Train data path /home/minhn2/uiuc-kidney-failure/generated_data/rep99/twenty_features_heterogeneous_train_data.csv
Test data path /home/minhn2/uiuc-kidney-failure/generated_data/rep99/twenty_features_heterogeneous_test_data.csv
Number of patients: test 20 and train 20
Number of records: test 9115 and train 4575
Train data path /home/minhn2/uiuc-kidney-failure/generated_data/rep99/twenty_features_heterogeneous_train_data.csv
Test data path /home/minhn2/uiuc-kidney-failure/generated_data/rep99/twenty_features_heterogeneous_test_data.csv
Number of patients: test 20 and train 20
Number of records: test 9115 and train 4575
get_last_observation_data(ExperimentScenario.TWENTY_FEATURES_HETEROGENEOUS): train 4575 rows/20 subjects -> 20 rows; test 9115 rows/20 subjects -> 20 rows
Train data path /home/minhn2/uiuc-kidney-failure/generated_data/rep99/twenty_features_heterogeneous_train_data.csv
Test data path /home/minhn2/uiuc-kidney-failure/generated_data/rep99/twenty_features_heterogeneous_test_data.csv
Number of patients: test 20 and train 20
Number of records: test 9115 and train 4575
get_last_observation_data(ExperimentScenario.TWENTY_FEATURES_HETEROGENEOUS): train 4575 rows/20 subjects -> 20 rows; test 9115 rows/20 subjects -> 20 rows
Train data path /home/minhn2/uiuc-kidney-failure/generated_data/rep99/twenty_features_heterogeneous_train_data.csv
Test data path /home/minhn2/uiuc-kidney-failure/generated_data/rep99/twenty_features_heterogeneous_test_data.csv
Number of patients: test 20 and train 20
Number of records: test 9115 and train 4575
get_last_observation_data(ExperimentScenario.TWENTY_FEATURES_HETEROGENEOUS): train 4575 rows/20 subjects -> 20 rows; test 9115 rows/20 subjects -> 20 rows
Train data path /home/minhn2/uiuc-kidney-failure/generated_data/rep99/twenty_features_heterogeneous_train_data.csv
Test data path /home/minhn2/uiuc-kidney-failure/generated_data/rep99/twenty_features_heterogeneous_test_data.csv
Number of patients: test 20 and train 20
Number of records: test 9115 and train 4575
get_last_observation_data(ExperimentScenario.TWENTY_FEATURES_HETEROGENEOUS): train 4575 rows/20 subjects -> 20 rows; test 9115 rows/20 subjects -> 20 rows
Loading model from /home/minhn2/uiuc-kidney-failure/generated_data/rep99/twenty_features_heterogeneous_gbsa_model.dill
Train data path /home/minhn2/uiuc-kidney-failure/generated_data/rep99/twenty_features_heterogeneous_train_data.csv
Test data path /home/minhn2/uiuc-kidney-failure/generated_data/rep99/twenty_features_heterogeneous_test_data.csv
Number of patients: test 20 and train 20
Number of records: test 9115 and train 4575
get_last_observation_data(ExperimentScenario.TWENTY_FEATURES_HETEROGENEOUS): train 4575 rows/20 subjects -> 20 rows; test 9115 rows/20 subjects -> 20 rows
Loading model from /home/minhn2/uiuc-kidney-failure/generated_data/rep99/twenty_features_heterogeneous_gbsa_model.dill
Train data path /home/minhn2/uiuc-kidney-failure/generated_data/rep99/twenty_features_heterogeneous_train_data.csv
Test data path /home/minhn2/uiuc-kidney-failure/generated_data/rep99/twenty_features_heterogeneous_test_data.csv
Number of patients: test 20 and train 20
Number of records: test 9115 and train 4575
get_last_observation_data(ExperimentScenario.TWENTY_FEATURES_HETEROGENEOUS): train 4575 rows/20 subjects -> 20 rows; test 9115 rows/20 subjects -> 20 rows
Loading model from /home/minhn2/uiuc-kidney-failure/generated_data/rep99/twenty_features_heterogeneous_srf_model.dill
Train data path /home/minhn2/uiuc-kidney-failure/generated_data/rep99/twenty_features_heterogeneous_train_data.csv
Test data path /home/minhn2/uiuc-kidney-failure/generated_data/rep99/twenty_features_heterogeneous_test_data.csv
Number of patients: test 20 and train 20
Number of records: test 9115 and train 4575
get_last_observation_data(ExperimentScenario.TWENTY_FEATURES_HETEROGENEOUS): train 4575 rows/20 subjects -> 20 rows; test 9115 rows/20 subjects -> 20 rows
[Parallel(n_jobs=2)]: Using backend ThreadingBackend with 2 concurrent workers.
[Parallel(n_jobs=2)]: Done  37 tasks      | elapsed:    0.0s
[Parallel(n_jobs=2)]: Done  50 out of  50 | elapsed:    0.0s finished
[Parallel(n_jobs=2)]: Using backend ThreadingBackend with 2 concurrent workers.
[Parallel(n_jobs=2)]: Done  37 tasks      | elapsed:    0.0s
[Parallel(n_jobs=2)]: Done  50 out of  50 | elapsed:    0.0s finished
Loading model from /home/minhn2/uiuc-kidney-failure/generated_data/rep99/twenty_features_heterogeneous_srf_model.dill
Train data path /home/minhn2/uiuc-kidney-failure/generated_data/rep99/twenty_features_heterogeneous_train_data.csv
Test data path /home/minhn2/uiuc-kidney-failure/generated_data/rep99/twenty_features_heterogeneous_test_data.csv
Number of patients: test 20 and train 20
Number of records: test 9115 and train 4575
get_last_observation_data(ExperimentScenario.TWENTY_FEATURES_HETEROGENEOUS): train 4575 rows/20 subjects -> 20 rows; test 9115 rows/20 subjects -> 20 rows
[Parallel(n_jobs=2)]: Using backend ThreadingBackend with 2 concurrent workers.
[Parallel(n_jobs=2)]: Done  37 tasks      | elapsed:    0.0s
[Parallel(n_jobs=2)]: Done  50 out of  50 | elapsed:    0.0s finished
[Parallel(n_jobs=2)]: Using backend ThreadingBackend with 2 concurrent workers.
[Parallel(n_jobs=2)]: Done  37 tasks      | elapsed:    0.0s
[Parallel(n_jobs=2)]: Done  50 out of  50 | elapsed:    0.0s finished
Loading model from /home/minhn2/uiuc-kidney-failure/generated_data/rep99/twenty_features_heterogeneous_survival_svm_model.dill
Train data path /home/minhn2/uiuc-kidney-failure/generated_data/rep99/twenty_features_heterogeneous_train_data.csv
Test data path /home/minhn2/uiuc-kidney-failure/generated_data/rep99/twenty_features_heterogeneous_test_data.csv
Number of patients: test 20 and train 20
Number of records: test 9115 and train 4575
get_last_observation_data(ExperimentScenario.TWENTY_FEATURES_HETEROGENEOUS): train 4575 rows/20 subjects -> 20 rows; test 9115 rows/20 subjects -> 20 rows
Loading model from /home/minhn2/uiuc-kidney-failure/generated_data/rep99/twenty_features_heterogeneous_survival_svm_model.dill
Train data path /home/minhn2/uiuc-kidney-failure/generated_data/rep99/twenty_features_heterogeneous_train_data.csv
Test data path /home/minhn2/uiuc-kidney-failure/generated_data/rep99/twenty_features_heterogeneous_test_data.csv
Number of patients: test 20 and train 20
Number of records: test 9115 and train 4575
get_last_observation_data(ExperimentScenario.TWENTY_FEATURES_HETEROGENEOUS): train 4575 rows/20 subjects -> 20 rows; test 9115 rows/20 subjects -> 20 rows
Loading model from /home/minhn2/uiuc-kidney-failure/generated_data/rep99/twenty_features_heterogeneous_weibul_model.dill
Train data path /home/minhn2/uiuc-kidney-failure/generated_data/rep99/twenty_features_heterogeneous_train_data.csv
Test data path /home/minhn2/uiuc-kidney-failure/generated_data/rep99/twenty_features_heterogeneous_test_data.csv
Number of patients: test 20 and train 20
Number of records: test 9115 and train 4575
get_last_observation_data(ExperimentScenario.TWENTY_FEATURES_HETEROGENEOUS): train 4575 rows/20 subjects -> 20 rows; test 9115 rows/20 subjects -> 20 rows
Loading model from /home/minhn2/uiuc-kidney-failure/generated_data/rep99/twenty_features_heterogeneous_weibul_model.dill
Train data path /home/minhn2/uiuc-kidney-failure/generated_data/rep99/twenty_features_heterogeneous_train_data.csv
Test data path /home/minhn2/uiuc-kidney-failure/generated_data/rep99/twenty_features_heterogeneous_test_data.csv
Number of patients: test 20 and train 20
Number of records: test 9115 and train 4575
get_last_observation_data(ExperimentScenario.TWENTY_FEATURES_HETEROGENEOUS): train 4575 rows/20 subjects -> 20 rows; test 9115 rows/20 subjects -> 20 rows

Group composition (patients / events / event proportion):

--- Age group (anchor_age bins — see patient_metadata: NOT landmark age) ---
  27-54                    n=2     events=1     event_rate=0.5000   [metrics not computed: needs >= 20 patients and >= 5 events]
  54-82                    n=13    events=5     event_rate=0.3846   [metrics not computed: needs >= 20 patients and >= 5 events]
  82+                      n=5     events=4     event_rate=0.8000   [metrics not computed: needs >= 20 patients and >= 5 events]

--- Sex as recorded in patients.csv ---
  F                        n=9     events=5     event_rate=0.5556   [metrics not computed: needs >= 20 patients and >= 5 events]
  M                        n=11    events=5     event_rate=0.4545   [metrics not computed: needs >= 20 patients and >= 5 events]

--- Race (collapsed from admissions.csv ethnicity; unknown retained) ---
  BLACK                    n=2     events=1     event_rate=0.5000   [metrics not computed: needs >= 20 patients and >= 5 events]
  HISPANIC/LATINO          n=1     events=0     event_rate=0.0000   [metrics not computed: needs >= 20 patients and >= 5 events]
  OTHER                    n=1     events=1     event_rate=1.0000   [metrics not computed: needs >= 20 patients and >= 5 events]
  WHITE                    n=16    events=8     event_rate=0.5000   [metrics not computed: needs >= 20 patients and >= 5 events]

Per-group performance, 1000 within-group bootstrap resamples, 95% percentile intervals:
  C-index and mean time-dependent AUC: higher is better. Integrated Brier (0-730d): lower is better.

=== Age group (anchor_age bins — see patient_metadata: NOT landmark age) ===

=== Sex as recorded in patients.csv ===

=== Race (collapsed from admissions.csv ethnicity; unknown retained) ===
Subgroup report saved to: /home/minhn2/uiuc-kidney-failure/generated_data/rep99/twenty_features_heterogeneous_subgroup_performance_report.txt
COMPLETE
