Starting Stage 2.1 Feature Importance Analysis (new scenarios only)...
Output directory: /home/minhn2/uiuc-kidney-failure/generated_data/rep99
Current repetition: 99
Models to analyze: cox, ddh, hazard_transformer, logistic_hazard, rnn_surv

================================================================================
FEATURE IMPORTANCE ANALYSIS - FOUR_FEATURES SCENARIO
================================================================================

Training samples: 5806
Test samples: 3667
Features: ['Unnamed: 0', 'subject_id', 'duration_in_days', 'start', 'stop', 'age', 'gender', 'egfr', 'uacr', 'has_esrd']

FEATURE OVERVIEW:
----------------------------------------
  age: mean=65.705, std=14.519
  gender: mean=0.549, std=0.498
  egfr: mean=55.284, std=33.892
  uacr: mean=629.029, std=1398.494

ANALYZING ALL MODELS FOR FOUR_FEATURES
------------------------------------------------------------

Analyzing COX model...
Loading model from /home/minhn2/uiuc-kidney-failure/generated_data/rep99/four_features_cox_model.dill
  COX Feature Importance:
    age: 0.0013 (coeff=-0.0013, HR=0.999)
    gender: 0.0044 (coeff=-0.0044, HR=0.996)
    egfr: 0.0006 (coeff=-0.0006, HR=0.999)
    uacr: 0.0000 (coeff=0.0000, HR=1.000)

Analyzing DDH model...
  DDH Feature Importance:
    age: 0.1722
    gender: 0.2830
    egfr: 0.1869
    uacr: 0.3578

Analyzing HAZARD_TRANSFORMER model...
  HAZARD_TRANSFORMER Feature Importance:
    age: 0.1773
    gender: 0.2235
    egfr: 0.3128
    uacr: 0.2863

Analyzing LOGISTIC_HAZARD model...
  LOGISTIC_HAZARD Feature Importance:
    age: 0.1426
    gender: 0.4557
    egfr: 0.1528
    uacr: 0.2489

Analyzing RNN_SURV model...
  RNN_SURV Feature Importance:
    age: 0.2498
    gender: 0.1147
    egfr: 0.4633
    uacr: 0.1722
Consolidated feature importance plot saved to: /home/minhn2/uiuc-kidney-failure/generated_data/rep99/four_features_all_models_feature_importance.png
Scenario report saved to: /home/minhn2/uiuc-kidney-failure/generated_data/rep99/four_features_shap_analysis_report.txt
================================================================================
FEATURE IMPORTANCE ANALYSIS - EIGHT_FEATURES SCENARIO
================================================================================

Training samples: 1856
Test samples: 1100
Features: ['Unnamed: 0', 'subject_id', 'duration_in_days', 'start', 'stop', 'age', 'gender', 'egfr', 'uacr', 'calcium', 'phosphate', 'bicarbonate', 'serum_albumin', 'has_esrd']

FEATURE OVERVIEW:
----------------------------------------
  age: mean=61.052, std=15.866
  gender: mean=0.606, std=0.489
  egfr: mean=59.458, std=38.502
  uacr: mean=1037.235, std=2357.756
  calcium: mean=8.494, std=0.990
  phosphate: mean=3.671, std=1.402
  bicarbonate: mean=23.668, std=4.837
  serum_albumin: mean=3.171, std=0.712

ANALYZING ALL MODELS FOR EIGHT_FEATURES
------------------------------------------------------------

Analyzing COX model...
Loading model from /home/minhn2/uiuc-kidney-failure/generated_data/rep99/eight_features_cox_model.dill
  COX Feature Importance:
    age: 0.0022 (coeff=-0.0022, HR=0.998)
    gender: 0.0211 (coeff=0.0211, HR=1.021)
    egfr: 0.0012 (coeff=-0.0012, HR=0.999)
    uacr: 0.0000 (coeff=0.0000, HR=1.000)
    calcium: 0.0344 (coeff=-0.0344, HR=0.966)
    phosphate: 0.0069 (coeff=0.0069, HR=1.007)
    bicarbonate: 0.0166 (coeff=-0.0166, HR=0.983)
    serum_albumin: 0.0368 (coeff=-0.0368, HR=0.964)

Analyzing DDH model...
  DDH Feature Importance:
    age: 0.1250
    gender: 0.1250
    egfr: 0.1250
    uacr: 0.1250
    calcium: 0.1250
    phosphate: 0.1250
    bicarbonate: 0.1250
    serum_albumin: 0.1250

Analyzing HAZARD_TRANSFORMER model...
  HAZARD_TRANSFORMER Feature Importance:
    age: 0.1675
    gender: 0.0930
    egfr: 0.1633
    uacr: 0.1026
    calcium: 0.0939
    phosphate: 0.2522
    bicarbonate: 0.0370
    serum_albumin: 0.0905

Analyzing LOGISTIC_HAZARD model...
  LOGISTIC_HAZARD Feature Importance:
    age: 0.0924
    gender: 0.2413
    egfr: 0.1039
    uacr: 0.0719
    calcium: 0.1286
    phosphate: 0.0745
    bicarbonate: 0.1675
    serum_albumin: 0.1199

Analyzing RNN_SURV model...
  RNN_SURV Feature Importance:
    age: 0.1917
    gender: 0.2652
    egfr: 0.1546
    uacr: 0.0614
    calcium: 0.0698
    phosphate: 0.1238
    bicarbonate: 0.0767
    serum_albumin: 0.0567
Consolidated feature importance plot saved to: /home/minhn2/uiuc-kidney-failure/generated_data/rep99/eight_features_all_models_feature_importance.png
Scenario report saved to: /home/minhn2/uiuc-kidney-failure/generated_data/rep99/eight_features_shap_analysis_report.txt
================================================================================
FEATURE IMPORTANCE ANALYSIS - TWENTY_FEATURES_HETEROGENEOUS SCENARIO
================================================================================

Training samples: 4575
Test samples: 9115
Features: ['Unnamed: 0', 'subject_id', 'duration_in_days', 'start', 'stop', 'egfr', 'egfr_missing', 'potassium', 'potassium_missing', 'urea_nitrogen', 'urea_nitrogen_missing', 'sodium', 'sodium_missing', 'chloride', 'chloride_missing', 'bicarbonate', 'bicarbonate_missing', 'anion_gap', 'anion_gap_missing', 'hematocrit', 'hematocrit_missing', 'platelet_count', 'platelet_count_missing', 'hemoglobin', 'hemoglobin_missing', 'wbc', 'wbc_missing', 'mchc', 'mchc_missing', 'mch', 'mch_missing', 'rbc', 'rbc_missing', 'mcv', 'mcv_missing', 'rdw', 'rdw_missing', 'glucose', 'glucose_missing', 'calcium', 'calcium_missing', 'magnesium', 'magnesium_missing', 'phosphate', 'phosphate_missing', 'has_esrd']

FEATURE OVERVIEW:
----------------------------------------
  egfr: mean=3.507, std=15.838
  egfr_missing: mean=0.940, std=0.238 (missing_flag rate=94.0%)
  potassium: mean=0.244, std=1.004
  potassium_missing: mean=0.943, std=0.232 (missing_flag rate=94.3%)
  urea_nitrogen: mean=2.057, std=10.776
  urea_nitrogen_missing: mean=0.943, std=0.232 (missing_flag rate=94.3%)
  sodium: mean=7.767, std=32.052
  sodium_missing: mean=0.944, std=0.229 (missing_flag rate=94.4%)
  chloride: mean=5.675, std=23.441
  chloride_missing: mean=0.944, std=0.229 (missing_flag rate=94.4%)
  bicarbonate: mean=1.431, std=6.070
  bicarbonate_missing: mean=0.946, std=0.227 (missing_flag rate=94.6%)
  anion_gap: mean=0.834, std=3.559
  anion_gap_missing: mean=0.946, std=0.227 (missing_flag rate=94.6%)
  hematocrit: mean=1.832, std=7.811
  hematocrit_missing: mean=0.946, std=0.226 (missing_flag rate=94.6%)
  platelet_count: mean=14.038, std=63.483
  platelet_count_missing: mean=0.948, std=0.223 (missing_flag rate=94.8%)
  hemoglobin: mean=0.563, std=2.485
  hemoglobin_missing: mean=0.949, std=0.220 (missing_flag rate=94.9%)
  wbc: mean=0.498, std=2.453
  wbc_missing: mean=0.950, std=0.219 (missing_flag rate=95.0%)
  mchc: mean=1.637, std=7.121
  mchc_missing: mean=0.950, std=0.219 (missing_flag rate=95.0%)
  mch: mean=1.473, std=6.444
  mch_missing: mean=0.950, std=0.219 (missing_flag rate=95.0%)
  rbc: mean=0.190, std=0.842
  rbc_missing: mean=0.950, std=0.219 (missing_flag rate=95.0%)
  mcv: mean=4.523, std=19.760
  mcv_missing: mean=0.950, std=0.219 (missing_flag rate=95.0%)
  rdw: mean=0.763, std=3.352
  rdw_missing: mean=0.950, std=0.219 (missing_flag rate=95.0%)
  glucose: mean=6.897, std=33.812
  glucose_missing: mean=0.952, std=0.214 (missing_flag rate=95.2%)
  calcium: mean=0.299, std=1.613
  calcium_missing: mean=0.967, std=0.180 (missing_flag rate=96.7%)
  magnesium: mean=0.070, std=0.388
  magnesium_missing: mean=0.967, std=0.178 (missing_flag rate=96.7%)
  phosphate: mean=0.117, std=0.665
  phosphate_missing: mean=0.968, std=0.176 (missing_flag rate=96.8%)

ANALYZING ALL MODELS FOR TWENTY_FEATURES_HETEROGENEOUS
------------------------------------------------------------

Analyzing COX model...
Loading model from /home/minhn2/uiuc-kidney-failure/generated_data/rep99/twenty_features_heterogeneous_cox_model.dill
  COX Feature Importance:
    egfr: 0.0000 (coeff=-0.0000, HR=1.000)
    egfr_missing: 0.0028 (coeff=0.0028, HR=1.003)
    potassium: 0.0019 (coeff=0.0019, HR=1.002)
    potassium_missing: 0.0102 (coeff=-0.0102, HR=0.990)
    urea_nitrogen: 0.0000 (coeff=-0.0000, HR=1.000)
    urea_nitrogen_missing: 0.0032 (coeff=-0.0032, HR=0.997)
    sodium: 0.0001 (coeff=0.0001, HR=1.000)
    sodium_missing: 0.0117 (coeff=-0.0117, HR=0.988)
    chloride: 0.0001 (coeff=0.0001, HR=1.000)
    chloride_missing: 0.0116 (coeff=-0.0116, HR=0.988)
    bicarbonate: 0.0004 (coeff=0.0004, HR=1.000)
    bicarbonate_missing: 0.0120 (coeff=-0.0120, HR=0.988)
    anion_gap: 0.0008 (coeff=0.0008, HR=1.001)
    anion_gap_missing: 0.0119 (coeff=-0.0119, HR=0.988)
    hematocrit: 0.0002 (coeff=0.0002, HR=1.000)
    hematocrit_missing: 0.0071 (coeff=-0.0071, HR=0.993)
    platelet_count: 0.0001 (coeff=-0.0001, HR=1.000)
    platelet_count_missing: 0.0215 (coeff=0.0215, HR=1.022)
    hemoglobin: 0.0013 (coeff=0.0013, HR=1.001)
    hemoglobin_missing: 0.0141 (coeff=-0.0141, HR=0.986)
    wbc: 0.0014 (coeff=0.0014, HR=1.001)
    wbc_missing: 0.0144 (coeff=-0.0144, HR=0.986)
    mchc: 0.0004 (coeff=0.0004, HR=1.000)
    mchc_missing: 0.0142 (coeff=-0.0142, HR=0.986)
    mch: 0.0006 (coeff=0.0006, HR=1.001)
    mch_missing: 0.0141 (coeff=-0.0141, HR=0.986)
    rbc: 0.0031 (coeff=0.0031, HR=1.003)
    rbc_missing: 0.0144 (coeff=-0.0144, HR=0.986)
    mcv: 0.0002 (coeff=0.0002, HR=1.000)
    mcv_missing: 0.0142 (coeff=-0.0142, HR=0.986)
    rdw: 0.0021 (coeff=-0.0021, HR=0.998)
    rdw_missing: 0.0341 (coeff=0.0341, HR=1.035)
    glucose: 0.0003 (coeff=-0.0003, HR=1.000)
    glucose_missing: 0.0666 (coeff=0.0666, HR=1.069)
    calcium: 0.0002 (coeff=0.0002, HR=1.000)
    calcium_missing: 0.0035 (coeff=-0.0035, HR=0.996)
    magnesium: 0.0017 (coeff=0.0017, HR=1.002)
    magnesium_missing: 0.0059 (coeff=-0.0059, HR=0.994)
    phosphate: 0.0169 (coeff=-0.0169, HR=0.983)
    phosphate_missing: 0.0651 (coeff=0.0651, HR=1.067)

Analyzing DDH model...
  DDH Feature Importance:
    egfr: 0.0252
    egfr_missing: 0.0242
    potassium: 0.0214
    potassium_missing: 0.0181
    urea_nitrogen: 0.0204
    urea_nitrogen_missing: 0.0239
    sodium: 0.0202
    sodium_missing: 0.0256
    chloride: 0.0214
    chloride_missing: 0.0287
    bicarbonate: 0.0196
    bicarbonate_missing: 0.0309
    anion_gap: 0.0203
    anion_gap_missing: 0.0248
    hematocrit: 0.0215
    hematocrit_missing: 0.0320
    platelet_count: 0.0254
    platelet_count_missing: 0.0310
    hemoglobin: 0.0184
    hemoglobin_missing: 0.0301
    wbc: 0.0224
    wbc_missing: 0.0292
    mchc: 0.0213
    mchc_missing: 0.0279
    mch: 0.0183
    mch_missing: 0.0307
    rbc: 0.0269
    rbc_missing: 0.0269
    mcv: 0.0248
    mcv_missing: 0.0244
    rdw: 0.0203
    rdw_missing: 0.0308
    glucose: 0.0235
    glucose_missing: 0.0269
    calcium: 0.0254
    calcium_missing: 0.0273
    magnesium: 0.0296
    magnesium_missing: 0.0272
    phosphate: 0.0224
    phosphate_missing: 0.0301

Analyzing HAZARD_TRANSFORMER model...
  HAZARD_TRANSFORMER Feature Importance:
    egfr: 0.0159
    egfr_missing: 0.0249
    potassium: 0.0359
    potassium_missing: 0.0308
    urea_nitrogen: 0.0253
    urea_nitrogen_missing: 0.0206
    sodium: 0.0261
    sodium_missing: 0.0166
    chloride: 0.0297
    chloride_missing: 0.0202
    bicarbonate: 0.0139
    bicarbonate_missing: 0.0237
    anion_gap: 0.0188
    anion_gap_missing: 0.0293
    hematocrit: 0.0222
    hematocrit_missing: 0.0234
    platelet_count: 0.0278
    platelet_count_missing: 0.0227
    hemoglobin: 0.0210
    hemoglobin_missing: 0.0211
    wbc: 0.0319
    wbc_missing: 0.0134
    mchc: 0.0431
    mchc_missing: 0.0148
    mch: 0.0372
    mch_missing: 0.0306
    rbc: 0.0215
    rbc_missing: 0.0343
    mcv: 0.0289
    mcv_missing: 0.0367
    rdw: 0.0185
    rdw_missing: 0.0253
    glucose: 0.0234
    glucose_missing: 0.0291
    calcium: 0.0260
    calcium_missing: 0.0178
    magnesium: 0.0232
    magnesium_missing: 0.0159
    phosphate: 0.0332
    phosphate_missing: 0.0253

Analyzing LOGISTIC_HAZARD model...
  LOGISTIC_HAZARD Feature Importance:
    egfr: 0.0259
    egfr_missing: 0.0217
    potassium: 0.0178
    potassium_missing: 0.0173
    urea_nitrogen: 0.0219
    urea_nitrogen_missing: 0.0124
    sodium: 0.0217
    sodium_missing: 0.0187
    chloride: 0.0284
    chloride_missing: 0.0180
    bicarbonate: 0.0216
    bicarbonate_missing: 0.0356
    anion_gap: 0.0290
    anion_gap_missing: 0.0123
    hematocrit: 0.0192
    hematocrit_missing: 0.0209
    platelet_count: 0.0342
    platelet_count_missing: 0.0359
    hemoglobin: 0.0199
    hemoglobin_missing: 0.0220
    wbc: 0.0240
    wbc_missing: 0.0304
    mchc: 0.0264
    mchc_missing: 0.0273
    mch: 0.0196
    mch_missing: 0.0315
    rbc: 0.0217
    rbc_missing: 0.0240
    mcv: 0.0279
    mcv_missing: 0.0140
    rdw: 0.0332
    rdw_missing: 0.0250
    glucose: 0.0384
    glucose_missing: 0.0157
    calcium: 0.0306
    calcium_missing: 0.0269
    magnesium: 0.0276
    magnesium_missing: 0.0236
    phosphate: 0.0441
    phosphate_missing: 0.0337

Analyzing RNN_SURV model...
  RNN_SURV Feature Importance:
    egfr: 0.0273
    egfr_missing: 0.0479
    potassium: 0.0537
    potassium_missing: 0.0301
    urea_nitrogen: 0.0196
    urea_nitrogen_missing: 0.0280
    sodium: 0.0041
    sodium_missing: 0.0142
    chloride: 0.0045
    chloride_missing: 0.0388
    bicarbonate: 0.0144
    bicarbonate_missing: 0.0243
    anion_gap: 0.0272
    anion_gap_missing: 0.0389
    hematocrit: 0.0165
    hematocrit_missing: 0.0244
    platelet_count: 0.0036
    platelet_count_missing: 0.0190
    hemoglobin: 0.0362
    hemoglobin_missing: 0.0111
    wbc: 0.0243
    wbc_missing: 0.0375
    mchc: 0.0051
    mchc_missing: 0.0271
    mch: 0.0065
    mch_missing: 0.0398
    rbc: 0.0369
    rbc_missing: 0.0315
    mcv: 0.0326
    mcv_missing: 0.0341
    rdw: 0.0072
    rdw_missing: 0.0133
    glucose: 0.0106
    glucose_missing: 0.0386
    calcium: 0.0358
    calcium_missing: 0.0176
    magnesium: 0.0353
    magnesium_missing: 0.0279
    phosphate: 0.0388
    phosphate_missing: 0.0158
Consolidated feature importance plot saved to: /home/minhn2/uiuc-kidney-failure/generated_data/rep99/twenty_features_heterogeneous_all_models_feature_importance.png
Scenario report saved to: /home/minhn2/uiuc-kidney-failure/generated_data/rep99/twenty_features_heterogeneous_shap_analysis_report.txt
================================================================================
ANALYSIS COMPLETE
================================================================================
