Trial start: Sat Aug 29 13:59:10 CDT 2026, n_patients=8000, seed=42, safety_cap=125829120KB, max_wall=2700s
Loading TWENTY_FEATURES_HETEROGENEOUS train/test data...
  [poll] elapsed=16s rss=925300KB (0GB)
  [poll] elapsed=31s rss=4909044KB (4GB)
Train data path /home/minhn2/uiuc-kidney-failure/generated_data/rep1/twenty_features_heterogeneous_train_data.csv
Test data path /home/minhn2/uiuc-kidney-failure/generated_data/rep1/twenty_features_heterogeneous_test_data.csv
Number of patients: test 6521 and train 26080
Number of records: test 1613452 and train 6512638
Loaded full train: 6512638 rows, 26080 unique patients (24.3s)
Subsampled train: 2011931 rows, 8000 patients (7313 events, 91.4% event rate), seed=42
Fitting CoxTimeVaryingFitter...
  [poll] elapsed=46s rss=7458100KB (7GB)
  [poll] elapsed=61s rss=7458120KB (7GB)
  [poll] elapsed=76s rss=7458120KB (7GB)
  [poll] elapsed=91s rss=7458120KB (7GB)
  [poll] elapsed=106s rss=7458120KB (7GB)
  [poll] elapsed=122s rss=7458120KB (7GB)
  [poll] elapsed=137s rss=7458120KB (7GB)
  [poll] elapsed=152s rss=7459304KB (7GB)
  [poll] elapsed=167s rss=7459304KB (7GB)
  [poll] elapsed=182s rss=7459304KB (7GB)
  [poll] elapsed=198s rss=7459304KB (7GB)
  [poll] elapsed=213s rss=7459304KB (7GB)
  [poll] elapsed=228s rss=7459304KB (7GB)
  [poll] elapsed=243s rss=7459304KB (7GB)
  [poll] elapsed=258s rss=7459304KB (7GB)
  [poll] elapsed=273s rss=7459304KB (7GB)
  [poll] elapsed=289s rss=7459308KB (7GB)
  [poll] elapsed=304s rss=7459308KB (7GB)
  [poll] elapsed=319s rss=7459308KB (7GB)
  [poll] elapsed=334s rss=7459308KB (7GB)
  [poll] elapsed=349s rss=7459308KB (7GB)
  [poll] elapsed=364s rss=7459308KB (7GB)
  [poll] elapsed=379s rss=7459308KB (7GB)
  [poll] elapsed=395s rss=7459308KB (7GB)
  [poll] elapsed=410s rss=7459308KB (7GB)
  [poll] elapsed=425s rss=7459308KB (7GB)
  [poll] elapsed=440s rss=7459308KB (7GB)
  [poll] elapsed=455s rss=7459308KB (7GB)
  [poll] elapsed=470s rss=7459308KB (7GB)
  [poll] elapsed=486s rss=7459308KB (7GB)
  [poll] elapsed=501s rss=7459308KB (7GB)
  [poll] elapsed=516s rss=7459308KB (7GB)
  [poll] elapsed=531s rss=6735852KB (6GB)
  [poll] elapsed=546s rss=6735852KB (6GB)
  [poll] elapsed=561s rss=6735852KB (6GB)
SUCCESS: fit completed in 523.7s (8000 patients, 2011931 rows)
Trial end: Sat Aug 29 14:08:46 CDT 2026, result=success
