Using existing train and test subsets for FIVELABMS scenario.
Number of patients: test 3268 and train 2686
Number of records: test 89173 and train 71055
Running Optuna hyperparameter optimization
[I 2025-08-24 23:59:26,294] A new study created in memory with name: no-name-8b855f0b-577c-4c07-880c-d262b4232473
Running trial 0 for ExperimentScenario.FIVELABMS on device cuda:4
Using existing train and test subsets for FIVELABMS scenario.
Number of patients: test 3268 and train 2686
Number of records: test 89173 and train 71055
Epoch 1/50
Average Loss: 0.0008896005449972914
Epoch 2/50
Average Loss: 7.751266723769154e-08
Epoch 3/50
Average Loss: 7.749047637962176e-08
Epoch 4/50
Average Loss: 7.749047637962176e-08
Patience Counter: 1
Epoch 5/50
Average Loss: 7.749047637962176e-08
Patience Counter: 2
Epoch 6/50
Average Loss: 7.749047637962176e-08
Patience Counter: 3
Epoch 7/50
Average Loss: 7.749047637962176e-08
Patience Counter: 4
Epoch 8/50
Average Loss: 7.749047637962176e-08
Patience Counter: 5
Early stopping triggered
C-index: 0.5000
[I 2025-08-25 00:21:20,913] Trial 0 finished with value: 0.5 and parameters: {'num_layers': 38, 'learning_rate': 0.0021177882009417166, 'drop_out_rate': 0.14358991546386526, 'n_head': 4, 'nhead_factor': 16}. Best is trial 0 with value: 0.5.
Running trial 1 for ExperimentScenario.FIVELABMS on device cuda:4
Using existing train and test subsets for FIVELABMS scenario.
Number of patients: test 3268 and train 2686
Number of records: test 89173 and train 71055
Epoch 1/50
Average Loss: 0.01666211199762435
Epoch 2/50
Average Loss: 3.703620260738509e-05
Epoch 3/50
Average Loss: 5.155205239864408e-06
Epoch 4/50
Average Loss: 9.783735224106044e-07
Epoch 5/50
Average Loss: 2.0364552108733373e-07
Epoch 6/50
Average Loss: 7.755704895383106e-08
Epoch 7/50
Average Loss: 7.751266723769154e-08
Epoch 8/50
Average Loss: 7.749047637962176e-08
Epoch 9/50
Average Loss: 7.749047637962176e-08
Patience Counter: 1
Epoch 10/50
Average Loss: 7.749047637962176e-08
Patience Counter: 2
Epoch 11/50
Average Loss: 7.749047637962176e-08
Patience Counter: 3
Epoch 12/50
Average Loss: 7.749047637962176e-08
Patience Counter: 4
Epoch 13/50
Average Loss: 7.749047637962176e-08
Patience Counter: 5
Early stopping triggered
C-index: 0.5000
[I 2025-08-25 00:53:54,226] Trial 1 finished with value: 0.5 and parameters: {'num_layers': 36, 'learning_rate': 0.0002911702271868482, 'drop_out_rate': 0.11096330656095965, 'n_head': 3, 'nhead_factor': 9}. Best is trial 0 with value: 0.5.
Running trial 2 for ExperimentScenario.FIVELABMS on device cuda:4
Using existing train and test subsets for FIVELABMS scenario.
Number of patients: test 3268 and train 2686
Number of records: test 89173 and train 71055
Epoch 1/50
Average Loss: 0.0025391536386352048
Epoch 2/50
Average Loss: 6.566057369047609e-07
Epoch 3/50
Average Loss: 9.715157729606398e-08
Epoch 4/50
Average Loss: 7.813401130597067e-08
Epoch 5/50
Average Loss: 7.766800325476132e-08
Epoch 6/50
Average Loss: 7.75348580957613e-08
Epoch 7/50
Average Loss: 7.749047637962176e-08
Epoch 8/50
Average Loss: 7.749047637962176e-08
Patience Counter: 1
Epoch 9/50
Average Loss: 7.749047637962176e-08
Patience Counter: 2
Epoch 10/50
Average Loss: 7.749047637962176e-08
Patience Counter: 3
Epoch 11/50
Average Loss: 7.749047637962176e-08
Patience Counter: 4
Epoch 12/50
Average Loss: 7.749047637962176e-08
Patience Counter: 5
Early stopping triggered
C-index: 0.5000
[I 2025-08-25 01:42:39,553] Trial 2 finished with value: 0.5 and parameters: {'num_layers': 61, 'learning_rate': 0.0024878425034335384, 'drop_out_rate': 0.13043465617389952, 'n_head': 4, 'nhead_factor': 4}. Best is trial 0 with value: 0.5.
Running trial 3 for ExperimentScenario.FIVELABMS on device cuda:4
Using existing train and test subsets for FIVELABMS scenario.
Number of patients: test 3268 and train 2686
Number of records: test 89173 and train 71055
Epoch 1/50
Average Loss: 0.000486957728509626
Epoch 2/50
Average Loss: 1.2937273050286062e-07
Epoch 3/50
Average Loss: 8.33266727397628e-08
Epoch 4/50
Average Loss: 7.808962962157542e-08
Epoch 5/50
Average Loss: 7.757923981190083e-08
Epoch 6/50
Average Loss: 7.75348580957613e-08
Epoch 7/50
Average Loss: 7.749047637962176e-08
Epoch 8/50
Average Loss: 7.749047637962176e-08
Patience Counter: 1
Epoch 9/50
Average Loss: 7.749047637962176e-08
Patience Counter: 2
Epoch 10/50
Average Loss: 7.749047637962176e-08
Patience Counter: 3
Epoch 11/50
Average Loss: 7.749047637962176e-08
Patience Counter: 4
Epoch 12/50
Average Loss: 7.749047637962176e-08
Patience Counter: 5
Early stopping triggered
C-index: 0.5000
[I 2025-08-25 02:12:21,116] Trial 3 finished with value: 0.5 and parameters: {'num_layers': 36, 'learning_rate': 0.0062433230971885335, 'drop_out_rate': 0.4121538201687618, 'n_head': 8, 'nhead_factor': 9}. Best is trial 0 with value: 0.5.
Running trial 4 for ExperimentScenario.FIVELABMS on device cuda:4
Using existing train and test subsets for FIVELABMS scenario.
Number of patients: test 3268 and train 2686
Number of records: test 89173 and train 71055
Epoch 1/50
Average Loss: 0.008517119435599543
Epoch 2/50
Average Loss: 1.65996601409865e-05
Epoch 3/50
Average Loss: 2.3025510586490567e-06
Epoch 4/50
Average Loss: 4.2495508282132906e-07
Epoch 5/50
Average Loss: 1.0600573072404305e-07
Epoch 6/50
Average Loss: 7.842249243971477e-08
Epoch 7/50
Average Loss: 7.755704895383106e-08
Epoch 8/50
Average Loss: 7.751266723769154e-08
Epoch 9/50
Average Loss: 7.749047637962176e-08
Epoch 10/50
Average Loss: 7.751266723769154e-08
Patience Counter: 1
Epoch 11/50
Average Loss: 7.749047637962176e-08
Patience Counter: 2
Epoch 12/50
Average Loss: 7.749047637962176e-08
Patience Counter: 3
Epoch 13/50
Average Loss: 7.749047637962176e-08
Patience Counter: 4
Epoch 14/50
Average Loss: 7.749047637962176e-08
Patience Counter: 5
Early stopping triggered
C-index: 0.5000
[I 2025-08-25 02:37:03,144] Trial 4 finished with value: 0.5 and parameters: {'num_layers': 25, 'learning_rate': 0.00018145142425477303, 'drop_out_rate': 0.48319860156722394, 'n_head': 8, 'nhead_factor': 12}. Best is trial 0 with value: 0.5.
Running trial 5 for ExperimentScenario.FIVELABMS on device cuda:4
Using existing train and test subsets for FIVELABMS scenario.
Number of patients: test 3268 and train 2686
Number of records: test 89173 and train 71055
Epoch 1/50
Average Loss: 0.00039335806306085256
Epoch 2/50
Average Loss: 7.751266723769154e-08
Epoch 3/50
Average Loss: 7.749047637962176e-08
Epoch 4/50
Average Loss: 7.749047637962176e-08
Patience Counter: 1
Epoch 5/50
Average Loss: 7.749047637962176e-08
Patience Counter: 2
Epoch 6/50
Average Loss: 7.749047637962176e-08
Patience Counter: 3
Epoch 7/50
Average Loss: 7.749047637962176e-08
Patience Counter: 4
Epoch 8/50
Average Loss: 7.749047637962176e-08
Patience Counter: 5
Early stopping triggered
C-index: 0.5000
[I 2025-08-25 02:47:44,628] Trial 5 finished with value: 0.5 and parameters: {'num_layers': 18, 'learning_rate': 0.006066076129069687, 'drop_out_rate': 0.307966628831899, 'n_head': 8, 'nhead_factor': 15}. Best is trial 0 with value: 0.5.
Running trial 6 for ExperimentScenario.FIVELABMS on device cuda:4
Using existing train and test subsets for FIVELABMS scenario.
Number of patients: test 3268 and train 2686
Number of records: test 89173 and train 71055
Epoch 1/50
Average Loss: 0.0024564171813505377
Epoch 2/50
Average Loss: 1.2737134613029322e-06
Epoch 3/50
Average Loss: 2.326934791614803e-07
Epoch 4/50
Average Loss: 1.0327626781568416e-07
Epoch 5/50
Average Loss: 8.070815123357625e-08
Epoch 6/50
Average Loss: 7.808962963215685e-08
Epoch 7/50
Average Loss: 7.755704895383106e-08
Epoch 8/50
Average Loss: 7.749047637962176e-08
Epoch 9/50
Average Loss: 7.749047637962176e-08
Patience Counter: 1
Epoch 10/50
Average Loss: 7.749047637962176e-08
Patience Counter: 2
Epoch 11/50
Average Loss: 7.749047637962176e-08
Patience Counter: 3
Epoch 12/50
Average Loss: 7.749047637962176e-08
Patience Counter: 4
Epoch 13/50
Average Loss: 7.749047637962176e-08
Patience Counter: 5
Early stopping triggered
C-index: 0.5000
[I 2025-08-25 02:55:48,767] Trial 6 finished with value: 0.5 and parameters: {'num_layers': 7, 'learning_rate': 0.006888119781469868, 'drop_out_rate': 0.23805550152726945, 'n_head': 2, 'nhead_factor': 6}. Best is trial 0 with value: 0.5.
Running trial 7 for ExperimentScenario.FIVELABMS on device cuda:4
Using existing train and test subsets for FIVELABMS scenario.
Number of patients: test 3268 and train 2686
Number of records: test 89173 and train 71055
Epoch 1/50
Average Loss: 0.0006453385354855302
Epoch 2/50
Average Loss: 7.749047637962176e-08
Epoch 3/50
Average Loss: 7.749047637962176e-08
Patience Counter: 1
Epoch 4/50
Average Loss: 7.749047637962176e-08
Patience Counter: 2
Epoch 5/50
Average Loss: 7.749047637962176e-08
Patience Counter: 3
Epoch 6/50
Average Loss: 7.749047637962176e-08
Patience Counter: 4
Epoch 7/50
Average Loss: 7.749047637962176e-08
Patience Counter: 5
Early stopping triggered
C-index: 0.5000
[I 2025-08-25 03:17:58,403] Trial 7 finished with value: 0.5 and parameters: {'num_layers': 46, 'learning_rate': 0.003296927464187451, 'drop_out_rate': 0.2518055428050164, 'n_head': 5, 'nhead_factor': 15}. Best is trial 0 with value: 0.5.
Running trial 8 for ExperimentScenario.FIVELABMS on device cuda:4
Using existing train and test subsets for FIVELABMS scenario.
Number of patients: test 3268 and train 2686
Number of records: test 89173 and train 71055
Epoch 1/50
Average Loss: 0.00477224569154966
Epoch 2/50
Average Loss: 3.009247761091571e-06
Epoch 3/50
Average Loss: 5.234604570331154e-07
Epoch 4/50
Average Loss: 1.2016350095546852e-07
Epoch 5/50
Average Loss: 8.053062413622675e-08
Epoch 6/50
Average Loss: 7.806743871059853e-08
Epoch 7/50
Average Loss: 7.760143066997059e-08
Epoch 8/50
Average Loss: 7.751266723769154e-08
Epoch 9/50
Average Loss: 7.757923981190083e-08
Patience Counter: 1
Epoch 10/50
Average Loss: 7.749047637962176e-08
Epoch 11/50
Average Loss: 7.749047637962176e-08
Patience Counter: 1
Epoch 12/50
Average Loss: 7.749047637962176e-08
Patience Counter: 2
Epoch 13/50
Average Loss: 7.749047637962176e-08
Patience Counter: 3
Epoch 14/50
Average Loss: 7.749047637962176e-08
Patience Counter: 4
Epoch 15/50
Average Loss: 7.749047637962176e-08
Patience Counter: 5
Early stopping triggered
C-index: 0.5000
[I 2025-08-25 03:40:42,549] Trial 8 finished with value: 0.5 and parameters: {'num_layers': 21, 'learning_rate': 0.003494676608893919, 'drop_out_rate': 0.49321249544493717, 'n_head': 5, 'nhead_factor': 3}. Best is trial 0 with value: 0.5.
Running trial 9 for ExperimentScenario.FIVELABMS on device cuda:4
Using existing train and test subsets for FIVELABMS scenario.
Number of patients: test 3268 and train 2686
Number of records: test 89173 and train 71055
Epoch 1/50
Average Loss: 0.0066022830960190924
Epoch 2/50
Average Loss: 4.348217767016385e-05
Epoch 3/50
Average Loss: 6.807311043504475e-06
Epoch 4/50
Average Loss: 1.3654272867865012e-06
Epoch 5/50
Average Loss: 2.9320785451978554e-07
Epoch 6/50
Average Loss: 8.41921155590167e-08
Epoch 7/50
Average Loss: 7.749047637962176e-08
Epoch 8/50
Average Loss: 7.749047637962176e-08
Patience Counter: 1
Epoch 9/50
Average Loss: 7.749047637962176e-08
Patience Counter: 2
Epoch 10/50
Average Loss: 7.749047637962176e-08
Patience Counter: 3
Epoch 11/50
Average Loss: 7.749047637962176e-08
Patience Counter: 4
Epoch 12/50
Average Loss: 7.749047637962176e-08
Patience Counter: 5
Early stopping triggered
C-index: 0.5000
[I 2025-08-25 03:47:28,614] Trial 9 finished with value: 0.5 and parameters: {'num_layers': 6, 'learning_rate': 0.00015573628685041046, 'drop_out_rate': 0.2928328857837226, 'n_head': 5, 'nhead_factor': 13}. Best is trial 0 with value: 0.5.
Number of finished trials:  10
Best trial:
Best hyperparameters: {'num_layers': 38, 'learning_rate': 0.0021177882009417166, 'drop_out_rate': 0.14358991546386526, 'n_head': 4, 'nhead_factor': 16}
model summary
HazardTransformer(
  (input_embedding): Linear(in_features=4, out_features=64, bias=True)
  (time_encoder): Sequential(
    (0): Linear(in_features=1, out_features=32, bias=True)
    (1): ReLU()
    (2): Linear(in_features=32, out_features=64, bias=True)
  )
  (pos_encoder): PositionalEncoding()
  (transformer_encoder): TransformerEncoder(
    (layers): ModuleList(
      (0-37): 38 x TransformerEncoderLayer(
        (self_attn): MultiheadAttention(
          (out_proj): NonDynamicallyQuantizableLinear(in_features=64, out_features=64, bias=True)
        )
        (linear1): Linear(in_features=64, out_features=2048, bias=True)
        (dropout): Dropout(p=0.14358991546386526, inplace=False)
        (linear2): Linear(in_features=2048, out_features=64, bias=True)
        (norm1): LayerNorm((64,), eps=1e-05, elementwise_affine=True)
        (norm2): LayerNorm((64,), eps=1e-05, elementwise_affine=True)
        (dropout1): Dropout(p=0.14358991546386526, inplace=False)
        (dropout2): Dropout(p=0.14358991546386526, inplace=False)
      )
    )
  )
  (hazard_decoders): ModuleList(
    (0): Sequential(
      (0): Linear(in_features=64, out_features=32, bias=True)
      (1): ReLU()
      (2): Linear(in_features=32, out_features=1, bias=True)
    )
  )
)
C-index: 0.5000
Mean time-dependent AUC: 0.50
Integrated Brier Score Test: 0.546
