Using existing train and test subsets for FIVELABMS scenario.
Number of patients: test 3268 and train 2686
Number of records: test 89173 and train 71055
Running Optuna hyperparameter optimization
[I 2025-08-24 16:20:28,986] A new study created in memory with name: no-name-b083a472-181a-4f9b-b714-ef3972a11286
Running trial number 0 for ExperimentScenario.FIVELABMS on device cuda:7
Using existing train and test subsets for FIVELABMS scenario.
Number of patients: test 3268 and train 2686
Number of records: test 89173 and train 71055
Epoch 1/50
Average Loss: 137.82824637049393
Epoch 2/50
Average Loss: 24.43969448007268
Epoch 3/50
Average Loss: 6.336536407470703
Epoch 4/50
Average Loss: 3.1665790278276953
Epoch 5/50
Average Loss: 1.9915342180848978
Epoch 6/50
Average Loss: 1.4114640959732825
Epoch 7/50
Average Loss: 1.0775906758771525
Epoch 8/50
Average Loss: 0.866520712915942
Epoch 9/50
Average Loss: 0.7239009399208234
Epoch 10/50
Average Loss: 0.622547443393323
Epoch 11/50
Average Loss: 0.5479642123841554
Epoch 12/50
Average Loss: 0.491578953729259
Epoch 13/50
Average Loss: 0.4475598223775411
Epoch 14/50
Average Loss: 0.4130022847395149
Epoch 15/50
Average Loss: 0.3851514543346364
Epoch 16/50
Average Loss: 0.362831396164654
Epoch 17/50
Average Loss: 0.34456483537344623
Epoch 18/50
Average Loss: 0.3294427098451758
Epoch 19/50
Average Loss: 0.31708816530035555
Epoch 20/50
Average Loss: 0.30655222305719804
Epoch 21/50
Average Loss: 0.297999244638913
Epoch 22/50
Average Loss: 0.29099604696464193
Epoch 23/50
Average Loss: 0.2850776698520715
Epoch 24/50
Average Loss: 0.27966682762979606
Epoch 25/50
Average Loss: 0.27542615515722646
Epoch 26/50
Average Loss: 0.27179751073499375
Epoch 27/50
Average Loss: 0.26883325827636306
Epoch 28/50
Average Loss: 0.2663487341228149
Epoch 29/50
Average Loss: 0.2640721887993298
Epoch 30/50
Average Loss: 0.26212907721884815
Epoch 31/50
Average Loss: 0.2604699137506725
Epoch 32/50
Average Loss: 0.2588548843594764
Epoch 33/50
Average Loss: 0.25772111514489426
Epoch 34/50
Average Loss: 0.2567387996174449
Epoch 35/50
Average Loss: 0.2556597149843792
Epoch 36/50
Average Loss: 0.2550401356366041
Epoch 37/50
Average Loss: 0.254370432749069
Epoch 38/50
Average Loss: 0.25401628842885543
Epoch 39/50
Average Loss: 0.2534389788512703
Epoch 40/50
Average Loss: 0.25318034470295736
Epoch 41/50
Average Loss: 0.25290433175379423
Epoch 42/50
Average Loss: 0.2526546634144063
Epoch 43/50
Average Loss: 0.25239950595356575
Epoch 44/50
Average Loss: 0.2520888060760155
Epoch 45/50
Average Loss: 0.2519823053329111
Epoch 46/50
Average Loss: 0.2519859692497219
Patience Counter: 1
Epoch 47/50
Average Loss: 0.2519502236152724
Epoch 48/50
Average Loss: 0.2518727543542711
Epoch 49/50
Average Loss: 0.251909197716833
Patience Counter: 1
Epoch 50/50
Average Loss: 0.25170573404581426
No existing model found, saving current model
C-Index on Test Data: 0.587
[I 2025-08-24 17:37:20,755] Trial 0 finished with value: 0.587 and parameters: {'num_time_intervals': 43, 'embedding_size': 111, 'num_embedding_layers': 2, 'hidden_dims': 106, 'num_recurrent_layers': 3, 'learning_rate': 4.112173344912443e-05, 'cross_entropy_loss_weight': 0.6187785606470688}. Best is trial 0 with value: 0.587.
Running trial number 1 for ExperimentScenario.FIVELABMS on device cuda:7
Using existing train and test subsets for FIVELABMS scenario.
Number of patients: test 3268 and train 2686
Number of records: test 89173 and train 71055
Epoch 1/50
Average Loss: 24.329719046036974
Epoch 2/50
Average Loss: 1.758105137794138
Epoch 3/50
Average Loss: 0.861348198472167
Epoch 4/50
Average Loss: 0.5916830575723442
Epoch 5/50
Average Loss: 0.47687026761847434
Epoch 6/50
Average Loss: 0.41565726204312964
Epoch 7/50
Average Loss: 0.37884167801561974
Epoch 8/50
Average Loss: 0.35523822378340386
Epoch 9/50
Average Loss: 0.33924719433990314
Epoch 10/50
Average Loss: 0.32765921741295206
Epoch 11/50
Average Loss: 0.3194759924956363
Epoch 12/50
Average Loss: 0.3131697815742424
Epoch 13/50
Average Loss: 0.30838177685471746
Epoch 14/50
Average Loss: 0.30481004607763224
Epoch 15/50
Average Loss: 0.3017560408698569
Epoch 16/50
Average Loss: 0.2992863294889601
Epoch 17/50
Average Loss: 0.29742434385011524
Epoch 18/50
Average Loss: 0.2956924191374573
Epoch 19/50
Average Loss: 0.2945707728215259
Epoch 20/50
Average Loss: 0.2933675175626501
Epoch 21/50
Average Loss: 0.29265804165344445
Epoch 22/50
Average Loss: 0.29204632320421203
Epoch 23/50
Average Loss: 0.2912189915990658
Epoch 24/50
Average Loss: 0.29072236366194787
Epoch 25/50
Average Loss: 0.290461392818595
Epoch 26/50
Average Loss: 0.28968073406236633
Epoch 27/50
Average Loss: 0.2893467946447057
Epoch 28/50
Average Loss: 0.2890741098806155
Epoch 29/50
Average Loss: 0.28845208695680974
Epoch 30/50
Average Loss: 0.2880472881759671
Epoch 31/50
Average Loss: 0.28786660741559034
Epoch 32/50
Average Loss: 0.28750903363064895
Epoch 33/50
Average Loss: 0.28723825648319806
Epoch 34/50
Average Loss: 0.2866754353368025
Epoch 35/50
Average Loss: 0.28618056118059504
Epoch 36/50
Average Loss: 0.2853817632086843
Epoch 37/50
Average Loss: 0.2849939633830846
Epoch 38/50
Average Loss: 0.28443492654201796
Epoch 39/50
Average Loss: 0.2841017826748409
Epoch 40/50
Average Loss: 0.28404711990905324
Epoch 41/50
Average Loss: 0.2842466284474023
Patience Counter: 1
Epoch 42/50
Average Loss: 0.28444125337137594
Patience Counter: 2
Epoch 43/50
Average Loss: 0.2838478755179069
Epoch 44/50
Average Loss: 0.2837908949247367
Epoch 45/50
Average Loss: 0.2836163931613346
Epoch 46/50
Average Loss: 0.28340269389341205
Epoch 47/50
Average Loss: 0.2832172673276002
Epoch 48/50
Average Loss: 0.28303467321524517
Epoch 49/50
Average Loss: 0.2830671460615645
Patience Counter: 1
Epoch 50/50
Average Loss: 0.2826158613395348
C-Index on Test Data: 0.635
/home/minhn2/uiuc-kidney-failure/pkgs/experiments/rnnsurv.py:161: FutureWarning: You are using `torch.load` with `weights_only=False` (the current default value), which uses the default pickle module implicitly. It is possible to construct malicious pickle data which will execute arbitrary code during unpickling (See https://github.com/pytorch/pytorch/blob/main/SECURITY.md#untrusted-models for more details). In a future release, the default value for `weights_only` will be flipped to `True`. This limits the functions that could be executed during unpickling. Arbitrary objects will no longer be allowed to be loaded via this mode unless they are explicitly allowlisted by the user via `torch.serialization.add_safe_globals`. We recommend you start setting `weights_only=True` for any use case where you don't have full control of the loaded file. Please open an issue on GitHub for any issues related to this experimental feature.
  saved_model = torch.load(model_saved_path, map_location=device)
C-Index on Test Data: 0.587
Current trial C-index: 0.6350, Previously saved model C-index: 0.5870
Current model performs better, saving it...
C-Index on Test Data: 0.635
[I 2025-08-24 18:51:05,185] Trial 1 finished with value: 0.635 and parameters: {'num_time_intervals': 40, 'embedding_size': 103, 'num_embedding_layers': 3, 'hidden_dims': 81, 'num_recurrent_layers': 1, 'learning_rate': 0.00017028905263288046, 'cross_entropy_loss_weight': 0.7514456655164976}. Best is trial 1 with value: 0.635.
Running trial number 2 for ExperimentScenario.FIVELABMS on device cuda:7
Using existing train and test subsets for FIVELABMS scenario.
Number of patients: test 3268 and train 2686
Number of records: test 89173 and train 71055
Epoch 1/50
Average Loss: 12.699552021438269
Epoch 2/50
Average Loss: 10.124273890214
Epoch 3/50
Average Loss: 6.581894613856035
Epoch 4/50
Average Loss: 3.9508356644952896
Epoch 5/50
Average Loss: 2.3994341308264424
Epoch 6/50
Average Loss: 1.7007553230086676
Epoch 7/50
Average Loss: 1.3305408465776511
Epoch 8/50
Average Loss: 1.05340316098371
Epoch 9/50
Average Loss: 0.8304757842485854
Epoch 10/50
Average Loss: 0.663795799445763
Epoch 11/50
Average Loss: 0.5230032786619749
Epoch 12/50
Average Loss: 0.42900670496679894
Epoch 13/50
Average Loss: 0.3585465828077399
Epoch 14/50
Average Loss: 0.30329657614016703
Epoch 15/50
Average Loss: 0.26439229345364534
Epoch 16/50
Average Loss: 0.233880205816931
Epoch 17/50
Average Loss: 0.2135771263739188
Epoch 18/50
Average Loss: 0.19937864825022306
Epoch 19/50
Average Loss: 0.18882043343439375
Epoch 20/50
Average Loss: 0.18011975894085794
Epoch 21/50
Average Loss: 0.17420360290532488
Epoch 22/50
Average Loss: 0.1699544881209195
Epoch 23/50
Average Loss: 0.16665097267078838
Epoch 24/50
Average Loss: 0.1636670874498731
Epoch 25/50
Average Loss: 0.1616638422333937
Epoch 26/50
Average Loss: 0.16000076857723777
Epoch 27/50
Average Loss: 0.15884438481369464
Epoch 28/50
Average Loss: 0.15783022722001555
Epoch 29/50
Average Loss: 0.15686537311981907
Epoch 30/50
Average Loss: 0.1560757671811169
Epoch 31/50
Average Loss: 0.15542214173528787
Epoch 32/50
Average Loss: 0.15490428009907975
Epoch 33/50
Average Loss: 0.15438127737465523
Epoch 34/50
Average Loss: 0.1539958392223008
Epoch 35/50
Average Loss: 0.15357509713700349
Epoch 36/50
Average Loss: 0.15330901415013581
Epoch 37/50
Average Loss: 0.15303086063308682
Epoch 38/50
Average Loss: 0.15278050976155474
Epoch 39/50
Average Loss: 0.15254624525634505
Epoch 40/50
Average Loss: 0.1524150520831132
Epoch 41/50
Average Loss: 0.15235777708480683
Epoch 42/50
Average Loss: 0.15212251854350242
Epoch 43/50
Average Loss: 0.15205847729238675
Epoch 44/50
Average Loss: 0.152028105107786
Epoch 45/50
Average Loss: 0.1519348862574255
Epoch 46/50
Average Loss: 0.15188526027172589
Epoch 47/50
Average Loss: 0.15165571294885746
Epoch 48/50
Average Loss: 0.15166330672532535
Patience Counter: 1
Epoch 49/50
Average Loss: 0.15141251669834843
Epoch 50/50
Average Loss: 0.1513262685897539
C-Index on Test Data: 0.572
/home/minhn2/uiuc-kidney-failure/pkgs/experiments/rnnsurv.py:161: FutureWarning: You are using `torch.load` with `weights_only=False` (the current default value), which uses the default pickle module implicitly. It is possible to construct malicious pickle data which will execute arbitrary code during unpickling (See https://github.com/pytorch/pytorch/blob/main/SECURITY.md#untrusted-models for more details). In a future release, the default value for `weights_only` will be flipped to `True`. This limits the functions that could be executed during unpickling. Arbitrary objects will no longer be allowed to be loaded via this mode unless they are explicitly allowlisted by the user via `torch.serialization.add_safe_globals`. We recommend you start setting `weights_only=True` for any use case where you don't have full control of the loaded file. Please open an issue on GitHub for any issues related to this experimental feature.
  saved_model = torch.load(model_saved_path, map_location=device)
C-Index on Test Data: 0.635
Current trial C-index: 0.5720, Previously saved model C-index: 0.6350
C-Index on Test Data: 0.572
[I 2025-08-24 19:43:30,626] Trial 2 finished with value: 0.572 and parameters: {'num_time_intervals': 11, 'embedding_size': 77, 'num_embedding_layers': 1, 'hidden_dims': 68, 'num_recurrent_layers': 2, 'learning_rate': 2.243194283730396e-05, 'cross_entropy_loss_weight': 0.4203320885653282}. Best is trial 1 with value: 0.635.
Running trial number 3 for ExperimentScenario.FIVELABMS on device cuda:7
Using existing train and test subsets for FIVELABMS scenario.
Number of patients: test 3268 and train 2686
Number of records: test 89173 and train 71055
Epoch 1/50
Average Loss: 2.4864880320408362
Epoch 2/50
Average Loss: 0.29382651385000286
Epoch 3/50
Average Loss: 0.27542008352365427
Epoch 4/50
Average Loss: 0.27022957249725466
Epoch 5/50
Average Loss: 0.26817620561706074
Epoch 6/50
Average Loss: 0.26740123224344187
Epoch 7/50
Average Loss: 0.2666934048957962
Epoch 8/50
Average Loss: 0.26648211913357533
Epoch 9/50
Average Loss: 0.2659898720842471
Epoch 10/50
Average Loss: 0.26605966440636475
Patience Counter: 1
Epoch 11/50
Average Loss: 0.2658732458413076
Epoch 12/50
Average Loss: 0.2659077107263126
Patience Counter: 1
Epoch 13/50
Average Loss: 0.26572736336601727
Epoch 14/50
Average Loss: 0.26569917776601776
Epoch 15/50
Average Loss: 0.2655639115104572
Epoch 16/50
Average Loss: 0.2652078303608963
Epoch 17/50
Average Loss: 0.2642369626237334
Epoch 18/50
Average Loss: 0.26271217155585186
Epoch 19/50
Average Loss: 0.2610341626212751
Epoch 20/50
Average Loss: 0.25985188943019016
Epoch 21/50
Average Loss: 0.2590606685915439
Epoch 22/50
Average Loss: 0.25831682342205114
Epoch 23/50
Average Loss: 0.2580605425851808
Epoch 24/50
Average Loss: 0.2576014180299189
Epoch 25/50
Average Loss: 0.2576314458529726
Patience Counter: 1
Epoch 26/50
Average Loss: 0.25719383267833174
Epoch 27/50
Average Loss: 0.257084667736249
Epoch 28/50
Average Loss: 0.25701514470705883
Epoch 29/50
Average Loss: 0.256868239947789
Epoch 30/50
Average Loss: 0.25689755487356253
Patience Counter: 1
Epoch 31/50
Average Loss: 0.25675046551141806
Epoch 32/50
Average Loss: 0.25667381195498884
Epoch 33/50
Average Loss: 0.25644041324476546
Epoch 34/50
Average Loss: 0.2566471622466183
Patience Counter: 1
Epoch 35/50
Average Loss: 0.2565510735558949
Patience Counter: 2
Epoch 36/50
Average Loss: 0.2564520956479388
Patience Counter: 3
Epoch 37/50
Average Loss: 0.2563947484218817
Epoch 38/50
Average Loss: 0.2563291931216665
Epoch 39/50
Average Loss: 0.2562111229669276
Epoch 40/50
Average Loss: 0.2563913429169346
Patience Counter: 1
Epoch 41/50
Average Loss: 0.2561458148223033
Epoch 42/50
Average Loss: 0.25620769929114007
Patience Counter: 1
Epoch 43/50
Average Loss: 0.2561591430533704
Patience Counter: 2
Epoch 44/50
Average Loss: 0.2562856890743585
Patience Counter: 3
Epoch 45/50
Average Loss: 0.2559443785668277
Epoch 46/50
Average Loss: 0.2561288749892935
Patience Counter: 1
Epoch 47/50
Average Loss: 0.25613823479456865
Patience Counter: 2
Epoch 48/50
Average Loss: 0.25605351445700625
Patience Counter: 3
Epoch 49/50
Average Loss: 0.25611096438315273
Patience Counter: 4
Epoch 50/50
Average Loss: 0.2559867175898964
Patience Counter: 5
Early stopping triggered
C-Index on Test Data: 0.656
/home/minhn2/uiuc-kidney-failure/pkgs/experiments/rnnsurv.py:161: FutureWarning: You are using `torch.load` with `weights_only=False` (the current default value), which uses the default pickle module implicitly. It is possible to construct malicious pickle data which will execute arbitrary code during unpickling (See https://github.com/pytorch/pytorch/blob/main/SECURITY.md#untrusted-models for more details). In a future release, the default value for `weights_only` will be flipped to `True`. This limits the functions that could be executed during unpickling. Arbitrary objects will no longer be allowed to be loaded via this mode unless they are explicitly allowlisted by the user via `torch.serialization.add_safe_globals`. We recommend you start setting `weights_only=True` for any use case where you don't have full control of the loaded file. Please open an issue on GitHub for any issues related to this experimental feature.
  saved_model = torch.load(model_saved_path, map_location=device)
C-Index on Test Data: 0.635
Current trial C-index: 0.6560, Previously saved model C-index: 0.6350
Current model performs better, saving it...
C-Index on Test Data: 0.656
[I 2025-08-24 20:39:51,580] Trial 3 finished with value: 0.656 and parameters: {'num_time_intervals': 16, 'embedding_size': 75, 'num_embedding_layers': 3, 'hidden_dims': 85, 'num_recurrent_layers': 2, 'learning_rate': 0.00031801286544580986, 'cross_entropy_loss_weight': 0.7606279850870898}. Best is trial 3 with value: 0.656.
Running trial number 4 for ExperimentScenario.FIVELABMS on device cuda:7
Using existing train and test subsets for FIVELABMS scenario.
Number of patients: test 3268 and train 2686
Number of records: test 89173 and train 71055
Epoch 1/50
Average Loss: 97.60473064167036
Epoch 2/50
Average Loss: 0.6947395404894575
Epoch 3/50
Average Loss: 0.30082919925665685
Epoch 4/50
Average Loss: 0.20586544827377196
Epoch 5/50
Average Loss: 0.16043820301834627
Epoch 6/50
Average Loss: 0.13359045746515122
Epoch 7/50
Average Loss: 0.11544626460765763
Epoch 8/50
Average Loss: 0.10312504152492653
Epoch 9/50
Average Loss: 0.09448297292315702
Epoch 10/50
Average Loss: 0.08812232024753265
Epoch 11/50
Average Loss: 0.08315143050800125
Epoch 12/50
Average Loss: 0.0792727957901766
Epoch 13/50
Average Loss: 0.07625079762002976
Epoch 14/50
Average Loss: 0.07377676679183254
Epoch 15/50
Average Loss: 0.0717622981601053
Epoch 16/50
Average Loss: 0.07011544804939691
Epoch 17/50
Average Loss: 0.06876934109349474
Epoch 18/50
Average Loss: 0.0676413790436743
Epoch 19/50
Average Loss: 0.06666074782985149
Epoch 20/50
Average Loss: 0.06582617940608974
Epoch 21/50
Average Loss: 0.06520051841469977
Epoch 22/50
Average Loss: 0.06459695269628395
Epoch 23/50
Average Loss: 0.06412468073393801
Epoch 24/50
Average Loss: 0.06370058259089216
Epoch 25/50
Average Loss: 0.06333873351272061
Epoch 26/50
Average Loss: 0.06304627673017035
Epoch 27/50
Average Loss: 0.0627919542033681
Epoch 28/50
Average Loss: 0.06252470017551519
Epoch 29/50
Average Loss: 0.06235184627685615
Epoch 30/50
Average Loss: 0.062185811260782126
Epoch 31/50
Average Loss: 0.062116431782571535
Epoch 32/50
Average Loss: 0.06197899472129216
Epoch 33/50
Average Loss: 0.06188484070246383
Epoch 34/50
Average Loss: 0.06183620601249256
Epoch 35/50
Average Loss: 0.06175912081820073
Epoch 36/50
Average Loss: 0.06169766838923633
Epoch 37/50
Average Loss: 0.061659125222576605
Epoch 38/50
Average Loss: 0.06162996921795521
Epoch 39/50
Average Loss: 0.061551655207177716
Epoch 40/50
Average Loss: 0.06159010545598517
Patience Counter: 1
Epoch 41/50
Average Loss: 0.0615669996578166
Patience Counter: 2
Epoch 42/50
Average Loss: 0.06155581516381219
Patience Counter: 3
Epoch 43/50
Average Loss: 0.061524672205928416
Epoch 44/50
Average Loss: 0.061558806357516656
Patience Counter: 1
Epoch 45/50
Average Loss: 0.06153530741391851
Patience Counter: 2
Epoch 46/50
Average Loss: 0.06149916267759508
Epoch 47/50
Average Loss: 0.061499649967006645
Patience Counter: 1
Epoch 48/50
Average Loss: 0.061561971755443715
Patience Counter: 2
Epoch 49/50
Average Loss: 0.06149294452487136
Epoch 50/50
Average Loss: 0.06150521798957166
Patience Counter: 1
C-Index on Test Data: 0.541
/home/minhn2/uiuc-kidney-failure/pkgs/experiments/rnnsurv.py:161: FutureWarning: You are using `torch.load` with `weights_only=False` (the current default value), which uses the default pickle module implicitly. It is possible to construct malicious pickle data which will execute arbitrary code during unpickling (See https://github.com/pytorch/pytorch/blob/main/SECURITY.md#untrusted-models for more details). In a future release, the default value for `weights_only` will be flipped to `True`. This limits the functions that could be executed during unpickling. Arbitrary objects will no longer be allowed to be loaded via this mode unless they are explicitly allowlisted by the user via `torch.serialization.add_safe_globals`. We recommend you start setting `weights_only=True` for any use case where you don't have full control of the loaded file. Please open an issue on GitHub for any issues related to this experimental feature.
  saved_model = torch.load(model_saved_path, map_location=device)
C-Index on Test Data: 0.656
Current trial C-index: 0.5410, Previously saved model C-index: 0.6560
C-Index on Test Data: 0.541
[I 2025-08-24 21:57:31,759] Trial 4 finished with value: 0.541 and parameters: {'num_time_intervals': 45, 'embedding_size': 50, 'num_embedding_layers': 3, 'hidden_dims': 212, 'num_recurrent_layers': 2, 'learning_rate': 0.00013379640118715993, 'cross_entropy_loss_weight': 0.12329245901640783}. Best is trial 3 with value: 0.656.
Running trial number 5 for ExperimentScenario.FIVELABMS on device cuda:7
Using existing train and test subsets for FIVELABMS scenario.
Number of patients: test 3268 and train 2686
Number of records: test 89173 and train 71055
Epoch 1/50
Average Loss: 6.528856218852799
Epoch 2/50
Average Loss: 0.09927369705099853
Epoch 3/50
Average Loss: 0.09325422275570228
Epoch 4/50
Average Loss: 0.09101648057857864
Epoch 5/50
Average Loss: 0.08986178565797188
Epoch 6/50
Average Loss: 0.08925977082614847
Epoch 7/50
Average Loss: 0.08899702389034436
Epoch 8/50
Average Loss: 0.08872317073853325
Epoch 9/50
Average Loss: 0.08862033190219093
Epoch 10/50
Average Loss: 0.08859099691613115
Epoch 11/50
Average Loss: 0.08848252172896759
Epoch 12/50
Average Loss: 0.08847087746311863
Epoch 13/50
Average Loss: 0.08839184257516758
Epoch 14/50
Average Loss: 0.08853844519731381
Patience Counter: 1
Epoch 15/50
Average Loss: 0.08838748428032553
Epoch 16/50
Average Loss: 0.08841596195380465
Patience Counter: 1
Epoch 17/50
Average Loss: 0.08836219282887822
Epoch 18/50
Average Loss: 0.08846440892532575
Patience Counter: 1
Epoch 19/50
Average Loss: 0.08845410597838944
Patience Counter: 2
Epoch 20/50
Average Loss: 0.08833331055939198
Epoch 21/50
Average Loss: 0.0883607530711795
Patience Counter: 1
Epoch 22/50
Average Loss: 0.0883836791374915
Patience Counter: 2
Epoch 23/50
Average Loss: 0.08844614779348854
Patience Counter: 3
Epoch 24/50
Average Loss: 0.08844921274258079
Patience Counter: 4
Epoch 25/50
Average Loss: 0.08834219447893205
Patience Counter: 5
Early stopping triggered
C-Index on Test Data: 0.557
/home/minhn2/uiuc-kidney-failure/pkgs/experiments/rnnsurv.py:161: FutureWarning: You are using `torch.load` with `weights_only=False` (the current default value), which uses the default pickle module implicitly. It is possible to construct malicious pickle data which will execute arbitrary code during unpickling (See https://github.com/pytorch/pytorch/blob/main/SECURITY.md#untrusted-models for more details). In a future release, the default value for `weights_only` will be flipped to `True`. This limits the functions that could be executed during unpickling. Arbitrary objects will no longer be allowed to be loaded via this mode unless they are explicitly allowlisted by the user via `torch.serialization.add_safe_globals`. We recommend you start setting `weights_only=True` for any use case where you don't have full control of the loaded file. Please open an issue on GitHub for any issues related to this experimental feature.
  saved_model = torch.load(model_saved_path, map_location=device)
C-Index on Test Data: 0.656
Current trial C-index: 0.5570, Previously saved model C-index: 0.6560
C-Index on Test Data: 0.557
[I 2025-08-24 22:28:36,421] Trial 5 finished with value: 0.557 and parameters: {'num_time_intervals': 25, 'embedding_size': 76, 'num_embedding_layers': 1, 'hidden_dims': 176, 'num_recurrent_layers': 3, 'learning_rate': 0.0008717325573667517, 'cross_entropy_loss_weight': 0.20191863570564017}. Best is trial 3 with value: 0.656.
Running trial number 6 for ExperimentScenario.FIVELABMS on device cuda:7
Using existing train and test subsets for FIVELABMS scenario.
Number of patients: test 3268 and train 2686
Number of records: test 89173 and train 71055
Epoch 1/50
Average Loss: 50.46134900703704
Epoch 2/50
Average Loss: 16.891140773141984
Epoch 3/50
Average Loss: 2.8619191715185592
Epoch 4/50
Average Loss: 1.2598606860466142
Epoch 5/50
Average Loss: 0.7718624069536333
Epoch 6/50
Average Loss: 0.5512634381759081
Epoch 7/50
Average Loss: 0.4308094570962645
Epoch 8/50
Average Loss: 0.35711253643464697
Epoch 9/50
Average Loss: 0.30846570448266514
Epoch 10/50
Average Loss: 0.27457183695954385
Epoch 11/50
Average Loss: 0.24990988056436717
Epoch 12/50
Average Loss: 0.23147802365769585
Epoch 13/50
Average Loss: 0.21718163852640193
Epoch 14/50
Average Loss: 0.20585497495510596
Epoch 15/50
Average Loss: 0.1967476865263294
Epoch 16/50
Average Loss: 0.18937966211451043
Epoch 17/50
Average Loss: 0.1832528009796314
Epoch 18/50
Average Loss: 0.1782665091345636
Epoch 19/50
Average Loss: 0.1741226351143216
Epoch 20/50
Average Loss: 0.1706402243362914
Epoch 21/50
Average Loss: 0.16779185893188278
Epoch 22/50
Average Loss: 0.16548629547301813
Epoch 23/50
Average Loss: 0.16345803766585082
Epoch 24/50
Average Loss: 0.1618792492387106
Epoch 25/50
Average Loss: 0.16056977686800544
Epoch 26/50
Average Loss: 0.15931019291496104
Epoch 27/50
Average Loss: 0.15829814731967534
Epoch 28/50
Average Loss: 0.15719991557889704
Epoch 29/50
Average Loss: 0.1566205091988869
Epoch 30/50
Average Loss: 0.15597062180046556
Epoch 31/50
Average Loss: 0.15541164309000796
Epoch 32/50
Average Loss: 0.1548982230182603
Epoch 33/50
Average Loss: 0.15463788113255295
Epoch 34/50
Average Loss: 0.15425698435027824
Epoch 35/50
Average Loss: 0.15407155153991506
Epoch 36/50
Average Loss: 0.15373861165248232
Epoch 37/50
Average Loss: 0.1535155370885091
Epoch 38/50
Average Loss: 0.15336889580642576
Epoch 39/50
Average Loss: 0.15330740335069115
Epoch 40/50
Average Loss: 0.1532420877822869
Epoch 41/50
Average Loss: 0.15316444415625907
Epoch 42/50
Average Loss: 0.15302952671115347
Epoch 43/50
Average Loss: 0.15288068820461095
Epoch 44/50
Average Loss: 0.15290330176194794
Patience Counter: 1
Epoch 45/50
Average Loss: 0.15280904754889096
Epoch 46/50
Average Loss: 0.15284203609331048
Patience Counter: 1
Epoch 47/50
Average Loss: 0.1527503017041323
Epoch 48/50
Average Loss: 0.1527945924309089
Patience Counter: 1
Epoch 49/50
Average Loss: 0.1527407442172654
Epoch 50/50
Average Loss: 0.15269850998473683
C-Index on Test Data: 0.567
/home/minhn2/uiuc-kidney-failure/pkgs/experiments/rnnsurv.py:161: FutureWarning: You are using `torch.load` with `weights_only=False` (the current default value), which uses the default pickle module implicitly. It is possible to construct malicious pickle data which will execute arbitrary code during unpickling (See https://github.com/pytorch/pytorch/blob/main/SECURITY.md#untrusted-models for more details). In a future release, the default value for `weights_only` will be flipped to `True`. This limits the functions that could be executed during unpickling. Arbitrary objects will no longer be allowed to be loaded via this mode unless they are explicitly allowlisted by the user via `torch.serialization.add_safe_globals`. We recommend you start setting `weights_only=True` for any use case where you don't have full control of the loaded file. Please open an issue on GitHub for any issues related to this experimental feature.
  saved_model = torch.load(model_saved_path, map_location=device)
C-Index on Test Data: 0.656
Current trial C-index: 0.5670, Previously saved model C-index: 0.6560
C-Index on Test Data: 0.567
[I 2025-08-24 23:25:37,245] Trial 6 finished with value: 0.567 and parameters: {'num_time_intervals': 20, 'embedding_size': 104, 'num_embedding_layers': 2, 'hidden_dims': 249, 'num_recurrent_layers': 3, 'learning_rate': 1.1875062153378282e-05, 'cross_entropy_loss_weight': 0.38630572973421307}. Best is trial 3 with value: 0.656.
Running trial number 7 for ExperimentScenario.FIVELABMS on device cuda:7
Using existing train and test subsets for FIVELABMS scenario.
Number of patients: test 3268 and train 2686
Number of records: test 89173 and train 71055
Epoch 1/50
Average Loss: 2.634314107809135
Epoch 2/50
Average Loss: 0.2414452083837643
Epoch 3/50
Average Loss: 0.23736194708793285
Epoch 4/50
Average Loss: 0.2361064938654145
Epoch 5/50
Average Loss: 0.23583903780086435
Epoch 6/50
Average Loss: 0.23555411634256515
Epoch 7/50
Average Loss: 0.23528626914933432
Epoch 8/50
Average Loss: 0.23517373295353472
Epoch 9/50
Average Loss: 0.23510151469021393
Epoch 10/50
Average Loss: 0.2350653091566168
Epoch 11/50
Average Loss: 0.2348666988688407
Epoch 12/50
Average Loss: 0.234781753513024
Epoch 13/50
Average Loss: 0.23460268095242892
Epoch 14/50
Average Loss: 0.23383033656173471
Epoch 15/50
Average Loss: 0.23283951064879946
Epoch 16/50
Average Loss: 0.2314646477214724
Epoch 17/50
Average Loss: 0.2301037753228661
Epoch 18/50
Average Loss: 0.22928836979239964
Epoch 19/50
Average Loss: 0.22882675647521192
Epoch 20/50
Average Loss: 0.228464095766167
Epoch 21/50
Average Loss: 0.2281914979433842
Epoch 22/50
Average Loss: 0.2281791512593091
Epoch 23/50
Average Loss: 0.22818443136249514
Patience Counter: 1
Epoch 24/50
Average Loss: 0.22792491627682884
Epoch 25/50
Average Loss: 0.22803651964921745
Patience Counter: 1
Epoch 26/50
Average Loss: 0.22802281224255938
Patience Counter: 2
Epoch 27/50
Average Loss: 0.2278585948532434
Epoch 28/50
Average Loss: 0.22804341819003332
Patience Counter: 1
Epoch 29/50
Average Loss: 0.22792932621652273
Patience Counter: 2
Epoch 30/50
Average Loss: 0.22776353235939423
Epoch 31/50
Average Loss: 0.2278515297195894
Patience Counter: 1
Epoch 32/50
Average Loss: 0.2276172931674573
Epoch 33/50
Average Loss: 0.22796656743442412
Patience Counter: 1
Epoch 34/50
Average Loss: 0.227656276320382
Patience Counter: 2
Epoch 35/50
Average Loss: 0.22738527243943524
Epoch 36/50
Average Loss: 0.2277237004834971
Patience Counter: 1
Epoch 37/50
Average Loss: 0.22766551439710658
Patience Counter: 2
Epoch 38/50
Average Loss: 0.22756138792355285
Patience Counter: 3
Epoch 39/50
