REP 4
Using existing train and test subsets for FIVELABMS scenario.
Number of patients: test 3268 and train 2686
Number of records: test 89173 and train 71055
Running Optuna hyperparameter optimization
[I 2025-08-24 15:53:20,711] A new study created in memory with name: no-name-c636b1d5-6481-4004-bf8b-c2f8ebf2e879
Running trial number 0 for ExperimentScenario.FIVELABMS on device cuda:7
Using existing train and test subsets for FIVELABMS scenario.
Number of patients: test 3268 and train 2686
Number of records: test 89173 and train 71055
Epoch 1/50
Average Loss: 190.29661691789147
EpochAverage Loss: 69.96641862306663
Epoch 3/50
Average Loss: 11.996307841307825
Epoch 4/50
Average Loss: 4.49047455427458
Epoch 5/50
Average Loss: 2.4984420212052707
Epoch 6/50
Average Loss: 1.661982327485256
Epoch 7/50
Average Loss: 1.2263436791279334
Epoch 8/50
Average Loss: 0.9654381011458609
Epoch 9/50
