Running Survival SVM experiments...
Project root: /home/minhn2/uiuc-kidney-failure
Log file: /home/minhn2/uiuc-kidney-failure/pkgs/scripts/survival_svm_rep1.log
Start time: Tue Aug  5 17:04:14 CDT 2025

Traceback (most recent call last):
  File "<frozen runpy>", line 198, in _run_module_as_main
  File "<frozen runpy>", line 88, in _run_code
  File "/home/minhn2/uiuc-kidney-failure/pkgs/experiments/survival_svm.py", line 241, in <module>
    run_all()
  File "/home/minhn2/uiuc-kidney-failure/pkgs/experiments/survival_svm.py", line 229, in run_all
    run_ti_survival_svm_model()
  File "/home/minhn2/uiuc-kidney-failure/pkgs/experiments/survival_svm.py", line 182, in run_ti_survival_svm_model
    model.fit(X_train, y_train)
  File "/home/minhn2/miniconda3/envs/minhn2/lib/python3.12/site-packages/sksurv/svm/survival_svm.py", line 750, in fit
    event, time = check_array_survival(X, y, allow_time_zero=False)
                  ^^^^^^^^^^^^^^^^^^^^^^^^^^^^^^^^^^^^^^^^^^^^^^^^^
  File "/home/minhn2/miniconda3/envs/minhn2/lib/python3.12/site-packages/sksurv/util.py", line 200, in check_array_survival
    event, time = check_y_survival(y, **kwargs)
                  ^^^^^^^^^^^^^^^^^^^^^^^^^^^^^
  File "/home/minhn2/miniconda3/envs/minhn2/lib/python3.12/site-packages/sksurv/util.py", line 169, in check_y_survival
    raise ValueError(msg)
ValueError: observed time contains values smaller or equal to zero

Running non-time-variant Survival SVM model evaluation...
Train data path /home/minhn2/uiuc-kidney-failure/generated_data/rep1/egfr_ti_train_data.csv
Test data path /home/minhn2/uiuc-kidney-failure/generated_data/rep1/egfr_ti_test_data.csv
Number of patients: test 6841 and train 27361
Number of records: test 6841 and train 27361
Train data path N/A
Test data path N/A
Number of patients: test 6841 and train 27361
Number of records: test 6841 and train 27361
Fitting Survival SVM model with 2 features...
Feature columns: ['Unnamed: 0', 'egfr']

✗ Survival SVM experiments failed with exit code 0
End time: Tue Aug  5 17:04:34 CDT 2025
