Starting all repetitions (rep1 to rep5)...
Project root: /home/minhn2/uiuc-kidney-failure
Experiments to run: cox deepsurv dynamic_deephit gbsa hazard_transformer rnnsurv weibul

Original rep setting: rep2
Starting rep1...
Starting repetition 1...
Log file: /home/minhn2/uiuc-kidney-failure/pkgs/scripts/eval_all_rep1.log
Start time: Tue Aug  5 16:29:00 CDT 2025
=========================================
Updating commons.py for rep1...
Successfully updated commons.py to use rep1
Successfully updated commons.py to use rep1
==================== Running cox for rep1 ====================
Start time: Tue Aug  5 16:29:00 CDT 2025
✓ cox completed successfully
End time: Tue Aug  5 16:29:32 CDT 2025

==================== Running deepsurv for rep1 ====================
Start time: Tue Aug  5 16:29:32 CDT 2025
✓ deepsurv completed successfully
End time: Tue Aug  5 16:29:39 CDT 2025

==================== Running dynamic_deephit for rep1 ====================
Start time: Tue Aug  5 16:29:39 CDT 2025
✗ dynamic_deephit failed with exit code 1
End time: Tue Aug  5 16:30:41 CDT 2025

==================== Running gbsa for rep1 ====================
Start time: Tue Aug  5 16:30:41 CDT 2025
✓ gbsa completed successfully
End time: Tue Aug  5 16:30:47 CDT 2025

==================== Running hazard_transformer for rep1 ====================
Start time: Tue Aug  5 16:30:47 CDT 2025
