rep5 analyze: four_features, eight_features; output=/home/minhn2/uiuc-kidney-failure/generated_data/rep_5
================================================================================
FEATURE IMPORTANCE ANALYSIS - FOUR_FEATURES SCENARIO
================================================================================

Training samples: 9474
Test samples: 2051
Features: ['Unnamed: 0', 'subject_id', 'duration_in_days', 'start', 'stop', 'age', 'gender', 'egfr', 'uacr', 'has_esrd']

FEATURE OVERVIEW:
----------------------------------------
  age: mean=63.697, std=15.151
  gender: mean=0.564, std=0.496
  egfr: mean=61.861, std=33.998
  uacr: mean=455.699, std=1075.365

ANALYZING ALL MODELS FOR FOUR_FEATURES
------------------------------------------------------------

Analyzing COX model...
Loading model from /home/minhn2/uiuc-kidney-failure/generated_data/rep_5/four_features_cox_model.dill
  COX Feature Importance:
    age: 0.0006 (coeff=-0.0006, HR=0.999)
    gender: 0.0014 (coeff=0.0014, HR=1.001)
    egfr: 0.0016 (coeff=-0.0016, HR=0.998)
    uacr: 0.0000 (coeff=0.0000, HR=1.000)

Analyzing DDH model...
  DDH Feature Importance:
    age: 0.2743
    gender: 0.2298
    egfr: 0.3049
    uacr: 0.1910

Analyzing HAZARD_TRANSFORMER model...
  HAZARD_TRANSFORMER Feature Importance:
    age: 0.1867
    gender: 0.2010
    egfr: 0.4592
    uacr: 0.1531

Analyzing LOGISTIC_HAZARD model...
  LOGISTIC_HAZARD Feature Importance:
    age: 0.2187
    gender: 0.3115
    egfr: 0.2076
    uacr: 0.2622

Analyzing RNN_SURV model...
  RNN_SURV Feature Importance:
    age: 0.2335
    gender: 0.1764
    egfr: 0.4355
    uacr: 0.1546

Analyzing DEEPSURV model...
Train data path /home/minhn2/uiuc-kidney-failure/generated_data/rep_5/four_features_train_data.csv
Test data path /home/minhn2/uiuc-kidney-failure/generated_data/rep_5/four_features_test_data.csv
Number of patients: test 270 and train 1079
Number of records: test 2051 and train 9474
get_last_observation_data(ExperimentScenario.FOUR_FEATURES): train 9474 rows/1079 subjects -> 1079 rows; test 2051 rows/270 subjects -> 270 rows
  DEEPSURV Feature Importance:
    age: 0.2519
    gender: 0.3046
    egfr: 0.2387
    uacr: 0.2047

Analyzing GBSA model...
Train data path /home/minhn2/uiuc-kidney-failure/generated_data/rep_5/four_features_train_data.csv
Test data path /home/minhn2/uiuc-kidney-failure/generated_data/rep_5/four_features_test_data.csv
Number of patients: test 270 and train 1079
Number of records: test 2051 and train 9474
get_last_observation_data(ExperimentScenario.FOUR_FEATURES): train 9474 rows/1079 subjects -> 1079 rows; test 2051 rows/270 subjects -> 270 rows
Loading model from /home/minhn2/uiuc-kidney-failure/generated_data/rep_5/four_features_gbsa_model.dill
  GBSA Feature Importance:
    age: 0.2081
    gender: 0.0305
    egfr: 0.3693
    uacr: 0.3921

Analyzing SRF model...
Train data path /home/minhn2/uiuc-kidney-failure/generated_data/rep_5/four_features_train_data.csv
Test data path /home/minhn2/uiuc-kidney-failure/generated_data/rep_5/four_features_test_data.csv
Number of patients: test 270 and train 1079
Number of records: test 2051 and train 9474
get_last_observation_data(ExperimentScenario.FOUR_FEATURES): train 9474 rows/1079 subjects -> 1079 rows; test 2051 rows/270 subjects -> 270 rows
Loading model from /home/minhn2/uiuc-kidney-failure/generated_data/rep_5/four_features_srf_model.dill
[Parallel(n_jobs=2)]: Using backend ThreadingBackend with 2 concurrent workers.
[Parallel(n_jobs=2)]: Done  37 tasks      | elapsed:    0.0s
[Parallel(n_jobs=2)]: Done  50 out of  50 | elapsed:    0.0s finished
[Parallel(n_jobs=2)]: Using backend ThreadingBackend with 2 concurrent workers.
[Parallel(n_jobs=2)]: Done  37 tasks      | elapsed:    0.0s
[Parallel(n_jobs=2)]: Done  50 out of  50 | elapsed:    0.0s finished
[Parallel(n_jobs=2)]: Using backend ThreadingBackend with 2 concurrent workers.
[Parallel(n_jobs=2)]: Done  37 tasks      | elapsed:    0.0s
[Parallel(n_jobs=2)]: Done  50 out of  50 | elapsed:    0.0s finished
[Parallel(n_jobs=2)]: Using backend ThreadingBackend with 2 concurrent workers.
[Parallel(n_jobs=2)]: Done  37 tasks      | elapsed:    0.0s
[Parallel(n_jobs=2)]: Done  50 out of  50 | elapsed:    0.0s finished
[Parallel(n_jobs=2)]: Using backend ThreadingBackend with 2 concurrent workers.
[Parallel(n_jobs=2)]: Done  37 tasks      | elapsed:    0.0s
[Parallel(n_jobs=2)]: Done  50 out of  50 | elapsed:    0.0s finished
  SRF Feature Importance:
    age: 0.0000
    gender: 0.0027
    egfr: 0.0411
    uacr: 0.0000

Analyzing SURVIVAL_SVM model...
Train data path /home/minhn2/uiuc-kidney-failure/generated_data/rep_5/four_features_train_data.csv
Test data path /home/minhn2/uiuc-kidney-failure/generated_data/rep_5/four_features_test_data.csv
Number of patients: test 270 and train 1079
Number of records: test 2051 and train 9474
get_last_observation_data(ExperimentScenario.FOUR_FEATURES): train 9474 rows/1079 subjects -> 1079 rows; test 2051 rows/270 subjects -> 270 rows
Loading model from /home/minhn2/uiuc-kidney-failure/generated_data/rep_5/four_features_survival_svm_model.dill
  SURVIVAL_SVM Feature Importance:
    age: 0.0025
    gender: 0.0172
    egfr: 0.0019
    uacr: 0.0000

Analyzing WEIBUL model...
Train data path /home/minhn2/uiuc-kidney-failure/generated_data/rep_5/four_features_train_data.csv
Test data path /home/minhn2/uiuc-kidney-failure/generated_data/rep_5/four_features_test_data.csv
Number of patients: test 270 and train 1079
Number of records: test 2051 and train 9474
get_last_observation_data(ExperimentScenario.FOUR_FEATURES): train 9474 rows/1079 subjects -> 1079 rows; test 2051 rows/270 subjects -> 270 rows
Loading model from /home/minhn2/uiuc-kidney-failure/generated_data/rep_5/four_features_weibul_model.dill
  WEIBUL Feature Importance:
    age: 0.0031
    gender: 0.0125
    egfr: 0.0039
    uacr: 0.0000
Consolidated feature importance plot saved to: /home/minhn2/uiuc-kidney-failure/generated_data/rep_5/four_features_all_models_feature_importance.png
Scenario report saved to: /home/minhn2/uiuc-kidney-failure/generated_data/rep_5/four_features_shap_analysis_report.txt
================================================================================
FEATURE IMPORTANCE ANALYSIS - EIGHT_FEATURES SCENARIO
================================================================================

Training samples: 1752
Test samples: 305
Features: ['Unnamed: 0', 'subject_id', 'duration_in_days', 'start', 'stop', 'age', 'gender', 'egfr', 'uacr', 'calcium', 'phosphate', 'bicarbonate', 'serum_albumin', 'has_esrd']

FEATURE OVERVIEW:
----------------------------------------
  age: mean=61.948, std=15.262
  gender: mean=0.498, std=0.500
  egfr: mean=56.075, std=36.282
  uacr: mean=487.196, std=1296.869
  calcium: mean=8.590, std=0.976
  phosphate: mean=3.736, std=1.436
  bicarbonate: mean=23.288, std=4.819
  serum_albumin: mean=3.310, std=0.724

ANALYZING ALL MODELS FOR EIGHT_FEATURES
------------------------------------------------------------

Analyzing COX model...
Loading model from /home/minhn2/uiuc-kidney-failure/generated_data/rep_5/eight_features_cox_model.dill
  COX Feature Importance:
    age: 0.0014 (coeff=-0.0014, HR=0.999)
    gender: 0.0315 (coeff=0.0315, HR=1.032)
    egfr: 0.0014 (coeff=-0.0014, HR=0.999)
    uacr: 0.0000 (coeff=-0.0000, HR=1.000)
    calcium: 0.0413 (coeff=-0.0413, HR=0.959)
    phosphate: 0.0278 (coeff=0.0278, HR=1.028)
    bicarbonate: 0.0186 (coeff=-0.0186, HR=0.982)
    serum_albumin: 0.0254 (coeff=-0.0254, HR=0.975)

Analyzing DDH model...
  DDH Feature Importance:
    age: 0.1122
    gender: 0.1030
    egfr: 0.1082
    uacr: 0.1223
    calcium: 0.1792
    phosphate: 0.1773
    bicarbonate: 0.1162
    serum_albumin: 0.0815

Analyzing HAZARD_TRANSFORMER model...
  HAZARD_TRANSFORMER Feature Importance:
    age: 0.0877
    gender: 0.0645
    egfr: 0.0419
    uacr: 0.1748
    calcium: 0.1783
    phosphate: 0.1452
    bicarbonate: 0.0357
    serum_albumin: 0.2718

Analyzing LOGISTIC_HAZARD model...
  LOGISTIC_HAZARD Feature Importance:
    age: 0.1122
    gender: 0.1273
    egfr: 0.1236
    uacr: 0.1204
    calcium: 0.1370
    phosphate: 0.1478
    bicarbonate: 0.1180
    serum_albumin: 0.1138

Analyzing RNN_SURV model...
  RNN_SURV Feature Importance:
    age: 0.1392
    gender: 0.1128
    egfr: 0.1312
    uacr: 0.1463
    calcium: 0.1212
    phosphate: 0.1120
    bicarbonate: 0.1136
    serum_albumin: 0.1240

Analyzing DEEPSURV model...
Train data path /home/minhn2/uiuc-kidney-failure/generated_data/rep_5/eight_features_train_data.csv
Test data path /home/minhn2/uiuc-kidney-failure/generated_data/rep_5/eight_features_test_data.csv
Number of patients: test 107 and train 425
Number of records: test 305 and train 1752
get_last_observation_data(ExperimentScenario.EIGHT_FEATURES): train 1752 rows/425 subjects -> 425 rows; test 305 rows/107 subjects -> 107 rows
  DEEPSURV Feature Importance:
    age: 0.1456
    gender: 0.1286
    egfr: 0.1173
    uacr: 0.1250
    calcium: 0.1581
    phosphate: 0.0967
    bicarbonate: 0.1139
    serum_albumin: 0.1148

Analyzing GBSA model...
Train data path /home/minhn2/uiuc-kidney-failure/generated_data/rep_5/eight_features_train_data.csv
Test data path /home/minhn2/uiuc-kidney-failure/generated_data/rep_5/eight_features_test_data.csv
Number of patients: test 107 and train 425
Number of records: test 305 and train 1752
get_last_observation_data(ExperimentScenario.EIGHT_FEATURES): train 1752 rows/425 subjects -> 425 rows; test 305 rows/107 subjects -> 107 rows
Loading model from /home/minhn2/uiuc-kidney-failure/generated_data/rep_5/eight_features_gbsa_model.dill
  GBSA Feature Importance:
    age: 0.0784
    gender: 0.0076
    egfr: 0.1511
    uacr: 0.1529
    calcium: 0.1630
    phosphate: 0.1223
    bicarbonate: 0.1750
    serum_albumin: 0.1496

Analyzing SRF model...
Train data path /home/minhn2/uiuc-kidney-failure/generated_data/rep_5/eight_features_train_data.csv
Test data path /home/minhn2/uiuc-kidney-failure/generated_data/rep_5/eight_features_test_data.csv
Number of patients: test 107 and train 425
Number of records: test 305 and train 1752
get_last_observation_data(ExperimentScenario.EIGHT_FEATURES): train 1752 rows/425 subjects -> 425 rows; test 305 rows/107 subjects -> 107 rows
Loading model from /home/minhn2/uiuc-kidney-failure/generated_data/rep_5/eight_features_srf_model.dill
[Parallel(n_jobs=2)]: Using backend ThreadingBackend with 2 concurrent workers.
[Parallel(n_jobs=2)]: Done  37 tasks      | elapsed:    0.0s
[Parallel(n_jobs=2)]: Done  50 out of  50 | elapsed:    0.0s finished
[Parallel(n_jobs=2)]: Using backend ThreadingBackend with 2 concurrent workers.
[Parallel(n_jobs=2)]: Done  37 tasks      | elapsed:    0.1s
[Parallel(n_jobs=2)]: Done  50 out of  50 | elapsed:    0.1s finished
[Parallel(n_jobs=2)]: Using backend ThreadingBackend with 2 concurrent workers.
[Parallel(n_jobs=2)]: Done  37 tasks      | elapsed:    0.0s
[Parallel(n_jobs=2)]: Done  50 out of  50 | elapsed:    0.1s finished
[Parallel(n_jobs=2)]: Using backend ThreadingBackend with 2 concurrent workers.
[Parallel(n_jobs=2)]: Done  37 tasks      | elapsed:    0.0s
[Parallel(n_jobs=2)]: Done  50 out of  50 | elapsed:    0.0s finished
[Parallel(n_jobs=2)]: Using backend ThreadingBackend with 2 concurrent workers.
[Parallel(n_jobs=2)]: Done  37 tasks      | elapsed:    0.0s
[Parallel(n_jobs=2)]: Done  50 out of  50 | elapsed:    0.0s finished
[Parallel(n_jobs=2)]: Using backend ThreadingBackend with 2 concurrent workers.
[Parallel(n_jobs=2)]: Done  37 tasks      | elapsed:    0.0s
[Parallel(n_jobs=2)]: Done  50 out of  50 | elapsed:    0.0s finished
[Parallel(n_jobs=2)]: Using backend ThreadingBackend with 2 concurrent workers.
[Parallel(n_jobs=2)]: Done  37 tasks      | elapsed:    0.0s
[Parallel(n_jobs=2)]: Done  50 out of  50 | elapsed:    0.0s finished
[Parallel(n_jobs=2)]: Using backend ThreadingBackend with 2 concurrent workers.
[Parallel(n_jobs=2)]: Done  37 tasks      | elapsed:    0.0s
[Parallel(n_jobs=2)]: Done  50 out of  50 | elapsed:    0.0s finished
[Parallel(n_jobs=2)]: Using backend ThreadingBackend with 2 concurrent workers.
[Parallel(n_jobs=2)]: Done  37 tasks      | elapsed:    0.0s
[Parallel(n_jobs=2)]: Done  50 out of  50 | elapsed:    0.1s finished
  SRF Feature Importance:
    age: 0.0000
    gender: 0.0061
    egfr: 0.0000
    uacr: 0.0184
    calcium: 0.0000
    phosphate: 0.0000
    bicarbonate: 0.0213
    serum_albumin: 0.0125

Analyzing SURVIVAL_SVM model...
Train data path /home/minhn2/uiuc-kidney-failure/generated_data/rep_5/eight_features_train_data.csv
Test data path /home/minhn2/uiuc-kidney-failure/generated_data/rep_5/eight_features_test_data.csv
Number of patients: test 107 and train 425
Number of records: test 305 and train 1752
get_last_observation_data(ExperimentScenario.EIGHT_FEATURES): train 1752 rows/425 subjects -> 425 rows; test 305 rows/107 subjects -> 107 rows
Loading model from /home/minhn2/uiuc-kidney-failure/generated_data/rep_5/eight_features_survival_svm_model.dill
  SURVIVAL_SVM Feature Importance:
    age: 0.0009
    gender: 0.0201
    egfr: 0.0002
    uacr: 0.0000
    calcium: 0.1092
    phosphate: 0.0243
    bicarbonate: 0.0252
    serum_albumin: 0.1791

Analyzing WEIBUL model...
Train data path /home/minhn2/uiuc-kidney-failure/generated_data/rep_5/eight_features_train_data.csv
Test data path /home/minhn2/uiuc-kidney-failure/generated_data/rep_5/eight_features_test_data.csv
Number of patients: test 107 and train 425
Number of records: test 305 and train 1752
get_last_observation_data(ExperimentScenario.EIGHT_FEATURES): train 1752 rows/425 subjects -> 425 rows; test 305 rows/107 subjects -> 107 rows
Loading model from /home/minhn2/uiuc-kidney-failure/generated_data/rep_5/eight_features_weibul_model.dill
  WEIBUL Feature Importance:
    age: 0.0023
    gender: 0.0811
    egfr: 0.0028
    uacr: 0.0000
    calcium: 0.1464
    phosphate: 0.0845
    bicarbonate: 0.0339
    serum_albumin: 0.0704
Consolidated feature importance plot saved to: /home/minhn2/uiuc-kidney-failure/generated_data/rep_5/eight_features_all_models_feature_importance.png
Scenario report saved to: /home/minhn2/uiuc-kidney-failure/generated_data/rep_5/eight_features_shap_analysis_report.txt
COMPLETE
