rep5 analyze: four_features, eight_features; output=/home/minhn2/uiuc-kidney-failure/generated_data/rep_5
Train data path /home/minhn2/uiuc-kidney-failure/generated_data/rep_5/four_features_train_data.csv
Test data path /home/minhn2/uiuc-kidney-failure/generated_data/rep_5/four_features_test_data.csv
Number of patients: test 270 and train 1079
Number of records: test 2051 and train 9474
================================================================================
SUBGROUP PERFORMANCE ANALYSIS - FOUR_FEATURES
================================================================================
Subgroup PERFORMANCE, not a fairness evaluation — see this module's docstring.

train: 9474 lab-event rows -> 1079 patients, 812 events (patient-level event rate 0.7525)
test: 2051 lab-event rows -> 270 patients, 203 events (patient-level event rate 0.7519)
IPCW censoring reference: the full training cohort (1079 patients), not a per-group one; evaluation capped at 4333.0 days (training follow-up 4333.0 days).

Patient metadata join:
  270 held-out patients; 0 with no patients.csv row
  Age variable — anchor_age from patients.csv — the patient's age in their MIMIC anchor year, NOT their age at the prediction landmark; the exported scenario CSVs carry no absolute timestamp, so landmark age is not derivable here
  Time from each patient's first lab record to their prediction landmark: median 0.025 y, p90 4.086 y, max 10.02 y — the landmark can sit this far from the anchor year the age is measured at.
  Race — most frequently recorded race across the patient's admissions, ties broken by earliest admission; patients with no recorded value are kept as UNKNOWN/NOT RECORDED
    269/270 patients have a recorded race; 1 retained as unknown; 22 have more than one recorded value across admissions; 4 admission rows carry declined/unobtainable/unknown.
Loading model from /home/minhn2/uiuc-kidney-failure/generated_data/rep_5/four_features_cox_model.dill
Train data path /home/minhn2/uiuc-kidney-failure/generated_data/rep_5/four_features_train_data.csv
Test data path /home/minhn2/uiuc-kidney-failure/generated_data/rep_5/four_features_test_data.csv
Number of patients: test 270 and train 1079
Number of records: test 2051 and train 9474
get_last_observation_data(ExperimentScenario.FOUR_FEATURES): train 9474 rows/1079 subjects -> 1079 rows; test 2051 rows/270 subjects -> 270 rows
Loading model from /home/minhn2/uiuc-kidney-failure/generated_data/rep_5/four_features_cox_model.dill
Train data path /home/minhn2/uiuc-kidney-failure/generated_data/rep_5/four_features_train_data.csv
Test data path /home/minhn2/uiuc-kidney-failure/generated_data/rep_5/four_features_test_data.csv
Number of patients: test 270 and train 1079
Number of records: test 2051 and train 9474
get_last_observation_data(ExperimentScenario.FOUR_FEATURES): train 9474 rows/1079 subjects -> 1079 rows; test 2051 rows/270 subjects -> 270 rows
Train data path /home/minhn2/uiuc-kidney-failure/generated_data/rep_5/four_features_train_data.csv
Test data path /home/minhn2/uiuc-kidney-failure/generated_data/rep_5/four_features_test_data.csv
Number of patients: test 270 and train 1079
Number of records: test 2051 and train 9474
Train data path /home/minhn2/uiuc-kidney-failure/generated_data/rep_5/four_features_train_data.csv
Test data path /home/minhn2/uiuc-kidney-failure/generated_data/rep_5/four_features_test_data.csv
Number of patients: test 270 and train 1079
Number of records: test 2051 and train 9474
Train data path /home/minhn2/uiuc-kidney-failure/generated_data/rep_5/four_features_train_data.csv
Test data path /home/minhn2/uiuc-kidney-failure/generated_data/rep_5/four_features_test_data.csv
Number of patients: test 270 and train 1079
Number of records: test 2051 and train 9474
Train data path /home/minhn2/uiuc-kidney-failure/generated_data/rep_5/four_features_train_data.csv
Test data path /home/minhn2/uiuc-kidney-failure/generated_data/rep_5/four_features_test_data.csv
Number of patients: test 270 and train 1079
Number of records: test 2051 and train 9474
Train data path /home/minhn2/uiuc-kidney-failure/generated_data/rep_5/four_features_train_data.csv
Test data path /home/minhn2/uiuc-kidney-failure/generated_data/rep_5/four_features_test_data.csv
Number of patients: test 270 and train 1079
Number of records: test 2051 and train 9474
Train data path /home/minhn2/uiuc-kidney-failure/generated_data/rep_5/four_features_train_data.csv
Test data path /home/minhn2/uiuc-kidney-failure/generated_data/rep_5/four_features_test_data.csv
Number of patients: test 270 and train 1079
Number of records: test 2051 and train 9474
Train data path /home/minhn2/uiuc-kidney-failure/generated_data/rep_5/four_features_train_data.csv
Test data path /home/minhn2/uiuc-kidney-failure/generated_data/rep_5/four_features_test_data.csv
Number of patients: test 270 and train 1079
Number of records: test 2051 and train 9474
get_last_observation_data(ExperimentScenario.FOUR_FEATURES): train 9474 rows/1079 subjects -> 1079 rows; test 2051 rows/270 subjects -> 270 rows
Train data path /home/minhn2/uiuc-kidney-failure/generated_data/rep_5/four_features_train_data.csv
Test data path /home/minhn2/uiuc-kidney-failure/generated_data/rep_5/four_features_test_data.csv
Number of patients: test 270 and train 1079
Number of records: test 2051 and train 9474
get_last_observation_data(ExperimentScenario.FOUR_FEATURES): train 9474 rows/1079 subjects -> 1079 rows; test 2051 rows/270 subjects -> 270 rows
Train data path /home/minhn2/uiuc-kidney-failure/generated_data/rep_5/four_features_train_data.csv
Test data path /home/minhn2/uiuc-kidney-failure/generated_data/rep_5/four_features_test_data.csv
Number of patients: test 270 and train 1079
Number of records: test 2051 and train 9474
get_last_observation_data(ExperimentScenario.FOUR_FEATURES): train 9474 rows/1079 subjects -> 1079 rows; test 2051 rows/270 subjects -> 270 rows
Train data path /home/minhn2/uiuc-kidney-failure/generated_data/rep_5/four_features_train_data.csv
Test data path /home/minhn2/uiuc-kidney-failure/generated_data/rep_5/four_features_test_data.csv
Number of patients: test 270 and train 1079
Number of records: test 2051 and train 9474
get_last_observation_data(ExperimentScenario.FOUR_FEATURES): train 9474 rows/1079 subjects -> 1079 rows; test 2051 rows/270 subjects -> 270 rows
Loading model from /home/minhn2/uiuc-kidney-failure/generated_data/rep_5/four_features_gbsa_model.dill
Train data path /home/minhn2/uiuc-kidney-failure/generated_data/rep_5/four_features_train_data.csv
Test data path /home/minhn2/uiuc-kidney-failure/generated_data/rep_5/four_features_test_data.csv
Number of patients: test 270 and train 1079
Number of records: test 2051 and train 9474
get_last_observation_data(ExperimentScenario.FOUR_FEATURES): train 9474 rows/1079 subjects -> 1079 rows; test 2051 rows/270 subjects -> 270 rows
Loading model from /home/minhn2/uiuc-kidney-failure/generated_data/rep_5/four_features_gbsa_model.dill
Train data path /home/minhn2/uiuc-kidney-failure/generated_data/rep_5/four_features_train_data.csv
Test data path /home/minhn2/uiuc-kidney-failure/generated_data/rep_5/four_features_test_data.csv
Number of patients: test 270 and train 1079
Number of records: test 2051 and train 9474
get_last_observation_data(ExperimentScenario.FOUR_FEATURES): train 9474 rows/1079 subjects -> 1079 rows; test 2051 rows/270 subjects -> 270 rows
Loading model from /home/minhn2/uiuc-kidney-failure/generated_data/rep_5/four_features_srf_model.dill
Train data path /home/minhn2/uiuc-kidney-failure/generated_data/rep_5/four_features_train_data.csv
Test data path /home/minhn2/uiuc-kidney-failure/generated_data/rep_5/four_features_test_data.csv
Number of patients: test 270 and train 1079
Number of records: test 2051 and train 9474
get_last_observation_data(ExperimentScenario.FOUR_FEATURES): train 9474 rows/1079 subjects -> 1079 rows; test 2051 rows/270 subjects -> 270 rows
[Parallel(n_jobs=2)]: Using backend ThreadingBackend with 2 concurrent workers.
[Parallel(n_jobs=2)]: Done  37 tasks      | elapsed:    0.1s
[Parallel(n_jobs=2)]: Done  50 out of  50 | elapsed:    0.1s finished
[Parallel(n_jobs=2)]: Using backend ThreadingBackend with 2 concurrent workers.
[Parallel(n_jobs=2)]: Done  37 tasks      | elapsed:    0.1s
[Parallel(n_jobs=2)]: Done  50 out of  50 | elapsed:    0.1s finished
Loading model from /home/minhn2/uiuc-kidney-failure/generated_data/rep_5/four_features_srf_model.dill
Train data path /home/minhn2/uiuc-kidney-failure/generated_data/rep_5/four_features_train_data.csv
Test data path /home/minhn2/uiuc-kidney-failure/generated_data/rep_5/four_features_test_data.csv
Number of patients: test 270 and train 1079
Number of records: test 2051 and train 9474
get_last_observation_data(ExperimentScenario.FOUR_FEATURES): train 9474 rows/1079 subjects -> 1079 rows; test 2051 rows/270 subjects -> 270 rows
[Parallel(n_jobs=2)]: Using backend ThreadingBackend with 2 concurrent workers.
[Parallel(n_jobs=2)]: Done  37 tasks      | elapsed:    0.1s
[Parallel(n_jobs=2)]: Done  50 out of  50 | elapsed:    0.1s finished
[Parallel(n_jobs=2)]: Using backend ThreadingBackend with 2 concurrent workers.
[Parallel(n_jobs=2)]: Done  37 tasks      | elapsed:    0.1s
[Parallel(n_jobs=2)]: Done  50 out of  50 | elapsed:    0.1s finished
Loading model from /home/minhn2/uiuc-kidney-failure/generated_data/rep_5/four_features_survival_svm_model.dill
Train data path /home/minhn2/uiuc-kidney-failure/generated_data/rep_5/four_features_train_data.csv
Test data path /home/minhn2/uiuc-kidney-failure/generated_data/rep_5/four_features_test_data.csv
Number of patients: test 270 and train 1079
Number of records: test 2051 and train 9474
get_last_observation_data(ExperimentScenario.FOUR_FEATURES): train 9474 rows/1079 subjects -> 1079 rows; test 2051 rows/270 subjects -> 270 rows
Loading model from /home/minhn2/uiuc-kidney-failure/generated_data/rep_5/four_features_survival_svm_model.dill
Train data path /home/minhn2/uiuc-kidney-failure/generated_data/rep_5/four_features_train_data.csv
Test data path /home/minhn2/uiuc-kidney-failure/generated_data/rep_5/four_features_test_data.csv
Number of patients: test 270 and train 1079
Number of records: test 2051 and train 9474
get_last_observation_data(ExperimentScenario.FOUR_FEATURES): train 9474 rows/1079 subjects -> 1079 rows; test 2051 rows/270 subjects -> 270 rows
Loading model from /home/minhn2/uiuc-kidney-failure/generated_data/rep_5/four_features_weibul_model.dill
Train data path /home/minhn2/uiuc-kidney-failure/generated_data/rep_5/four_features_train_data.csv
Test data path /home/minhn2/uiuc-kidney-failure/generated_data/rep_5/four_features_test_data.csv
Number of patients: test 270 and train 1079
Number of records: test 2051 and train 9474
get_last_observation_data(ExperimentScenario.FOUR_FEATURES): train 9474 rows/1079 subjects -> 1079 rows; test 2051 rows/270 subjects -> 270 rows
Loading model from /home/minhn2/uiuc-kidney-failure/generated_data/rep_5/four_features_weibul_model.dill
Train data path /home/minhn2/uiuc-kidney-failure/generated_data/rep_5/four_features_train_data.csv
Test data path /home/minhn2/uiuc-kidney-failure/generated_data/rep_5/four_features_test_data.csv
Number of patients: test 270 and train 1079
Number of records: test 2051 and train 9474
get_last_observation_data(ExperimentScenario.FOUR_FEATURES): train 9474 rows/1079 subjects -> 1079 rows; test 2051 rows/270 subjects -> 270 rows
Train data path /home/minhn2/uiuc-kidney-failure/generated_data/rep_5/four_features_train_data.csv
Test data path /home/minhn2/uiuc-kidney-failure/generated_data/rep_5/four_features_test_data.csv
Number of patients: test 270 and train 1079
Number of records: test 2051 and train 9474
get_last_observation_data(ExperimentScenario.FOUR_FEATURES): train 9474 rows/1079 subjects -> 1079 rows; test 2051 rows/270 subjects -> 270 rows
Train data path /home/minhn2/uiuc-kidney-failure/generated_data/rep_5/four_features_train_data.csv
Test data path /home/minhn2/uiuc-kidney-failure/generated_data/rep_5/four_features_test_data.csv
Number of patients: test 270 and train 1079
Number of records: test 2051 and train 9474
get_last_observation_data(ExperimentScenario.FOUR_FEATURES): train 9474 rows/1079 subjects -> 1079 rows; test 2051 rows/270 subjects -> 270 rows

Group composition (patients / events / event proportion):

--- Age group (anchor_age bins — see patient_metadata: NOT landmark age) ---
  18-45                    n=26    events=21    event_rate=0.8077
  46-65                    n=103   events=82    event_rate=0.7961
  66-85                    n=123   events=89    event_rate=0.7236
  >85                      n=18    events=11    event_rate=0.6111   [metrics not computed: needs >= 20 patients and >= 5 events]

--- Sex as recorded in patients.csv ---
  F                        n=113   events=90    event_rate=0.7965
  M                        n=157   events=113   event_rate=0.7197

--- Race (collapsed from admissions.csv ethnicity; unknown retained) ---
  AMERICAN INDIAN/ALASKA NATIVE n=1     events=0     event_rate=0.0000   [metrics not computed: needs >= 20 patients and >= 5 events]
  ASIAN                    n=8     events=6     event_rate=0.7500   [metrics not computed: needs >= 20 patients and >= 5 events]
  BLACK                    n=67    events=54    event_rate=0.8060
  HISPANIC/LATINO          n=17    events=14    event_rate=0.8235   [metrics not computed: needs >= 20 patients and >= 5 events]
  NATIVE HAWAIIAN OR OTHER PACIFIC ISLANDER n=1     events=0     event_rate=0.0000   [metrics not computed: needs >= 20 patients and >= 5 events]
  OTHER                    n=6     events=4     event_rate=0.6667   [metrics not computed: needs >= 20 patients and >= 5 events]
  UNKNOWN/NOT RECORDED     n=1     events=1     event_rate=1.0000   [metrics not computed: needs >= 20 patients and >= 5 events]
  WHITE                    n=169   events=124   event_rate=0.7337

Per-group performance, 1000 within-group bootstrap resamples, 95% percentile intervals:
  C-index and mean time-dependent AUC: higher is better. Integrated Brier (0-730d): lower is better.

=== Age group (anchor_age bins — see patient_metadata: NOT landmark age) ===

  [18-45] n=26 events=21
    Cox                  c_index=0.4468 [0.2878, 0.608]  brier=0.2905 [0.2117, 0.3673] [native]  auc=0.4049 [0.2022, 0.6134]
    Dynamic DeepHit      c_index=0.8794 [0.771, 0.9663]  brier=0.1651 [0.0853, 0.251] [native]  auc=0.9522 [0.8438, 0.9951]
    Hazard Transformer   c_index=0.5709 [0.3893, 0.7356]  brier=0.3103 [0.2094, 0.4098] [native]  auc=0.5796 [0.3569, 0.7827]
    Logistic Hazard      c_index=0.4929 [0.3294, 0.6473]  brier=0.286 [0.2458, 0.3231] [native]  auc=0.5132 [0.2983, 0.7143]
    RNN-Surv             c_index=0.4397 [0.299, 0.5776]  brier=0.4807 [0.3406, 0.6276] [native]  auc=0.4153 [0.2248, 0.6005]
    DeepSurv             c_index=0.5035 [0.3206, 0.6916]  brier=0.3056 [0.2436, 0.3699] [fitted-conversion]  auc=0.4533 [0.226, 0.6952]
    GBSA                 c_index=0.5532 [0.3745, 0.7293]  brier=0.2863 [0.2081, 0.381] [native]  auc=0.5782 [0.3545, 0.7752]
    Survival RF          c_index=0.461 [0.3156, 0.6136]  brier=0.285 [0.2254, 0.3474] [native]  auc=0.4518 [0.26, 0.6509]
    Survival SVM         c_index=0.4291 [0.2817, 0.5704]  brier=0.2922 [0.2366, 0.3459] [fitted-conversion]  auc=0.4237 [0.216, 0.6321]
    Weibull AFT          c_index=0.4397 [0.2806, 0.6056]  brier=0.29 [0.2094, 0.3682] [native]  auc=0.4194 [0.211, 0.6334]
    KFRE                 c_index=0.4504 [0.2892, 0.6045]  brier=0.5514 [0.3705, 0.754] [fitted-conversion]  auc=0.4254 [0.2173, 0.6231]

  [46-65] n=103 events=82
    Cox                  c_index=0.4785 [0.3963, 0.5489]  brier=0.2384 [0.2042, 0.2765] [native]  auc=0.4857 [0.3713, 0.5842]
    Dynamic DeepHit      c_index=0.8952 [0.8483, 0.9329]  brier=0.1241 [0.0931, 0.1592] [native]  auc=0.9431 [0.892, 0.9743]
    Hazard Transformer   c_index=0.5725 [0.495, 0.6447]  brier=0.2568 [0.2112, 0.306] [native]  auc=0.6427 [0.538, 0.7448]
    Logistic Hazard      c_index=0.5312 [0.4496, 0.6093]  brier=0.2502 [0.2278, 0.2733] [native]  auc=0.542 [0.4352, 0.6506]
    RNN-Surv             c_index=0.5368 [0.4615, 0.6124]  brier=0.4708 [0.4022, 0.5358] [native]  auc=0.5574 [0.454, 0.66]
    DeepSurv             c_index=0.4816 [0.4017, 0.5504]  brier=0.2688 [0.2412, 0.2998] [fitted-conversion]  auc=0.4783 [0.3654, 0.5812]
    GBSA                 c_index=0.5329 [0.4614, 0.6125]  brier=0.254 [0.2251, 0.2837] [native]  auc=0.5345 [0.4288, 0.6461]
    Survival RF          c_index=0.5052 [0.4301, 0.5872]  brier=0.2545 [0.232, 0.2775] [native]  auc=0.5129 [0.4103, 0.6236]
    Survival SVM         c_index=0.5094 [0.4337, 0.5873]  brier=0.2452 [0.2223, 0.2686] [fitted-conversion]  auc=0.526 [0.4217, 0.6321]
    Weibull AFT          c_index=0.5053 [0.4313, 0.5801]  brier=0.2389 [0.2044, 0.2772] [native]  auc=0.5249 [0.4196, 0.6289]
    KFRE                 c_index=0.4647 [0.3827, 0.537]  brier=0.5156 [0.4319, 0.6025] [fitted-conversion]  auc=0.4659 [0.3493, 0.5687]

  [66-85] n=123 events=89
    Cox                  c_index=0.6101 [0.5416, 0.6792]  brier=0.2541 [0.2167, 0.2912] [native]  auc=0.6255 [0.5307, 0.7225]
    Dynamic DeepHit      c_index=0.8505 [0.8075, 0.8866]  brier=0.1353 [0.1063, 0.1675] [native]  auc=0.9487 [0.9049, 0.9721]
    Hazard Transformer   c_index=0.6514 [0.5833, 0.7149]  brier=0.2841 [0.2357, 0.3329] [native]  auc=0.7166 [0.6317, 0.7974]
    Logistic Hazard      c_index=0.602 [0.5354, 0.6735]  brier=0.2421 [0.2159, 0.2672] [native]  auc=0.6129 [0.5224, 0.7164]
    RNN-Surv             c_index=0.5471 [0.4752, 0.6159]  brier=0.3876 [0.3246, 0.4534] [native]  auc=0.5411 [0.4389, 0.6436]
    DeepSurv             c_index=0.5482 [0.4754, 0.6247]  brier=0.2391 [0.2134, 0.2647] [fitted-conversion]  auc=0.5578 [0.4574, 0.6624]
    GBSA                 c_index=0.5815 [0.5092, 0.654]  brier=0.2392 [0.2081, 0.2709] [native]  auc=0.5851 [0.494, 0.6894]
    Survival RF          c_index=0.5899 [0.5173, 0.6623]  brier=0.2348 [0.21, 0.2588] [native]  auc=0.598 [0.4992, 0.6996]
    Survival SVM         c_index=0.6008 [0.5327, 0.6719]  brier=0.2374 [0.2133, 0.2597] [fitted-conversion]  auc=0.6127 [0.5182, 0.7107]
    Weibull AFT          c_index=0.609 [0.5453, 0.6789]  brier=0.2567 [0.2188, 0.2945] [native]  auc=0.623 [0.5271, 0.7182]
    KFRE                 c_index=0.606 [0.5425, 0.6774]  brier=0.3823 [0.3041, 0.461] [fitted-conversion]  auc=0.6181 [0.531, 0.717]

=== Sex as recorded in patients.csv ===

  [F] n=113 events=90
    Cox                  c_index=0.5473 [0.4712, 0.62]  brier=0.2484 [0.2141, 0.2835] [native]  auc=0.546 [0.4445, 0.6467]
    Dynamic DeepHit      c_index=0.8501 [0.7955, 0.8915]  brier=0.1524 [0.1183, 0.1907] [native]  auc=0.9278 [0.8663, 0.9614]
    Hazard Transformer   c_index=0.6411 [0.5768, 0.6959]  brier=0.2677 [0.2223, 0.3148] [native]  auc=0.7264 [0.6317, 0.8039]
    Logistic Hazard      c_index=0.559 [0.4884, 0.6225]  brier=0.2503 [0.2309, 0.2692] [native]  auc=0.5961 [0.5014, 0.6898]
    RNN-Surv             c_index=0.5525 [0.484, 0.6182]  brier=0.46 [0.3954, 0.5214] [native]  auc=0.5823 [0.4864, 0.673]
    DeepSurv             c_index=0.5509 [0.4796, 0.6201]  brier=0.2514 [0.2282, 0.2748] [fitted-conversion]  auc=0.5746 [0.4753, 0.6646]
    GBSA                 c_index=0.5483 [0.4749, 0.6183]  brier=0.2491 [0.2234, 0.2785] [native]  auc=0.558 [0.4507, 0.6552]
    Survival RF          c_index=0.5627 [0.4963, 0.6238]  brier=0.248 [0.2269, 0.2693] [native]  auc=0.5976 [0.4992, 0.6873]
    Survival SVM         c_index=0.5567 [0.478, 0.6378]  brier=0.2502 [0.2297, 0.2708] [fitted-conversion]  auc=0.5679 [0.461, 0.675]
    Weibull AFT          c_index=0.5632 [0.4866, 0.6369]  brier=0.2501 [0.2151, 0.2864] [native]  auc=0.5734 [0.467, 0.6772]
    KFRE                 c_index=0.531 [0.4566, 0.6015]  brier=0.4659 [0.3926, 0.5445] [fitted-conversion]  auc=0.5248 [0.4268, 0.6271]

  [M] n=157 events=113
    Cox                  c_index=0.5299 [0.466, 0.5973]  brier=0.2502 [0.2164, 0.2832] [native]  auc=0.5406 [0.4547, 0.6329]
    Dynamic DeepHit      c_index=0.8803 [0.8422, 0.9166]  brier=0.1226 [0.0947, 0.1532] [native]  auc=0.9592 [0.9262, 0.9775]
    Hazard Transformer   c_index=0.5552 [0.4873, 0.6204]  brier=0.2766 [0.2317, 0.3187] [native]  auc=0.589 [0.5026, 0.6686]
    Logistic Hazard      c_index=0.5722 [0.5107, 0.6341]  brier=0.2439 [0.2196, 0.2661] [native]  auc=0.5785 [0.493, 0.6665]
    RNN-Surv             c_index=0.5184 [0.4573, 0.5803]  brier=0.406 [0.3476, 0.4633] [native]  auc=0.5106 [0.4235, 0.598]
    DeepSurv             c_index=0.4817 [0.4166, 0.5426]  brier=0.2564 [0.2288, 0.2814] [fitted-conversion]  auc=0.4597 [0.3763, 0.5435]
    GBSA                 c_index=0.5618 [0.4986, 0.6246]  brier=0.2487 [0.2199, 0.277] [native]  auc=0.5553 [0.4642, 0.6403]
    Survival RF          c_index=0.5209 [0.4526, 0.5911]  brier=0.2443 [0.2219, 0.2659] [native]  auc=0.4972 [0.402, 0.5875]
    Survival SVM         c_index=0.5586 [0.4946, 0.6219]  brier=0.2394 [0.2162, 0.2611] [fitted-conversion]  auc=0.5712 [0.4828, 0.6607]
    Weibull AFT          c_index=0.5461 [0.4804, 0.6114]  brier=0.2516 [0.2171, 0.2846] [native]  auc=0.5568 [0.4683, 0.6456]
    KFRE                 c_index=0.5291 [0.4622, 0.5967]  brier=0.4374 [0.3609, 0.5107] [fitted-conversion]  auc=0.5426 [0.4575, 0.634]

=== Race (collapsed from admissions.csv ethnicity; unknown retained) ===

  [BLACK] n=67 events=54
    Cox                  c_index=0.4747 [0.3804, 0.5749]  brier=0.2484 [0.2027, 0.3015] [native]  auc=0.4366 [0.3124, 0.5664]
    Dynamic DeepHit      c_index=0.8908 [0.8352, 0.9332]  brier=0.1243 [0.0846, 0.1713] [native]  auc=0.9793 [0.9337, 0.9947]
    Hazard Transformer   c_index=0.5816 [0.4868, 0.6738]  brier=0.2713 [0.2114, 0.3409] [native]  auc=0.6122 [0.4781, 0.7399]
    Logistic Hazard      c_index=0.5253 [0.4221, 0.6172]  brier=0.2569 [0.2301, 0.2887] [native]  auc=0.5029 [0.3628, 0.6403]
    RNN-Surv             c_index=0.5253 [0.4274, 0.6277]  brier=0.4699 [0.379, 0.5615] [native]  auc=0.4982 [0.3635, 0.6364]
    DeepSurv             c_index=0.5068 [0.4207, 0.5977]  brier=0.2729 [0.2353, 0.3111] [fitted-conversion]  auc=0.48 [0.3603, 0.6127]
    GBSA                 c_index=0.5608 [0.4577, 0.6541]  brier=0.2662 [0.2266, 0.3196] [native]  auc=0.5266 [0.3854, 0.6551]
    Survival RF          c_index=0.4544 [0.3605, 0.5463]  brier=0.2673 [0.237, 0.3033] [native]  auc=0.4264 [0.2933, 0.5513]
    Survival SVM         c_index=0.5236 [0.4335, 0.6224]  brier=0.2516 [0.2221, 0.283] [fitted-conversion]  auc=0.5018 [0.3694, 0.6239]
    Weibull AFT          c_index=0.5068 [0.4149, 0.6054]  brier=0.248 [0.2017, 0.3013] [native]  auc=0.4766 [0.3443, 0.6011]
    KFRE                 c_index=0.4679 [0.3711, 0.5709]  brier=0.474 [0.3733, 0.5768] [fitted-conversion]  auc=0.4339 [0.306, 0.5691]

  [WHITE] n=169 events=124
    Cox                  c_index=0.5546 [0.4982, 0.6111]  brier=0.2507 [0.2251, 0.2826] [native]  auc=0.5701 [0.4956, 0.65]
    Dynamic DeepHit      c_index=0.8647 [0.8253, 0.8982]  brier=0.1395 [0.1146, 0.1677] [native]  auc=0.9358 [0.8939, 0.9618]
    Hazard Transformer   c_index=0.5771 [0.5186, 0.6311]  brier=0.2742 [0.2384, 0.3178] [native]  auc=0.6355 [0.558, 0.7134]
    Logistic Hazard      c_index=0.5627 [0.5037, 0.62]  brier=0.2447 [0.2261, 0.2652] [native]  auc=0.5812 [0.5024, 0.6605]
    RNN-Surv             c_index=0.5408 [0.4832, 0.6025]  brier=0.4178 [0.3606, 0.4711] [native]  auc=0.5569 [0.4744, 0.6448]
    DeepSurv             c_index=0.5153 [0.453, 0.5777]  brier=0.2499 [0.2291, 0.2728] [fitted-conversion]  auc=0.523 [0.4397, 0.6061]
    GBSA                 c_index=0.5613 [0.503, 0.6212]  brier=0.243 [0.219, 0.2678] [native]  auc=0.5746 [0.4967, 0.6584]
    Survival RF          c_index=0.5855 [0.5264, 0.6429]  brier=0.2361 [0.219, 0.2543] [native]  auc=0.6054 [0.5255, 0.6867]
    Survival SVM         c_index=0.5638 [0.5062, 0.6255]  brier=0.2413 [0.2238, 0.2599] [fitted-conversion]  auc=0.5753 [0.4953, 0.6567]
    Weibull AFT          c_index=0.5645 [0.5072, 0.623]  brier=0.2527 [0.2264, 0.2859] [native]  auc=0.5783 [0.5005, 0.6605]
    KFRE                 c_index=0.5484 [0.4914, 0.6059]  brier=0.4414 [0.3729, 0.5033] [fitted-conversion]  auc=0.5632 [0.4875, 0.643]
Subgroup report saved to: /home/minhn2/uiuc-kidney-failure/generated_data/rep_5/four_features_subgroup_performance_report.txt
Train data path /home/minhn2/uiuc-kidney-failure/generated_data/rep_5/eight_features_train_data.csv
Test data path /home/minhn2/uiuc-kidney-failure/generated_data/rep_5/eight_features_test_data.csv
Number of patients: test 107 and train 425
Number of records: test 305 and train 1752
================================================================================
SUBGROUP PERFORMANCE ANALYSIS - EIGHT_FEATURES
================================================================================
Subgroup PERFORMANCE, not a fairness evaluation — see this module's docstring.

train: 1752 lab-event rows -> 425 patients, 327 events (patient-level event rate 0.7694)
test: 305 lab-event rows -> 107 patients, 82 events (patient-level event rate 0.7664)
IPCW censoring reference: the full training cohort (425 patients), not a per-group one; evaluation capped at 2891.9 days (training follow-up 2891.9 days).

Patient metadata join:
  107 held-out patients; 0 with no patients.csv row
  Age variable — anchor_age from patients.csv — the patient's age in their MIMIC anchor year, NOT their age at the prediction landmark; the exported scenario CSVs carry no absolute timestamp, so landmark age is not derivable here
  Time from each patient's first lab record to their prediction landmark: median 0.001 y, p90 1.065 y, max 5.799 y — the landmark can sit this far from the anchor year the age is measured at.
  Race — most frequently recorded race across the patient's admissions, ties broken by earliest admission; patients with no recorded value are kept as UNKNOWN/NOT RECORDED
    103/107 patients have a recorded race; 4 retained as unknown; 11 have more than one recorded value across admissions; 12 admission rows carry declined/unobtainable/unknown.
Loading model from /home/minhn2/uiuc-kidney-failure/generated_data/rep_5/eight_features_cox_model.dill
Train data path /home/minhn2/uiuc-kidney-failure/generated_data/rep_5/eight_features_train_data.csv
Test data path /home/minhn2/uiuc-kidney-failure/generated_data/rep_5/eight_features_test_data.csv
Number of patients: test 107 and train 425
Number of records: test 305 and train 1752
get_last_observation_data(ExperimentScenario.EIGHT_FEATURES): train 1752 rows/425 subjects -> 425 rows; test 305 rows/107 subjects -> 107 rows
Loading model from /home/minhn2/uiuc-kidney-failure/generated_data/rep_5/eight_features_cox_model.dill
Train data path /home/minhn2/uiuc-kidney-failure/generated_data/rep_5/eight_features_train_data.csv
Test data path /home/minhn2/uiuc-kidney-failure/generated_data/rep_5/eight_features_test_data.csv
Number of patients: test 107 and train 425
Number of records: test 305 and train 1752
get_last_observation_data(ExperimentScenario.EIGHT_FEATURES): train 1752 rows/425 subjects -> 425 rows; test 305 rows/107 subjects -> 107 rows
Train data path /home/minhn2/uiuc-kidney-failure/generated_data/rep_5/eight_features_train_data.csv
Test data path /home/minhn2/uiuc-kidney-failure/generated_data/rep_5/eight_features_test_data.csv
Number of patients: test 107 and train 425
Number of records: test 305 and train 1752
Train data path /home/minhn2/uiuc-kidney-failure/generated_data/rep_5/eight_features_train_data.csv
Test data path /home/minhn2/uiuc-kidney-failure/generated_data/rep_5/eight_features_test_data.csv
Number of patients: test 107 and train 425
Number of records: test 305 and train 1752
Train data path /home/minhn2/uiuc-kidney-failure/generated_data/rep_5/eight_features_train_data.csv
Test data path /home/minhn2/uiuc-kidney-failure/generated_data/rep_5/eight_features_test_data.csv
Number of patients: test 107 and train 425
Number of records: test 305 and train 1752
Train data path /home/minhn2/uiuc-kidney-failure/generated_data/rep_5/eight_features_train_data.csv
Test data path /home/minhn2/uiuc-kidney-failure/generated_data/rep_5/eight_features_test_data.csv
Number of patients: test 107 and train 425
Number of records: test 305 and train 1752
Train data path /home/minhn2/uiuc-kidney-failure/generated_data/rep_5/eight_features_train_data.csv
Test data path /home/minhn2/uiuc-kidney-failure/generated_data/rep_5/eight_features_test_data.csv
Number of patients: test 107 and train 425
Number of records: test 305 and train 1752
Train data path /home/minhn2/uiuc-kidney-failure/generated_data/rep_5/eight_features_train_data.csv
Test data path /home/minhn2/uiuc-kidney-failure/generated_data/rep_5/eight_features_test_data.csv
Number of patients: test 107 and train 425
Number of records: test 305 and train 1752
Train data path /home/minhn2/uiuc-kidney-failure/generated_data/rep_5/eight_features_train_data.csv
Test data path /home/minhn2/uiuc-kidney-failure/generated_data/rep_5/eight_features_test_data.csv
Number of patients: test 107 and train 425
Number of records: test 305 and train 1752
get_last_observation_data(ExperimentScenario.EIGHT_FEATURES): train 1752 rows/425 subjects -> 425 rows; test 305 rows/107 subjects -> 107 rows
Train data path /home/minhn2/uiuc-kidney-failure/generated_data/rep_5/eight_features_train_data.csv
Test data path /home/minhn2/uiuc-kidney-failure/generated_data/rep_5/eight_features_test_data.csv
Number of patients: test 107 and train 425
Number of records: test 305 and train 1752
get_last_observation_data(ExperimentScenario.EIGHT_FEATURES): train 1752 rows/425 subjects -> 425 rows; test 305 rows/107 subjects -> 107 rows
Train data path /home/minhn2/uiuc-kidney-failure/generated_data/rep_5/eight_features_train_data.csv
Test data path /home/minhn2/uiuc-kidney-failure/generated_data/rep_5/eight_features_test_data.csv
Number of patients: test 107 and train 425
Number of records: test 305 and train 1752
get_last_observation_data(ExperimentScenario.EIGHT_FEATURES): train 1752 rows/425 subjects -> 425 rows; test 305 rows/107 subjects -> 107 rows
Train data path /home/minhn2/uiuc-kidney-failure/generated_data/rep_5/eight_features_train_data.csv
Test data path /home/minhn2/uiuc-kidney-failure/generated_data/rep_5/eight_features_test_data.csv
Number of patients: test 107 and train 425
Number of records: test 305 and train 1752
get_last_observation_data(ExperimentScenario.EIGHT_FEATURES): train 1752 rows/425 subjects -> 425 rows; test 305 rows/107 subjects -> 107 rows
Loading model from /home/minhn2/uiuc-kidney-failure/generated_data/rep_5/eight_features_gbsa_model.dill
Train data path /home/minhn2/uiuc-kidney-failure/generated_data/rep_5/eight_features_train_data.csv
Test data path /home/minhn2/uiuc-kidney-failure/generated_data/rep_5/eight_features_test_data.csv
Number of patients: test 107 and train 425
Number of records: test 305 and train 1752
get_last_observation_data(ExperimentScenario.EIGHT_FEATURES): train 1752 rows/425 subjects -> 425 rows; test 305 rows/107 subjects -> 107 rows
Loading model from /home/minhn2/uiuc-kidney-failure/generated_data/rep_5/eight_features_gbsa_model.dill
Train data path /home/minhn2/uiuc-kidney-failure/generated_data/rep_5/eight_features_train_data.csv
Test data path /home/minhn2/uiuc-kidney-failure/generated_data/rep_5/eight_features_test_data.csv
Number of patients: test 107 and train 425
Number of records: test 305 and train 1752
get_last_observation_data(ExperimentScenario.EIGHT_FEATURES): train 1752 rows/425 subjects -> 425 rows; test 305 rows/107 subjects -> 107 rows
Loading model from /home/minhn2/uiuc-kidney-failure/generated_data/rep_5/eight_features_srf_model.dill
Train data path /home/minhn2/uiuc-kidney-failure/generated_data/rep_5/eight_features_train_data.csv
Test data path /home/minhn2/uiuc-kidney-failure/generated_data/rep_5/eight_features_test_data.csv
Number of patients: test 107 and train 425
Number of records: test 305 and train 1752
get_last_observation_data(ExperimentScenario.EIGHT_FEATURES): train 1752 rows/425 subjects -> 425 rows; test 305 rows/107 subjects -> 107 rows
[Parallel(n_jobs=2)]: Using backend ThreadingBackend with 2 concurrent workers.
[Parallel(n_jobs=2)]: Done  37 tasks      | elapsed:    0.0s
[Parallel(n_jobs=2)]: Done  50 out of  50 | elapsed:    0.0s finished
[Parallel(n_jobs=2)]: Using backend ThreadingBackend with 2 concurrent workers.
[Parallel(n_jobs=2)]: Done  37 tasks      | elapsed:    0.0s
[Parallel(n_jobs=2)]: Done  50 out of  50 | elapsed:    0.0s finished
Loading model from /home/minhn2/uiuc-kidney-failure/generated_data/rep_5/eight_features_srf_model.dill
Train data path /home/minhn2/uiuc-kidney-failure/generated_data/rep_5/eight_features_train_data.csv
Test data path /home/minhn2/uiuc-kidney-failure/generated_data/rep_5/eight_features_test_data.csv
Number of patients: test 107 and train 425
Number of records: test 305 and train 1752
get_last_observation_data(ExperimentScenario.EIGHT_FEATURES): train 1752 rows/425 subjects -> 425 rows; test 305 rows/107 subjects -> 107 rows
[Parallel(n_jobs=2)]: Using backend ThreadingBackend with 2 concurrent workers.
[Parallel(n_jobs=2)]: Done  37 tasks      | elapsed:    0.0s
[Parallel(n_jobs=2)]: Done  50 out of  50 | elapsed:    0.0s finished
[Parallel(n_jobs=2)]: Using backend ThreadingBackend with 2 concurrent workers.
[Parallel(n_jobs=2)]: Done  37 tasks      | elapsed:    0.0s
[Parallel(n_jobs=2)]: Done  50 out of  50 | elapsed:    0.0s finished
Loading model from /home/minhn2/uiuc-kidney-failure/generated_data/rep_5/eight_features_survival_svm_model.dill
Train data path /home/minhn2/uiuc-kidney-failure/generated_data/rep_5/eight_features_train_data.csv
Test data path /home/minhn2/uiuc-kidney-failure/generated_data/rep_5/eight_features_test_data.csv
Number of patients: test 107 and train 425
Number of records: test 305 and train 1752
get_last_observation_data(ExperimentScenario.EIGHT_FEATURES): train 1752 rows/425 subjects -> 425 rows; test 305 rows/107 subjects -> 107 rows
Loading model from /home/minhn2/uiuc-kidney-failure/generated_data/rep_5/eight_features_survival_svm_model.dill
Train data path /home/minhn2/uiuc-kidney-failure/generated_data/rep_5/eight_features_train_data.csv
Test data path /home/minhn2/uiuc-kidney-failure/generated_data/rep_5/eight_features_test_data.csv
Number of patients: test 107 and train 425
Number of records: test 305 and train 1752
get_last_observation_data(ExperimentScenario.EIGHT_FEATURES): train 1752 rows/425 subjects -> 425 rows; test 305 rows/107 subjects -> 107 rows
Loading model from /home/minhn2/uiuc-kidney-failure/generated_data/rep_5/eight_features_weibul_model.dill
Train data path /home/minhn2/uiuc-kidney-failure/generated_data/rep_5/eight_features_train_data.csv
Test data path /home/minhn2/uiuc-kidney-failure/generated_data/rep_5/eight_features_test_data.csv
Number of patients: test 107 and train 425
Number of records: test 305 and train 1752
get_last_observation_data(ExperimentScenario.EIGHT_FEATURES): train 1752 rows/425 subjects -> 425 rows; test 305 rows/107 subjects -> 107 rows
Loading model from /home/minhn2/uiuc-kidney-failure/generated_data/rep_5/eight_features_weibul_model.dill
Train data path /home/minhn2/uiuc-kidney-failure/generated_data/rep_5/eight_features_train_data.csv
Test data path /home/minhn2/uiuc-kidney-failure/generated_data/rep_5/eight_features_test_data.csv
Number of patients: test 107 and train 425
Number of records: test 305 and train 1752
get_last_observation_data(ExperimentScenario.EIGHT_FEATURES): train 1752 rows/425 subjects -> 425 rows; test 305 rows/107 subjects -> 107 rows
Train data path /home/minhn2/uiuc-kidney-failure/generated_data/rep_5/eight_features_train_data.csv
Test data path /home/minhn2/uiuc-kidney-failure/generated_data/rep_5/eight_features_test_data.csv
Number of patients: test 107 and train 425
Number of records: test 305 and train 1752
get_last_observation_data(ExperimentScenario.EIGHT_FEATURES): train 1752 rows/425 subjects -> 425 rows; test 305 rows/107 subjects -> 107 rows
Train data path /home/minhn2/uiuc-kidney-failure/generated_data/rep_5/eight_features_train_data.csv
Test data path /home/minhn2/uiuc-kidney-failure/generated_data/rep_5/eight_features_test_data.csv
Number of patients: test 107 and train 425
Number of records: test 305 and train 1752
get_last_observation_data(ExperimentScenario.EIGHT_FEATURES): train 1752 rows/425 subjects -> 425 rows; test 305 rows/107 subjects -> 107 rows

Group composition (patients / events / event proportion):

--- Age group (anchor_age bins — see patient_metadata: NOT landmark age) ---
  18-45                    n=13    events=11    event_rate=0.8462   [metrics not computed: needs >= 20 patients and >= 5 events]
  46-65                    n=41    events=34    event_rate=0.8293
  66-85                    n=49    events=35    event_rate=0.7143
  >85                      n=4     events=2     event_rate=0.5000   [metrics not computed: needs >= 20 patients and >= 5 events]

--- Sex as recorded in patients.csv ---
  F                        n=41    events=36    event_rate=0.8780
  M                        n=66    events=46    event_rate=0.6970

--- Race (collapsed from admissions.csv ethnicity; unknown retained) ---
  ASIAN                    n=4     events=1     event_rate=0.2500   [metrics not computed: needs >= 20 patients and >= 5 events]
  BLACK                    n=24    events=22    event_rate=0.9167
  HISPANIC/LATINO          n=6     events=6     event_rate=1.0000   [metrics not computed: needs >= 20 patients and >= 5 events]
  NATIVE HAWAIIAN OR OTHER PACIFIC ISLANDER n=1     events=0     event_rate=0.0000   [metrics not computed: needs >= 20 patients and >= 5 events]
  OTHER                    n=2     events=1     event_rate=0.5000   [metrics not computed: needs >= 20 patients and >= 5 events]
  UNKNOWN/NOT RECORDED     n=4     events=4     event_rate=1.0000   [metrics not computed: needs >= 20 patients and >= 5 events]
  WHITE                    n=66    events=48    event_rate=0.7273

Per-group performance, 1000 within-group bootstrap resamples, 95% percentile intervals:
  C-index and mean time-dependent AUC: higher is better. Integrated Brier (0-730d): lower is better.

=== Age group (anchor_age bins — see patient_metadata: NOT landmark age) ===

  [46-65] n=41 events=34
    Cox                  c_index=0.5114 [0.3692, 0.6405]  brier=0.1933 [0.0809, 0.328] [native]  auc=0.5098 [0.3255, 0.6891]
    Dynamic DeepHit      c_index=0.9244 [0.8653, 0.9717]  brier=0.1197 [0.0661, 0.182] [native]  auc=0.9546 [0.8871, 0.9884]
    Hazard Transformer   c_index=0.5633 [0.4208, 0.6817]  brier=0.2684 [0.2172, 0.3244] [native]  auc=0.7464 [0.5843, 0.8807]
    Logistic Hazard      c_index=0.5255 [0.3724, 0.6685]  brier=0.1906 [0.1088, 0.2924] [native]  auc=0.4971 [0.2993, 0.6748]
    RNN-Surv             c_index=0.5185 [0.3628, 0.6717]  brier=0.2993 [0.2508, 0.3446] [native]  auc=0.5601 [0.3552, 0.7413]
    DeepSurv             c_index=0.6362 [0.4941, 0.7754]  brier=0.183 [0.1007, 0.2812] [fitted-conversion]  auc=0.5979 [0.417, 0.7688]
    GBSA                 c_index=0.5158 [0.3788, 0.6481]  brier=0.1824 [0.1005, 0.2831] [native]  auc=0.5527 [0.3628, 0.7295]
    Survival RF          c_index=0.4921 [0.3553, 0.6357]  brier=0.1912 [0.1102, 0.2901] [native]  auc=0.4457 [0.2752, 0.6402]
    Survival SVM         c_index=0.5413 [0.3787, 0.7008]  brier=0.1981 [0.1097, 0.3018] [fitted-conversion]  auc=0.5935 [0.392, 0.7756]
    Weibull AFT          c_index=0.4675 [0.3321, 0.6094]  brier=0.1869 [0.0841, 0.3103] [native]  auc=0.4804 [0.3003, 0.6587]
    KFRE                 c_index=0.5255 [0.3612, 0.6613]  brier=0.5864 [0.4349, 0.7306] [fitted-conversion]  auc=0.5991 [0.3922, 0.7745]

  [66-85] n=49 events=35
    Cox                  c_index=0.5501 [0.4221, 0.6774]  brier=0.1237 [0.0547, 0.2211] [native]  auc=0.5123 [0.2764, 0.7462]
    Dynamic DeepHit      c_index=0.8189 [0.7261, 0.9005]  brier=0.0628 [0.0312, 0.1047] [native]  auc=0.9461 [0.8594, 0.9991]
    Hazard Transformer   c_index=0.4231 [0.3172, 0.527]  brier=0.2406 [0.1958, 0.2919] [native]  auc=0.3751 [0.1955, 0.5663]
    Logistic Hazard      c_index=0.5285 [0.4026, 0.6548]  brier=0.1415 [0.0809, 0.2271] [native]  auc=0.64 [0.4197, 0.8531]
    RNN-Surv             c_index=0.5706 [0.4319, 0.7117]  brier=0.2551 [0.2127, 0.2961] [native]  auc=0.7461 [0.5184, 0.9301]
    DeepSurv             c_index=0.4681 [0.3348, 0.6052]  brier=0.1316 [0.0791, 0.2056] [fitted-conversion]  auc=0.5938 [0.337, 0.8443]
    GBSA                 c_index=0.5325 [0.407, 0.6633]  brier=0.1251 [0.0695, 0.2041] [native]  auc=0.5919 [0.3974, 0.7679]
    Survival RF          c_index=0.5535 [0.436, 0.6768]  brier=0.1206 [0.0714, 0.1895] [native]  auc=0.6436 [0.4517, 0.8278]
    Survival SVM         c_index=0.5171 [0.4009, 0.6301]  brier=0.1486 [0.0948, 0.2151] [fitted-conversion]  auc=0.5114 [0.292, 0.7174]
    Weibull AFT          c_index=0.533 [0.3995, 0.6614]  brier=0.1275 [0.0632, 0.2193] [native]  auc=0.4938 [0.2405, 0.7396]
    KFRE                 c_index=0.5387 [0.4163, 0.6646]  brier=0.4731 [0.33, 0.6099] [fitted-conversion]  auc=0.4534 [0.1733, 0.6905]

=== Sex as recorded in patients.csv ===

  [F] n=41 events=36
    Cox                  c_index=0.486 [0.3419, 0.6207]  brier=0.1589 [0.0725, 0.2827] [native]  auc=0.5048 [0.2658, 0.7225]
    Dynamic DeepHit      c_index=0.8059 [0.7023, 0.8961]  brier=0.1186 [0.0641, 0.1825] [native]  auc=0.9386 [0.8517, 0.9876]
    Hazard Transformer   c_index=0.507 [0.3908, 0.6079]  brier=0.2999 [0.266, 0.3432] [native]  auc=0.4986 [0.2719, 0.7015]
    Logistic Hazard      c_index=0.6187 [0.4923, 0.7291]  brier=0.194 [0.1187, 0.3019] [native]  auc=0.6523 [0.4347, 0.8503]
    RNN-Surv             c_index=0.5377 [0.4107, 0.6619]  brier=0.3416 [0.3034, 0.3796] [native]  auc=0.6313 [0.4436, 0.7993]
    DeepSurv             c_index=0.5992 [0.4726, 0.7238]  brier=0.1671 [0.1066, 0.2548] [fitted-conversion]  auc=0.6388 [0.4062, 0.8607]
    GBSA                 c_index=0.4797 [0.3489, 0.6052]  brier=0.1608 [0.0918, 0.2581] [native]  auc=0.47 [0.2534, 0.6954]
    Survival RF          c_index=0.4832 [0.3405, 0.6063]  brier=0.155 [0.0972, 0.2335] [native]  auc=0.5031 [0.2648, 0.7289]
    Survival SVM         c_index=0.4288 [0.2991, 0.5535]  brier=0.1546 [0.0883, 0.2557] [fitted-conversion]  auc=0.4729 [0.2449, 0.7066]
    Weibull AFT          c_index=0.4581 [0.3159, 0.5925]  brier=0.1624 [0.0809, 0.2769] [native]  auc=0.4621 [0.2149, 0.6987]
    KFRE                 c_index=0.5056 [0.3599, 0.6436]  brier=0.6518 [0.5068, 0.8001] [fitted-conversion]  auc=0.4898 [0.2121, 0.7251]

  [M] n=66 events=46
    Cox                  c_index=0.5073 [0.395, 0.6102]  brier=0.1537 [0.0795, 0.2373] [native]  auc=0.466 [0.3042, 0.6345]
    Dynamic DeepHit      c_index=0.8747 [0.8242, 0.928]  brier=0.0854 [0.0511, 0.1234] [native]  auc=0.9416 [0.8798, 0.9788]
    Hazard Transformer   c_index=0.4717 [0.3684, 0.5691]  brier=0.2166 [0.1747, 0.2604] [native]  auc=0.4858 [0.3539, 0.6318]
    Logistic Hazard      c_index=0.5304 [0.4239, 0.6408]  brier=0.1583 [0.0951, 0.2295] [native]  auc=0.5963 [0.4308, 0.762]
    RNN-Surv             c_index=0.5458 [0.432, 0.6493]  brier=0.2442 [0.2058, 0.2878] [native]  auc=0.668 [0.51, 0.8128]
    DeepSurv             c_index=0.5122 [0.3996, 0.6345]  brier=0.1453 [0.0892, 0.2093] [fitted-conversion]  auc=0.5095 [0.3529, 0.662]
    GBSA                 c_index=0.4923 [0.3801, 0.5994]  brier=0.1472 [0.0905, 0.213] [native]  auc=0.546 [0.3919, 0.702]
    Survival RF          c_index=0.4948 [0.3891, 0.5993]  brier=0.155 [0.0947, 0.2248] [native]  auc=0.4672 [0.3239, 0.626]
    Survival SVM         c_index=0.4857 [0.3898, 0.5905]  brier=0.181 [0.1183, 0.2478] [fitted-conversion]  auc=0.4359 [0.2828, 0.6116]
    Weibull AFT          c_index=0.4885 [0.3792, 0.5914]  brier=0.148 [0.0797, 0.2255] [native]  auc=0.4431 [0.2834, 0.6015]
    KFRE                 c_index=0.5311 [0.4176, 0.636]  brier=0.4753 [0.3628, 0.606] [fitted-conversion]  auc=0.5749 [0.419, 0.7209]

=== Race (collapsed from admissions.csv ethnicity; unknown retained) ===

  [BLACK] n=24 events=22
    Cox                  c_index=0.5168 [0.3432, 0.6726]  brier=0.2891 [0.1466, 0.4708] [native]  auc=0.556 [0.3458, 0.7532]
    Dynamic DeepHit      c_index=0.7941 [0.6892, 0.8819]  brier=0.1766 [0.1007, 0.2654] [native]  auc=0.8828 [0.7141, 0.9737]
    Hazard Transformer   c_index=0.5462 [0.4154, 0.6626]  brier=0.2994 [0.2359, 0.3732] [native]  auc=0.5755 [0.3718, 0.7725]
    Logistic Hazard      c_index=0.563 [0.3773, 0.7412]  brier=0.3025 [0.1821, 0.4461] [native]  auc=0.5564 [0.308, 0.767]
    RNN-Surv             c_index=0.6134 [0.4444, 0.7754]  brier=0.3529 [0.2962, 0.4154] [native]  auc=0.6517 [0.434, 0.8345]
    DeepSurv             c_index=0.5924 [0.4529, 0.7371]  brier=0.2575 [0.1454, 0.395] [fitted-conversion]  auc=0.616 [0.4046, 0.7766]
    GBSA                 c_index=0.5756 [0.4397, 0.7046]  brier=0.2564 [0.1422, 0.4014] [native]  auc=0.6523 [0.4308, 0.7889]
    Survival RF          c_index=0.5588 [0.4175, 0.7024]  brier=0.2514 [0.147, 0.3769] [native]  auc=0.5805 [0.3865, 0.7862]
    Survival SVM         c_index=0.4874 [0.3177, 0.6655]  brier=0.2474 [0.1505, 0.3619] [fitted-conversion]  auc=0.5158 [0.2756, 0.7409]
    Weibull AFT          c_index=0.479 [0.2971, 0.636]  brier=0.2772 [0.1427, 0.4459] [native]  auc=0.5016 [0.2935, 0.7077]
    KFRE                 c_index=0.521 [0.3658, 0.6584]  brier=0.5946 [0.4128, 0.7827] [fitted-conversion]  auc=0.5375 [0.3576, 0.7242]

  [WHITE] n=66 events=48
    Cox                  c_index=0.5565 [0.4486, 0.668]  brier=0.0903 [0.047, 0.1619] [native]  auc=0.5172 [0.3546, 0.6837]
    Dynamic DeepHit      c_index=0.8957 [0.8423, 0.946]  brier=0.0601 [0.0313, 0.0959] [native]  auc=0.9597 [0.9089, 0.991]
    Hazard Transformer   c_index=0.4833 [0.3767, 0.5776]  brier=0.2246 [0.1929, 0.2621] [native]  auc=0.4693 [0.3135, 0.637]
    Logistic Hazard      c_index=0.4448 [0.328, 0.5648]  brier=0.1114 [0.0703, 0.1666] [native]  auc=0.5391 [0.3356, 0.7504]
    RNN-Surv             c_index=0.4756 [0.3602, 0.5802]  brier=0.2582 [0.2186, 0.2955] [native]  auc=0.5587 [0.3581, 0.7489]
    DeepSurv             c_index=0.5037 [0.383, 0.6195]  brier=0.106 [0.0746, 0.1586] [fitted-conversion]  auc=0.4899 [0.2912, 0.6676]
    GBSA                 c_index=0.4468 [0.3296, 0.5645]  brier=0.1071 [0.0702, 0.1704] [native]  auc=0.4336 [0.3008, 0.6054]
    Survival RF          c_index=0.4916 [0.3783, 0.6098]  brier=0.1145 [0.0757, 0.1745] [native]  auc=0.4257 [0.2495, 0.6193]
    Survival SVM         c_index=0.5358 [0.4339, 0.6447]  brier=0.1373 [0.0928, 0.1981] [fitted-conversion]  auc=0.495 [0.2936, 0.7338]
    Weibull AFT          c_index=0.5244 [0.4157, 0.6382]  brier=0.0941 [0.0551, 0.161] [native]  auc=0.4765 [0.2835, 0.6709]
    KFRE                 c_index=0.5679 [0.4496, 0.6848]  brier=0.5365 [0.4132, 0.6532] [fitted-conversion]  auc=0.6328 [0.4266, 0.822]
Subgroup report saved to: /home/minhn2/uiuc-kidney-failure/generated_data/rep_5/eight_features_subgroup_performance_report.txt
COMPLETE
