rep5 analyze: four_features, eight_features; output=/home/minhn2/uiuc-kidney-failure/generated_data/rep_5
Train data path /home/minhn2/uiuc-kidney-failure/generated_data/rep_5/four_features_train_data.csv
Test data path /home/minhn2/uiuc-kidney-failure/generated_data/rep_5/four_features_test_data.csv
Number of patients: test 270 and train 1079
Number of records: test 2051 and train 9474
================================================================================
SUBGROUP PERFORMANCE ANALYSIS - FOUR_FEATURES
================================================================================
Subgroup PERFORMANCE, not a fairness evaluation — see this module's docstring.

train: 9474 lab-event rows -> 1079 patients, 812 events (patient-level event rate 0.7525)
test: 2051 lab-event rows -> 270 patients, 203 events (patient-level event rate 0.7519)
IPCW censoring reference: the full training cohort (1079 patients), not a per-group one; evaluation capped at 4333.0 days (training follow-up 4333.0 days).

Patient metadata join:
  270 held-out patients; 0 with no patients.csv row
  Age variable — anchor_age from patients.csv — the patient's age in their MIMIC anchor year, NOT their age at the prediction landmark; the exported scenario CSVs carry no absolute timestamp, so landmark age is not derivable here
  Time from each patient's first lab record to their prediction landmark: median 0.025 y, p90 4.086 y, max 10.02 y — the landmark can sit this far from the anchor year the age is measured at.
  Race — most frequently recorded race across the patient's admissions, ties broken by earliest admission; patients with no recorded value are kept as UNKNOWN/NOT RECORDED
    269/270 patients have a recorded race; 1 retained as unknown; 22 have more than one recorded value across admissions; 4 admission rows carry declined/unobtainable/unknown.
Loading model from /home/minhn2/uiuc-kidney-failure/generated_data/rep_5/four_features_cox_model.dill
Train data path /home/minhn2/uiuc-kidney-failure/generated_data/rep_5/four_features_train_data.csv
Test data path /home/minhn2/uiuc-kidney-failure/generated_data/rep_5/four_features_test_data.csv
Number of patients: test 270 and train 1079
Number of records: test 2051 and train 9474
get_last_observation_data(ExperimentScenario.FOUR_FEATURES): train 9474 rows/1079 subjects -> 1079 rows; test 2051 rows/270 subjects -> 270 rows
Loading model from /home/minhn2/uiuc-kidney-failure/generated_data/rep_5/four_features_cox_model.dill
Train data path /home/minhn2/uiuc-kidney-failure/generated_data/rep_5/four_features_train_data.csv
Test data path /home/minhn2/uiuc-kidney-failure/generated_data/rep_5/four_features_test_data.csv
Number of patients: test 270 and train 1079
Number of records: test 2051 and train 9474
get_last_observation_data(ExperimentScenario.FOUR_FEATURES): train 9474 rows/1079 subjects -> 1079 rows; test 2051 rows/270 subjects -> 270 rows
Train data path /home/minhn2/uiuc-kidney-failure/generated_data/rep_5/four_features_train_data.csv
Test data path /home/minhn2/uiuc-kidney-failure/generated_data/rep_5/four_features_test_data.csv
Number of patients: test 270 and train 1079
Number of records: test 2051 and train 9474
Train data path /home/minhn2/uiuc-kidney-failure/generated_data/rep_5/four_features_train_data.csv
Test data path /home/minhn2/uiuc-kidney-failure/generated_data/rep_5/four_features_test_data.csv
Number of patients: test 270 and train 1079
Number of records: test 2051 and train 9474
Train data path /home/minhn2/uiuc-kidney-failure/generated_data/rep_5/four_features_train_data.csv
Test data path /home/minhn2/uiuc-kidney-failure/generated_data/rep_5/four_features_test_data.csv
Number of patients: test 270 and train 1079
Number of records: test 2051 and train 9474
Train data path /home/minhn2/uiuc-kidney-failure/generated_data/rep_5/four_features_train_data.csv
Test data path /home/minhn2/uiuc-kidney-failure/generated_data/rep_5/four_features_test_data.csv
Number of patients: test 270 and train 1079
Number of records: test 2051 and train 9474
Train data path /home/minhn2/uiuc-kidney-failure/generated_data/rep_5/four_features_train_data.csv
Test data path /home/minhn2/uiuc-kidney-failure/generated_data/rep_5/four_features_test_data.csv
Number of patients: test 270 and train 1079
Number of records: test 2051 and train 9474
Train data path /home/minhn2/uiuc-kidney-failure/generated_data/rep_5/four_features_train_data.csv
Test data path /home/minhn2/uiuc-kidney-failure/generated_data/rep_5/four_features_test_data.csv
Number of patients: test 270 and train 1079
Number of records: test 2051 and train 9474
Train data path /home/minhn2/uiuc-kidney-failure/generated_data/rep_5/four_features_train_data.csv
Test data path /home/minhn2/uiuc-kidney-failure/generated_data/rep_5/four_features_test_data.csv
Number of patients: test 270 and train 1079
Number of records: test 2051 and train 9474
get_last_observation_data(ExperimentScenario.FOUR_FEATURES): train 9474 rows/1079 subjects -> 1079 rows; test 2051 rows/270 subjects -> 270 rows
Train data path /home/minhn2/uiuc-kidney-failure/generated_data/rep_5/four_features_train_data.csv
Test data path /home/minhn2/uiuc-kidney-failure/generated_data/rep_5/four_features_test_data.csv
Number of patients: test 270 and train 1079
Number of records: test 2051 and train 9474
get_last_observation_data(ExperimentScenario.FOUR_FEATURES): train 9474 rows/1079 subjects -> 1079 rows; test 2051 rows/270 subjects -> 270 rows
Train data path /home/minhn2/uiuc-kidney-failure/generated_data/rep_5/four_features_train_data.csv
Test data path /home/minhn2/uiuc-kidney-failure/generated_data/rep_5/four_features_test_data.csv
Number of patients: test 270 and train 1079
Number of records: test 2051 and train 9474
get_last_observation_data(ExperimentScenario.FOUR_FEATURES): train 9474 rows/1079 subjects -> 1079 rows; test 2051 rows/270 subjects -> 270 rows
Train data path /home/minhn2/uiuc-kidney-failure/generated_data/rep_5/four_features_train_data.csv
Test data path /home/minhn2/uiuc-kidney-failure/generated_data/rep_5/four_features_test_data.csv
Number of patients: test 270 and train 1079
Number of records: test 2051 and train 9474
get_last_observation_data(ExperimentScenario.FOUR_FEATURES): train 9474 rows/1079 subjects -> 1079 rows; test 2051 rows/270 subjects -> 270 rows
Loading model from /home/minhn2/uiuc-kidney-failure/generated_data/rep_5/four_features_gbsa_model.dill
Train data path /home/minhn2/uiuc-kidney-failure/generated_data/rep_5/four_features_train_data.csv
Test data path /home/minhn2/uiuc-kidney-failure/generated_data/rep_5/four_features_test_data.csv
Number of patients: test 270 and train 1079
Number of records: test 2051 and train 9474
get_last_observation_data(ExperimentScenario.FOUR_FEATURES): train 9474 rows/1079 subjects -> 1079 rows; test 2051 rows/270 subjects -> 270 rows
Loading model from /home/minhn2/uiuc-kidney-failure/generated_data/rep_5/four_features_gbsa_model.dill
Train data path /home/minhn2/uiuc-kidney-failure/generated_data/rep_5/four_features_train_data.csv
Test data path /home/minhn2/uiuc-kidney-failure/generated_data/rep_5/four_features_test_data.csv
Number of patients: test 270 and train 1079
Number of records: test 2051 and train 9474
get_last_observation_data(ExperimentScenario.FOUR_FEATURES): train 9474 rows/1079 subjects -> 1079 rows; test 2051 rows/270 subjects -> 270 rows
Loading model from /home/minhn2/uiuc-kidney-failure/generated_data/rep_5/four_features_srf_model.dill
Train data path /home/minhn2/uiuc-kidney-failure/generated_data/rep_5/four_features_train_data.csv
Test data path /home/minhn2/uiuc-kidney-failure/generated_data/rep_5/four_features_test_data.csv
Number of patients: test 270 and train 1079
Number of records: test 2051 and train 9474
get_last_observation_data(ExperimentScenario.FOUR_FEATURES): train 9474 rows/1079 subjects -> 1079 rows; test 2051 rows/270 subjects -> 270 rows
[Parallel(n_jobs=2)]: Using backend ThreadingBackend with 2 concurrent workers.
[Parallel(n_jobs=2)]: Done  37 tasks      | elapsed:    0.0s
[Parallel(n_jobs=2)]: Done 150 out of 150 | elapsed:    0.1s finished
[Parallel(n_jobs=2)]: Using backend ThreadingBackend with 2 concurrent workers.
[Parallel(n_jobs=2)]: Done  37 tasks      | elapsed:    0.0s
[Parallel(n_jobs=2)]: Done 150 out of 150 | elapsed:    0.1s finished
Loading model from /home/minhn2/uiuc-kidney-failure/generated_data/rep_5/four_features_srf_model.dill
Train data path /home/minhn2/uiuc-kidney-failure/generated_data/rep_5/four_features_train_data.csv
Test data path /home/minhn2/uiuc-kidney-failure/generated_data/rep_5/four_features_test_data.csv
Number of patients: test 270 and train 1079
Number of records: test 2051 and train 9474
get_last_observation_data(ExperimentScenario.FOUR_FEATURES): train 9474 rows/1079 subjects -> 1079 rows; test 2051 rows/270 subjects -> 270 rows
[Parallel(n_jobs=2)]: Using backend ThreadingBackend with 2 concurrent workers.
[Parallel(n_jobs=2)]: Done  37 tasks      | elapsed:    0.1s
[Parallel(n_jobs=2)]: Done 150 out of 150 | elapsed:    0.4s finished
[Parallel(n_jobs=2)]: Using backend ThreadingBackend with 2 concurrent workers.
[Parallel(n_jobs=2)]: Done  37 tasks      | elapsed:    0.1s
[Parallel(n_jobs=2)]: Done 150 out of 150 | elapsed:    0.3s finished
Loading model from /home/minhn2/uiuc-kidney-failure/generated_data/rep_5/four_features_survival_svm_model.dill
Train data path /home/minhn2/uiuc-kidney-failure/generated_data/rep_5/four_features_train_data.csv
Test data path /home/minhn2/uiuc-kidney-failure/generated_data/rep_5/four_features_test_data.csv
Number of patients: test 270 and train 1079
Number of records: test 2051 and train 9474
get_last_observation_data(ExperimentScenario.FOUR_FEATURES): train 9474 rows/1079 subjects -> 1079 rows; test 2051 rows/270 subjects -> 270 rows
Loading model from /home/minhn2/uiuc-kidney-failure/generated_data/rep_5/four_features_survival_svm_model.dill
Train data path /home/minhn2/uiuc-kidney-failure/generated_data/rep_5/four_features_train_data.csv
Test data path /home/minhn2/uiuc-kidney-failure/generated_data/rep_5/four_features_test_data.csv
Number of patients: test 270 and train 1079
Number of records: test 2051 and train 9474
get_last_observation_data(ExperimentScenario.FOUR_FEATURES): train 9474 rows/1079 subjects -> 1079 rows; test 2051 rows/270 subjects -> 270 rows
Loading model from /home/minhn2/uiuc-kidney-failure/generated_data/rep_5/four_features_weibul_model.dill
Train data path /home/minhn2/uiuc-kidney-failure/generated_data/rep_5/four_features_train_data.csv
Test data path /home/minhn2/uiuc-kidney-failure/generated_data/rep_5/four_features_test_data.csv
Number of patients: test 270 and train 1079
Number of records: test 2051 and train 9474
get_last_observation_data(ExperimentScenario.FOUR_FEATURES): train 9474 rows/1079 subjects -> 1079 rows; test 2051 rows/270 subjects -> 270 rows
Loading model from /home/minhn2/uiuc-kidney-failure/generated_data/rep_5/four_features_weibul_model.dill
Train data path /home/minhn2/uiuc-kidney-failure/generated_data/rep_5/four_features_train_data.csv
Test data path /home/minhn2/uiuc-kidney-failure/generated_data/rep_5/four_features_test_data.csv
Number of patients: test 270 and train 1079
Number of records: test 2051 and train 9474
get_last_observation_data(ExperimentScenario.FOUR_FEATURES): train 9474 rows/1079 subjects -> 1079 rows; test 2051 rows/270 subjects -> 270 rows
Train data path /home/minhn2/uiuc-kidney-failure/generated_data/rep_5/four_features_train_data.csv
Test data path /home/minhn2/uiuc-kidney-failure/generated_data/rep_5/four_features_test_data.csv
Number of patients: test 270 and train 1079
Number of records: test 2051 and train 9474
get_last_observation_data(ExperimentScenario.FOUR_FEATURES): train 9474 rows/1079 subjects -> 1079 rows; test 2051 rows/270 subjects -> 270 rows
Train data path /home/minhn2/uiuc-kidney-failure/generated_data/rep_5/four_features_train_data.csv
Test data path /home/minhn2/uiuc-kidney-failure/generated_data/rep_5/four_features_test_data.csv
Number of patients: test 270 and train 1079
Number of records: test 2051 and train 9474
get_last_observation_data(ExperimentScenario.FOUR_FEATURES): train 9474 rows/1079 subjects -> 1079 rows; test 2051 rows/270 subjects -> 270 rows

Group composition (patients / events / event proportion):

--- Age group (anchor_age bins — see patient_metadata: NOT landmark age) ---
  27-54                    n=53    events=44    event_rate=0.8302
  54-82                    n=180   events=135   event_rate=0.7500
  82+                      n=37    events=24    event_rate=0.6486

--- Sex as recorded in patients.csv ---
  F                        n=113   events=90    event_rate=0.7965
  M                        n=157   events=113   event_rate=0.7197

--- Race (collapsed from admissions.csv ethnicity; unknown retained) ---
  AMERICAN INDIAN/ALASKA NATIVE n=1     events=0     event_rate=0.0000   [metrics not computed: needs >= 20 patients and >= 5 events]
  ASIAN                    n=8     events=6     event_rate=0.7500   [metrics not computed: needs >= 20 patients and >= 5 events]
  BLACK                    n=67    events=54    event_rate=0.8060
  HISPANIC/LATINO          n=17    events=14    event_rate=0.8235   [metrics not computed: needs >= 20 patients and >= 5 events]
  NATIVE HAWAIIAN OR OTHER PACIFIC ISLANDER n=1     events=0     event_rate=0.0000   [metrics not computed: needs >= 20 patients and >= 5 events]
  OTHER                    n=6     events=4     event_rate=0.6667   [metrics not computed: needs >= 20 patients and >= 5 events]
  UNKNOWN/NOT RECORDED     n=1     events=1     event_rate=1.0000   [metrics not computed: needs >= 20 patients and >= 5 events]
  WHITE                    n=169   events=124   event_rate=0.7337

Per-group performance, 1000 within-group bootstrap resamples, 95% percentile intervals:
  C-index and mean time-dependent AUC: higher is better. Integrated Brier (0-730d): lower is better.

=== Age group (anchor_age bins — see patient_metadata: NOT landmark age) ===

  [27-54] n=53 events=44
    Cox                  c_index=0.4761 [0.3664, 0.5854]  brier=0.2756 [0.2248, 0.3299] [native]  auc=0.462 [0.3026, 0.6142]
    Dynamic DeepHit      c_index=0.8901 [0.8295, 0.9414]  brier=0.1333 [0.09, 0.1842] [native]  auc=0.9664 [0.9217, 0.9892]
    Hazard Transformer   c_index=0.6031 [0.4958, 0.7124]  brier=0.2985 [0.2293, 0.3725] [native]  auc=0.6447 [0.4793, 0.78]
    Logistic Hazard      c_index=0.5119 [0.4058, 0.6185]  brier=0.3002 [0.2573, 0.3458] [native]  auc=0.5026 [0.3457, 0.6471]
    RNN-Surv             c_index=0.4557 [0.3555, 0.5603]  brier=0.4923 [0.3903, 0.5882] [native]  auc=0.4247 [0.2919, 0.5753]
    DeepSurv             c_index=0.5179 [0.4036, 0.6299]  brier=0.2929 [0.2539, 0.3335] [fitted-conversion]  auc=0.496 [0.3423, 0.6449]
    GBSA                 c_index=0.4813 [0.3795, 0.584]  brier=0.2972 [0.2477, 0.347] [native]  auc=0.4884 [0.3329, 0.6378]
    Survival RF          c_index=0.4889 [0.3725, 0.6009]  brier=0.2939 [0.2479, 0.3431] [native]  auc=0.4625 [0.3048, 0.6212]
    Survival SVM         c_index=0.4702 [0.3535, 0.5735]  brier=0.2757 [0.2447, 0.31] [fitted-conversion]  auc=0.4475 [0.2832, 0.5899]
    Weibull AFT          c_index=0.4693 [0.3552, 0.5779]  brier=0.2767 [0.2241, 0.3328] [native]  auc=0.4376 [0.2807, 0.5844]
    KFRE                 c_index=0.4796 [0.3684, 0.5937]  brier=0.5196 [0.4006, 0.6396] [fitted-conversion]  auc=0.4695 [0.32, 0.6235]

  [54-82] n=180 events=135
    Cox                  c_index=0.5509 [0.4896, 0.612]  brier=0.2437 [0.2146, 0.2767] [native]  auc=0.5598 [0.4759, 0.642]
    Dynamic DeepHit      c_index=0.8589 [0.8206, 0.8937]  brier=0.1372 [0.1103, 0.1635] [native]  auc=0.9381 [0.8983, 0.9635]
    Hazard Transformer   c_index=0.5996 [0.5395, 0.6524]  brier=0.2669 [0.2281, 0.3108] [native]  auc=0.6622 [0.581, 0.7287]
    Logistic Hazard      c_index=0.546 [0.4902, 0.6006]  brier=0.2461 [0.2239, 0.268] [native]  auc=0.55 [0.47, 0.6303]
    RNN-Surv             c_index=0.5477 [0.4904, 0.6034]  brier=0.4185 [0.3655, 0.4688] [native]  auc=0.564 [0.4804, 0.6428]
    DeepSurv             c_index=0.5117 [0.4537, 0.5695]  brier=0.2504 [0.2284, 0.2718] [fitted-conversion]  auc=0.5081 [0.4293, 0.591]
    GBSA                 c_index=0.5407 [0.4837, 0.5962]  brier=0.2554 [0.2222, 0.2895] [native]  auc=0.5428 [0.461, 0.6277]
    Survival RF          c_index=0.5626 [0.4994, 0.6218]  brier=0.2528 [0.227, 0.2815] [native]  auc=0.5698 [0.4851, 0.6498]
    Survival SVM         c_index=0.5628 [0.5055, 0.6193]  brier=0.2382 [0.2193, 0.2557] [fitted-conversion]  auc=0.5773 [0.4954, 0.6586]
    Weibull AFT          c_index=0.5652 [0.5052, 0.6213]  brier=0.2451 [0.2154, 0.2796] [native]  auc=0.5806 [0.4964, 0.6615]
    KFRE                 c_index=0.5415 [0.4797, 0.6014]  brier=0.4387 [0.3736, 0.5047] [fitted-conversion]  auc=0.5455 [0.4623, 0.6275]

  [82+] n=37 events=24
    Cox                  c_index=0.635 [0.5049, 0.7568]  brier=0.2401 [0.1761, 0.3032] [native]  auc=0.6836 [0.5222, 0.8226]
    Dynamic DeepHit      c_index=0.9006 [0.8154, 0.961]  brier=0.1273 [0.0733, 0.1892] [native]  auc=0.9543 [0.8563, 0.9934]
    Hazard Transformer   c_index=0.6868 [0.5466, 0.7987]  brier=0.2653 [0.1835, 0.3517] [native]  auc=0.7612 [0.5834, 0.8829]
    Logistic Hazard      c_index=0.6436 [0.5166, 0.7679]  brier=0.2305 [0.1771, 0.2891] [native]  auc=0.6479 [0.4783, 0.7985]
    RNN-Surv             c_index=0.7127 [0.5851, 0.8252]  brier=0.3865 [0.2601, 0.5194] [native]  auc=0.7477 [0.5681, 0.8857]
    DeepSurv             c_index=0.54 [0.3702, 0.6841]  brier=0.218 [0.1732, 0.2673] [fitted-conversion]  auc=0.5764 [0.3684, 0.7443]
    GBSA                 c_index=0.4514 [0.2928, 0.6102]  brier=0.2399 [0.179, 0.3132] [native]  auc=0.4563 [0.2712, 0.6473]
    Survival RF          c_index=0.4557 [0.3045, 0.5938]  brier=0.2485 [0.1951, 0.3075] [native]  auc=0.4717 [0.2899, 0.6582]
    Survival SVM         c_index=0.6479 [0.5207, 0.7665]  brier=0.2261 [0.1852, 0.2658] [fitted-conversion]  auc=0.6785 [0.499, 0.8301]
    Weibull AFT          c_index=0.6609 [0.5317, 0.773]  brier=0.2426 [0.1761, 0.3081] [native]  auc=0.7057 [0.5429, 0.8398]
    KFRE                 c_index=0.6026 [0.4797, 0.7204]  brier=0.3999 [0.2732, 0.5357] [fitted-conversion]  auc=0.6366 [0.477, 0.7958]

=== Sex as recorded in patients.csv ===

  [F] n=113 events=90
    Cox                  c_index=0.5473 [0.4712, 0.62]  brier=0.2484 [0.2141, 0.2835] [native]  auc=0.546 [0.4445, 0.6467]
    Dynamic DeepHit      c_index=0.8501 [0.7955, 0.8915]  brier=0.1524 [0.1183, 0.1907] [native]  auc=0.9278 [0.8663, 0.9614]
    Hazard Transformer   c_index=0.6411 [0.5768, 0.6959]  brier=0.2677 [0.2223, 0.3148] [native]  auc=0.7264 [0.6317, 0.8039]
    Logistic Hazard      c_index=0.5795 [0.513, 0.6505]  brier=0.2612 [0.2379, 0.2859] [native]  auc=0.6082 [0.5081, 0.7014]
    RNN-Surv             c_index=0.5525 [0.484, 0.6182]  brier=0.46 [0.3954, 0.5214] [native]  auc=0.5823 [0.4864, 0.673]
    DeepSurv             c_index=0.5509 [0.4796, 0.6201]  brier=0.2514 [0.2282, 0.2748] [fitted-conversion]  auc=0.5746 [0.4753, 0.6646]
    GBSA                 c_index=0.5425 [0.4708, 0.6076]  brier=0.2552 [0.2172, 0.2984] [native]  auc=0.5673 [0.4625, 0.6637]
    Survival RF          c_index=0.55 [0.4765, 0.6195]  brier=0.2613 [0.2323, 0.2932] [native]  auc=0.5596 [0.4524, 0.6575]
    Survival SVM         c_index=0.5567 [0.478, 0.6378]  brier=0.2502 [0.2297, 0.2708] [fitted-conversion]  auc=0.5679 [0.461, 0.675]
    Weibull AFT          c_index=0.5632 [0.4866, 0.6369]  brier=0.2501 [0.2151, 0.2864] [native]  auc=0.5734 [0.467, 0.6772]
    KFRE                 c_index=0.531 [0.4566, 0.6015]  brier=0.4659 [0.3926, 0.5445] [fitted-conversion]  auc=0.5248 [0.4268, 0.6271]

  [M] n=157 events=113
    Cox                  c_index=0.5299 [0.466, 0.5973]  brier=0.2502 [0.2164, 0.2832] [native]  auc=0.5406 [0.4547, 0.6329]
    Dynamic DeepHit      c_index=0.8803 [0.8422, 0.9166]  brier=0.1226 [0.0947, 0.1532] [native]  auc=0.9592 [0.9262, 0.9775]
    Hazard Transformer   c_index=0.5552 [0.4873, 0.6204]  brier=0.2766 [0.2317, 0.3187] [native]  auc=0.589 [0.5026, 0.6686]
    Logistic Hazard      c_index=0.5298 [0.4692, 0.592]  brier=0.2498 [0.2227, 0.2764] [native]  auc=0.5006 [0.4157, 0.5911]
    RNN-Surv             c_index=0.5184 [0.4573, 0.5803]  brier=0.406 [0.3476, 0.4633] [native]  auc=0.5106 [0.4235, 0.598]
    DeepSurv             c_index=0.4817 [0.4166, 0.5426]  brier=0.2564 [0.2288, 0.2814] [fitted-conversion]  auc=0.4597 [0.3763, 0.5435]
    GBSA                 c_index=0.4941 [0.428, 0.5539]  brier=0.266 [0.2347, 0.2988] [native]  auc=0.4682 [0.3731, 0.5508]
    Survival RF          c_index=0.5254 [0.4518, 0.5871]  brier=0.2596 [0.2297, 0.2896] [native]  auc=0.5086 [0.4072, 0.5955]
    Survival SVM         c_index=0.5586 [0.4946, 0.6219]  brier=0.2394 [0.2162, 0.2611] [fitted-conversion]  auc=0.5712 [0.4828, 0.6607]
    Weibull AFT          c_index=0.5461 [0.4804, 0.6114]  brier=0.2516 [0.2171, 0.2846] [native]  auc=0.5568 [0.4683, 0.6456]
    KFRE                 c_index=0.5291 [0.4622, 0.5967]  brier=0.4374 [0.3609, 0.5107] [fitted-conversion]  auc=0.5426 [0.4575, 0.634]

=== Race (collapsed from admissions.csv ethnicity; unknown retained) ===

  [BLACK] n=67 events=54
    Cox                  c_index=0.4747 [0.3804, 0.5749]  brier=0.2484 [0.2027, 0.3015] [native]  auc=0.4366 [0.3124, 0.5664]
    Dynamic DeepHit      c_index=0.8908 [0.8352, 0.9332]  brier=0.1243 [0.0846, 0.1713] [native]  auc=0.9793 [0.9337, 0.9947]
    Hazard Transformer   c_index=0.5816 [0.4868, 0.6738]  brier=0.2713 [0.2114, 0.3409] [native]  auc=0.6122 [0.4781, 0.7399]
    Logistic Hazard      c_index=0.5191 [0.4194, 0.6116]  brier=0.2771 [0.2384, 0.3217] [native]  auc=0.4825 [0.3461, 0.6107]
    RNN-Surv             c_index=0.5253 [0.4274, 0.6277]  brier=0.4699 [0.379, 0.5615] [native]  auc=0.4982 [0.3635, 0.6364]
    DeepSurv             c_index=0.5068 [0.4207, 0.5977]  brier=0.2729 [0.2353, 0.3111] [fitted-conversion]  auc=0.48 [0.3603, 0.6127]
    GBSA                 c_index=0.516 [0.4159, 0.6022]  brier=0.2697 [0.2196, 0.3203] [native]  auc=0.4979 [0.3502, 0.6364]
    Survival RF          c_index=0.4916 [0.3923, 0.5936]  brier=0.2902 [0.2463, 0.3386] [native]  auc=0.4675 [0.3278, 0.6055]
    Survival SVM         c_index=0.5236 [0.4335, 0.6224]  brier=0.2516 [0.2221, 0.283] [fitted-conversion]  auc=0.5018 [0.3694, 0.6239]
    Weibull AFT          c_index=0.5068 [0.4149, 0.6054]  brier=0.248 [0.2017, 0.3013] [native]  auc=0.4766 [0.3443, 0.6011]
    KFRE                 c_index=0.4679 [0.3711, 0.5709]  brier=0.474 [0.3733, 0.5768] [fitted-conversion]  auc=0.4339 [0.306, 0.5691]

  [WHITE] n=169 events=124
    Cox                  c_index=0.5546 [0.4982, 0.6111]  brier=0.2507 [0.2251, 0.2826] [native]  auc=0.5701 [0.4956, 0.65]
    Dynamic DeepHit      c_index=0.8647 [0.8253, 0.8982]  brier=0.1395 [0.1146, 0.1677] [native]  auc=0.9358 [0.8939, 0.9618]
    Hazard Transformer   c_index=0.5771 [0.5186, 0.6311]  brier=0.2742 [0.2384, 0.3178] [native]  auc=0.6355 [0.558, 0.7134]
    Logistic Hazard      c_index=0.5666 [0.5076, 0.6249]  brier=0.2464 [0.2255, 0.2696] [native]  auc=0.57 [0.4916, 0.6529]
    RNN-Surv             c_index=0.5408 [0.4832, 0.6025]  brier=0.4178 [0.3606, 0.4711] [native]  auc=0.5569 [0.4744, 0.6448]
    DeepSurv             c_index=0.5153 [0.453, 0.5777]  brier=0.2499 [0.2291, 0.2728] [fitted-conversion]  auc=0.523 [0.4397, 0.6061]
    GBSA                 c_index=0.5251 [0.4672, 0.5875]  brier=0.2556 [0.2253, 0.2897] [native]  auc=0.5262 [0.4457, 0.6146]
    Survival RF          c_index=0.5739 [0.5142, 0.6366]  brier=0.2453 [0.2192, 0.2717] [native]  auc=0.5828 [0.5042, 0.6699]
    Survival SVM         c_index=0.5638 [0.5062, 0.6255]  brier=0.2413 [0.2238, 0.2599] [fitted-conversion]  auc=0.5753 [0.4953, 0.6567]
    Weibull AFT          c_index=0.5645 [0.5072, 0.623]  brier=0.2527 [0.2264, 0.2859] [native]  auc=0.5783 [0.5005, 0.6605]
    KFRE                 c_index=0.5484 [0.4914, 0.6059]  brier=0.4414 [0.3729, 0.5033] [fitted-conversion]  auc=0.5632 [0.4875, 0.643]
Subgroup report saved to: /home/minhn2/uiuc-kidney-failure/generated_data/rep_5/four_features_subgroup_performance_report.txt
Train data path /home/minhn2/uiuc-kidney-failure/generated_data/rep_5/eight_features_train_data.csv
Test data path /home/minhn2/uiuc-kidney-failure/generated_data/rep_5/eight_features_test_data.csv
Number of patients: test 107 and train 425
Number of records: test 305 and train 1752
================================================================================
SUBGROUP PERFORMANCE ANALYSIS - EIGHT_FEATURES
================================================================================
Subgroup PERFORMANCE, not a fairness evaluation — see this module's docstring.

train: 1752 lab-event rows -> 425 patients, 327 events (patient-level event rate 0.7694)
test: 305 lab-event rows -> 107 patients, 82 events (patient-level event rate 0.7664)
IPCW censoring reference: the full training cohort (425 patients), not a per-group one; evaluation capped at 2891.9 days (training follow-up 2891.9 days).

Patient metadata join:
  107 held-out patients; 0 with no patients.csv row
  Age variable — anchor_age from patients.csv — the patient's age in their MIMIC anchor year, NOT their age at the prediction landmark; the exported scenario CSVs carry no absolute timestamp, so landmark age is not derivable here
  Time from each patient's first lab record to their prediction landmark: median 0.001 y, p90 1.065 y, max 5.799 y — the landmark can sit this far from the anchor year the age is measured at.
  Race — most frequently recorded race across the patient's admissions, ties broken by earliest admission; patients with no recorded value are kept as UNKNOWN/NOT RECORDED
    103/107 patients have a recorded race; 4 retained as unknown; 11 have more than one recorded value across admissions; 12 admission rows carry declined/unobtainable/unknown.
Loading model from /home/minhn2/uiuc-kidney-failure/generated_data/rep_5/eight_features_cox_model.dill
Train data path /home/minhn2/uiuc-kidney-failure/generated_data/rep_5/eight_features_train_data.csv
Test data path /home/minhn2/uiuc-kidney-failure/generated_data/rep_5/eight_features_test_data.csv
Number of patients: test 107 and train 425
Number of records: test 305 and train 1752
get_last_observation_data(ExperimentScenario.EIGHT_FEATURES): train 1752 rows/425 subjects -> 425 rows; test 305 rows/107 subjects -> 107 rows
Loading model from /home/minhn2/uiuc-kidney-failure/generated_data/rep_5/eight_features_cox_model.dill
Train data path /home/minhn2/uiuc-kidney-failure/generated_data/rep_5/eight_features_train_data.csv
Test data path /home/minhn2/uiuc-kidney-failure/generated_data/rep_5/eight_features_test_data.csv
Number of patients: test 107 and train 425
Number of records: test 305 and train 1752
get_last_observation_data(ExperimentScenario.EIGHT_FEATURES): train 1752 rows/425 subjects -> 425 rows; test 305 rows/107 subjects -> 107 rows
Train data path /home/minhn2/uiuc-kidney-failure/generated_data/rep_5/eight_features_train_data.csv
Test data path /home/minhn2/uiuc-kidney-failure/generated_data/rep_5/eight_features_test_data.csv
Number of patients: test 107 and train 425
Number of records: test 305 and train 1752
Train data path /home/minhn2/uiuc-kidney-failure/generated_data/rep_5/eight_features_train_data.csv
Test data path /home/minhn2/uiuc-kidney-failure/generated_data/rep_5/eight_features_test_data.csv
Number of patients: test 107 and train 425
Number of records: test 305 and train 1752
Train data path /home/minhn2/uiuc-kidney-failure/generated_data/rep_5/eight_features_train_data.csv
Test data path /home/minhn2/uiuc-kidney-failure/generated_data/rep_5/eight_features_test_data.csv
Number of patients: test 107 and train 425
Number of records: test 305 and train 1752
Train data path /home/minhn2/uiuc-kidney-failure/generated_data/rep_5/eight_features_train_data.csv
Test data path /home/minhn2/uiuc-kidney-failure/generated_data/rep_5/eight_features_test_data.csv
Number of patients: test 107 and train 425
Number of records: test 305 and train 1752
Train data path /home/minhn2/uiuc-kidney-failure/generated_data/rep_5/eight_features_train_data.csv
Test data path /home/minhn2/uiuc-kidney-failure/generated_data/rep_5/eight_features_test_data.csv
Number of patients: test 107 and train 425
Number of records: test 305 and train 1752
Train data path /home/minhn2/uiuc-kidney-failure/generated_data/rep_5/eight_features_train_data.csv
Test data path /home/minhn2/uiuc-kidney-failure/generated_data/rep_5/eight_features_test_data.csv
Number of patients: test 107 and train 425
Number of records: test 305 and train 1752
Train data path /home/minhn2/uiuc-kidney-failure/generated_data/rep_5/eight_features_train_data.csv
Test data path /home/minhn2/uiuc-kidney-failure/generated_data/rep_5/eight_features_test_data.csv
Number of patients: test 107 and train 425
Number of records: test 305 and train 1752
get_last_observation_data(ExperimentScenario.EIGHT_FEATURES): train 1752 rows/425 subjects -> 425 rows; test 305 rows/107 subjects -> 107 rows
Train data path /home/minhn2/uiuc-kidney-failure/generated_data/rep_5/eight_features_train_data.csv
Test data path /home/minhn2/uiuc-kidney-failure/generated_data/rep_5/eight_features_test_data.csv
Number of patients: test 107 and train 425
Number of records: test 305 and train 1752
get_last_observation_data(ExperimentScenario.EIGHT_FEATURES): train 1752 rows/425 subjects -> 425 rows; test 305 rows/107 subjects -> 107 rows
Train data path /home/minhn2/uiuc-kidney-failure/generated_data/rep_5/eight_features_train_data.csv
Test data path /home/minhn2/uiuc-kidney-failure/generated_data/rep_5/eight_features_test_data.csv
Number of patients: test 107 and train 425
Number of records: test 305 and train 1752
get_last_observation_data(ExperimentScenario.EIGHT_FEATURES): train 1752 rows/425 subjects -> 425 rows; test 305 rows/107 subjects -> 107 rows
Train data path /home/minhn2/uiuc-kidney-failure/generated_data/rep_5/eight_features_train_data.csv
Test data path /home/minhn2/uiuc-kidney-failure/generated_data/rep_5/eight_features_test_data.csv
Number of patients: test 107 and train 425
Number of records: test 305 and train 1752
get_last_observation_data(ExperimentScenario.EIGHT_FEATURES): train 1752 rows/425 subjects -> 425 rows; test 305 rows/107 subjects -> 107 rows
Loading model from /home/minhn2/uiuc-kidney-failure/generated_data/rep_5/eight_features_gbsa_model.dill
Train data path /home/minhn2/uiuc-kidney-failure/generated_data/rep_5/eight_features_train_data.csv
Test data path /home/minhn2/uiuc-kidney-failure/generated_data/rep_5/eight_features_test_data.csv
Number of patients: test 107 and train 425
Number of records: test 305 and train 1752
get_last_observation_data(ExperimentScenario.EIGHT_FEATURES): train 1752 rows/425 subjects -> 425 rows; test 305 rows/107 subjects -> 107 rows
Loading model from /home/minhn2/uiuc-kidney-failure/generated_data/rep_5/eight_features_gbsa_model.dill
Train data path /home/minhn2/uiuc-kidney-failure/generated_data/rep_5/eight_features_train_data.csv
Test data path /home/minhn2/uiuc-kidney-failure/generated_data/rep_5/eight_features_test_data.csv
Number of patients: test 107 and train 425
Number of records: test 305 and train 1752
get_last_observation_data(ExperimentScenario.EIGHT_FEATURES): train 1752 rows/425 subjects -> 425 rows; test 305 rows/107 subjects -> 107 rows
Loading model from /home/minhn2/uiuc-kidney-failure/generated_data/rep_5/eight_features_srf_model.dill
Train data path /home/minhn2/uiuc-kidney-failure/generated_data/rep_5/eight_features_train_data.csv
Test data path /home/minhn2/uiuc-kidney-failure/generated_data/rep_5/eight_features_test_data.csv
Number of patients: test 107 and train 425
Number of records: test 305 and train 1752
get_last_observation_data(ExperimentScenario.EIGHT_FEATURES): train 1752 rows/425 subjects -> 425 rows; test 305 rows/107 subjects -> 107 rows
[Parallel(n_jobs=2)]: Using backend ThreadingBackend with 2 concurrent workers.
[Parallel(n_jobs=2)]: Done  37 tasks      | elapsed:    0.0s
[Parallel(n_jobs=2)]: Done 100 out of 100 | elapsed:    0.0s finished
[Parallel(n_jobs=2)]: Using backend ThreadingBackend with 2 concurrent workers.
[Parallel(n_jobs=2)]: Done  37 tasks      | elapsed:    0.0s
[Parallel(n_jobs=2)]: Done 100 out of 100 | elapsed:    0.0s finished
Loading model from /home/minhn2/uiuc-kidney-failure/generated_data/rep_5/eight_features_srf_model.dill
Train data path /home/minhn2/uiuc-kidney-failure/generated_data/rep_5/eight_features_train_data.csv
Test data path /home/minhn2/uiuc-kidney-failure/generated_data/rep_5/eight_features_test_data.csv
Number of patients: test 107 and train 425
Number of records: test 305 and train 1752
get_last_observation_data(ExperimentScenario.EIGHT_FEATURES): train 1752 rows/425 subjects -> 425 rows; test 305 rows/107 subjects -> 107 rows
[Parallel(n_jobs=2)]: Using backend ThreadingBackend with 2 concurrent workers.
[Parallel(n_jobs=2)]: Done  37 tasks      | elapsed:    0.0s
[Parallel(n_jobs=2)]: Done 100 out of 100 | elapsed:    0.0s finished
[Parallel(n_jobs=2)]: Using backend ThreadingBackend with 2 concurrent workers.
[Parallel(n_jobs=2)]: Done  37 tasks      | elapsed:    0.0s
[Parallel(n_jobs=2)]: Done 100 out of 100 | elapsed:    0.0s finished
Loading model from /home/minhn2/uiuc-kidney-failure/generated_data/rep_5/eight_features_survival_svm_model.dill
Train data path /home/minhn2/uiuc-kidney-failure/generated_data/rep_5/eight_features_train_data.csv
Test data path /home/minhn2/uiuc-kidney-failure/generated_data/rep_5/eight_features_test_data.csv
Number of patients: test 107 and train 425
Number of records: test 305 and train 1752
get_last_observation_data(ExperimentScenario.EIGHT_FEATURES): train 1752 rows/425 subjects -> 425 rows; test 305 rows/107 subjects -> 107 rows
Loading model from /home/minhn2/uiuc-kidney-failure/generated_data/rep_5/eight_features_survival_svm_model.dill
Train data path /home/minhn2/uiuc-kidney-failure/generated_data/rep_5/eight_features_train_data.csv
Test data path /home/minhn2/uiuc-kidney-failure/generated_data/rep_5/eight_features_test_data.csv
Number of patients: test 107 and train 425
Number of records: test 305 and train 1752
get_last_observation_data(ExperimentScenario.EIGHT_FEATURES): train 1752 rows/425 subjects -> 425 rows; test 305 rows/107 subjects -> 107 rows
Loading model from /home/minhn2/uiuc-kidney-failure/generated_data/rep_5/eight_features_weibul_model.dill
Train data path /home/minhn2/uiuc-kidney-failure/generated_data/rep_5/eight_features_train_data.csv
Test data path /home/minhn2/uiuc-kidney-failure/generated_data/rep_5/eight_features_test_data.csv
Number of patients: test 107 and train 425
Number of records: test 305 and train 1752
get_last_observation_data(ExperimentScenario.EIGHT_FEATURES): train 1752 rows/425 subjects -> 425 rows; test 305 rows/107 subjects -> 107 rows
Loading model from /home/minhn2/uiuc-kidney-failure/generated_data/rep_5/eight_features_weibul_model.dill
Train data path /home/minhn2/uiuc-kidney-failure/generated_data/rep_5/eight_features_train_data.csv
Test data path /home/minhn2/uiuc-kidney-failure/generated_data/rep_5/eight_features_test_data.csv
Number of patients: test 107 and train 425
Number of records: test 305 and train 1752
get_last_observation_data(ExperimentScenario.EIGHT_FEATURES): train 1752 rows/425 subjects -> 425 rows; test 305 rows/107 subjects -> 107 rows
Train data path /home/minhn2/uiuc-kidney-failure/generated_data/rep_5/eight_features_train_data.csv
Test data path /home/minhn2/uiuc-kidney-failure/generated_data/rep_5/eight_features_test_data.csv
Number of patients: test 107 and train 425
Number of records: test 305 and train 1752
get_last_observation_data(ExperimentScenario.EIGHT_FEATURES): train 1752 rows/425 subjects -> 425 rows; test 305 rows/107 subjects -> 107 rows
Train data path /home/minhn2/uiuc-kidney-failure/generated_data/rep_5/eight_features_train_data.csv
Test data path /home/minhn2/uiuc-kidney-failure/generated_data/rep_5/eight_features_test_data.csv
Number of patients: test 107 and train 425
Number of records: test 305 and train 1752
get_last_observation_data(ExperimentScenario.EIGHT_FEATURES): train 1752 rows/425 subjects -> 425 rows; test 305 rows/107 subjects -> 107 rows

Group composition (patients / events / event proportion):

--- Age group (anchor_age bins — see patient_metadata: NOT landmark age) ---
  <27                      n=2     events=1     event_rate=0.5000   [metrics not computed: needs >= 20 patients and >= 5 events]
  27-54                    n=21    events=19    event_rate=0.9048
  54-82                    n=74    events=56    event_rate=0.7568
  82+                      n=10    events=6     event_rate=0.6000   [metrics not computed: needs >= 20 patients and >= 5 events]

--- Sex as recorded in patients.csv ---
  F                        n=41    events=36    event_rate=0.8780
  M                        n=66    events=46    event_rate=0.6970

--- Race (collapsed from admissions.csv ethnicity; unknown retained) ---
  ASIAN                    n=4     events=1     event_rate=0.2500   [metrics not computed: needs >= 20 patients and >= 5 events]
  BLACK                    n=24    events=22    event_rate=0.9167
  HISPANIC/LATINO          n=6     events=6     event_rate=1.0000   [metrics not computed: needs >= 20 patients and >= 5 events]
  NATIVE HAWAIIAN OR OTHER PACIFIC ISLANDER n=1     events=0     event_rate=0.0000   [metrics not computed: needs >= 20 patients and >= 5 events]
  OTHER                    n=2     events=1     event_rate=0.5000   [metrics not computed: needs >= 20 patients and >= 5 events]
  UNKNOWN/NOT RECORDED     n=4     events=4     event_rate=1.0000   [metrics not computed: needs >= 20 patients and >= 5 events]
  WHITE                    n=66    events=48    event_rate=0.7273

Per-group performance, 1000 within-group bootstrap resamples, 95% percentile intervals:
  C-index and mean time-dependent AUC: higher is better. Integrated Brier (0-730d): lower is better.

=== Age group (anchor_age bins — see patient_metadata: NOT landmark age) ===

  [27-54] n=21 events=19
    Cox                  c_index=0.5266 [0.3421, 0.6966]  brier=0.1801 [0.0869, 0.3662] [native]  auc=0.5769 [0.3972, 0.7955]
    Dynamic DeepHit      c_index=0.8298 [0.7068, 0.9286]  brier=0.1457 [0.0707, 0.2476] [native]  auc=0.9327 [0.7799, 0.9978]
    Hazard Transformer   c_index=0.5319 [0.3567, 0.6811]  brier=0.2947 [0.2368, 0.3689] [native]  auc=0.6305 [0.4091, 0.8684]
    Logistic Hazard      c_index=0.4628 [0.291, 0.6385]  brier=0.1935 [0.1002, 0.3924] [native]  auc=0.3357 [0.1527, 0.5525]
    RNN-Surv             c_index=0.4894 [0.2941, 0.6561]  brier=0.3459 [0.2711, 0.4189] [native]  auc=0.5295 [0.2275, 0.7831]
    DeepSurv             c_index=0.5691 [0.4074, 0.7384]  brier=0.1817 [0.1156, 0.3177] [fitted-conversion]  auc=0.6323 [0.4075, 0.8342]
    GBSA                 c_index=0.4362 [0.2474, 0.617]  brier=0.2565 [0.1364, 0.4974] [native]  auc=0.3797 [0.1535, 0.5711]
    Survival RF          c_index=0.4734 [0.3028, 0.6519]  brier=0.1946 [0.1243, 0.3152] [native]  auc=0.5091 [0.2814, 0.7665]
    Survival SVM         c_index=0.4628 [0.3108, 0.6222]  brier=0.188 [0.1058, 0.3473] [fitted-conversion]  auc=0.4907 [0.2794, 0.7235]
    Weibull AFT          c_index=0.4947 [0.3093, 0.6775]  brier=0.1767 [0.0929, 0.349] [native]  auc=0.5151 [0.294, 0.7531]
    KFRE                 c_index=0.5745 [0.3918, 0.7442]  brier=0.5862 [0.3671, 0.7914] [fitted-conversion]  auc=0.5887 [0.3948, 0.8349]

  [54-82] n=74 events=56
    Cox                  c_index=0.5072 [0.4137, 0.6072]  brier=0.1484 [0.0781, 0.2354] [native]  auc=0.5378 [0.3853, 0.6971]
    Dynamic DeepHit      c_index=0.8551 [0.7954, 0.9096]  brier=0.0872 [0.0557, 0.1232] [native]  auc=0.9467 [0.8923, 0.9811]
    Hazard Transformer   c_index=0.4723 [0.3901, 0.5602]  brier=0.2455 [0.2076, 0.2846] [native]  auc=0.4978 [0.3669, 0.6413]
    Logistic Hazard      c_index=0.4317 [0.3247, 0.5363]  brier=0.1661 [0.0889, 0.2628] [native]  auc=0.4037 [0.2514, 0.5653]
    RNN-Surv             c_index=0.593 [0.4894, 0.6974]  brier=0.2742 [0.2389, 0.3054] [native]  auc=0.7143 [0.5863, 0.8354]
    DeepSurv             c_index=0.5858 [0.4855, 0.6862]  brier=0.1488 [0.0969, 0.2107] [fitted-conversion]  auc=0.626 [0.4644, 0.7669]
    GBSA                 c_index=0.5118 [0.4117, 0.6122]  brier=0.1788 [0.0887, 0.2889] [native]  auc=0.5576 [0.4298, 0.6855]
    Survival RF          c_index=0.5257 [0.436, 0.6198]  brier=0.1544 [0.1033, 0.2158] [native]  auc=0.5827 [0.453, 0.7111]
    Survival SVM         c_index=0.5236 [0.4299, 0.608]  brier=0.1574 [0.1073, 0.2167] [fitted-conversion]  auc=0.5964 [0.441, 0.7355]
    Weibull AFT          c_index=0.4923 [0.3928, 0.5898]  brier=0.1481 [0.0822, 0.2277] [native]  auc=0.5316 [0.3687, 0.6959]
    KFRE                 c_index=0.5098 [0.4122, 0.611]  brier=0.5408 [0.4357, 0.6519] [fitted-conversion]  auc=0.5262 [0.3717, 0.6893]

=== Sex as recorded in patients.csv ===

  [F] n=41 events=36
    Cox                  c_index=0.486 [0.3419, 0.6207]  brier=0.1589 [0.0725, 0.2827] [native]  auc=0.5048 [0.2658, 0.7225]
    Dynamic DeepHit      c_index=0.8059 [0.7023, 0.8961]  brier=0.1186 [0.0641, 0.1825] [native]  auc=0.9386 [0.8517, 0.9876]
    Hazard Transformer   c_index=0.507 [0.3908, 0.6079]  brier=0.2999 [0.266, 0.3432] [native]  auc=0.4986 [0.2719, 0.7015]
    Logistic Hazard      c_index=0.4385 [0.3109, 0.5659]  brier=0.1846 [0.0889, 0.322] [native]  auc=0.3524 [0.1334, 0.5583]
    RNN-Surv             c_index=0.5377 [0.4107, 0.6619]  brier=0.3416 [0.3034, 0.3796] [native]  auc=0.6313 [0.4436, 0.7993]
    DeepSurv             c_index=0.5992 [0.4726, 0.7238]  brier=0.1671 [0.1066, 0.2548] [fitted-conversion]  auc=0.6388 [0.4062, 0.8607]
    GBSA                 c_index=0.4581 [0.3296, 0.5894]  brier=0.2122 [0.1003, 0.3731] [native]  auc=0.4063 [0.2188, 0.5802]
    Survival RF          c_index=0.5 [0.3746, 0.6174]  brier=0.1603 [0.1051, 0.2324] [native]  auc=0.4868 [0.2761, 0.694]
    Survival SVM         c_index=0.4288 [0.2991, 0.5535]  brier=0.1546 [0.0883, 0.2557] [fitted-conversion]  auc=0.4729 [0.2449, 0.7066]
    Weibull AFT          c_index=0.4581 [0.3159, 0.5925]  brier=0.1624 [0.0809, 0.2769] [native]  auc=0.4621 [0.2149, 0.6987]
    KFRE                 c_index=0.5056 [0.3599, 0.6436]  brier=0.6518 [0.5068, 0.8001] [fitted-conversion]  auc=0.4898 [0.2121, 0.7251]

  [M] n=66 events=46
    Cox                  c_index=0.5073 [0.395, 0.6102]  brier=0.1537 [0.0795, 0.2373] [native]  auc=0.466 [0.3042, 0.6345]
    Dynamic DeepHit      c_index=0.8747 [0.8242, 0.928]  brier=0.0854 [0.0511, 0.1234] [native]  auc=0.9416 [0.8798, 0.9788]
    Hazard Transformer   c_index=0.4717 [0.3684, 0.5691]  brier=0.2166 [0.1747, 0.2604] [native]  auc=0.4858 [0.3539, 0.6318]
    Logistic Hazard      c_index=0.4892 [0.3741, 0.6041]  brier=0.159 [0.0795, 0.2486] [native]  auc=0.5011 [0.3461, 0.6469]
    RNN-Surv             c_index=0.5458 [0.432, 0.6493]  brier=0.2442 [0.2058, 0.2878] [native]  auc=0.668 [0.51, 0.8128]
    DeepSurv             c_index=0.5122 [0.3996, 0.6345]  brier=0.1453 [0.0892, 0.2093] [fitted-conversion]  auc=0.5095 [0.3529, 0.662]
    GBSA                 c_index=0.5171 [0.396, 0.6388]  brier=0.1923 [0.0999, 0.2991] [native]  auc=0.5491 [0.3928, 0.688]
    Survival RF          c_index=0.4703 [0.3658, 0.5882]  brier=0.1687 [0.1084, 0.235] [native]  auc=0.4426 [0.3086, 0.5919]
    Survival SVM         c_index=0.4857 [0.3898, 0.5905]  brier=0.181 [0.1183, 0.2478] [fitted-conversion]  auc=0.4359 [0.2828, 0.6116]
    Weibull AFT          c_index=0.4885 [0.3792, 0.5914]  brier=0.148 [0.0797, 0.2255] [native]  auc=0.4431 [0.2834, 0.6015]
    KFRE                 c_index=0.5311 [0.4176, 0.636]  brier=0.4753 [0.3628, 0.606] [fitted-conversion]  auc=0.5749 [0.419, 0.7209]

=== Race (collapsed from admissions.csv ethnicity; unknown retained) ===

  [BLACK] n=24 events=22
    Cox                  c_index=0.5168 [0.3432, 0.6726]  brier=0.2891 [0.1466, 0.4708] [native]  auc=0.556 [0.3458, 0.7532]
    Dynamic DeepHit      c_index=0.7941 [0.6892, 0.8819]  brier=0.1766 [0.1007, 0.2654] [native]  auc=0.8828 [0.7141, 0.9737]
    Hazard Transformer   c_index=0.5462 [0.4154, 0.6626]  brier=0.2994 [0.2359, 0.3732] [native]  auc=0.5755 [0.3718, 0.7725]
    Logistic Hazard      c_index=0.4286 [0.2804, 0.5746]  brier=0.3109 [0.1509, 0.512] [native]  auc=0.4336 [0.2318, 0.6403]
    RNN-Surv             c_index=0.6134 [0.4444, 0.7754]  brier=0.3529 [0.2962, 0.4154] [native]  auc=0.6517 [0.434, 0.8345]
    DeepSurv             c_index=0.5924 [0.4529, 0.7371]  brier=0.2575 [0.1454, 0.395] [fitted-conversion]  auc=0.616 [0.4046, 0.7766]
    GBSA                 c_index=0.6555 [0.4841, 0.812]  brier=0.3312 [0.1456, 0.5861] [native]  auc=0.6659 [0.4514, 0.8158]
    Survival RF          c_index=0.6008 [0.4493, 0.7367]  brier=0.2587 [0.1523, 0.3852] [native]  auc=0.6574 [0.4354, 0.8306]
    Survival SVM         c_index=0.4874 [0.3177, 0.6655]  brier=0.2474 [0.1505, 0.3619] [fitted-conversion]  auc=0.5158 [0.2756, 0.7409]
    Weibull AFT          c_index=0.479 [0.2971, 0.636]  brier=0.2772 [0.1427, 0.4459] [native]  auc=0.5016 [0.2935, 0.7077]
    KFRE                 c_index=0.521 [0.3658, 0.6584]  brier=0.5946 [0.4128, 0.7827] [fitted-conversion]  auc=0.5375 [0.3576, 0.7242]

  [WHITE] n=66 events=48
    Cox                  c_index=0.5565 [0.4486, 0.668]  brier=0.0903 [0.047, 0.1619] [native]  auc=0.5172 [0.3546, 0.6837]
    Dynamic DeepHit      c_index=0.8957 [0.8423, 0.946]  brier=0.0601 [0.0313, 0.0959] [native]  auc=0.9597 [0.9089, 0.991]
    Hazard Transformer   c_index=0.4833 [0.3767, 0.5776]  brier=0.2246 [0.1929, 0.2621] [native]  auc=0.4693 [0.3135, 0.637]
    Logistic Hazard      c_index=0.4736 [0.3522, 0.5862]  brier=0.1002 [0.0553, 0.1787] [native]  auc=0.4608 [0.268, 0.629]
    RNN-Surv             c_index=0.4756 [0.3602, 0.5802]  brier=0.2582 [0.2186, 0.2955] [native]  auc=0.5587 [0.3581, 0.7489]
    DeepSurv             c_index=0.5037 [0.383, 0.6195]  brier=0.106 [0.0746, 0.1586] [fitted-conversion]  auc=0.4899 [0.2912, 0.6676]
    GBSA                 c_index=0.4227 [0.3143, 0.5292]  brier=0.1335 [0.0729, 0.2403] [native]  auc=0.3732 [0.2435, 0.5037]
    Survival RF          c_index=0.4562 [0.3457, 0.5671]  brier=0.1269 [0.0888, 0.186] [native]  auc=0.3815 [0.2413, 0.5515]
    Survival SVM         c_index=0.5358 [0.4339, 0.6447]  brier=0.1373 [0.0928, 0.1981] [fitted-conversion]  auc=0.495 [0.2936, 0.7338]
    Weibull AFT          c_index=0.5244 [0.4157, 0.6382]  brier=0.0941 [0.0551, 0.161] [native]  auc=0.4765 [0.2835, 0.6709]
    KFRE                 c_index=0.5679 [0.4496, 0.6848]  brier=0.5365 [0.4132, 0.6532] [fitted-conversion]  auc=0.6328 [0.4266, 0.822]
Subgroup report saved to: /home/minhn2/uiuc-kidney-failure/generated_data/rep_5/eight_features_subgroup_performance_report.txt
COMPLETE
