rep4 analyze: four_features, eight_features; output=/home/minhn2/uiuc-kidney-failure/generated_data/rep_4
Train data path /home/minhn2/uiuc-kidney-failure/generated_data/rep_4/four_features_train_data.csv
Test data path /home/minhn2/uiuc-kidney-failure/generated_data/rep_4/four_features_test_data.csv
Number of patients: test 270 and train 1079
Number of records: test 2376 and train 9416
================================================================================
SUBGROUP PERFORMANCE ANALYSIS - FOUR_FEATURES
================================================================================
Subgroup PERFORMANCE, not a fairness evaluation — see this module's docstring.

train: 9416 lab-event rows -> 1079 patients, 812 events (patient-level event rate 0.7525)
test: 2376 lab-event rows -> 270 patients, 203 events (patient-level event rate 0.7519)
IPCW censoring reference: the full training cohort (1079 patients), not a per-group one; evaluation capped at 4112.3 days (training follow-up 4112.3 days).

Patient metadata join:
  270 held-out patients; 0 with no patients.csv row
  Age variable — anchor_age from patients.csv — the patient's age in their MIMIC anchor year, NOT their age at the prediction landmark; the exported scenario CSVs carry no absolute timestamp, so landmark age is not derivable here
  Time from each patient's first lab record to their prediction landmark: median 0.131 y, p90 4.832 y, max 10.53 y — the landmark can sit this far from the anchor year the age is measured at.
  Race — most frequently recorded race across the patient's admissions, ties broken by earliest admission; patients with no recorded value are kept as UNKNOWN/NOT RECORDED
    266/270 patients have a recorded race; 4 retained as unknown; 14 have more than one recorded value across admissions; 24 admission rows carry declined/unobtainable/unknown.
Loading model from /home/minhn2/uiuc-kidney-failure/generated_data/rep_4/four_features_cox_model.dill
Train data path /home/minhn2/uiuc-kidney-failure/generated_data/rep_4/four_features_train_data.csv
Test data path /home/minhn2/uiuc-kidney-failure/generated_data/rep_4/four_features_test_data.csv
Number of patients: test 270 and train 1079
Number of records: test 2376 and train 9416
get_last_observation_data(ExperimentScenario.FOUR_FEATURES): train 9416 rows/1079 subjects -> 1079 rows; test 2376 rows/270 subjects -> 270 rows
Loading model from /home/minhn2/uiuc-kidney-failure/generated_data/rep_4/four_features_cox_model.dill
Train data path /home/minhn2/uiuc-kidney-failure/generated_data/rep_4/four_features_train_data.csv
Test data path /home/minhn2/uiuc-kidney-failure/generated_data/rep_4/four_features_test_data.csv
Number of patients: test 270 and train 1079
Number of records: test 2376 and train 9416
get_last_observation_data(ExperimentScenario.FOUR_FEATURES): train 9416 rows/1079 subjects -> 1079 rows; test 2376 rows/270 subjects -> 270 rows
Train data path /home/minhn2/uiuc-kidney-failure/generated_data/rep_4/four_features_train_data.csv
Test data path /home/minhn2/uiuc-kidney-failure/generated_data/rep_4/four_features_test_data.csv
Number of patients: test 270 and train 1079
Number of records: test 2376 and train 9416
Train data path /home/minhn2/uiuc-kidney-failure/generated_data/rep_4/four_features_train_data.csv
Test data path /home/minhn2/uiuc-kidney-failure/generated_data/rep_4/four_features_test_data.csv
Number of patients: test 270 and train 1079
Number of records: test 2376 and train 9416
