rep4 analyze: four_features, eight_features; output=/home/minhn2/uiuc-kidney-failure/generated_data/rep_4
Train data path /home/minhn2/uiuc-kidney-failure/generated_data/rep_4/four_features_train_data.csv
Test data path /home/minhn2/uiuc-kidney-failure/generated_data/rep_4/four_features_test_data.csv
Number of patients: test 270 and train 1079
Number of records: test 2376 and train 9416
================================================================================
SUBGROUP PERFORMANCE ANALYSIS - FOUR_FEATURES
================================================================================
Subgroup PERFORMANCE, not a fairness evaluation — see this module's docstring.

train: 9416 lab-event rows -> 1079 patients, 812 events (patient-level event rate 0.7525)
test: 2376 lab-event rows -> 270 patients, 203 events (patient-level event rate 0.7519)
IPCW censoring reference: the full training cohort (1079 patients), not a per-group one; evaluation capped at 4112.3 days (training follow-up 4112.3 days).

Patient metadata join:
  270 held-out patients; 0 with no patients.csv row
  Age variable — anchor_age from patients.csv — the patient's age in their MIMIC anchor year, NOT their age at the prediction landmark; the exported scenario CSVs carry no absolute timestamp, so landmark age is not derivable here
  Time from each patient's first lab record to their prediction landmark: median 0.131 y, p90 4.832 y, max 10.53 y — the landmark can sit this far from the anchor year the age is measured at.
  Race — most frequently recorded race across the patient's admissions, ties broken by earliest admission; patients with no recorded value are kept as UNKNOWN/NOT RECORDED
    266/270 patients have a recorded race; 4 retained as unknown; 14 have more than one recorded value across admissions; 24 admission rows carry declined/unobtainable/unknown.
Loading model from /home/minhn2/uiuc-kidney-failure/generated_data/rep_4/four_features_cox_model.dill
Train data path /home/minhn2/uiuc-kidney-failure/generated_data/rep_4/four_features_train_data.csv
Test data path /home/minhn2/uiuc-kidney-failure/generated_data/rep_4/four_features_test_data.csv
Number of patients: test 270 and train 1079
Number of records: test 2376 and train 9416
get_last_observation_data(ExperimentScenario.FOUR_FEATURES): train 9416 rows/1079 subjects -> 1079 rows; test 2376 rows/270 subjects -> 270 rows
Loading model from /home/minhn2/uiuc-kidney-failure/generated_data/rep_4/four_features_cox_model.dill
Train data path /home/minhn2/uiuc-kidney-failure/generated_data/rep_4/four_features_train_data.csv
Test data path /home/minhn2/uiuc-kidney-failure/generated_data/rep_4/four_features_test_data.csv
Number of patients: test 270 and train 1079
Number of records: test 2376 and train 9416
get_last_observation_data(ExperimentScenario.FOUR_FEATURES): train 9416 rows/1079 subjects -> 1079 rows; test 2376 rows/270 subjects -> 270 rows
Train data path /home/minhn2/uiuc-kidney-failure/generated_data/rep_4/four_features_train_data.csv
Test data path /home/minhn2/uiuc-kidney-failure/generated_data/rep_4/four_features_test_data.csv
Number of patients: test 270 and train 1079
Number of records: test 2376 and train 9416
Train data path /home/minhn2/uiuc-kidney-failure/generated_data/rep_4/four_features_train_data.csv
Test data path /home/minhn2/uiuc-kidney-failure/generated_data/rep_4/four_features_test_data.csv
Number of patients: test 270 and train 1079
Number of records: test 2376 and train 9416
Train data path /home/minhn2/uiuc-kidney-failure/generated_data/rep_4/four_features_train_data.csv
Test data path /home/minhn2/uiuc-kidney-failure/generated_data/rep_4/four_features_test_data.csv
Number of patients: test 270 and train 1079
Number of records: test 2376 and train 9416
Train data path /home/minhn2/uiuc-kidney-failure/generated_data/rep_4/four_features_train_data.csv
Test data path /home/minhn2/uiuc-kidney-failure/generated_data/rep_4/four_features_test_data.csv
Number of patients: test 270 and train 1079
Number of records: test 2376 and train 9416
Train data path /home/minhn2/uiuc-kidney-failure/generated_data/rep_4/four_features_train_data.csv
Test data path /home/minhn2/uiuc-kidney-failure/generated_data/rep_4/four_features_test_data.csv
Number of patients: test 270 and train 1079
Number of records: test 2376 and train 9416
Train data path /home/minhn2/uiuc-kidney-failure/generated_data/rep_4/four_features_train_data.csv
Test data path /home/minhn2/uiuc-kidney-failure/generated_data/rep_4/four_features_test_data.csv
Number of patients: test 270 and train 1079
Number of records: test 2376 and train 9416
Train data path /home/minhn2/uiuc-kidney-failure/generated_data/rep_4/four_features_train_data.csv
Test data path /home/minhn2/uiuc-kidney-failure/generated_data/rep_4/four_features_test_data.csv
Number of patients: test 270 and train 1079
Number of records: test 2376 and train 9416
get_last_observation_data(ExperimentScenario.FOUR_FEATURES): train 9416 rows/1079 subjects -> 1079 rows; test 2376 rows/270 subjects -> 270 rows
Train data path /home/minhn2/uiuc-kidney-failure/generated_data/rep_4/four_features_train_data.csv
Test data path /home/minhn2/uiuc-kidney-failure/generated_data/rep_4/four_features_test_data.csv
Number of patients: test 270 and train 1079
Number of records: test 2376 and train 9416
get_last_observation_data(ExperimentScenario.FOUR_FEATURES): train 9416 rows/1079 subjects -> 1079 rows; test 2376 rows/270 subjects -> 270 rows
Train data path /home/minhn2/uiuc-kidney-failure/generated_data/rep_4/four_features_train_data.csv
Test data path /home/minhn2/uiuc-kidney-failure/generated_data/rep_4/four_features_test_data.csv
Number of patients: test 270 and train 1079
Number of records: test 2376 and train 9416
get_last_observation_data(ExperimentScenario.FOUR_FEATURES): train 9416 rows/1079 subjects -> 1079 rows; test 2376 rows/270 subjects -> 270 rows
Train data path /home/minhn2/uiuc-kidney-failure/generated_data/rep_4/four_features_train_data.csv
Test data path /home/minhn2/uiuc-kidney-failure/generated_data/rep_4/four_features_test_data.csv
Number of patients: test 270 and train 1079
Number of records: test 2376 and train 9416
get_last_observation_data(ExperimentScenario.FOUR_FEATURES): train 9416 rows/1079 subjects -> 1079 rows; test 2376 rows/270 subjects -> 270 rows
Loading model from /home/minhn2/uiuc-kidney-failure/generated_data/rep_4/four_features_gbsa_model.dill
Train data path /home/minhn2/uiuc-kidney-failure/generated_data/rep_4/four_features_train_data.csv
Test data path /home/minhn2/uiuc-kidney-failure/generated_data/rep_4/four_features_test_data.csv
Number of patients: test 270 and train 1079
Number of records: test 2376 and train 9416
get_last_observation_data(ExperimentScenario.FOUR_FEATURES): train 9416 rows/1079 subjects -> 1079 rows; test 2376 rows/270 subjects -> 270 rows
Loading model from /home/minhn2/uiuc-kidney-failure/generated_data/rep_4/four_features_gbsa_model.dill
Train data path /home/minhn2/uiuc-kidney-failure/generated_data/rep_4/four_features_train_data.csv
Test data path /home/minhn2/uiuc-kidney-failure/generated_data/rep_4/four_features_test_data.csv
Number of patients: test 270 and train 1079
Number of records: test 2376 and train 9416
get_last_observation_data(ExperimentScenario.FOUR_FEATURES): train 9416 rows/1079 subjects -> 1079 rows; test 2376 rows/270 subjects -> 270 rows
Loading model from /home/minhn2/uiuc-kidney-failure/generated_data/rep_4/four_features_srf_model.dill
Train data path /home/minhn2/uiuc-kidney-failure/generated_data/rep_4/four_features_train_data.csv
Test data path /home/minhn2/uiuc-kidney-failure/generated_data/rep_4/four_features_test_data.csv
Number of patients: test 270 and train 1079
Number of records: test 2376 and train 9416
get_last_observation_data(ExperimentScenario.FOUR_FEATURES): train 9416 rows/1079 subjects -> 1079 rows; test 2376 rows/270 subjects -> 270 rows
[Parallel(n_jobs=2)]: Using backend ThreadingBackend with 2 concurrent workers.
[Parallel(n_jobs=2)]: Done  37 tasks      | elapsed:    0.0s
[Parallel(n_jobs=2)]: Done  50 out of  50 | elapsed:    0.0s finished
[Parallel(n_jobs=2)]: Using backend ThreadingBackend with 2 concurrent workers.
[Parallel(n_jobs=2)]: Done  37 tasks      | elapsed:    0.0s
[Parallel(n_jobs=2)]: Done  50 out of  50 | elapsed:    0.0s finished
Loading model from /home/minhn2/uiuc-kidney-failure/generated_data/rep_4/four_features_srf_model.dill
Train data path /home/minhn2/uiuc-kidney-failure/generated_data/rep_4/four_features_train_data.csv
Test data path /home/minhn2/uiuc-kidney-failure/generated_data/rep_4/four_features_test_data.csv
Number of patients: test 270 and train 1079
Number of records: test 2376 and train 9416
get_last_observation_data(ExperimentScenario.FOUR_FEATURES): train 9416 rows/1079 subjects -> 1079 rows; test 2376 rows/270 subjects -> 270 rows
[Parallel(n_jobs=2)]: Using backend ThreadingBackend with 2 concurrent workers.
[Parallel(n_jobs=2)]: Done  37 tasks      | elapsed:    0.1s
[Parallel(n_jobs=2)]: Done  50 out of  50 | elapsed:    0.1s finished
[Parallel(n_jobs=2)]: Using backend ThreadingBackend with 2 concurrent workers.
[Parallel(n_jobs=2)]: Done  37 tasks      | elapsed:    0.1s
[Parallel(n_jobs=2)]: Done  50 out of  50 | elapsed:    0.1s finished
Loading model from /home/minhn2/uiuc-kidney-failure/generated_data/rep_4/four_features_survival_svm_model.dill
Train data path /home/minhn2/uiuc-kidney-failure/generated_data/rep_4/four_features_train_data.csv
Test data path /home/minhn2/uiuc-kidney-failure/generated_data/rep_4/four_features_test_data.csv
Number of patients: test 270 and train 1079
Number of records: test 2376 and train 9416
get_last_observation_data(ExperimentScenario.FOUR_FEATURES): train 9416 rows/1079 subjects -> 1079 rows; test 2376 rows/270 subjects -> 270 rows
Loading model from /home/minhn2/uiuc-kidney-failure/generated_data/rep_4/four_features_survival_svm_model.dill
Train data path /home/minhn2/uiuc-kidney-failure/generated_data/rep_4/four_features_train_data.csv
Test data path /home/minhn2/uiuc-kidney-failure/generated_data/rep_4/four_features_test_data.csv
Number of patients: test 270 and train 1079
Number of records: test 2376 and train 9416
get_last_observation_data(ExperimentScenario.FOUR_FEATURES): train 9416 rows/1079 subjects -> 1079 rows; test 2376 rows/270 subjects -> 270 rows
Loading model from /home/minhn2/uiuc-kidney-failure/generated_data/rep_4/four_features_weibul_model.dill
Train data path /home/minhn2/uiuc-kidney-failure/generated_data/rep_4/four_features_train_data.csv
Test data path /home/minhn2/uiuc-kidney-failure/generated_data/rep_4/four_features_test_data.csv
Number of patients: test 270 and train 1079
Number of records: test 2376 and train 9416
get_last_observation_data(ExperimentScenario.FOUR_FEATURES): train 9416 rows/1079 subjects -> 1079 rows; test 2376 rows/270 subjects -> 270 rows
Loading model from /home/minhn2/uiuc-kidney-failure/generated_data/rep_4/four_features_weibul_model.dill
Train data path /home/minhn2/uiuc-kidney-failure/generated_data/rep_4/four_features_train_data.csv
Test data path /home/minhn2/uiuc-kidney-failure/generated_data/rep_4/four_features_test_data.csv
Number of patients: test 270 and train 1079
Number of records: test 2376 and train 9416
get_last_observation_data(ExperimentScenario.FOUR_FEATURES): train 9416 rows/1079 subjects -> 1079 rows; test 2376 rows/270 subjects -> 270 rows
Train data path /home/minhn2/uiuc-kidney-failure/generated_data/rep_4/four_features_train_data.csv
Test data path /home/minhn2/uiuc-kidney-failure/generated_data/rep_4/four_features_test_data.csv
Number of patients: test 270 and train 1079
Number of records: test 2376 and train 9416
get_last_observation_data(ExperimentScenario.FOUR_FEATURES): train 9416 rows/1079 subjects -> 1079 rows; test 2376 rows/270 subjects -> 270 rows
Train data path /home/minhn2/uiuc-kidney-failure/generated_data/rep_4/four_features_train_data.csv
Test data path /home/minhn2/uiuc-kidney-failure/generated_data/rep_4/four_features_test_data.csv
Number of patients: test 270 and train 1079
Number of records: test 2376 and train 9416
get_last_observation_data(ExperimentScenario.FOUR_FEATURES): train 9416 rows/1079 subjects -> 1079 rows; test 2376 rows/270 subjects -> 270 rows

Group composition (patients / events / event proportion):

--- Age group (anchor_age bins — see patient_metadata: NOT landmark age) ---
  <27                      n=2     events=2     event_rate=1.0000   [metrics not computed: needs >= 20 patients and >= 5 events]
  27-54                    n=44    events=40    event_rate=0.9091
  54-82                    n=184   events=134   event_rate=0.7283
  82+                      n=40    events=27    event_rate=0.6750

--- Sex as recorded in patients.csv ---
  F                        n=119   events=95    event_rate=0.7983
  M                        n=151   events=108   event_rate=0.7152

--- Race (collapsed from admissions.csv ethnicity; unknown retained) ---
  ASIAN                    n=9     events=6     event_rate=0.6667   [metrics not computed: needs >= 20 patients and >= 5 events]
  BLACK                    n=70    events=58    event_rate=0.8286
  HISPANIC/LATINO          n=25    events=20    event_rate=0.8000
  NATIVE HAWAIIAN OR OTHER PACIFIC ISLANDER n=1     events=0     event_rate=0.0000   [metrics not computed: needs >= 20 patients and >= 5 events]
  OTHER                    n=6     events=6     event_rate=1.0000   [metrics not computed: needs >= 20 patients and >= 5 events]
  PORTUGUESE               n=1     events=1     event_rate=1.0000   [metrics not computed: needs >= 20 patients and >= 5 events]
  SOUTH AMERICAN           n=1     events=1     event_rate=1.0000   [metrics not computed: needs >= 20 patients and >= 5 events]
  UNKNOWN/NOT RECORDED     n=4     events=4     event_rate=1.0000   [metrics not computed: needs >= 20 patients and >= 5 events]
  WHITE                    n=153   events=107   event_rate=0.6993

Per-group performance, 1000 within-group bootstrap resamples, 95% percentile intervals:
  C-index and mean time-dependent AUC: higher is better. Integrated Brier (0-730d): lower is better.

=== Age group (anchor_age bins — see patient_metadata: NOT landmark age) ===

  [27-54] n=44 events=40
    Cox                  c_index=0.4653 [0.3397, 0.5845]  brier=0.2396 [0.1894, 0.2962] [native]  auc=0.4886 [0.3279, 0.6364]
    Dynamic DeepHit      c_index=0.8106 [0.7042, 0.894]  brier=0.2132 [0.1267, 0.3095] [native]  auc=0.9069 [0.8018, 0.9648]
    Hazard Transformer   c_index=0.5953 [0.4806, 0.7044]  brier=0.2772 [0.2357, 0.3182] [native]  auc=0.6409 [0.487, 0.7777]
    Logistic Hazard      c_index=0.5334 [0.4232, 0.6475]  brier=0.2833 [0.1866, 0.4004] [native]  auc=0.552 [0.3912, 0.7082]
    RNN-Surv             c_index=0.5582 [0.4371, 0.6789]  brier=0.3954 [0.3257, 0.4552] [native]  auc=0.5775 [0.4167, 0.7249]
    DeepSurv             c_index=0.5396 [0.4215, 0.6501]  brier=0.2602 [0.2358, 0.2815] [fitted-conversion]  auc=0.5258 [0.3571, 0.6727]
    GBSA                 c_index=0.5012 [0.3879, 0.6274]  brier=0.2731 [0.2331, 0.321] [native]  auc=0.5227 [0.3727, 0.6988]
    Survival RF          c_index=0.4592 [0.3371, 0.5847]  brier=0.2721 [0.2375, 0.3086] [native]  auc=0.5006 [0.3325, 0.6516]
    Survival SVM         c_index=0.4814 [0.3657, 0.5986]  brier=0.2594 [0.2273, 0.2939] [fitted-conversion]  auc=0.4837 [0.3224, 0.6336]
    Weibull AFT          c_index=0.4703 [0.3477, 0.5906]  brier=0.2391 [0.1875, 0.2976] [native]  auc=0.4782 [0.3136, 0.6266]
    KFRE                 c_index=0.4777 [0.3571, 0.5954]  brier=0.6117 [0.4773, 0.7402] [fitted-conversion]  auc=0.5041 [0.3547, 0.6537]

  [54-82] n=184 events=134
    Cox                  c_index=0.5526 [0.4916, 0.6108]  brier=0.2653 [0.2358, 0.2973] [native]  auc=0.5657 [0.4775, 0.6404]
    Dynamic DeepHit      c_index=0.8258 [0.7854, 0.8628]  brier=0.1332 [0.1018, 0.165] [native]  auc=0.9355 [0.8978, 0.9606]
    Hazard Transformer   c_index=0.6178 [0.5615, 0.6692]  brier=0.247 [0.2261, 0.2665] [native]  auc=0.6946 [0.6159, 0.758]
    Logistic Hazard      c_index=0.5253 [0.4642, 0.5878]  brier=0.3535 [0.2981, 0.4137] [native]  auc=0.5115 [0.4219, 0.5996]
    RNN-Surv             c_index=0.5698 [0.5107, 0.6276]  brier=0.3 [0.2671, 0.3318] [native]  auc=0.5707 [0.488, 0.647]
    DeepSurv             c_index=0.4924 [0.434, 0.5533]  brier=0.2451 [0.2279, 0.2601] [fitted-conversion]  auc=0.4798 [0.3993, 0.5755]
    GBSA                 c_index=0.4829 [0.4152, 0.5458]  brier=0.2859 [0.254, 0.3182] [native]  auc=0.4929 [0.4027, 0.5713]
    Survival RF          c_index=0.5287 [0.4648, 0.5878]  brier=0.2596 [0.2358, 0.2826] [native]  auc=0.5591 [0.4714, 0.637]
    Survival SVM         c_index=0.5596 [0.5024, 0.6171]  brier=0.2444 [0.2258, 0.2612] [fitted-conversion]  auc=0.581 [0.495, 0.6595]
    Weibull AFT          c_index=0.5587 [0.4983, 0.6191]  brier=0.2655 [0.2355, 0.2979] [native]  auc=0.5786 [0.4902, 0.655]
    KFRE                 c_index=0.5528 [0.4944, 0.6119]  brier=0.434 [0.3676, 0.4999] [fitted-conversion]  auc=0.5667 [0.4835, 0.6395]

  [82+] n=40 events=27
    Cox                  c_index=0.5827 [0.4629, 0.701]  brier=0.2447 [0.188, 0.3043] [native]  auc=0.6274 [0.4609, 0.775]
    Dynamic DeepHit      c_index=0.7868 [0.683, 0.884]  brier=0.1393 [0.0844, 0.2044] [native]  auc=0.8762 [0.7561, 0.9544]
    Hazard Transformer   c_index=0.6085 [0.4864, 0.7228]  brier=0.2336 [0.1913, 0.2759] [native]  auc=0.6826 [0.5156, 0.8135]
    Logistic Hazard      c_index=0.5588 [0.4335, 0.6869]  brier=0.3409 [0.2299, 0.4596] [native]  auc=0.5849 [0.4127, 0.7338]
    RNN-Surv             c_index=0.5404 [0.4152, 0.6575]  brier=0.2894 [0.2167, 0.3705] [native]  auc=0.5979 [0.4143, 0.7347]
    DeepSurv             c_index=0.5496 [0.402, 0.6909]  brier=0.2286 [0.1904, 0.2634] [fitted-conversion]  auc=0.5366 [0.3613, 0.7128]
    GBSA                 c_index=0.4283 [0.3061, 0.5689]  brier=0.2755 [0.2127, 0.3427] [native]  auc=0.4008 [0.241, 0.5855]
    Survival RF          c_index=0.5092 [0.3916, 0.6289]  brier=0.2373 [0.194, 0.2818] [native]  auc=0.5135 [0.3369, 0.6759]
    Survival SVM         c_index=0.546 [0.4304, 0.6623]  brier=0.2314 [0.1907, 0.2722] [fitted-conversion]  auc=0.5918 [0.415, 0.7377]
    Weibull AFT          c_index=0.5496 [0.4311, 0.6693]  brier=0.2462 [0.1888, 0.3069] [native]  auc=0.5956 [0.4185, 0.7458]
    KFRE                 c_index=0.5533 [0.4265, 0.6794]  brier=0.4043 [0.2817, 0.5433] [fitted-conversion]  auc=0.6029 [0.4205, 0.7568]

=== Sex as recorded in patients.csv ===

  [F] n=119 events=95
    Cox                  c_index=0.5274 [0.4536, 0.6042]  brier=0.2538 [0.2185, 0.2898] [native]  auc=0.5338 [0.4385, 0.6366]
    Dynamic DeepHit      c_index=0.8341 [0.783, 0.8767]  brier=0.1462 [0.1074, 0.1882] [native]  auc=0.9403 [0.8926, 0.9665]
    Hazard Transformer   c_index=0.607 [0.5306, 0.68]  brier=0.2529 [0.227, 0.2778] [native]  auc=0.6869 [0.5846, 0.7769]
    Logistic Hazard      c_index=0.4962 [0.4234, 0.5751]  brier=0.3182 [0.2539, 0.382] [native]  auc=0.4786 [0.3815, 0.5863]
    RNN-Surv             c_index=0.5232 [0.4495, 0.5981]  brier=0.3316 [0.2909, 0.3726] [native]  auc=0.5203 [0.4263, 0.6201]
    DeepSurv             c_index=0.4978 [0.4253, 0.5736]  brier=0.2473 [0.2264, 0.2665] [fitted-conversion]  auc=0.4879 [0.3913, 0.5892]
    GBSA                 c_index=0.5047 [0.428, 0.5718]  brier=0.2749 [0.2385, 0.3123] [native]  auc=0.5125 [0.4083, 0.6084]
    Survival RF          c_index=0.5121 [0.4353, 0.5916]  brier=0.2593 [0.231, 0.2867] [native]  auc=0.5253 [0.4239, 0.6308]
    Survival SVM         c_index=0.555 [0.4778, 0.6284]  brier=0.2457 [0.2234, 0.2681] [fitted-conversion]  auc=0.5631 [0.4625, 0.6582]
    Weibull AFT          c_index=0.5379 [0.4623, 0.6142]  brier=0.2536 [0.2176, 0.2899] [native]  auc=0.5429 [0.4425, 0.6405]
    KFRE                 c_index=0.5128 [0.442, 0.5888]  brier=0.4832 [0.3973, 0.5608] [fitted-conversion]  auc=0.5193 [0.4238, 0.6234]

  [M] n=151 events=108
    Cox                  c_index=0.5558 [0.4924, 0.6168]  brier=0.2595 [0.2287, 0.2922] [native]  auc=0.5805 [0.4888, 0.6579]
    Dynamic DeepHit      c_index=0.8147 [0.7691, 0.8612]  brier=0.1461 [0.109, 0.1821] [native]  auc=0.9154 [0.8679, 0.9492]
    Hazard Transformer   c_index=0.6164 [0.559, 0.6738]  brier=0.247 [0.2239, 0.268] [native]  auc=0.6787 [0.5966, 0.754]
    Logistic Hazard      c_index=0.5553 [0.4895, 0.6213]  brier=0.3542 [0.2921, 0.4166] [native]  auc=0.5719 [0.4787, 0.6593]
    RNN-Surv             c_index=0.5926 [0.5332, 0.6567]  brier=0.3037 [0.2629, 0.3421] [native]  auc=0.624 [0.5436, 0.7058]
    DeepSurv             c_index=0.4939 [0.4277, 0.5649]  brier=0.2437 [0.2246, 0.2601] [fitted-conversion]  auc=0.4791 [0.3954, 0.578]
    GBSA                 c_index=0.4683 [0.4017, 0.537]  brier=0.2866 [0.2545, 0.3209] [native]  auc=0.4597 [0.3659, 0.5488]
    Survival RF          c_index=0.5431 [0.4729, 0.6097]  brier=0.2567 [0.2314, 0.2828] [native]  auc=0.5741 [0.4787, 0.6596]
    Survival SVM         c_index=0.5578 [0.4938, 0.6158]  brier=0.2434 [0.2226, 0.2621] [fitted-conversion]  auc=0.5836 [0.4914, 0.664]
    Weibull AFT          c_index=0.5612 [0.4959, 0.6196]  brier=0.2601 [0.2293, 0.2935] [native]  auc=0.5834 [0.4934, 0.6617]
    KFRE                 c_index=0.5533 [0.4899, 0.6136]  brier=0.4402 [0.3703, 0.514] [fitted-conversion]  auc=0.5822 [0.4909, 0.6567]

=== Race (collapsed from admissions.csv ethnicity; unknown retained) ===

  [BLACK] n=70 events=58
    Cox                  c_index=0.4688 [0.3796, 0.5558]  brier=0.3317 [0.2795, 0.3845] [native]  auc=0.4572 [0.3368, 0.585]
    Dynamic DeepHit      c_index=0.8304 [0.7594, 0.8846]  brier=0.137 [0.0891, 0.1927] [native]  auc=0.9384 [0.8781, 0.9764]
    Hazard Transformer   c_index=0.6052 [0.5144, 0.6933]  brier=0.2682 [0.2402, 0.2954] [native]  auc=0.6607 [0.5349, 0.7857]
    Logistic Hazard      c_index=0.4765 [0.3904, 0.5624]  brier=0.4726 [0.3678, 0.5722] [native]  auc=0.4324 [0.3141, 0.5595]
    RNN-Surv             c_index=0.5434 [0.4458, 0.6419]  brier=0.3035 [0.2464, 0.3579] [native]  auc=0.5717 [0.4419, 0.6952]
    DeepSurv             c_index=0.4969 [0.4039, 0.5885]  brier=0.2835 [0.2602, 0.303] [fitted-conversion]  auc=0.5003 [0.3634, 0.6266]
    GBSA                 c_index=0.4951 [0.4049, 0.5885]  brier=0.3121 [0.2651, 0.3618] [native]  auc=0.5054 [0.3659, 0.6386]
    Survival RF          c_index=0.5061 [0.4065, 0.5968]  brier=0.2975 [0.264, 0.3332] [native]  auc=0.5571 [0.4235, 0.6906]
    Survival SVM         c_index=0.4862 [0.3878, 0.5728]  brier=0.2881 [0.2601, 0.3161] [fitted-conversion]  auc=0.4594 [0.3254, 0.5845]
    Weibull AFT          c_index=0.4765 [0.3841, 0.5638]  brier=0.3329 [0.2791, 0.3855] [native]  auc=0.453 [0.3239, 0.5815]
    KFRE                 c_index=0.478 [0.387, 0.566]  brier=0.4448 [0.3337, 0.5525] [fitted-conversion]  auc=0.4654 [0.343, 0.5947]

  [HISPANIC/LATINO] n=25 events=20
    Cox                  c_index=0.5263 [0.347, 0.7136]  brier=0.2545 [0.18, 0.3453] [native]  auc=0.5629 [0.3258, 0.7907]
    Dynamic DeepHit      c_index=0.8289 [0.7016, 0.9275]  brier=0.1491 [0.0556, 0.2608] [native]  auc=0.9168 [0.7698, 0.9821]
    Hazard Transformer   c_index=0.7018 [0.5454, 0.8354]  brier=0.236 [0.1862, 0.2873] [native]  auc=0.7896 [0.5862, 0.9358]
    Logistic Hazard      c_index=0.5746 [0.3859, 0.7595]  brier=0.3325 [0.1851, 0.5085] [native]  auc=0.5965 [0.335, 0.802]
    RNN-Surv             c_index=0.6316 [0.4687, 0.7871]  brier=0.3234 [0.2317, 0.4137] [native]  auc=0.6545 [0.4459, 0.8616]
    DeepSurv             c_index=0.5132 [0.3421, 0.6776]  brier=0.2534 [0.2115, 0.2946] [fitted-conversion]  auc=0.4454 [0.2196, 0.6846]
    GBSA                 c_index=0.3421 [0.2069, 0.5001]  brier=0.341 [0.2635, 0.4343] [native]  auc=0.2451 [0.0883, 0.4405]
    Survival RF          c_index=0.4693 [0.2901, 0.6765]  brier=0.2713 [0.2128, 0.3305] [native]  auc=0.4853 [0.2578, 0.7179]
    Survival SVM         c_index=0.5614 [0.3816, 0.7406]  brier=0.2399 [0.1902, 0.2905] [fitted-conversion]  auc=0.6206 [0.3752, 0.8424]
    Weibull AFT          c_index=0.5482 [0.3655, 0.7356]  brier=0.2555 [0.1813, 0.3478] [native]  auc=0.6055 [0.3575, 0.8289]
    KFRE                 c_index=0.5175 [0.3376, 0.7081]  brier=0.5445 [0.3476, 0.7349] [fitted-conversion]  auc=0.5779 [0.3488, 0.8043]

  [WHITE] n=153 events=107
    Cox                  c_index=0.5872 [0.5206, 0.6579]  brier=0.2351 [0.2027, 0.2677] [native]  auc=0.6069 [0.5175, 0.6933]
    Dynamic DeepHit      c_index=0.8312 [0.7878, 0.8698]  brier=0.1377 [0.1035, 0.1728] [native]  auc=0.9312 [0.8873, 0.9591]
    Hazard Transformer   c_index=0.6208 [0.5519, 0.6848]  brier=0.2367 [0.2146, 0.2593] [native]  auc=0.691 [0.6038, 0.7675]
    Logistic Hazard      c_index=0.5734 [0.4992, 0.6485]  brier=0.3004 [0.2392, 0.3652] [native]  auc=0.5866 [0.485, 0.6891]
    RNN-Surv             c_index=0.5773 [0.5093, 0.6465]  brier=0.3068 [0.2671, 0.3429] [native]  auc=0.5953 [0.514, 0.682]
    DeepSurv             c_index=0.5207 [0.4496, 0.5947]  brier=0.2296 [0.2096, 0.2477] [fitted-conversion]  auc=0.5139 [0.4193, 0.6152]
    GBSA                 c_index=0.4988 [0.4313, 0.5673]  brier=0.2628 [0.2285, 0.2978] [native]  auc=0.4982 [0.406, 0.584]
    Survival RF          c_index=0.5612 [0.4902, 0.6314]  brier=0.2354 [0.2091, 0.263] [native]  auc=0.5759 [0.4821, 0.6615]
    Survival SVM         c_index=0.6001 [0.5366, 0.6693]  brier=0.2242 [0.2032, 0.243] [fitted-conversion]  auc=0.6243 [0.5373, 0.7074]
    Weibull AFT          c_index=0.5958 [0.5308, 0.6629]  brier=0.235 [0.2024, 0.2682] [native]  auc=0.617 [0.53, 0.7039]
    KFRE                 c_index=0.5703 [0.5026, 0.6424]  brier=0.4378 [0.3652, 0.5103] [fitted-conversion]  auc=0.5917 [0.4989, 0.6796]
Subgroup report saved to: /home/minhn2/uiuc-kidney-failure/generated_data/rep_4/four_features_subgroup_performance_report.txt
Train data path /home/minhn2/uiuc-kidney-failure/generated_data/rep_4/eight_features_train_data.csv
Test data path /home/minhn2/uiuc-kidney-failure/generated_data/rep_4/eight_features_test_data.csv
Number of patients: test 107 and train 425
Number of records: test 411 and train 1680
================================================================================
SUBGROUP PERFORMANCE ANALYSIS - EIGHT_FEATURES
================================================================================
Subgroup PERFORMANCE, not a fairness evaluation — see this module's docstring.

train: 1680 lab-event rows -> 425 patients, 327 events (patient-level event rate 0.7694)
test: 411 lab-event rows -> 107 patients, 82 events (patient-level event rate 0.7664)
IPCW censoring reference: the full training cohort (425 patients), not a per-group one; evaluation capped at 2891.9 days (training follow-up 2891.9 days).

Patient metadata join:
  107 held-out patients; 0 with no patients.csv row
  Age variable — anchor_age from patients.csv — the patient's age in their MIMIC anchor year, NOT their age at the prediction landmark; the exported scenario CSVs carry no absolute timestamp, so landmark age is not derivable here
  Time from each patient's first lab record to their prediction landmark: median 0.002 y, p90 1.919 y, max 7.846 y — the landmark can sit this far from the anchor year the age is measured at.
  Race — most frequently recorded race across the patient's admissions, ties broken by earliest admission; patients with no recorded value are kept as UNKNOWN/NOT RECORDED
    106/107 patients have a recorded race; 1 retained as unknown; 5 have more than one recorded value across admissions; 1 admission rows carry declined/unobtainable/unknown.
Loading model from /home/minhn2/uiuc-kidney-failure/generated_data/rep_4/eight_features_cox_model.dill
Train data path /home/minhn2/uiuc-kidney-failure/generated_data/rep_4/eight_features_train_data.csv
Test data path /home/minhn2/uiuc-kidney-failure/generated_data/rep_4/eight_features_test_data.csv
Number of patients: test 107 and train 425
Number of records: test 411 and train 1680
get_last_observation_data(ExperimentScenario.EIGHT_FEATURES): train 1680 rows/425 subjects -> 425 rows; test 411 rows/107 subjects -> 107 rows
Loading model from /home/minhn2/uiuc-kidney-failure/generated_data/rep_4/eight_features_cox_model.dill
Train data path /home/minhn2/uiuc-kidney-failure/generated_data/rep_4/eight_features_train_data.csv
Test data path /home/minhn2/uiuc-kidney-failure/generated_data/rep_4/eight_features_test_data.csv
Number of patients: test 107 and train 425
Number of records: test 411 and train 1680
get_last_observation_data(ExperimentScenario.EIGHT_FEATURES): train 1680 rows/425 subjects -> 425 rows; test 411 rows/107 subjects -> 107 rows
Train data path /home/minhn2/uiuc-kidney-failure/generated_data/rep_4/eight_features_train_data.csv
Test data path /home/minhn2/uiuc-kidney-failure/generated_data/rep_4/eight_features_test_data.csv
Number of patients: test 107 and train 425
Number of records: test 411 and train 1680
Train data path /home/minhn2/uiuc-kidney-failure/generated_data/rep_4/eight_features_train_data.csv
Test data path /home/minhn2/uiuc-kidney-failure/generated_data/rep_4/eight_features_test_data.csv
Number of patients: test 107 and train 425
Number of records: test 411 and train 1680
Train data path /home/minhn2/uiuc-kidney-failure/generated_data/rep_4/eight_features_train_data.csv
Test data path /home/minhn2/uiuc-kidney-failure/generated_data/rep_4/eight_features_test_data.csv
Number of patients: test 107 and train 425
Number of records: test 411 and train 1680
Train data path /home/minhn2/uiuc-kidney-failure/generated_data/rep_4/eight_features_train_data.csv
Test data path /home/minhn2/uiuc-kidney-failure/generated_data/rep_4/eight_features_test_data.csv
Number of patients: test 107 and train 425
Number of records: test 411 and train 1680
Train data path /home/minhn2/uiuc-kidney-failure/generated_data/rep_4/eight_features_train_data.csv
Test data path /home/minhn2/uiuc-kidney-failure/generated_data/rep_4/eight_features_test_data.csv
Number of patients: test 107 and train 425
Number of records: test 411 and train 1680
Train data path /home/minhn2/uiuc-kidney-failure/generated_data/rep_4/eight_features_train_data.csv
Test data path /home/minhn2/uiuc-kidney-failure/generated_data/rep_4/eight_features_test_data.csv
Number of patients: test 107 and train 425
Number of records: test 411 and train 1680
Train data path /home/minhn2/uiuc-kidney-failure/generated_data/rep_4/eight_features_train_data.csv
Test data path /home/minhn2/uiuc-kidney-failure/generated_data/rep_4/eight_features_test_data.csv
Number of patients: test 107 and train 425
Number of records: test 411 and train 1680
get_last_observation_data(ExperimentScenario.EIGHT_FEATURES): train 1680 rows/425 subjects -> 425 rows; test 411 rows/107 subjects -> 107 rows
Train data path /home/minhn2/uiuc-kidney-failure/generated_data/rep_4/eight_features_train_data.csv
Test data path /home/minhn2/uiuc-kidney-failure/generated_data/rep_4/eight_features_test_data.csv
Number of patients: test 107 and train 425
Number of records: test 411 and train 1680
get_last_observation_data(ExperimentScenario.EIGHT_FEATURES): train 1680 rows/425 subjects -> 425 rows; test 411 rows/107 subjects -> 107 rows
Train data path /home/minhn2/uiuc-kidney-failure/generated_data/rep_4/eight_features_train_data.csv
Test data path /home/minhn2/uiuc-kidney-failure/generated_data/rep_4/eight_features_test_data.csv
Number of patients: test 107 and train 425
Number of records: test 411 and train 1680
get_last_observation_data(ExperimentScenario.EIGHT_FEATURES): train 1680 rows/425 subjects -> 425 rows; test 411 rows/107 subjects -> 107 rows
Train data path /home/minhn2/uiuc-kidney-failure/generated_data/rep_4/eight_features_train_data.csv
Test data path /home/minhn2/uiuc-kidney-failure/generated_data/rep_4/eight_features_test_data.csv
Number of patients: test 107 and train 425
Number of records: test 411 and train 1680
get_last_observation_data(ExperimentScenario.EIGHT_FEATURES): train 1680 rows/425 subjects -> 425 rows; test 411 rows/107 subjects -> 107 rows
Loading model from /home/minhn2/uiuc-kidney-failure/generated_data/rep_4/eight_features_gbsa_model.dill
Train data path /home/minhn2/uiuc-kidney-failure/generated_data/rep_4/eight_features_train_data.csv
Test data path /home/minhn2/uiuc-kidney-failure/generated_data/rep_4/eight_features_test_data.csv
Number of patients: test 107 and train 425
Number of records: test 411 and train 1680
get_last_observation_data(ExperimentScenario.EIGHT_FEATURES): train 1680 rows/425 subjects -> 425 rows; test 411 rows/107 subjects -> 107 rows
Loading model from /home/minhn2/uiuc-kidney-failure/generated_data/rep_4/eight_features_gbsa_model.dill
Train data path /home/minhn2/uiuc-kidney-failure/generated_data/rep_4/eight_features_train_data.csv
Test data path /home/minhn2/uiuc-kidney-failure/generated_data/rep_4/eight_features_test_data.csv
Number of patients: test 107 and train 425
Number of records: test 411 and train 1680
get_last_observation_data(ExperimentScenario.EIGHT_FEATURES): train 1680 rows/425 subjects -> 425 rows; test 411 rows/107 subjects -> 107 rows
Loading model from /home/minhn2/uiuc-kidney-failure/generated_data/rep_4/eight_features_srf_model.dill
Train data path /home/minhn2/uiuc-kidney-failure/generated_data/rep_4/eight_features_train_data.csv
Test data path /home/minhn2/uiuc-kidney-failure/generated_data/rep_4/eight_features_test_data.csv
Number of patients: test 107 and train 425
Number of records: test 411 and train 1680
get_last_observation_data(ExperimentScenario.EIGHT_FEATURES): train 1680 rows/425 subjects -> 425 rows; test 411 rows/107 subjects -> 107 rows
[Parallel(n_jobs=2)]: Using backend ThreadingBackend with 2 concurrent workers.
[Parallel(n_jobs=2)]: Done  37 tasks      | elapsed:    0.0s
[Parallel(n_jobs=2)]: Done  50 out of  50 | elapsed:    0.0s finished
[Parallel(n_jobs=2)]: Using backend ThreadingBackend with 2 concurrent workers.
[Parallel(n_jobs=2)]: Done  37 tasks      | elapsed:    0.0s
[Parallel(n_jobs=2)]: Done  50 out of  50 | elapsed:    0.0s finished
Loading model from /home/minhn2/uiuc-kidney-failure/generated_data/rep_4/eight_features_srf_model.dill
Train data path /home/minhn2/uiuc-kidney-failure/generated_data/rep_4/eight_features_train_data.csv
Test data path /home/minhn2/uiuc-kidney-failure/generated_data/rep_4/eight_features_test_data.csv
Number of patients: test 107 and train 425
Number of records: test 411 and train 1680
get_last_observation_data(ExperimentScenario.EIGHT_FEATURES): train 1680 rows/425 subjects -> 425 rows; test 411 rows/107 subjects -> 107 rows
[Parallel(n_jobs=2)]: Using backend ThreadingBackend with 2 concurrent workers.
[Parallel(n_jobs=2)]: Done  37 tasks      | elapsed:    0.0s
[Parallel(n_jobs=2)]: Done  50 out of  50 | elapsed:    0.0s finished
[Parallel(n_jobs=2)]: Using backend ThreadingBackend with 2 concurrent workers.
[Parallel(n_jobs=2)]: Done  37 tasks      | elapsed:    0.0s
[Parallel(n_jobs=2)]: Done  50 out of  50 | elapsed:    0.0s finished
Loading model from /home/minhn2/uiuc-kidney-failure/generated_data/rep_4/eight_features_survival_svm_model.dill
Train data path /home/minhn2/uiuc-kidney-failure/generated_data/rep_4/eight_features_train_data.csv
Test data path /home/minhn2/uiuc-kidney-failure/generated_data/rep_4/eight_features_test_data.csv
Number of patients: test 107 and train 425
Number of records: test 411 and train 1680
get_last_observation_data(ExperimentScenario.EIGHT_FEATURES): train 1680 rows/425 subjects -> 425 rows; test 411 rows/107 subjects -> 107 rows
Loading model from /home/minhn2/uiuc-kidney-failure/generated_data/rep_4/eight_features_survival_svm_model.dill
Train data path /home/minhn2/uiuc-kidney-failure/generated_data/rep_4/eight_features_train_data.csv
Test data path /home/minhn2/uiuc-kidney-failure/generated_data/rep_4/eight_features_test_data.csv
Number of patients: test 107 and train 425
Number of records: test 411 and train 1680
get_last_observation_data(ExperimentScenario.EIGHT_FEATURES): train 1680 rows/425 subjects -> 425 rows; test 411 rows/107 subjects -> 107 rows
Loading model from /home/minhn2/uiuc-kidney-failure/generated_data/rep_4/eight_features_weibul_model.dill
Train data path /home/minhn2/uiuc-kidney-failure/generated_data/rep_4/eight_features_train_data.csv
Test data path /home/minhn2/uiuc-kidney-failure/generated_data/rep_4/eight_features_test_data.csv
Number of patients: test 107 and train 425
Number of records: test 411 and train 1680
get_last_observation_data(ExperimentScenario.EIGHT_FEATURES): train 1680 rows/425 subjects -> 425 rows; test 411 rows/107 subjects -> 107 rows
Loading model from /home/minhn2/uiuc-kidney-failure/generated_data/rep_4/eight_features_weibul_model.dill
Train data path /home/minhn2/uiuc-kidney-failure/generated_data/rep_4/eight_features_train_data.csv
Test data path /home/minhn2/uiuc-kidney-failure/generated_data/rep_4/eight_features_test_data.csv
Number of patients: test 107 and train 425
Number of records: test 411 and train 1680
get_last_observation_data(ExperimentScenario.EIGHT_FEATURES): train 1680 rows/425 subjects -> 425 rows; test 411 rows/107 subjects -> 107 rows
Train data path /home/minhn2/uiuc-kidney-failure/generated_data/rep_4/eight_features_train_data.csv
Test data path /home/minhn2/uiuc-kidney-failure/generated_data/rep_4/eight_features_test_data.csv
Number of patients: test 107 and train 425
Number of records: test 411 and train 1680
get_last_observation_data(ExperimentScenario.EIGHT_FEATURES): train 1680 rows/425 subjects -> 425 rows; test 411 rows/107 subjects -> 107 rows
Train data path /home/minhn2/uiuc-kidney-failure/generated_data/rep_4/eight_features_train_data.csv
Test data path /home/minhn2/uiuc-kidney-failure/generated_data/rep_4/eight_features_test_data.csv
Number of patients: test 107 and train 425
Number of records: test 411 and train 1680
get_last_observation_data(ExperimentScenario.EIGHT_FEATURES): train 1680 rows/425 subjects -> 425 rows; test 411 rows/107 subjects -> 107 rows

Group composition (patients / events / event proportion):

--- Age group (anchor_age bins — see patient_metadata: NOT landmark age) ---
  <27                      n=2     events=2     event_rate=1.0000   [metrics not computed: needs >= 20 patients and >= 5 events]
  27-54                    n=21    events=18    event_rate=0.8571
  54-82                    n=69    events=54    event_rate=0.7826
  82+                      n=15    events=8     event_rate=0.5333   [metrics not computed: needs >= 20 patients and >= 5 events]

--- Sex as recorded in patients.csv ---
  F                        n=48    events=36    event_rate=0.7500
  M                        n=59    events=46    event_rate=0.7797

--- Race (collapsed from admissions.csv ethnicity; unknown retained) ---
  ASIAN                    n=5     events=3     event_rate=0.6000   [metrics not computed: needs >= 20 patients and >= 5 events]
  BLACK                    n=23    events=19    event_rate=0.8261
  HISPANIC/LATINO          n=6     events=4     event_rate=0.6667   [metrics not computed: needs >= 20 patients and >= 5 events]
  OTHER                    n=2     events=1     event_rate=0.5000   [metrics not computed: needs >= 20 patients and >= 5 events]
  SOUTH AMERICAN           n=1     events=1     event_rate=1.0000   [metrics not computed: needs >= 20 patients and >= 5 events]
  UNKNOWN/NOT RECORDED     n=1     events=1     event_rate=1.0000   [metrics not computed: needs >= 20 patients and >= 5 events]
  WHITE                    n=69    events=53    event_rate=0.7681

Per-group performance, 1000 within-group bootstrap resamples, 95% percentile intervals:
  C-index and mean time-dependent AUC: higher is better. Integrated Brier (0-730d): lower is better.

=== Age group (anchor_age bins — see patient_metadata: NOT landmark age) ===

  [27-54] n=21 events=18
    Cox                  c_index=0.7929 [0.6387, 0.9286]  brier=0.4284 [0.2135, 0.675] [native]  auc=0.8369 [0.6437, 0.9792]
    Dynamic DeepHit      c_index=0.8994 [0.7917, 0.9872]  brier=0.1824 [0.1019, 0.2659] [native]  auc=0.9569 [0.834, 1.0]
    Hazard Transformer   c_index=0.5799 [0.3959, 0.7518]  brier=0.4087 [0.2116, 0.6392] [native]  auc=0.611 [0.3668, 0.8288]
    Logistic Hazard      c_index=0.6864 [0.4712, 0.863]  brier=0.3383 [0.1615, 0.5531] [native]  auc=0.6622 [0.441, 0.8728]
    RNN-Surv             c_index=0.5858 [0.356, 0.7684]  brier=0.3597 [0.2861, 0.4225] [native]  auc=0.5624 [0.2956, 0.8159]
    DeepSurv             c_index=0.6923 [0.5108, 0.8592]  brier=0.3483 [0.1997, 0.5212] [fitted-conversion]  auc=0.7006 [0.4965, 0.8879]
    GBSA                 c_index=0.4734 [0.2429, 0.6988]  brier=0.3905 [0.1855, 0.631] [native]  auc=0.479 [0.2104, 0.7444]
    Survival RF          c_index=0.7219 [0.5402, 0.8733]  brier=0.3339 [0.1849, 0.5002] [native]  auc=0.7916 [0.5919, 0.9604]
    Survival SVM         c_index=0.6805 [0.4911, 0.8589]  brier=0.3487 [0.2, 0.5214] [fitted-conversion]  auc=0.6782 [0.4396, 0.8793]
    Weibull AFT          c_index=0.716 [0.5107, 0.9029]  brier=0.3954 [0.2084, 0.6164] [native]  auc=0.7074 [0.4606, 0.9385]
    KFRE                 c_index=0.6213 [0.4125, 0.7917]  brier=0.6174 [0.4061, 0.8148] [fitted-conversion]  auc=0.6231 [0.3455, 0.8276]

  [54-82] n=69 events=54
    Cox                  c_index=0.5487 [0.4525, 0.6409]  brier=0.2627 [0.1513, 0.3884] [native]  auc=0.5607 [0.405, 0.7011]
    Dynamic DeepHit      c_index=0.795 [0.7195, 0.8535]  brier=0.1587 [0.0984, 0.2374] [native]  auc=0.9046 [0.8219, 0.9618]
    Hazard Transformer   c_index=0.5432 [0.4451, 0.6399]  brier=0.2484 [0.1479, 0.3628] [native]  auc=0.5423 [0.394, 0.6864]
    Logistic Hazard      c_index=0.5862 [0.4892, 0.6811]  brier=0.2613 [0.148, 0.3875] [native]  auc=0.5861 [0.4193, 0.7319]
    RNN-Surv             c_index=0.5851 [0.5003, 0.6671]  brier=0.3207 [0.2787, 0.3589] [native]  auc=0.5921 [0.4236, 0.733]
    DeepSurv             c_index=0.5367 [0.4339, 0.6252]  brier=0.2192 [0.1444, 0.3044] [fitted-conversion]  auc=0.5297 [0.3734, 0.667]
    GBSA                 c_index=0.5639 [0.4705, 0.658]  brier=0.2689 [0.1542, 0.4013] [native]  auc=0.4633 [0.3174, 0.6213]
    Survival RF          c_index=0.6215 [0.5321, 0.7079]  brier=0.229 [0.1422, 0.3309] [native]  auc=0.6328 [0.4798, 0.763]
    Survival SVM         c_index=0.5198 [0.4222, 0.6068]  brier=0.2192 [0.1444, 0.3044] [fitted-conversion]  auc=0.5109 [0.3418, 0.6467]
    Weibull AFT          c_index=0.5672 [0.4708, 0.6612]  brier=0.242 [0.146, 0.3511] [native]  auc=0.6092 [0.4677, 0.7308]
    KFRE                 c_index=0.5351 [0.4266, 0.6341]  brier=0.5463 [0.4263, 0.6729] [fitted-conversion]  auc=0.5632 [0.3927, 0.719]

=== Sex as recorded in patients.csv ===

  [F] n=48 events=36
    Cox                  c_index=0.6433 [0.5247, 0.7509]  brier=0.2519 [0.1282, 0.409] [native]  auc=0.6074 [0.4158, 0.787]
    Dynamic DeepHit      c_index=0.8216 [0.7407, 0.8865]  brier=0.1658 [0.0891, 0.2788] [native]  auc=0.8789 [0.7691, 0.9378]
    Hazard Transformer   c_index=0.5662 [0.4491, 0.6802]  brier=0.2347 [0.1246, 0.3761] [native]  auc=0.5471 [0.3556, 0.7153]
    Logistic Hazard      c_index=0.5777 [0.4635, 0.6837]  brier=0.2612 [0.1377, 0.4178] [native]  auc=0.5216 [0.3337, 0.6914]
    RNN-Surv             c_index=0.5201 [0.4112, 0.6345]  brier=0.3107 [0.2597, 0.3612] [native]  auc=0.4744 [0.3056, 0.6679]
    DeepSurv             c_index=0.5639 [0.4378, 0.6909]  brier=0.2117 [0.1256, 0.3225] [fitted-conversion]  auc=0.5361 [0.3349, 0.725]
    GBSA                 c_index=0.5259 [0.4148, 0.6361]  brier=0.2738 [0.1447, 0.4413] [native]  auc=0.3681 [0.23, 0.5345]
    Survival RF          c_index=0.6053 [0.4962, 0.7051]  brier=0.2289 [0.1321, 0.3559] [native]  auc=0.5867 [0.4139, 0.7545]
    Survival SVM         c_index=0.5512 [0.427, 0.674]  brier=0.2117 [0.1257, 0.3227] [fitted-conversion]  auc=0.5586 [0.3734, 0.7318]
    Weibull AFT          c_index=0.6341 [0.5233, 0.7398]  brier=0.2316 [0.1242, 0.3687] [native]  auc=0.5932 [0.4187, 0.7625]
    KFRE                 c_index=0.5558 [0.4116, 0.6747]  brier=0.5301 [0.3854, 0.6899] [fitted-conversion]  auc=0.4974 [0.2897, 0.6876]

  [M] n=59 events=46
    Cox                  c_index=0.5471 [0.4452, 0.6565]  brier=0.2709 [0.1577, 0.4114] [native]  auc=0.5925 [0.4452, 0.7376]
    Dynamic DeepHit      c_index=0.8493 [0.7876, 0.9025]  brier=0.1373 [0.0941, 0.1847] [native]  auc=0.9368 [0.8742, 0.9761]
    Hazard Transformer   c_index=0.5464 [0.4417, 0.6501]  brier=0.2609 [0.1562, 0.3936] [native]  auc=0.6199 [0.4761, 0.7545]
    Logistic Hazard      c_index=0.643 [0.5312, 0.7529]  brier=0.2324 [0.132, 0.3573] [native]  auc=0.6979 [0.5613, 0.8284]
    RNN-Surv             c_index=0.6291 [0.5303, 0.7246]  brier=0.3265 [0.2768, 0.372] [native]  auc=0.6792 [0.5239, 0.8161]
    DeepSurv             c_index=0.6028 [0.5, 0.7105]  brier=0.2287 [0.1501, 0.3252] [fitted-conversion]  auc=0.5855 [0.4314, 0.7257]
    GBSA                 c_index=0.534 [0.4094, 0.6576]  brier=0.2542 [0.1445, 0.3915] [native]  auc=0.5639 [0.3951, 0.7402]
    Survival RF          c_index=0.6151 [0.5146, 0.71]  brier=0.2269 [0.1482, 0.325] [native]  auc=0.6754 [0.5246, 0.8102]
    Survival SVM         c_index=0.5688 [0.4698, 0.677]  brier=0.2289 [0.1501, 0.3253] [fitted-conversion]  auc=0.5124 [0.3649, 0.6633]
    Weibull AFT          c_index=0.5603 [0.4573, 0.6738]  brier=0.2516 [0.1522, 0.3758] [native]  auc=0.6358 [0.4938, 0.7685]
    KFRE                 c_index=0.522 [0.4102, 0.6324]  brier=0.5373 [0.408, 0.6691] [fitted-conversion]  auc=0.6113 [0.4539, 0.7671]

=== Race (collapsed from admissions.csv ethnicity; unknown retained) ===

  [BLACK] n=23 events=19
    Cox                  c_index=0.534 [0.356, 0.718]  brier=0.3854 [0.1964, 0.6343] [native]  auc=0.6135 [0.4232, 0.8413]
    Dynamic DeepHit      c_index=0.8495 [0.7259, 0.945]  brier=0.1578 [0.0849, 0.2488] [native]  auc=0.9312 [0.785, 0.995]
    Hazard Transformer   c_index=0.6117 [0.4355, 0.7882]  brier=0.3555 [0.1876, 0.5826] [native]  auc=0.6227 [0.3761, 0.8556]
    Logistic Hazard      c_index=0.6117 [0.418, 0.7961]  brier=0.3674 [0.1841, 0.6089] [native]  auc=0.6595 [0.4424, 0.874]
    RNN-Surv             c_index=0.6359 [0.4443, 0.8278]  brier=0.3391 [0.273, 0.399] [native]  auc=0.6762 [0.3923, 0.9353]
    DeepSurv             c_index=0.6505 [0.4973, 0.7953]  brier=0.2898 [0.1708, 0.4554] [fitted-conversion]  auc=0.6177 [0.3672, 0.8228]
    GBSA                 c_index=0.5437 [0.3645, 0.7273]  brier=0.3544 [0.1789, 0.5825] [native]  auc=0.5588 [0.3614, 0.8188]
    Survival RF          c_index=0.5971 [0.4374, 0.7381]  brier=0.2966 [0.1735, 0.4608] [native]  auc=0.7967 [0.6085, 0.9495]
    Survival SVM         c_index=0.6214 [0.4813, 0.7675]  brier=0.2899 [0.1707, 0.4553] [fitted-conversion]  auc=0.5908 [0.3488, 0.7977]
    Weibull AFT          c_index=0.5 [0.3239, 0.6827]  brier=0.3488 [0.1883, 0.566] [native]  auc=0.5588 [0.3127, 0.7987]
    KFRE                 c_index=0.466 [0.2839, 0.6439]  brier=0.5996 [0.3877, 0.8078] [fitted-conversion]  auc=0.5504 [0.3146, 0.7954]

  [WHITE] n=69 events=53
    Cox                  c_index=0.6039 [0.4994, 0.7052]  brier=0.2331 [0.1279, 0.3701] [native]  auc=0.6161 [0.4722, 0.7527]
    Dynamic DeepHit      c_index=0.8425 [0.789, 0.892]  brier=0.1524 [0.0917, 0.2327] [native]  auc=0.9206 [0.8545, 0.9681]
    Hazard Transformer   c_index=0.5232 [0.4237, 0.6199]  brier=0.2251 [0.1277, 0.3535] [native]  auc=0.5806 [0.4333, 0.7286]
    Logistic Hazard      c_index=0.5934 [0.5016, 0.6845]  brier=0.2141 [0.1141, 0.3435] [native]  auc=0.6076 [0.4704, 0.7563]
    RNN-Surv             c_index=0.5039 [0.4165, 0.5977]  brier=0.3181 [0.2739, 0.3568] [native]  auc=0.5068 [0.3552, 0.6693]
    DeepSurv             c_index=0.532 [0.4407, 0.6344]  brier=0.2064 [0.1325, 0.3021] [fitted-conversion]  auc=0.5096 [0.374, 0.6666]
    GBSA                 c_index=0.5243 [0.4221, 0.6329]  brier=0.239 [0.1245, 0.3759] [native]  auc=0.4407 [0.2977, 0.6073]
    Survival RF          c_index=0.589 [0.4918, 0.6821]  brier=0.2118 [0.1281, 0.3203] [native]  auc=0.5848 [0.4361, 0.7295]
    Survival SVM         c_index=0.5149 [0.4196, 0.6152]  brier=0.2065 [0.1326, 0.3021] [fitted-conversion]  auc=0.475 [0.3326, 0.6337]
    Weibull AFT          c_index=0.5779 [0.4783, 0.6793]  brier=0.2179 [0.1261, 0.3393] [native]  auc=0.6118 [0.4666, 0.7453]
    KFRE                 c_index=0.5392 [0.4351, 0.6471]  brier=0.5285 [0.4009, 0.651] [fitted-conversion]  auc=0.561 [0.4194, 0.7071]
Subgroup report saved to: /home/minhn2/uiuc-kidney-failure/generated_data/rep_4/eight_features_subgroup_performance_report.txt
COMPLETE
